2026-10-03 15:53:04.936   Log opened. (Time zone: UTC+08:00)
2026-10-03 15:53:04.936   Setup version: Inno Setup version 6.7.1
2026-10-03 15:53:04.936   Original Uninstall EXE: C:\Users\21544\workspace\Native3DGSViewer\out\cloud-022-install-test\unins000.exe
2026-10-03 15:53:04.936   Uninstall DAT: C:\Users\21544\workspace\Native3DGSViewer\out\cloud-022-install-test\unins000.dat
2026-10-03 15:53:04.936   Current Uninstall EXE: C:\Users\21544\AppData\Local\Temp\is-NS0Z2SOJKF-uninstall.tmp\_unins.tmp
2026-10-03 15:53:04.936   Uninstall command line: /SECONDPHASE="C:\Users\21544\workspace\Native3DGSViewer\out\cloud-022-install-test\unins000.exe" /FIRSTPHASEWND=$2D0950 /VERYSILENT /SUPPRESSMSGBOXES /NORESTART /LOG=C:\Users\21544\workspace\Native3DGSViewer\out\cloud-022-uninstall-final.log
2026-10-03 15:53:04.937   Windows version: 10.0.26200
2026-10-03 15:53:04.937   Windows architecture: x64 (64-bit)
2026-10-03 15:53:04.937   Machine types supported by system: x86 x64
2026-10-03 15:53:04.937   User privileges: None
2026-10-03 15:53:04.937   Administrative install mode: No
2026-10-03 15:53:04.937   Install mode root key: HKEY_CURRENT_USER
2026-10-03 15:53:04.938   RedirectionGuard status for current process: Enabled in enforcing mode
2026-10-03 15:53:04.938   Cleaning up any residual temporary files from previous Uninstall runs.
2026-10-03 15:53:04.938   Cleanup finished (1 directories found, 1 directories checked, 0 files deleted).
2026-10-03 15:53:04.939   Created temporary directory: C:\Users\21544\AppData\Local\Temp\is-2XUXVAO6P4.tmp
2026-10-03 15:53:04.964   Starting the uninstallation process.
2026-10-03 15:53:04.964   Deleting registry key: HKEY_CURRENT_USER\Software\Microsoft\Windows\CurrentVersion\Uninstall\{6F6D0E39-0AAE-45A3-960B-8A55A5A48ED2}_is1
2026-10-03 15:53:05.063   Deleting file: C:\Users\21544\AppData\Roaming\Microsoft\Windows\Start Menu\Programs\Native3DGS Cloud Viewer.lnk
2026-10-03 15:53:05.065   Deleting file: C:\Users\21544\workspace\Native3DGSViewer\out\cloud-022-install-test\zh-TW\Microsoft.UI.Xaml.Phone.dll.mui
2026-10-03 15:53:05.066   Deleting file: C:\Users\21544\workspace\Native3DGSViewer\out\cloud-022-install-test\zh-TW\Microsoft.ui.xaml.dll.mui
2026-10-03 15:53:05.066   Deleting file: C:\Users\21544\workspace\Native3DGSViewer\out\cloud-022-install-test\zh-CN\Microsoft.UI.Xaml.Phone.dll.mui
2026-10-03 15:53:05.066   Deleting file: C:\Users\21544\workspace\Native3DGSViewer\out\cloud-022-install-test\zh-CN\Microsoft.ui.xaml.dll.mui
2026-10-03 15:53:05.066   Deleting file: C:\Users\21544\workspace\Native3DGSViewer\out\cloud-022-install-test\vi-VN\Microsoft.UI.Xaml.Phone.dll.mui
2026-10-03 15:53:05.066   Deleting file: C:\Users\21544\workspace\Native3DGSViewer\out\cloud-022-install-test\vi-VN\Microsoft.ui.xaml.dll.mui
2026-10-03 15:53:05.066   Deleting file: C:\Users\21544\workspace\Native3DGSViewer\out\cloud-022-install-test\uz-Latn-UZ\Microsoft.UI.Xaml.Phone.dll.mui
2026-10-03 15:53:05.067   Deleting file: C:\Users\21544\workspace\Native3DGSViewer\out\cloud-022-install-test\uz-Latn-UZ\Microsoft.ui.xaml.dll.mui
2026-10-03 15:53:05.067   Deleting file: C:\Users\21544\workspace\Native3DGSViewer\out\cloud-022-install-test\ur-PK\Microsoft.UI.Xaml.Phone.dll.mui
2026-10-03 15:53:05.067   Deleting file: C:\Users\21544\workspace\Native3DGSViewer\out\cloud-022-install-test\ur-PK\Microsoft.ui.xaml.dll.mui
2026-10-03 15:53:05.067   Deleting file: C:\Users\21544\workspace\Native3DGSViewer\out\cloud-022-install-test\uk-UA\Microsoft.UI.Xaml.Phone.dll.mui
2026-10-03 15:53:05.067   Deleting file: C:\Users\21544\workspace\Native3DGSViewer\out\cloud-022-install-test\uk-UA\Microsoft.ui.xaml.dll.mui
2026-10-03 15:53:05.067   Deleting file: C:\Users\21544\workspace\Native3DGSViewer\out\cloud-022-install-test\ug-CN\Microsoft.UI.Xaml.Phone.dll.mui
2026-10-03 15:53:05.068   Deleting file: C:\Users\21544\workspace\Native3DGSViewer\out\cloud-022-install-test\ug-CN\Microsoft.ui.xaml.dll.mui
2026-10-03 15:53:05.068   Deleting file: C:\Users\21544\workspace\Native3DGSViewer\out\cloud-022-install-test\tt-RU\Microsoft.UI.Xaml.Phone.dll.mui
2026-10-03 15:53:05.068   Deleting file: C:\Users\21544\workspace\Native3DGSViewer\out\cloud-022-install-test\tt-RU\Microsoft.ui.xaml.dll.mui
2026-10-03 15:53:05.068   Deleting file: C:\Users\21544\workspace\Native3DGSViewer\out\cloud-022-install-test\tr-TR\Microsoft.UI.Xaml.Phone.dll.mui
2026-10-03 15:53:05.068   Deleting file: C:\Users\21544\workspace\Native3DGSViewer\out\cloud-022-install-test\tr-TR\Microsoft.ui.xaml.dll.mui
2026-10-03 15:53:05.068   Deleting file: C:\Users\21544\workspace\Native3DGSViewer\out\cloud-022-install-test\th-TH\Microsoft.UI.Xaml.Phone.dll.mui
2026-10-03 15:53:05.069   Deleting file: C:\Users\21544\workspace\Native3DGSViewer\out\cloud-022-install-test\th-TH\Microsoft.ui.xaml.dll.mui
2026-10-03 15:53:05.069   Deleting file: C:\Users\21544\workspace\Native3DGSViewer\out\cloud-022-install-test\te-IN\Microsoft.UI.Xaml.Phone.dll.mui
2026-10-03 15:53:05.069   Deleting file: C:\Users\21544\workspace\Native3DGSViewer\out\cloud-022-install-test\te-IN\Microsoft.ui.xaml.dll.mui
2026-10-03 15:53:05.069   Deleting file: C:\Users\21544\workspace\Native3DGSViewer\out\cloud-022-install-test\ta-IN\Microsoft.UI.Xaml.Phone.dll.mui
2026-10-03 15:53:05.069   Deleting file: C:\Users\21544\workspace\Native3DGSViewer\out\cloud-022-install-test\ta-IN\Microsoft.ui.xaml.dll.mui
2026-10-03 15:53:05.069   Deleting file: C:\Users\21544\workspace\Native3DGSViewer\out\cloud-022-install-test\sv-SE\Microsoft.UI.Xaml.Phone.dll.mui
2026-10-03 15:53:05.070   Deleting file: C:\Users\21544\workspace\Native3DGSViewer\out\cloud-022-install-test\sv-SE\Microsoft.ui.xaml.dll.mui
2026-10-03 15:53:05.070   Deleting file: C:\Users\21544\workspace\Native3DGSViewer\out\cloud-022-install-test\sr-Latn-RS\Microsoft.UI.Xaml.Phone.dll.mui
2026-10-03 15:53:05.070   Deleting file: C:\Users\21544\workspace\Native3DGSViewer\out\cloud-022-install-test\sr-Latn-RS\Microsoft.ui.xaml.dll.mui
2026-10-03 15:53:05.070   Deleting file: C:\Users\21544\workspace\Native3DGSViewer\out\cloud-022-install-test\sr-Cyrl-RS\Microsoft.UI.Xaml.Phone.dll.mui
2026-10-03 15:53:05.070   Deleting file: C:\Users\21544\workspace\Native3DGSViewer\out\cloud-022-install-test\sr-Cyrl-RS\Microsoft.ui.xaml.dll.mui
2026-10-03 15:53:05.070   Deleting file: C:\Users\21544\workspace\Native3DGSViewer\out\cloud-022-install-test\sr-Cyrl-BA\Microsoft.UI.Xaml.Phone.dll.mui
2026-10-03 15:53:05.071   Deleting file: C:\Users\21544\workspace\Native3DGSViewer\out\cloud-022-install-test\sr-Cyrl-BA\Microsoft.ui.xaml.dll.mui
2026-10-03 15:53:05.071   Deleting file: C:\Users\21544\workspace\Native3DGSViewer\out\cloud-022-install-test\sq-AL\Microsoft.UI.Xaml.Phone.dll.mui
2026-10-03 15:53:05.071   Deleting file: C:\Users\21544\workspace\Native3DGSViewer\out\cloud-022-install-test\sq-AL\Microsoft.ui.xaml.dll.mui
2026-10-03 15:53:05.071   Deleting file: C:\Users\21544\workspace\Native3DGSViewer\out\cloud-022-install-test\sl-SI\Microsoft.UI.Xaml.Phone.dll.mui
2026-10-03 15:53:05.071   Deleting file: C:\Users\21544\workspace\Native3DGSViewer\out\cloud-022-install-test\sl-SI\Microsoft.ui.xaml.dll.mui
2026-10-03 15:53:05.071   Deleting file: C:\Users\21544\workspace\Native3DGSViewer\out\cloud-022-install-test\sk-SK\Microsoft.UI.Xaml.Phone.dll.mui
2026-10-03 15:53:05.072   Deleting file: C:\Users\21544\workspace\Native3DGSViewer\out\cloud-022-install-test\sk-SK\Microsoft.ui.xaml.dll.mui
2026-10-03 15:53:05.072   Deleting file: C:\Users\21544\workspace\Native3DGSViewer\out\cloud-022-install-test\ru-RU\Microsoft.UI.Xaml.Phone.dll.mui
2026-10-03 15:53:05.072   Deleting file: C:\Users\21544\workspace\Native3DGSViewer\out\cloud-022-install-test\ru-RU\Microsoft.ui.xaml.dll.mui
2026-10-03 15:53:05.073   Deleting file: C:\Users\21544\workspace\Native3DGSViewer\out\cloud-022-install-test\ro-RO\Microsoft.UI.Xaml.Phone.dll.mui
2026-10-03 15:53:05.073   Deleting file: C:\Users\21544\workspace\Native3DGSViewer\out\cloud-022-install-test\ro-RO\Microsoft.ui.xaml.dll.mui
2026-10-03 15:53:05.073   Deleting file: C:\Users\21544\workspace\Native3DGSViewer\out\cloud-022-install-test\quz-PE\Microsoft.UI.Xaml.Phone.dll.mui
2026-10-03 15:53:05.073   Deleting file: C:\Users\21544\workspace\Native3DGSViewer\out\cloud-022-install-test\quz-PE\Microsoft.ui.xaml.dll.mui
2026-10-03 15:53:05.073   Deleting file: C:\Users\21544\workspace\Native3DGSViewer\out\cloud-022-install-test\pt-PT\Microsoft.UI.Xaml.Phone.dll.mui
2026-10-03 15:53:05.073   Deleting file: C:\Users\21544\workspace\Native3DGSViewer\out\cloud-022-install-test\pt-PT\Microsoft.ui.xaml.dll.mui
2026-10-03 15:53:05.074   Deleting file: C:\Users\21544\workspace\Native3DGSViewer\out\cloud-022-install-test\pt-BR\Microsoft.UI.Xaml.Phone.dll.mui
2026-10-03 15:53:05.074   Deleting file: C:\Users\21544\workspace\Native3DGSViewer\out\cloud-022-install-test\pt-BR\Microsoft.ui.xaml.dll.mui
2026-10-03 15:53:05.074   Deleting file: C:\Users\21544\workspace\Native3DGSViewer\out\cloud-022-install-test\pl-PL\Microsoft.UI.Xaml.Phone.dll.mui
2026-10-03 15:53:05.074   Deleting file: C:\Users\21544\workspace\Native3DGSViewer\out\cloud-022-install-test\pl-PL\Microsoft.ui.xaml.dll.mui
2026-10-03 15:53:05.074   Deleting file: C:\Users\21544\workspace\Native3DGSViewer\out\cloud-022-install-test\pa-IN\Microsoft.UI.Xaml.Phone.dll.mui
2026-10-03 15:53:05.074   Deleting file: C:\Users\21544\workspace\Native3DGSViewer\out\cloud-022-install-test\pa-IN\Microsoft.ui.xaml.dll.mui
2026-10-03 15:53:05.075   Deleting file: C:\Users\21544\workspace\Native3DGSViewer\out\cloud-022-install-test\or-IN\Microsoft.UI.Xaml.Phone.dll.mui
2026-10-03 15:53:05.075   Deleting file: C:\Users\21544\workspace\Native3DGSViewer\out\cloud-022-install-test\or-IN\Microsoft.ui.xaml.dll.mui
2026-10-03 15:53:05.075   Deleting file: C:\Users\21544\workspace\Native3DGSViewer\out\cloud-022-install-test\NpuDetect\NPUDetect.dll
2026-10-03 15:53:05.075   Deleting file: C:\Users\21544\workspace\Native3DGSViewer\out\cloud-022-install-test\nn-NO\Microsoft.UI.Xaml.Phone.dll.mui
2026-10-03 15:53:05.075   Deleting file: C:\Users\21544\workspace\Native3DGSViewer\out\cloud-022-install-test\nn-NO\Microsoft.ui.xaml.dll.mui
2026-10-03 15:53:05.075   Deleting file: C:\Users\21544\workspace\Native3DGSViewer\out\cloud-022-install-test\nl-NL\Microsoft.UI.Xaml.Phone.dll.mui
2026-10-03 15:53:05.076   Deleting file: C:\Users\21544\workspace\Native3DGSViewer\out\cloud-022-install-test\nl-NL\Microsoft.ui.xaml.dll.mui
2026-10-03 15:53:05.076   Deleting file: C:\Users\21544\workspace\Native3DGSViewer\out\cloud-022-install-test\ne-NP\Microsoft.UI.Xaml.Phone.dll.mui
2026-10-03 15:53:05.076   Deleting file: C:\Users\21544\workspace\Native3DGSViewer\out\cloud-022-install-test\ne-NP\Microsoft.ui.xaml.dll.mui
2026-10-03 15:53:05.076   Deleting file: C:\Users\21544\workspace\Native3DGSViewer\out\cloud-022-install-test\nb-NO\Microsoft.UI.Xaml.Phone.dll.mui
2026-10-03 15:53:05.076   Deleting file: C:\Users\21544\workspace\Native3DGSViewer\out\cloud-022-install-test\nb-NO\Microsoft.ui.xaml.dll.mui
2026-10-03 15:53:05.077   Deleting file: C:\Users\21544\workspace\Native3DGSViewer\out\cloud-022-install-test\mt-MT\Microsoft.UI.Xaml.Phone.dll.mui
2026-10-03 15:53:05.077   Deleting file: C:\Users\21544\workspace\Native3DGSViewer\out\cloud-022-install-test\mt-MT\Microsoft.ui.xaml.dll.mui
2026-10-03 15:53:05.077   Deleting file: C:\Users\21544\workspace\Native3DGSViewer\out\cloud-022-install-test\ms-MY\Microsoft.UI.Xaml.Phone.dll.mui
2026-10-03 15:53:05.077   Deleting file: C:\Users\21544\workspace\Native3DGSViewer\out\cloud-022-install-test\ms-MY\Microsoft.ui.xaml.dll.mui
2026-10-03 15:53:05.077   Deleting file: C:\Users\21544\workspace\Native3DGSViewer\out\cloud-022-install-test\mr-IN\Microsoft.UI.Xaml.Phone.dll.mui
2026-10-03 15:53:05.077   Deleting file: C:\Users\21544\workspace\Native3DGSViewer\out\cloud-022-install-test\mr-IN\Microsoft.ui.xaml.dll.mui
2026-10-03 15:53:05.078   Deleting file: C:\Users\21544\workspace\Native3DGSViewer\out\cloud-022-install-test\ml-IN\Microsoft.UI.Xaml.Phone.dll.mui
2026-10-03 15:53:05.078   Deleting file: C:\Users\21544\workspace\Native3DGSViewer\out\cloud-022-install-test\ml-IN\Microsoft.ui.xaml.dll.mui
2026-10-03 15:53:05.078   Deleting file: C:\Users\21544\workspace\Native3DGSViewer\out\cloud-022-install-test\mk-MK\Microsoft.UI.Xaml.Phone.dll.mui
2026-10-03 15:53:05.078   Deleting file: C:\Users\21544\workspace\Native3DGSViewer\out\cloud-022-install-test\mk-MK\Microsoft.ui.xaml.dll.mui
2026-10-03 15:53:05.078   Deleting file: C:\Users\21544\workspace\Native3DGSViewer\out\cloud-022-install-test\Microsoft.UI.Xaml\Assets\NoiseAsset_256X256_PNG.png
2026-10-03 15:53:05.078   Deleting file: C:\Users\21544\workspace\Native3DGSViewer\out\cloud-022-install-test\Microsoft.UI.Xaml\Assets\map.html
2026-10-03 15:53:05.079   Deleting file: C:\Users\21544\workspace\Native3DGSViewer\out\cloud-022-install-test\mi-NZ\Microsoft.UI.Xaml.Phone.dll.mui
2026-10-03 15:53:05.079   Deleting file: C:\Users\21544\workspace\Native3DGSViewer\out\cloud-022-install-test\mi-NZ\Microsoft.ui.xaml.dll.mui
2026-10-03 15:53:05.079   Deleting file: C:\Users\21544\workspace\Native3DGSViewer\out\cloud-022-install-test\lv-LV\Microsoft.UI.Xaml.Phone.dll.mui
2026-10-03 15:53:05.079   Deleting file: C:\Users\21544\workspace\Native3DGSViewer\out\cloud-022-install-test\lv-LV\Microsoft.ui.xaml.dll.mui
2026-10-03 15:53:05.079   Deleting file: C:\Users\21544\workspace\Native3DGSViewer\out\cloud-022-install-test\lt-LT\Microsoft.UI.Xaml.Phone.dll.mui
2026-10-03 15:53:05.079   Deleting file: C:\Users\21544\workspace\Native3DGSViewer\out\cloud-022-install-test\lt-LT\Microsoft.ui.xaml.dll.mui
2026-10-03 15:53:05.080   Deleting file: C:\Users\21544\workspace\Native3DGSViewer\out\cloud-022-install-test\lo-LA\Microsoft.UI.Xaml.Phone.dll.mui
2026-10-03 15:53:05.080   Deleting file: C:\Users\21544\workspace\Native3DGSViewer\out\cloud-022-install-test\lo-LA\Microsoft.ui.xaml.dll.mui
2026-10-03 15:53:05.080   Deleting file: C:\Users\21544\workspace\Native3DGSViewer\out\cloud-022-install-test\licenses\zstd-LICENSE
2026-10-03 15:53:05.080   Deleting file: C:\Users\21544\workspace\Native3DGSViewer\out\cloud-022-install-test\licenses\WindowsAppSDK-NOTICE.txt
2026-10-03 15:53:05.080   Deleting file: C:\Users\21544\workspace\Native3DGSViewer\out\cloud-022-install-test\licenses\WindowsAppSDK-license.txt
2026-10-03 15:53:05.080   Deleting file: C:\Users\21544\workspace\Native3DGSViewer\out\cloud-022-install-test\lb-LU\Microsoft.UI.Xaml.Phone.dll.mui
2026-10-03 15:53:05.081   Deleting file: C:\Users\21544\workspace\Native3DGSViewer\out\cloud-022-install-test\lb-LU\Microsoft.ui.xaml.dll.mui
2026-10-03 15:53:05.081   Deleting file: C:\Users\21544\workspace\Native3DGSViewer\out\cloud-022-install-test\kok-IN\Microsoft.UI.Xaml.Phone.dll.mui
2026-10-03 15:53:05.081   Deleting file: C:\Users\21544\workspace\Native3DGSViewer\out\cloud-022-install-test\kok-IN\Microsoft.ui.xaml.dll.mui
2026-10-03 15:53:05.081   Deleting file: C:\Users\21544\workspace\Native3DGSViewer\out\cloud-022-install-test\ko-KR\Microsoft.UI.Xaml.Phone.dll.mui
2026-10-03 15:53:05.081   Deleting file: C:\Users\21544\workspace\Native3DGSViewer\out\cloud-022-install-test\ko-KR\Microsoft.ui.xaml.dll.mui
2026-10-03 15:53:05.081   Deleting file: C:\Users\21544\workspace\Native3DGSViewer\out\cloud-022-install-test\kn-IN\Microsoft.UI.Xaml.Phone.dll.mui
2026-10-03 15:53:05.081   Deleting file: C:\Users\21544\workspace\Native3DGSViewer\out\cloud-022-install-test\kn-IN\Microsoft.ui.xaml.dll.mui
2026-10-03 15:53:05.081   Deleting file: C:\Users\21544\workspace\Native3DGSViewer\out\cloud-022-install-test\km-KH\Microsoft.UI.Xaml.Phone.dll.mui
2026-10-03 15:53:05.081   Deleting file: C:\Users\21544\workspace\Native3DGSViewer\out\cloud-022-install-test\km-KH\Microsoft.ui.xaml.dll.mui
2026-10-03 15:53:05.082   Deleting file: C:\Users\21544\workspace\Native3DGSViewer\out\cloud-022-install-test\kk-KZ\Microsoft.UI.Xaml.Phone.dll.mui
2026-10-03 15:53:05.082   Deleting file: C:\Users\21544\workspace\Native3DGSViewer\out\cloud-022-install-test\kk-KZ\Microsoft.ui.xaml.dll.mui
2026-10-03 15:53:05.082   Deleting file: C:\Users\21544\workspace\Native3DGSViewer\out\cloud-022-install-test\ka-GE\Microsoft.UI.Xaml.Phone.dll.mui
2026-10-03 15:53:05.082   Deleting file: C:\Users\21544\workspace\Native3DGSViewer\out\cloud-022-install-test\ka-GE\Microsoft.ui.xaml.dll.mui
2026-10-03 15:53:05.082   Deleting file: C:\Users\21544\workspace\Native3DGSViewer\out\cloud-022-install-test\ja-JP\Microsoft.UI.Xaml.Phone.dll.mui
2026-10-03 15:53:05.082   Deleting file: C:\Users\21544\workspace\Native3DGSViewer\out\cloud-022-install-test\ja-JP\Microsoft.ui.xaml.dll.mui
2026-10-03 15:53:05.083   Deleting file: C:\Users\21544\workspace\Native3DGSViewer\out\cloud-022-install-test\it-IT\Microsoft.UI.Xaml.Phone.dll.mui
2026-10-03 15:53:05.083   Deleting file: C:\Users\21544\workspace\Native3DGSViewer\out\cloud-022-install-test\it-IT\Microsoft.ui.xaml.dll.mui
2026-10-03 15:53:05.083   Deleting file: C:\Users\21544\workspace\Native3DGSViewer\out\cloud-022-install-test\is-IS\Microsoft.UI.Xaml.Phone.dll.mui
2026-10-03 15:53:05.083   Deleting file: C:\Users\21544\workspace\Native3DGSViewer\out\cloud-022-install-test\is-IS\Microsoft.ui.xaml.dll.mui
2026-10-03 15:53:05.083   Deleting file: C:\Users\21544\workspace\Native3DGSViewer\out\cloud-022-install-test\id-ID\Microsoft.UI.Xaml.Phone.dll.mui
2026-10-03 15:53:05.083   Deleting file: C:\Users\21544\workspace\Native3DGSViewer\out\cloud-022-install-test\id-ID\Microsoft.ui.xaml.dll.mui
2026-10-03 15:53:05.084   Deleting file: C:\Users\21544\workspace\Native3DGSViewer\out\cloud-022-install-test\hy-AM\Microsoft.UI.Xaml.Phone.dll.mui
2026-10-03 15:53:05.084   Deleting file: C:\Users\21544\workspace\Native3DGSViewer\out\cloud-022-install-test\hy-AM\Microsoft.ui.xaml.dll.mui
2026-10-03 15:53:05.084   Deleting file: C:\Users\21544\workspace\Native3DGSViewer\out\cloud-022-install-test\hu-HU\Microsoft.UI.Xaml.Phone.dll.mui
2026-10-03 15:53:05.084   Deleting file: C:\Users\21544\workspace\Native3DGSViewer\out\cloud-022-install-test\hu-HU\Microsoft.ui.xaml.dll.mui
2026-10-03 15:53:05.084   Deleting file: C:\Users\21544\workspace\Native3DGSViewer\out\cloud-022-install-test\hr-HR\Microsoft.UI.Xaml.Phone.dll.mui
2026-10-03 15:53:05.084   Deleting file: C:\Users\21544\workspace\Native3DGSViewer\out\cloud-022-install-test\hr-HR\Microsoft.ui.xaml.dll.mui
2026-10-03 15:53:05.085   Deleting file: C:\Users\21544\workspace\Native3DGSViewer\out\cloud-022-install-test\hi-IN\Microsoft.UI.Xaml.Phone.dll.mui
2026-10-03 15:53:05.085   Deleting file: C:\Users\21544\workspace\Native3DGSViewer\out\cloud-022-install-test\hi-IN\Microsoft.ui.xaml.dll.mui
2026-10-03 15:53:05.085   Deleting file: C:\Users\21544\workspace\Native3DGSViewer\out\cloud-022-install-test\he-IL\Microsoft.UI.Xaml.Phone.dll.mui
2026-10-03 15:53:05.085   Deleting file: C:\Users\21544\workspace\Native3DGSViewer\out\cloud-022-install-test\he-IL\Microsoft.ui.xaml.dll.mui
2026-10-03 15:53:05.085   Deleting file: C:\Users\21544\workspace\Native3DGSViewer\out\cloud-022-install-test\gu-IN\Microsoft.UI.Xaml.Phone.dll.mui
2026-10-03 15:53:05.085   Deleting file: C:\Users\21544\workspace\Native3DGSViewer\out\cloud-022-install-test\gu-IN\Microsoft.ui.xaml.dll.mui
2026-10-03 15:53:05.085   Deleting file: C:\Users\21544\workspace\Native3DGSViewer\out\cloud-022-install-test\gl-ES\Microsoft.UI.Xaml.Phone.dll.mui
2026-10-03 15:53:05.086   Deleting file: C:\Users\21544\workspace\Native3DGSViewer\out\cloud-022-install-test\gl-ES\Microsoft.ui.xaml.dll.mui
2026-10-03 15:53:05.086   Deleting file: C:\Users\21544\workspace\Native3DGSViewer\out\cloud-022-install-test\gd-gb\Microsoft.UI.Xaml.Phone.dll.mui
2026-10-03 15:53:05.086   Deleting file: C:\Users\21544\workspace\Native3DGSViewer\out\cloud-022-install-test\gd-gb\Microsoft.ui.xaml.dll.mui
2026-10-03 15:53:05.086   Deleting file: C:\Users\21544\workspace\Native3DGSViewer\out\cloud-022-install-test\ga-IE\Microsoft.UI.Xaml.Phone.dll.mui
2026-10-03 15:53:05.086   Deleting file: C:\Users\21544\workspace\Native3DGSViewer\out\cloud-022-install-test\ga-IE\Microsoft.ui.xaml.dll.mui
2026-10-03 15:53:05.086   Deleting file: C:\Users\21544\workspace\Native3DGSViewer\out\cloud-022-install-test\fr-FR\Microsoft.UI.Xaml.Phone.dll.mui
2026-10-03 15:53:05.087   Deleting file: C:\Users\21544\workspace\Native3DGSViewer\out\cloud-022-install-test\fr-FR\Microsoft.ui.xaml.dll.mui
2026-10-03 15:53:05.087   Deleting file: C:\Users\21544\workspace\Native3DGSViewer\out\cloud-022-install-test\fr-CA\Microsoft.UI.Xaml.Phone.dll.mui
2026-10-03 15:53:05.087   Deleting file: C:\Users\21544\workspace\Native3DGSViewer\out\cloud-022-install-test\fr-CA\Microsoft.ui.xaml.dll.mui
2026-10-03 15:53:05.087   Deleting file: C:\Users\21544\workspace\Native3DGSViewer\out\cloud-022-install-test\fil-PH\Microsoft.UI.Xaml.Phone.dll.mui
2026-10-03 15:53:05.087   Deleting file: C:\Users\21544\workspace\Native3DGSViewer\out\cloud-022-install-test\fil-PH\Microsoft.ui.xaml.dll.mui
2026-10-03 15:53:05.087   Deleting file: C:\Users\21544\workspace\Native3DGSViewer\out\cloud-022-install-test\fi-FI\Microsoft.UI.Xaml.Phone.dll.mui
2026-10-03 15:53:05.088   Deleting file: C:\Users\21544\workspace\Native3DGSViewer\out\cloud-022-install-test\fi-FI\Microsoft.ui.xaml.dll.mui
2026-10-03 15:53:05.088   Deleting file: C:\Users\21544\workspace\Native3DGSViewer\out\cloud-022-install-test\fa-IR\Microsoft.UI.Xaml.Phone.dll.mui
2026-10-03 15:53:05.088   Deleting file: C:\Users\21544\workspace\Native3DGSViewer\out\cloud-022-install-test\fa-IR\Microsoft.ui.xaml.dll.mui
2026-10-03 15:53:05.088   Deleting file: C:\Users\21544\workspace\Native3DGSViewer\out\cloud-022-install-test\eu-ES\Microsoft.UI.Xaml.Phone.dll.mui
2026-10-03 15:53:05.088   Deleting file: C:\Users\21544\workspace\Native3DGSViewer\out\cloud-022-install-test\eu-ES\Microsoft.ui.xaml.dll.mui
2026-10-03 15:53:05.088   Deleting file: C:\Users\21544\workspace\Native3DGSViewer\out\cloud-022-install-test\et-EE\Microsoft.UI.Xaml.Phone.dll.mui
2026-10-03 15:53:05.089   Deleting file: C:\Users\21544\workspace\Native3DGSViewer\out\cloud-022-install-test\et-EE\Microsoft.ui.xaml.dll.mui
2026-10-03 15:53:05.089   Deleting file: C:\Users\21544\workspace\Native3DGSViewer\out\cloud-022-install-test\es-MX\Microsoft.UI.Xaml.Phone.dll.mui
2026-10-03 15:53:05.089   Deleting file: C:\Users\21544\workspace\Native3DGSViewer\out\cloud-022-install-test\es-MX\Microsoft.ui.xaml.dll.mui
2026-10-03 15:53:05.089   Deleting file: C:\Users\21544\workspace\Native3DGSViewer\out\cloud-022-install-test\es-ES\Microsoft.UI.Xaml.Phone.dll.mui
2026-10-03 15:53:05.089   Deleting file: C:\Users\21544\workspace\Native3DGSViewer\out\cloud-022-install-test\es-ES\Microsoft.ui.xaml.dll.mui
2026-10-03 15:53:05.089   Deleting file: C:\Users\21544\workspace\Native3DGSViewer\out\cloud-022-install-test\en-us\Microsoft.UI.Xaml.Phone.dll.mui
2026-10-03 15:53:05.090   Deleting file: C:\Users\21544\workspace\Native3DGSViewer\out\cloud-022-install-test\en-us\Microsoft.ui.xaml.dll.mui
2026-10-03 15:53:05.090   Deleting file: C:\Users\21544\workspace\Native3DGSViewer\out\cloud-022-install-test\en-GB\Microsoft.UI.Xaml.Phone.dll.mui
2026-10-03 15:53:05.090   Deleting file: C:\Users\21544\workspace\Native3DGSViewer\out\cloud-022-install-test\en-GB\Microsoft.ui.xaml.dll.mui
2026-10-03 15:53:05.090   Deleting file: C:\Users\21544\workspace\Native3DGSViewer\out\cloud-022-install-test\el-GR\Microsoft.UI.Xaml.Phone.dll.mui
2026-10-03 15:53:05.090   Deleting file: C:\Users\21544\workspace\Native3DGSViewer\out\cloud-022-install-test\el-GR\Microsoft.ui.xaml.dll.mui
2026-10-03 15:53:05.090   Deleting file: C:\Users\21544\workspace\Native3DGSViewer\out\cloud-022-install-test\de-DE\Microsoft.UI.Xaml.Phone.dll.mui
2026-10-03 15:53:05.091   Deleting file: C:\Users\21544\workspace\Native3DGSViewer\out\cloud-022-install-test\de-DE\Microsoft.ui.xaml.dll.mui
2026-10-03 15:53:05.091   Deleting file: C:\Users\21544\workspace\Native3DGSViewer\out\cloud-022-install-test\da-DK\Microsoft.UI.Xaml.Phone.dll.mui
2026-10-03 15:53:05.091   Deleting file: C:\Users\21544\workspace\Native3DGSViewer\out\cloud-022-install-test\da-DK\Microsoft.ui.xaml.dll.mui
2026-10-03 15:53:05.091   Deleting file: C:\Users\21544\workspace\Native3DGSViewer\out\cloud-022-install-test\cy-GB\Microsoft.UI.Xaml.Phone.dll.mui
2026-10-03 15:53:05.092   Deleting file: C:\Users\21544\workspace\Native3DGSViewer\out\cloud-022-install-test\cy-GB\Microsoft.ui.xaml.dll.mui
2026-10-03 15:53:05.092   Deleting file: C:\Users\21544\workspace\Native3DGSViewer\out\cloud-022-install-test\cs-CZ\Microsoft.UI.Xaml.Phone.dll.mui
2026-10-03 15:53:05.092   Deleting file: C:\Users\21544\workspace\Native3DGSViewer\out\cloud-022-install-test\cs-CZ\Microsoft.ui.xaml.dll.mui
2026-10-03 15:53:05.093   Deleting file: C:\Users\21544\workspace\Native3DGSViewer\out\cloud-022-install-test\ca-Es-VALENCIA\Microsoft.UI.Xaml.Phone.dll.mui
2026-10-03 15:53:05.093   Deleting file: C:\Users\21544\workspace\Native3DGSViewer\out\cloud-022-install-test\ca-Es-VALENCIA\Microsoft.ui.xaml.dll.mui
2026-10-03 15:53:05.093   Deleting file: C:\Users\21544\workspace\Native3DGSViewer\out\cloud-022-install-test\ca-ES\Microsoft.UI.Xaml.Phone.dll.mui
2026-10-03 15:53:05.093   Deleting file: C:\Users\21544\workspace\Native3DGSViewer\out\cloud-022-install-test\ca-ES\Microsoft.ui.xaml.dll.mui
2026-10-03 15:53:05.093   Deleting file: C:\Users\21544\workspace\Native3DGSViewer\out\cloud-022-install-test\bs-Latn-BA\Microsoft.UI.Xaml.Phone.dll.mui
2026-10-03 15:53:05.093   Deleting file: C:\Users\21544\workspace\Native3DGSViewer\out\cloud-022-install-test\bs-Latn-BA\Microsoft.ui.xaml.dll.mui
2026-10-03 15:53:05.094   Deleting file: C:\Users\21544\workspace\Native3DGSViewer\out\cloud-022-install-test\bn-IN\Microsoft.UI.Xaml.Phone.dll.mui
2026-10-03 15:53:05.094   Deleting file: C:\Users\21544\workspace\Native3DGSViewer\out\cloud-022-install-test\bn-IN\Microsoft.ui.xaml.dll.mui
2026-10-03 15:53:05.094   Deleting file: C:\Users\21544\workspace\Native3DGSViewer\out\cloud-022-install-test\bg-BG\Microsoft.UI.Xaml.Phone.dll.mui
2026-10-03 15:53:05.094   Deleting file: C:\Users\21544\workspace\Native3DGSViewer\out\cloud-022-install-test\bg-BG\Microsoft.ui.xaml.dll.mui
2026-10-03 15:53:05.094   Deleting file: C:\Users\21544\workspace\Native3DGSViewer\out\cloud-022-install-test\az-Latn-AZ\Microsoft.UI.Xaml.Phone.dll.mui
2026-10-03 15:53:05.094   Deleting file: C:\Users\21544\workspace\Native3DGSViewer\out\cloud-022-install-test\az-Latn-AZ\Microsoft.ui.xaml.dll.mui
2026-10-03 15:53:05.095   Deleting file: C:\Users\21544\workspace\Native3DGSViewer\out\cloud-022-install-test\as-IN\Microsoft.UI.Xaml.Phone.dll.mui
2026-10-03 15:53:05.095   Deleting file: C:\Users\21544\workspace\Native3DGSViewer\out\cloud-022-install-test\as-IN\Microsoft.ui.xaml.dll.mui
2026-10-03 15:53:05.095   Deleting file: C:\Users\21544\workspace\Native3DGSViewer\out\cloud-022-install-test\ar-SA\Microsoft.UI.Xaml.Phone.dll.mui
2026-10-03 15:53:05.095   Deleting file: C:\Users\21544\workspace\Native3DGSViewer\out\cloud-022-install-test\ar-SA\Microsoft.ui.xaml.dll.mui
2026-10-03 15:53:05.095   Deleting file: C:\Users\21544\workspace\Native3DGSViewer\out\cloud-022-install-test\am-ET\Microsoft.UI.Xaml.Phone.dll.mui
2026-10-03 15:53:05.096   Deleting file: C:\Users\21544\workspace\Native3DGSViewer\out\cloud-022-install-test\am-ET\Microsoft.ui.xaml.dll.mui
2026-10-03 15:53:05.096   Deleting file: C:\Users\21544\workspace\Native3DGSViewer\out\cloud-022-install-test\af-ZA\Microsoft.UI.Xaml.Phone.dll.mui
2026-10-03 15:53:05.096   Deleting file: C:\Users\21544\workspace\Native3DGSViewer\out\cloud-022-install-test\af-ZA\Microsoft.ui.xaml.dll.mui
2026-10-03 15:53:05.096   Deleting file: C:\Users\21544\workspace\Native3DGSViewer\out\cloud-022-install-test\wuceffectsi.dll
2026-10-03 15:53:05.096   Deleting file: C:\Users\21544\workspace\Native3DGSViewer\out\cloud-022-install-test\workloads.stx.json
2026-10-03 15:53:05.096   Deleting file: C:\Users\21544\workspace\Native3DGSViewer\out\cloud-022-install-test\workloads.qnn.json
2026-10-03 15:53:05.097   Deleting file: C:\Users\21544\workspace\Native3DGSViewer\out\cloud-022-install-test\workloads.lnl.json
2026-10-03 15:53:05.097   Deleting file: C:\Users\21544\workspace\Native3DGSViewer\out\cloud-022-install-test\workloads.json
2026-10-03 15:53:05.097   Deleting file: C:\Users\21544\workspace\Native3DGSViewer\out\cloud-022-install-test\workloads.j32.json
2026-10-03 15:53:05.097   Deleting file: C:\Users\21544\workspace\Native3DGSViewer\out\cloud-022-install-test\workloads.365.json
2026-10-03 15:53:05.097   Deleting file: C:\Users\21544\workspace\Native3DGSViewer\out\cloud-022-install-test\WinUIEdit.dll
2026-10-03 15:53:05.098   Deleting file: C:\Users\21544\workspace\Native3DGSViewer\out\cloud-022-install-test\WindowsAppSdk.AppxDeploymentExtensions.Desktop.dll
2026-10-03 15:53:05.098   Deleting file: C:\Users\21544\workspace\Native3DGSViewer\out\cloud-022-install-test\WindowsAppSdk.AppxDeploymentExtensions.Desktop-EventLog-Instrumentation.dll
2026-10-03 15:53:05.098   Deleting file: C:\Users\21544\workspace\Native3DGSViewer\out\cloud-022-install-test\WindowsAppRuntime.DeploymentExtensions.OneCore.dll
2026-10-03 15:53:05.098   Deleting file: C:\Users\21544\workspace\Native3DGSViewer\out\cloud-022-install-test\vcruntime140_threads.dll
2026-10-03 15:53:05.099   Deleting file: C:\Users\21544\workspace\Native3DGSViewer\out\cloud-022-install-test\vcruntime140_1.dll
2026-10-03 15:53:05.099   Deleting file: C:\Users\21544\workspace\Native3DGSViewer\out\cloud-022-install-test\vcruntime140.dll
2026-10-03 15:53:05.099   Deleting file: C:\Users\21544\workspace\Native3DGSViewer\out\cloud-022-install-test\vccorlib140.dll
2026-10-03 15:53:05.099   Deleting file: C:\Users\21544\workspace\Native3DGSViewer\out\cloud-022-install-test\SessionHandleIPCProxyStub.dll
2026-10-03 15:53:05.099   Deleting file: C:\Users\21544\workspace\Native3DGSViewer\out\cloud-022-install-test\RestartAgent.exe
2026-10-03 15:53:05.099   Deleting file: C:\Users\21544\workspace\Native3DGSViewer\out\cloud-022-install-test\PushNotificationsLongRunningTask.ProxyStub.dll
2026-10-03 15:53:05.100   Deleting file: C:\Users\21544\workspace\Native3DGSViewer\out\cloud-022-install-test\onnxruntime_providers_shared.dll
2026-10-03 15:53:05.100   Deleting file: C:\Users\21544\workspace\Native3DGSViewer\out\cloud-022-install-test\onnxruntime.dll
2026-10-03 15:53:05.101   Deleting file: C:\Users\21544\workspace\Native3DGSViewer\out\cloud-022-install-test\Native3DGSCloud.pri
2026-10-03 15:53:05.101   Deleting file: C:\Users\21544\workspace\Native3DGSViewer\out\cloud-022-install-test\Native3DGSCloud.exe
2026-10-03 15:53:05.102   Deleting file: C:\Users\21544\workspace\Native3DGSViewer\out\cloud-022-install-test\msvcp140_codecvt_ids.dll
2026-10-03 15:53:05.102   Deleting file: C:\Users\21544\workspace\Native3DGSViewer\out\cloud-022-install-test\msvcp140_atomic_wait.dll
2026-10-03 15:53:05.102   Deleting file: C:\Users\21544\workspace\Native3DGSViewer\out\cloud-022-install-test\msvcp140_2.dll
2026-10-03 15:53:05.102   Deleting file: C:\Users\21544\workspace\Native3DGSViewer\out\cloud-022-install-test\msvcp140_1.dll
2026-10-03 15:53:05.102   Deleting file: C:\Users\21544\workspace\Native3DGSViewer\out\cloud-022-install-test\msvcp140.dll
2026-10-03 15:53:05.102   Deleting file: C:\Users\21544\workspace\Native3DGSViewer\out\cloud-022-install-test\MRM.dll
2026-10-03 15:53:05.103   Deleting file: C:\Users\21544\workspace\Native3DGSViewer\out\cloud-022-install-test\Microsoft.WindowsAppRuntime.pri
2026-10-03 15:53:05.103   Deleting file: C:\Users\21544\workspace\Native3DGSViewer\out\cloud-022-install-test\Microsoft.WindowsAppRuntime.Insights.Resource.dll
2026-10-03 15:53:05.103   Deleting file: C:\Users\21544\workspace\Native3DGSViewer\out\cloud-022-install-test\Microsoft.WindowsAppRuntime.dll
2026-10-03 15:53:05.104   Deleting file: C:\Users\21544\workspace\Native3DGSViewer\out\cloud-022-install-test\Microsoft.WindowsAppRuntime.Bootstrap.dll
2026-10-03 15:53:05.104   Deleting file: C:\Users\21544\workspace\Native3DGSViewer\out\cloud-022-install-test\Microsoft.Windows.Workloads.Resources_ec.dll
2026-10-03 15:53:05.104   Deleting file: C:\Users\21544\workspace\Native3DGSViewer\out\cloud-022-install-test\Microsoft.Windows.Workloads.Resources.dll
2026-10-03 15:53:05.104   Deleting file: C:\Users\21544\workspace\Native3DGSViewer\out\cloud-022-install-test\Microsoft.Windows.Workloads.dll
2026-10-03 15:53:05.104   Deleting file: C:\Users\21544\workspace\Native3DGSViewer\out\cloud-022-install-test\Microsoft.Windows.Widgets.dll
2026-10-03 15:53:05.105   Deleting file: C:\Users\21544\workspace\Native3DGSViewer\out\cloud-022-install-test\Microsoft.Windows.ApplicationModel.Resources.dll
2026-10-03 15:53:05.105   Deleting file: C:\Users\21544\workspace\Native3DGSViewer\out\cloud-022-install-test\Microsoft.Windows.AI.Text.dll
2026-10-03 15:53:05.105   Deleting file: C:\Users\21544\workspace\Native3DGSViewer\out\cloud-022-install-test\Microsoft.Windows.AI.MachineLearning.dll
2026-10-03 15:53:05.105   Deleting file: C:\Users\21544\workspace\Native3DGSViewer\out\cloud-022-install-test\Microsoft.Windows.AI.Imaging.dll
2026-10-03 15:53:05.106   Deleting file: C:\Users\21544\workspace\Native3DGSViewer\out\cloud-022-install-test\Microsoft.Windows.AI.ContentSafety.dll
2026-10-03 15:53:05.106   Deleting file: C:\Users\21544\workspace\Native3DGSViewer\out\cloud-022-install-test\Microsoft.Windows.AI.AICapabilities.dll
2026-10-03 15:53:05.106   Deleting file: C:\Users\21544\workspace\Native3DGSViewer\out\cloud-022-install-test\Microsoft.Web.WebView2.Core.dll
2026-10-03 15:53:05.106   Deleting file: C:\Users\21544\workspace\Native3DGSViewer\out\cloud-022-install-test\Microsoft.ui.xaml.resources.common.dll
2026-10-03 15:53:05.106   Deleting file: C:\Users\21544\workspace\Native3DGSViewer\out\cloud-022-install-test\Microsoft.ui.xaml.resources.19h1.dll
2026-10-03 15:53:05.107   Deleting file: C:\Users\21544\workspace\Native3DGSViewer\out\cloud-022-install-test\Microsoft.UI.Xaml.Phone.dll
2026-10-03 15:53:05.107   Deleting file: C:\Users\21544\workspace\Native3DGSViewer\out\cloud-022-install-test\Microsoft.UI.Xaml.Internal.dll
2026-10-03 15:53:05.107   Deleting file: C:\Users\21544\workspace\Native3DGSViewer\out\cloud-022-install-test\Microsoft.ui.xaml.dll
2026-10-03 15:53:05.109   Deleting file: C:\Users\21544\workspace\Native3DGSViewer\out\cloud-022-install-test\Microsoft.UI.Xaml.Controls.pri
2026-10-03 15:53:05.109   Deleting file: C:\Users\21544\workspace\Native3DGSViewer\out\cloud-022-install-test\Microsoft.UI.Xaml.Controls.dll
2026-10-03 15:53:05.110   Deleting file: C:\Users\21544\workspace\Native3DGSViewer\out\cloud-022-install-test\Microsoft.UI.Windowing.dll
2026-10-03 15:53:05.110   Deleting file: C:\Users\21544\workspace\Native3DGSViewer\out\cloud-022-install-test\Microsoft.UI.Windowing.Core.dll
2026-10-03 15:53:05.111   Deleting file: C:\Users\21544\workspace\Native3DGSViewer\out\cloud-022-install-test\Microsoft.UI.pri
2026-10-03 15:53:05.111   Deleting file: C:\Users\21544\workspace\Native3DGSViewer\out\cloud-022-install-test\Microsoft.UI.Input.dll
2026-10-03 15:53:05.111   Deleting file: C:\Users\21544\workspace\Native3DGSViewer\out\cloud-022-install-test\Microsoft.UI.dll
2026-10-03 15:53:05.111   Deleting file: C:\Users\21544\workspace\Native3DGSViewer\out\cloud-022-install-test\Microsoft.UI.Designer.dll
2026-10-03 15:53:05.112   Deleting file: C:\Users\21544\workspace\Native3DGSViewer\out\cloud-022-install-test\Microsoft.UI.Composition.OSSupport.dll
2026-10-03 15:53:05.112   Deleting file: C:\Users\21544\workspace\Native3DGSViewer\out\cloud-022-install-test\Microsoft.Internal.FrameworkUdk.dll
2026-10-03 15:53:05.112   Deleting file: C:\Users\21544\workspace\Native3DGSViewer\out\cloud-022-install-test\Microsoft.InputStateManager.dll
2026-10-03 15:53:05.113   Deleting file: C:\Users\21544\workspace\Native3DGSViewer\out\cloud-022-install-test\Microsoft.Graphics.Imaging.dll
2026-10-03 15:53:05.113   Deleting file: C:\Users\21544\workspace\Native3DGSViewer\out\cloud-022-install-test\Microsoft.Graphics.Display.dll
2026-10-03 15:53:05.113   Deleting file: C:\Users\21544\workspace\Native3DGSViewer\out\cloud-022-install-test\Microsoft.DirectManipulation.dll
2026-10-03 15:53:05.113   Deleting file: C:\Users\21544\workspace\Native3DGSViewer\out\cloud-022-install-test\marshal.dll
2026-10-03 15:53:05.114   Deleting file: C:\Users\21544\workspace\Native3DGSViewer\out\cloud-022-install-test\MainWindow.xbf
2026-10-03 15:53:05.114   Deleting file: C:\Users\21544\workspace\Native3DGSViewer\out\cloud-022-install-test\DWriteCore.dll
2026-10-03 15:53:05.114   Deleting file: C:\Users\21544\workspace\Native3DGSViewer\out\cloud-022-install-test\DwmSceneI.dll
2026-10-03 15:53:05.115   Deleting file: C:\Users\21544\workspace\Native3DGSViewer\out\cloud-022-install-test\dwmcorei.dll
2026-10-03 15:53:05.115   Deleting file: C:\Users\21544\workspace\Native3DGSViewer\out\cloud-022-install-test\DirectML.dll
2026-10-03 15:53:05.117   Deleting file: C:\Users\21544\workspace\Native3DGSViewer\out\cloud-022-install-test\dcompi.dll
2026-10-03 15:53:05.117   Deleting file: C:\Users\21544\workspace\Native3DGSViewer\out\cloud-022-install-test\CoreMessagingXP.dll
2026-10-03 15:53:05.117   Deleting file: C:\Users\21544\workspace\Native3DGSViewer\out\cloud-022-install-test\concrt140.dll
2026-10-03 15:53:05.118   Deleting file: C:\Users\21544\workspace\Native3DGSViewer\out\cloud-022-install-test\App.xbf
2026-10-03 15:53:05.118   Deleting registry key: HKEY_CURRENT_USER\Software\Microsoft\Windows\CurrentVersion\Uninstall\{6F6D0E39-0AAE-45A3-960B-8A55A5A48ED2}_is1
2026-10-03 15:53:05.120   Deleting directory: C:\Users\21544\workspace\Native3DGSViewer\out\cloud-022-install-test\zh-TW
2026-10-03 15:53:05.120   Deleting directory: C:\Users\21544\workspace\Native3DGSViewer\out\cloud-022-install-test\zh-CN
2026-10-03 15:53:05.120   Deleting directory: C:\Users\21544\workspace\Native3DGSViewer\out\cloud-022-install-test\vi-VN
2026-10-03 15:53:05.121   Deleting directory: C:\Users\21544\workspace\Native3DGSViewer\out\cloud-022-install-test\uz-Latn-UZ
2026-10-03 15:53:05.121   Deleting directory: C:\Users\21544\workspace\Native3DGSViewer\out\cloud-022-install-test\ur-PK
2026-10-03 15:53:05.121   Deleting directory: C:\Users\21544\workspace\Native3DGSViewer\out\cloud-022-install-test\uk-UA
2026-10-03 15:53:05.121   Deleting directory: C:\Users\21544\workspace\Native3DGSViewer\out\cloud-022-install-test\ug-CN
2026-10-03 15:53:05.121   Deleting directory: C:\Users\21544\workspace\Native3DGSViewer\out\cloud-022-install-test\tt-RU
2026-10-03 15:53:05.121   Deleting directory: C:\Users\21544\workspace\Native3DGSViewer\out\cloud-022-install-test\tr-TR
2026-10-03 15:53:05.121   Deleting directory: C:\Users\21544\workspace\Native3DGSViewer\out\cloud-022-install-test\th-TH
2026-10-03 15:53:05.121   Deleting directory: C:\Users\21544\workspace\Native3DGSViewer\out\cloud-022-install-test\te-IN
2026-10-03 15:53:05.122   Deleting directory: C:\Users\21544\workspace\Native3DGSViewer\out\cloud-022-install-test\ta-IN
2026-10-03 15:53:05.123   Deleting directory: C:\Users\21544\workspace\Native3DGSViewer\out\cloud-022-install-test\sv-SE
2026-10-03 15:53:05.123   Deleting directory: C:\Users\21544\workspace\Native3DGSViewer\out\cloud-022-install-test\sr-Latn-RS
2026-10-03 15:53:05.123   Deleting directory: C:\Users\21544\workspace\Native3DGSViewer\out\cloud-022-install-test\sr-Cyrl-RS
2026-10-03 15:53:05.124   Deleting directory: C:\Users\21544\workspace\Native3DGSViewer\out\cloud-022-install-test\sr-Cyrl-BA
2026-10-03 15:53:05.124   Deleting directory: C:\Users\21544\workspace\Native3DGSViewer\out\cloud-022-install-test\sq-AL
2026-10-03 15:53:05.124   Deleting directory: C:\Users\21544\workspace\Native3DGSViewer\out\cloud-022-install-test\sl-SI
2026-10-03 15:53:05.124   Deleting directory: C:\Users\21544\workspace\Native3DGSViewer\out\cloud-022-install-test\sk-SK
2026-10-03 15:53:05.126   Deleting directory: C:\Users\21544\workspace\Native3DGSViewer\out\cloud-022-install-test\ru-RU
2026-10-03 15:53:05.126   Deleting directory: C:\Users\21544\workspace\Native3DGSViewer\out\cloud-022-install-test\ro-RO
2026-10-03 15:53:05.126   Deleting directory: C:\Users\21544\workspace\Native3DGSViewer\out\cloud-022-install-test\quz-PE
2026-10-03 15:53:05.126   Deleting directory: C:\Users\21544\workspace\Native3DGSViewer\out\cloud-022-install-test\pt-PT
2026-10-03 15:53:05.126   Deleting directory: C:\Users\21544\workspace\Native3DGSViewer\out\cloud-022-install-test\pt-BR
2026-10-03 15:53:05.127   Deleting directory: C:\Users\21544\workspace\Native3DGSViewer\out\cloud-022-install-test\pl-PL
2026-10-03 15:53:05.127   Deleting directory: C:\Users\21544\workspace\Native3DGSViewer\out\cloud-022-install-test\pa-IN
2026-10-03 15:53:05.127   Deleting directory: C:\Users\21544\workspace\Native3DGSViewer\out\cloud-022-install-test\or-IN
2026-10-03 15:53:05.127   Deleting directory: C:\Users\21544\workspace\Native3DGSViewer\out\cloud-022-install-test\NpuDetect
2026-10-03 15:53:05.128   Deleting directory: C:\Users\21544\workspace\Native3DGSViewer\out\cloud-022-install-test\nn-NO
2026-10-03 15:53:05.128   Deleting directory: C:\Users\21544\workspace\Native3DGSViewer\out\cloud-022-install-test\nl-NL
2026-10-03 15:53:05.128   Deleting directory: C:\Users\21544\workspace\Native3DGSViewer\out\cloud-022-install-test\ne-NP
2026-10-03 15:53:05.128   Deleting directory: C:\Users\21544\workspace\Native3DGSViewer\out\cloud-022-install-test\nb-NO
2026-10-03 15:53:05.128   Deleting directory: C:\Users\21544\workspace\Native3DGSViewer\out\cloud-022-install-test\mt-MT
2026-10-03 15:53:05.128   Deleting directory: C:\Users\21544\workspace\Native3DGSViewer\out\cloud-022-install-test\ms-MY
2026-10-03 15:53:05.129   Deleting directory: C:\Users\21544\workspace\Native3DGSViewer\out\cloud-022-install-test\mr-IN
2026-10-03 15:53:05.129   Deleting directory: C:\Users\21544\workspace\Native3DGSViewer\out\cloud-022-install-test\ml-IN
2026-10-03 15:53:05.129   Deleting directory: C:\Users\21544\workspace\Native3DGSViewer\out\cloud-022-install-test\mk-MK
2026-10-03 15:53:05.129   Deleting directory: C:\Users\21544\workspace\Native3DGSViewer\out\cloud-022-install-test\Microsoft.UI.Xaml\Assets
2026-10-03 15:53:05.129   Deleting directory: C:\Users\21544\workspace\Native3DGSViewer\out\cloud-022-install-test\Microsoft.UI.Xaml
2026-10-03 15:53:05.130   Deleting directory: C:\Users\21544\workspace\Native3DGSViewer\out\cloud-022-install-test\mi-NZ
2026-10-03 15:53:05.130   Deleting directory: C:\Users\21544\workspace\Native3DGSViewer\out\cloud-022-install-test\lv-LV
2026-10-03 15:53:05.130   Deleting directory: C:\Users\21544\workspace\Native3DGSViewer\out\cloud-022-install-test\lt-LT
2026-10-03 15:53:05.130   Deleting directory: C:\Users\21544\workspace\Native3DGSViewer\out\cloud-022-install-test\lo-LA
2026-10-03 15:53:05.130   Deleting directory: C:\Users\21544\workspace\Native3DGSViewer\out\cloud-022-install-test\licenses
2026-10-03 15:53:05.131   Deleting directory: C:\Users\21544\workspace\Native3DGSViewer\out\cloud-022-install-test\lb-LU
2026-10-03 15:53:05.131   Deleting directory: C:\Users\21544\workspace\Native3DGSViewer\out\cloud-022-install-test\kok-IN
2026-10-03 15:53:05.131   Deleting directory: C:\Users\21544\workspace\Native3DGSViewer\out\cloud-022-install-test\ko-KR
2026-10-03 15:53:05.131   Deleting directory: C:\Users\21544\workspace\Native3DGSViewer\out\cloud-022-install-test\kn-IN
2026-10-03 15:53:05.131   Deleting directory: C:\Users\21544\workspace\Native3DGSViewer\out\cloud-022-install-test\km-KH
2026-10-03 15:53:05.132   Deleting directory: C:\Users\21544\workspace\Native3DGSViewer\out\cloud-022-install-test\kk-KZ
2026-10-03 15:53:05.132   Deleting directory: C:\Users\21544\workspace\Native3DGSViewer\out\cloud-022-install-test\ka-GE
2026-10-03 15:53:05.132   Deleting directory: C:\Users\21544\workspace\Native3DGSViewer\out\cloud-022-install-test\ja-JP
2026-10-03 15:53:05.132   Deleting directory: C:\Users\21544\workspace\Native3DGSViewer\out\cloud-022-install-test\it-IT
2026-10-03 15:53:05.132   Deleting directory: C:\Users\21544\workspace\Native3DGSViewer\out\cloud-022-install-test\is-IS
2026-10-03 15:53:05.132   Deleting directory: C:\Users\21544\workspace\Native3DGSViewer\out\cloud-022-install-test\id-ID
2026-10-03 15:53:05.133   Deleting directory: C:\Users\21544\workspace\Native3DGSViewer\out\cloud-022-install-test\hy-AM
2026-10-03 15:53:05.133   Deleting directory: C:\Users\21544\workspace\Native3DGSViewer\out\cloud-022-install-test\hu-HU
2026-10-03 15:53:05.133   Deleting directory: C:\Users\21544\workspace\Native3DGSViewer\out\cloud-022-install-test\hr-HR
2026-10-03 15:53:05.133   Deleting directory: C:\Users\21544\workspace\Native3DGSViewer\out\cloud-022-install-test\hi-IN
2026-10-03 15:53:05.133   Deleting directory: C:\Users\21544\workspace\Native3DGSViewer\out\cloud-022-install-test\he-IL
2026-10-03 15:53:05.133   Deleting directory: C:\Users\21544\workspace\Native3DGSViewer\out\cloud-022-install-test\gu-IN
2026-10-03 15:53:05.133   Deleting directory: C:\Users\21544\workspace\Native3DGSViewer\out\cloud-022-install-test\gl-ES
2026-10-03 15:53:05.133   Deleting directory: C:\Users\21544\workspace\Native3DGSViewer\out\cloud-022-install-test\gd-gb
2026-10-03 15:53:05.133   Deleting directory: C:\Users\21544\workspace\Native3DGSViewer\out\cloud-022-install-test\ga-IE
2026-10-03 15:53:05.133   Deleting directory: C:\Users\21544\workspace\Native3DGSViewer\out\cloud-022-install-test\fr-FR
2026-10-03 15:53:05.133   Deleting directory: C:\Users\21544\workspace\Native3DGSViewer\out\cloud-022-install-test\fr-CA
2026-10-03 15:53:05.135   Deleting directory: C:\Users\21544\workspace\Native3DGSViewer\out\cloud-022-install-test\fil-PH
2026-10-03 15:53:05.135   Deleting directory: C:\Users\21544\workspace\Native3DGSViewer\out\cloud-022-install-test\fi-FI
2026-10-03 15:53:05.135   Deleting directory: C:\Users\21544\workspace\Native3DGSViewer\out\cloud-022-install-test\fa-IR
2026-10-03 15:53:05.135   Deleting directory: C:\Users\21544\workspace\Native3DGSViewer\out\cloud-022-install-test\eu-ES
2026-10-03 15:53:05.135   Deleting directory: C:\Users\21544\workspace\Native3DGSViewer\out\cloud-022-install-test\et-EE
2026-10-03 15:53:05.136   Deleting directory: C:\Users\21544\workspace\Native3DGSViewer\out\cloud-022-install-test\es-MX
2026-10-03 15:53:05.136   Deleting directory: C:\Users\21544\workspace\Native3DGSViewer\out\cloud-022-install-test\es-ES
2026-10-03 15:53:05.136   Deleting directory: C:\Users\21544\workspace\Native3DGSViewer\out\cloud-022-install-test\en-us
2026-10-03 15:53:05.136   Deleting directory: C:\Users\21544\workspace\Native3DGSViewer\out\cloud-022-install-test\en-GB
2026-10-03 15:53:05.136   Deleting directory: C:\Users\21544\workspace\Native3DGSViewer\out\cloud-022-install-test\el-GR
2026-10-03 15:53:05.137   Deleting directory: C:\Users\21544\workspace\Native3DGSViewer\out\cloud-022-install-test\de-DE
2026-10-03 15:53:05.137   Deleting directory: C:\Users\21544\workspace\Native3DGSViewer\out\cloud-022-install-test\da-DK
2026-10-03 15:53:05.137   Deleting directory: C:\Users\21544\workspace\Native3DGSViewer\out\cloud-022-install-test\cy-GB
2026-10-03 15:53:05.137   Deleting directory: C:\Users\21544\workspace\Native3DGSViewer\out\cloud-022-install-test\cs-CZ
2026-10-03 15:53:05.137   Deleting directory: C:\Users\21544\workspace\Native3DGSViewer\out\cloud-022-install-test\ca-Es-VALENCIA
2026-10-03 15:53:05.138   Deleting directory: C:\Users\21544\workspace\Native3DGSViewer\out\cloud-022-install-test\ca-ES
2026-10-03 15:53:05.138   Deleting directory: C:\Users\21544\workspace\Native3DGSViewer\out\cloud-022-install-test\bs-Latn-BA
2026-10-03 15:53:05.138   Deleting directory: C:\Users\21544\workspace\Native3DGSViewer\out\cloud-022-install-test\bn-IN
2026-10-03 15:53:05.138   Deleting directory: C:\Users\21544\workspace\Native3DGSViewer\out\cloud-022-install-test\bg-BG
2026-10-03 15:53:05.138   Deleting directory: C:\Users\21544\workspace\Native3DGSViewer\out\cloud-022-install-test\az-Latn-AZ
2026-10-03 15:53:05.138   Deleting directory: C:\Users\21544\workspace\Native3DGSViewer\out\cloud-022-install-test\as-IN
2026-10-03 15:53:05.138   Deleting directory: C:\Users\21544\workspace\Native3DGSViewer\out\cloud-022-install-test\ar-SA
2026-10-03 15:53:05.138   Deleting directory: C:\Users\21544\workspace\Native3DGSViewer\out\cloud-022-install-test\am-ET
2026-10-03 15:53:05.139   Deleting directory: C:\Users\21544\workspace\Native3DGSViewer\out\cloud-022-install-test\af-ZA
2026-10-03 15:53:05.140   Deleting directory: C:\Users\21544\workspace\Native3DGSViewer\out\cloud-022-install-test
2026-10-03 15:53:05.140   Failed to delete directory (145). Will retry later.
2026-10-03 15:53:05.140   Deleting Uninstall data files.
2026-10-03 15:53:05.140   Creating "_unins-done.tmp" file.
2026-10-03 15:53:05.661   Deleting directory: C:\Users\21544\workspace\Native3DGSViewer\out\cloud-022-install-test
2026-10-03 15:53:05.671   Uninstallation process succeeded.
2026-10-03 15:53:05.671   Removed all? Yes
2026-10-03 15:53:05.671   Need to restart Windows? No
2026-10-03 15:53:05.673   Log closed.
