PRETTY_NAME="Ubuntu 22.04.5 LTS"
NAME="Ubuntu"
VERSION_ID="22.04"
VERSION="22.04.5 LTS (Jammy Jellyfish)"
VERSION_CODENAME=jammy
ID=ubuntu
ID_LIKE=debian
HOME_URL="https://www.ubuntu.com/"
SUPPORT_URL="https://help.ubuntu.com/"
BUG_REPORT_URL="https://bugs.launchpad.net/ubuntu/"
PRIVACY_POLICY_URL="https://www.ubuntu.com/legal/terms-and-policies/privacy-policy"
UBUNTU_CODENAME=jammy
index, name, driver_version, memory.total [MiB], compute_cap
0, NVIDIA GeForce RTX 4090, 580.82.09, 49140 MiB, 8.9
1, NVIDIA GeForce RTX 4090, 580.82.09, 49140 MiB, 8.9
2, NVIDIA GeForce RTX 4090, 580.82.09, 49140 MiB, 8.9
3, NVIDIA GeForce RTX 4090, 580.82.09, 49140 MiB, 8.9
nvcc: NVIDIA (R) Cuda compiler driver
Copyright (c) 2005-2025 NVIDIA Corporation
Built on Wed_Aug_20_01:58:59_PM_PDT_2025
Cuda compilation tools, release 13.0, V13.0.88
Build cuda_13.0.r13.0/compiler.36424714_0
/opt/conda/bin/cmake
cmake version 3.30.5

CMake suite maintained and supported by Kitware (kitware.com/cmake).
/usr/bin/g++-12
g++-12 (Ubuntu 12.3.0-1ubuntu1~22.04.3) 12.3.0
Python 3.10.12
PID1: run.sh
Public port: 8888; prefix: /opt/native3dgs
Stop the running installation before switching releases
