Started spz/jiulonghu_v1.spz native 2026-10-06T10:07:21.678Z
Completed spz/jiulonghu_v1.spz native 33.8 fps
Started spz/jiulonghu_v1.spz spark 2026-10-06T10:08:10.093Z
Completed spz/jiulonghu_v1.spz spark 37.9 fps
Started jiulonghu_v1.ply spark 2026-10-06T10:09:18.809Z
Completed jiulonghu_v1.ply spark 37.8 fps
Started jiulonghu_v1.ply native 2026-10-06T10:10:13.425Z
Completed jiulonghu_v1.ply native 33.9 fps
Started spz/he_v1.spz native 2026-10-06T10:10:44.043Z
Completed spz/he_v1.spz native 119.9 fps
Started spz/he_v1.spz spark 2026-10-06T10:11:14.205Z
Completed spz/he_v1.spz spark 115.5 fps
Started he_v1.ply spark 2026-10-06T10:11:47.100Z
Completed he_v1.ply spark 114.6 fps
Started he_v1.ply native 2026-10-06T10:12:18.328Z
Completed he_v1.ply native 120.0 fps
Started spz/shengyi_v1.spz native 2026-10-06T10:12:46.312Z
Completed spz/shengyi_v1.spz native 120.0 fps
Started spz/shengyi_v1.spz spark 2026-10-06T10:13:14.388Z
Completed spz/shengyi_v1.spz spark 120.0 fps
Started shengyi_v1.ply spark 2026-10-06T10:13:43.215Z
Completed shengyi_v1.ply spark 120.0 fps
Started shengyi_v1.ply native 2026-10-06T10:14:11.176Z
Completed shengyi_v1.ply native 119.9 fps
