Started shengyi_v1.ply native 2026-10-06T10:14:40.444Z
Completed shengyi_v1.ply native 120.0 fps
Started shengyi_v1.ply spark 2026-10-06T10:15:08.985Z
Completed shengyi_v1.ply spark 120.0 fps
Started spz/shengyi_v1.spz spark 2026-10-06T10:15:37.031Z
Completed spz/shengyi_v1.spz spark 120.0 fps
Started spz/shengyi_v1.spz native 2026-10-06T10:16:04.977Z
Completed spz/shengyi_v1.spz native 120.0 fps
Started he_v1.ply native 2026-10-06T10:16:38.040Z
Completed he_v1.ply native 120.0 fps
Started he_v1.ply spark 2026-10-06T10:17:09.279Z
Completed he_v1.ply spark 113.7 fps
Started spz/he_v1.spz spark 2026-10-06T10:17:39.284Z
Completed spz/he_v1.spz spark 116.7 fps
Started spz/he_v1.spz native 2026-10-06T10:18:09.259Z
Completed spz/he_v1.spz native 120.0 fps
Started jiulonghu_v1.ply native 2026-10-06T10:19:15.086Z
Completed jiulonghu_v1.ply native 33.2 fps
Started jiulonghu_v1.ply spark 2026-10-06T10:20:13.270Z
Completed jiulonghu_v1.ply spark 37.7 fps
Started spz/jiulonghu_v1.spz spark 2026-10-06T10:21:02.130Z
Completed spz/jiulonghu_v1.spz spark 37.9 fps
Started spz/jiulonghu_v1.spz native 2026-10-06T10:21:52.180Z
Completed spz/jiulonghu_v1.spz native 33.2 fps
