loaded count=2973002 degree=3 decode_ms=1303.2445 first_frame_ms=1460.2458
pose -0.0546509623527527 0.100226942449808 4.97627698270575 -0.0546509623527527 0.100226942449808 -0.0261414647102356
interaction duration_ms=20001.7566 accepted_presents=2401 render_calls=2401 fps=120.039456934497
time_ms,interval_ms,accepted,gpu_diagnostic_ms
0.2794,0.2794,1,4.356096
10.101,9.8216,1,4.349952
17.954,7.853,1,5.029888
26.9292,8.9752,1,4.752384
34.9146,7.9854,1,4.772864
42.8884,7.9738,1,4.75136
51.9058,9.0174,1,4.752384
59.9686,8.0628,1,4.754432
67.9396,7.971,1,4.763648
76.9611,9.0215,1,4.757504
84.9281,7.967,1,4.764672
92.9726,8.0445,1,4.764672
101.941,8.9684,1,4.764672
110.023,8.08199999999999,1,4.752384
117.9612,7.93820000000001,1,4.764672
127.0011,9.03989999999999,1,4.750336
134.9456,7.94450000000002,1,4.768768
142.9371,7.99149999999997,1,4.760576
151.9006,8.96350000000001,1,4.759552
159.9843,8.08369999999999,1,4.762624
167.9015,7.91720000000001,1,4.760576
177.0113,9.10980000000001,1,4.75136
184.9874,7.9761,1,4.775936
192.9884,8.001,1,4.753408
201.9244,8.93599999999998,1,4.762624
209.4284,7.50400000000002,1,4.759552
218.5695,9.14109999999999,1,4.765696
227.0004,8.43090000000001,1,4.758528
234.972,7.9716,1,4.773888
242.9636,7.99160000000001,1,4.76672
251.9962,9.03259999999997,1,4.752384
260.0153,8.01910000000004,1,4.757504
267.9846,7.96929999999998,1,4.754432
276.8967,8.91210000000001,1,4.75648
284.9373,8.04059999999998,1,4.765696
292.915,7.97770000000003,1,4.762624
301.9446,9.02959999999996,1,4.770816
309.8802,7.93560000000002,1,4.759552
317.9443,8.0641,1,4.754432
327.048,9.1037,1,4.749312
334.8826,7.83460000000002,1,4.784128
343.1253,8.24269999999996,1,4.759552
351.0139,7.8886,1,4.762624
359.9335,8.9196,1,4.7616
367.8952,7.96170000000001,1,4.769792
376.883,8.98779999999999,1,4.755456
384.9029,8.01990000000001,1,4.76672
392.9591,8.05619999999999,1,4.75136
401.9146,8.95550000000003,1,4.769792
409.9102,7.99559999999997,1,4.763648
417.8788,7.96860000000004,1,4.757504
426.9379,9.0591,1,4.765696
434.8803,7.94239999999996,1,4.757504
442.9062,8.02590000000004,1,4.757504
451.9161,9.00989999999996,1,4.759552
459.9822,8.06610000000001,1,4.769792
467.8831,7.90090000000004,1,4.77184
476.8926,9.0095,1,4.764672
484.8653,7.97269999999997,1,4.76672
492.9953,8.13,1,4.750336
502.2843,9.28899999999999,1,4.774912
510.0403,7.75600000000003,1,4.769792
517.9863,7.94600000000003,1,4.75136
526.9213,8.93499999999995,1,4.754432
534.865,7.94370000000004,1,4.774912
542.8814,8.01639999999998,1,4.752384
551.9134,9.03200000000004,1,4.757504
559.9141,8.00069999999994,1,4.763648
568.0618,8.14769999999999,1,4.774912
576.0524,7.99060000000009,1,4.7616
585.0417,8.98929999999996,1,4.754432
592.9919,7.9502,1,4.755456
602.0892,9.09730000000002,1,4.758528
610.0114,7.92219999999998,1,4.764672
618.0557,8.04430000000002,1,4.752384
626.0171,7.96140000000003,1,4.762624
635.0625,9.04539999999997,1,4.772864
643.4223,8.35979999999995,1,4.767744
650.9668,7.54450000000008,1,4.760576
659.9556,8.98879999999997,1,4.759552
667.8891,7.93349999999998,1,4.770816
676.9557,9.06659999999999,1,4.759552
684.9034,7.94770000000005,1,4.767744
693.0845,8.18110000000001,1,4.754432
701.008,7.92349999999999,1,4.768768
710.1069,9.09889999999996,1,4.753408
717.9136,7.80669999999998,1,4.764672
726.9925,9.07889999999998,1,4.75136
734.9292,7.93670000000009,1,4.77184
742.9057,7.97649999999999,1,4.770816
751.8744,8.96870000000001,1,4.767744
759.9692,8.09479999999996,1,4.768768
767.884,7.91480000000001,1,4.76672
776.883,8.99900000000002,1,4.763648
784.9318,8.04879999999991,1,4.762624
792.929,7.99720000000002,1,4.754432
801.9035,8.97450000000003,1,4.770816
809.8743,7.97079999999994,1,4.77696
817.8915,8.0172,1,4.754432
826.906,9.0145,1,4.763648
834.8875,7.9815000000001,1,4.775936
842.8937,8.00619999999992,1,4.773888
851.9302,9.03650000000005,1,4.760576
859.9068,7.97659999999996,1,4.7616
867.9132,8.00639999999999,1,4.770816
876.8862,8.97300000000007,1,4.7616
884.9142,8.02800000000002,1,4.76672
892.905,7.99079999999992,1,4.758528
901.9536,9.04860000000008,1,4.768768
909.8857,7.93209999999999,1,4.768768
917.9196,8.0338999999999,1,4.758528
926.9051,8.9855,1,4.763648
934.8948,7.98970000000008,1,4.77184
942.8858,7.99099999999999,1,4.758528
951.8989,9.01310000000001,1,4.77184
959.9597,8.06079999999997,1,4.762624
967.9149,7.95519999999999,1,4.762624
976.8979,8.98300000000006,1,4.772864
984.8735,7.97559999999999,1,4.764672
992.9445,8.07099999999991,1,4.75136
1001.8782,8.93370000000004,1,4.76672
1009.9096,8.03139999999996,1,4.759552
1017.9014,7.99180000000001,1,4.757504
1026.9756,9.07420000000002,1,4.777984
1034.8933,7.91769999999997,1,4.770816
1042.8941,8.00080000000003,1,4.752384
1051.865,8.97090000000003,1,4.763648
1059.978,8.11300000000006,1,4.762624
1067.9151,7.93709999999987,1,4.772864
1076.8909,8.97580000000016,1,4.763648
1084.8845,7.99359999999979,1,4.762624
1092.9565,8.07200000000012,1,4.992
1101.9057,8.94920000000002,1,4.758528
1109.9093,8.00360000000001,1,4.758528
1117.8681,7.95879999999988,1,4.757504
1126.9526,9.08450000000016,1,4.75648
1134.924,7.9713999999999,1,4.773888
1142.9211,7.99710000000005,1,4.76672
1151.9484,9.02729999999997,1,4.765696
1159.9164,7.96800000000007,1,4.760576
1167.918,8.00159999999983,1,4.772864
1176.8763,8.95830000000001,1,4.7616
1184.9061,8.02980000000002,1,4.763648
1192.9657,8.05960000000005,1,4.765696
1201.9316,8.96589999999992,1,4.773888
1209.4901,7.55850000000009,1,4.7616
1218.5826,9.09249999999997,1,4.760576
1225.9865,7.40390000000002,1,4.749312
1234.9688,8.98230000000012,1,4.7616
1242.9173,7.94849999999997,1,4.770816
1251.9635,9.0462,1,4.765696
1259.9502,7.98669999999993,1,4.765696
1267.934,7.98379999999997,1,4.77184
1276.8981,8.96410000000014,1,4.764672
1284.9236,8.02549999999997,1,4.764672
1292.9798,8.05619999999999,1,4.753408
1301.9473,8.96749999999997,1,4.774912
1309.9026,7.95529999999985,1,4.764672
1317.9911,8.08850000000007,1,4.75648
1326.5424,8.55130000000008,1,5.019648
1333.9268,7.38439999999991,1,4.75136
1342.5665,8.63969999999995,1,4.758528
1351.4755,8.90900000000011,1,5.02784
1359.4956,8.02009999999996,1,4.755456
1368.4754,8.97980000000007,1,4.768768
1376.4516,7.97620000000006,1,4.758528
1384.4596,8.00799999999981,1,4.764672
1393.4897,9.03010000000017,1,4.757504
1401.434,7.94429999999988,1,4.763648
1409.507,8.07300000000009,1,4.765696
1418.4494,8.94239999999991,1,4.769792
1426.4953,8.04590000000007,1,4.758528
1434.4417,7.94640000000004,1,4.755456
1443.4562,9.0145,1,4.75648
1451.424,7.9677999999999,1,4.762624
1459.5503,8.12630000000013,1,4.770816
1468.4872,8.93689999999992,1,4.767744
1476.4854,7.9982,1,4.758528
1484.4453,7.95990000000006,1,4.75136
1493.5046,9.05929999999989,1,4.755456
1501.5683,8.06369999999993,1,4.760576
1509.6032,8.03490000000011,1,4.75136
1518.5214,8.91820000000007,1,4.774912
1526.4888,7.9674,1,4.774912
1534.4438,7.95499999999993,1,4.765696
1543.4518,9.00800000000004,1,4.755456
1551.455,8.00319999999988,1,4.767744
1559.4767,8.02170000000001,1,4.759552
1568.5363,9.05960000000005,1,4.757504
1576.4472,7.91090000000008,1,4.757504
1584.4577,8.01049999999987,1,4.760576
1593.4729,9.01520000000005,1,4.75648
1601.4741,8.00119999999993,1,4.779008
1609.4267,7.95260000000007,1,4.764672
1618.4383,9.01160000000004,1,4.764672
1626.4556,8.01729999999998,1,4.767744
1634.5238,8.06819999999993,1,4.77184
1643.5251,9.00130000000013,1,4.768768
1651.4368,7.91169999999988,1,4.764672
1659.5434,8.10660000000007,1,4.758528
1668.6338,9.09040000000005,1,4.759552
1676.629,7.99519999999984,1,4.755456
1684.5014,7.8724000000002,1,4.775936
1693.5277,9.02629999999999,1,4.764672
1701.4591,7.93139999999994,1,4.770816
1709.4409,7.98180000000002,1,4.769792
1718.4847,9.04379999999992,1,4.768768
1726.4999,8.01520000000005,1,4.779008
1734.4783,7.97839999999997,1,4.768768
1743.4981,9.01980000000003,1,4.770816
1751.4874,7.98929999999996,1,4.773888
1759.5519,8.06449999999995,1,4.772864
1768.4591,8.9072000000001,1,4.773888
1776.5281,8.06899999999996,1,4.748288
1784.4498,7.9217000000001,1,4.768768
1793.5083,9.05849999999987,1,4.76672
1801.4666,7.95830000000001,1,4.772864
1809.466,7.99939999999992,1,4.764672
1818.5025,9.03650000000016,1,4.750336
1826.5031,8.00059999999985,1,4.770816
1834.4662,7.96310000000017,1,4.7616
1843.482,9.0157999999999,1,4.783104
1851.5047,8.02269999999999,1,4.765696
1859.5258,8.02109999999993,1,4.763648
1868.4233,8.89750000000004,1,4.781056
1876.4447,8.02140000000009,1,4.772864
1884.4719,8.02719999999999,1,4.7616
1893.5187,9.04680000000008,1,4.77696
1901.5434,8.02469999999994,1,4.767744
1909.5259,7.98250000000007,1,4.765696
1918.5641,9.03819999999996,1,4.77696
1926.5449,7.98080000000004,1,4.770816
1934.5035,7.95859999999993,1,4.764672
1943.514,9.01049999999987,1,4.764672
1951.4819,7.9679000000001,1,4.781056
1959.4869,8.00500000000011,1,4.763648
1968.4928,9.00589999999988,1,4.770816
1976.4525,7.95970000000011,1,4.77184
1984.5183,8.06579999999985,1,4.759552
1993.4786,8.96029999999996,1,4.775936
2001.5448,8.06619999999998,1,4.775936
2009.4623,7.91750000000002,1,4.773888
2018.5136,9.05130000000008,1,4.765696
2026.5505,8.03690000000006,1,4.757504
2034.4532,7.90269999999987,1,4.775936
2043.4668,9.0136,1,4.765696
2051.441,7.97419999999988,1,4.779008
2059.4604,8.01940000000013,1,4.760576
2068.508,9.04759999999987,1,4.77696
2076.4752,7.96720000000005,1,4.779008
2084.5061,8.0309000000002,1,4.774912
2093.5198,9.01369999999997,1,4.768768
2101.4342,7.91440000000011,1,4.781056
2109.5039,8.06970000000001,1,4.759552
2118.4424,8.93849999999975,1,4.765696
2126.5429,8.10050000000001,1,4.7616
2134.4859,7.94300000000021,1,4.757504
2143.5092,9.02329999999984,1,4.765696
2151.478,7.9688000000001,1,4.763648
2159.4952,8.01719999999978,1,4.77184
2168.4855,8.99029999999993,1,4.760576
2176.4668,7.98130000000037,1,4.784128
2184.4321,7.96529999999984,1,4.765696
2193.5593,9.1271999999999,1,4.760576
2201.4938,7.9345000000003,1,4.768768
2209.0204,7.52659999999969,1,4.7872
2218.0079,8.98750000000018,1,4.767744
2226.0195,8.01159999999982,1,4.75648
2234.4995,8.48000000000002,1,4.762624
2243.4869,8.98739999999998,1,4.75136
2251.4689,7.98199999999997,1,4.772864
2259.5234,8.05450000000019,1,4.759552
2268.4438,8.92039999999997,1,4.758528
2276.4667,8.02289999999994,1,4.7616
2284.4735,8.00680000000011,1,4.765696
2293.4822,9.00869999999986,1,4.7616
2301.5268,8.04460000000017,1,4.77696
2309.4652,7.9384,1,4.759552
2318.523,9.05780000000004,1,4.7616
2326.4931,7.9701,1,4.763648
2334.4742,7.98109999999997,1,4.757504
2343.4509,8.97669999999971,1,4.759552
2351.4835,8.0326,1,4.763648
2359.4881,8.00460000000021,1,4.758528
2368.5864,9.09830000000011,1,4.773888
2376.4774,7.89100000000008,1,4.77184
2384.4992,8.02179999999998,1,4.764672
2393.5781,9.07889999999998,1,4.763648
2401.4667,7.88859999999977,1,4.764672
2409.5382,8.07150000000001,1,4.7616
2418.514,8.97580000000016,1,4.764672
2426.475,7.96099999999979,1,4.772864
2434.4612,7.98620000000028,1,4.774912
2443.4945,9.0332999999996,1,4.762624
2451.4618,7.96730000000025,1,4.763648
2459.5499,8.08809999999994,1,4.753408
2468.4816,8.93170000000009,1,4.769792
2476.4878,8.00619999999981,1,4.765696
2484.4722,7.98440000000028,1,4.757504
2493.4979,9.02569999999969,1,4.905984
2501.4592,7.96129999999994,1,4.765696
2509.5947,8.13550000000032,1,4.755456
2518.5941,8.9993999999997,1,4.758528
2526.5583,7.96420000000035,1,4.773888
2534.4709,7.91259999999966,1,4.767744
2543.5224,9.05150000000003,1,4.749312
2551.4539,7.93150000000014,1,4.763648
2559.4976,8.04370000000017,1,4.750336
2568.4872,8.98959999999988,1,4.768768
2576.5027,8.01549999999997,1,4.757504
2584.4511,7.94840000000022,1,4.758528
2593.597,9.14589999999998,1,4.764672
2601.5633,7.96629999999959,1,4.77184
2609.4668,7.90350000000035,1,4.757504
2618.4768,9.00999999999976,1,4.763648
2626.4925,8.01569999999992,1,4.900864
2634.5059,8.01340000000027,1,4.759552
2643.5247,9.01879999999983,1,4.772864
2651.5515,8.02680000000009,1,4.765696
2659.5497,7.9982,1,4.75136
2668.5515,9.0018,1,4.753408
2676.5497,7.9982,1,4.770816
2684.569,8.01929999999993,1,4.77184
2693.5391,8.9701,1,4.779008
2701.5108,7.97170000000006,1,4.7872
2709.4588,7.94799999999987,1,4.762624
2718.4671,9.00829999999996,1,4.757504
2726.4897,8.02260000000024,1,4.762624
2734.4732,7.98349999999982,1,4.757504
2743.5443,9.07110000000011,1,4.7616
2751.4894,7.94509999999991,1,4.758528
2759.5623,8.07290000000012,1,4.763648
2768.4743,8.91199999999981,1,4.758528
2776.4625,7.98820000000023,1,4.758528
2784.4556,7.99309999999969,1,4.748288
2793.4795,9.02390000000014,1,4.75648
2801.4611,7.98160000000007,1,4.770816
2809.4691,8.00799999999981,1,4.75648
2818.4762,9.00710000000026,1,4.757504
2826.5149,8.03870000000006,1,4.764672
2834.474,7.95910000000003,1,4.765696
2843.4717,8.9976999999999,1,4.76672
2851.4474,7.97569999999996,1,4.752384
2859.5914,8.14399999999978,1,4.75136
2868.4767,8.88530000000037,1,4.77184
2876.4851,8.00839999999971,1,4.75648
2884.4759,7.99080000000004,1,4.757504
2893.5475,9.07160000000022,1,4.911104
2901.4551,7.9076,1,4.764672
2909.482,8.02689999999984,1,4.754432
2918.5831,9.10109999999986,1,4.759552
2926.5581,7.97500000000036,1,4.759552
2934.53,7.97190000000001,1,4.770816
2943.4779,8.94789999999966,1,4.759552
2951.4267,7.94880000000012,1,4.759552
2959.5044,8.07769999999982,1,5.016576
2968.5178,9.01340000000027,1,4.764672
2976.5171,7.99929999999995,1,4.759552
2984.4953,7.97820000000002,1,4.762624
2993.501,9.00570000000016,1,4.759552
3001.4806,7.97959999999966,1,4.764672
3009.4759,7.99530000000004,1,4.752384
3018.484,9.00810000000001,1,4.755456
3026.6032,8.11920000000009,1,4.760576
3034.4895,7.88630000000012,1,4.768768
3043.4606,8.97109999999975,1,4.754432
3051.4963,8.03569999999991,1,4.765696
3059.6082,8.11190000000033,1,4.753408
3068.4962,8.88799999999992,1,4.774912
3076.4865,7.99029999999993,1,4.764672
3084.5015,8.01499999999987,1,4.75136
3093.6156,9.11410000000024,1,4.774912
3101.4943,7.87869999999975,1,4.767744
3109.475,7.98070000000007,1,4.749312
3118.4509,8.97589999999991,1,4.749312
3126.5103,8.0594000000001,1,4.7616
3134.5012,7.99090000000024,1,4.77184
3143.5408,9.03960000000006,1,4.75136
3151.4732,7.93239999999969,1,4.772864
3159.5234,8.05020000000013,1,4.749312
3168.4606,8.93719999999985,1,4.765696
3176.4812,8.02060000000029,1,4.767744
3184.4495,7.9683,1,4.757504
3193.5542,9.10469999999987,1,4.767744
3201.509,7.95479999999998,1,4.767744
3209.0181,7.50909999999976,1,4.777984
3217.4897,8.47160000000031,1,4.762624
3226.5403,9.05060000000003,1,4.760576
3234.5701,8.0297999999998,1,4.770816
3243.6027,9.0326,1,4.755456
3251.6523,8.04960000000028,1,4.75648
3259.6274,7.97509999999966,1,4.758528
3268.4926,8.86520000000019,1,4.76672
3276.4939,8.0012999999999,1,4.755456
3284.515,8.02109999999993,1,4.75136
3293.5187,9.00370000000021,1,4.757504
3301.5254,8.00669999999991,1,4.765696
3309.5046,7.97920000000022,1,4.76672
3318.5265,9.02189999999973,1,4.747264
3326.5256,7.9991,1,4.75136
3334.5005,7.97490000000016,1,4.755456
3343.4915,8.99099999999999,1,4.7616
3351.4943,8.00279999999975,1,4.764672
3359.5994,8.10510000000022,1,4.754432
3368.5311,8.93170000000009,1,4.774912
3376.4961,7.96499999999969,1,4.773888
3384.5187,8.02260000000024,1,4.75136
3393.5535,9.0347999999999,1,4.758528
3401.4814,7.92790000000014,1,4.773888
3409.5328,8.05139999999983,1,4.755456
3418.4901,8.95730000000003,1,4.773888
3426.5392,8.04910000000018,1,4.898816
3434.4842,7.94499999999971,1,4.757504
3443.501,9.01680000000033,1,4.752384
3451.4718,7.9707999999996,1,4.7616
3459.6643,8.19250000000011,1,4.759552
3468.5416,8.8773000000001,1,4.765696
3476.5059,7.96430000000009,1,4.762624
3484.5078,8.00189999999975,1,4.75136
3493.5681,9.0603000000001,1,4.77696
3501.4974,7.92930000000024,1,4.774912
3509.5981,8.10069999999996,1,4.76672
3518.5516,8.95349999999962,1,4.759552
3526.5414,7.98980000000029,1,4.759552
3534.5479,8.00649999999996,1,4.772864
3543.53,8.98210000000017,1,4.768768
3551.4663,7.93629999999985,1,4.765696
3559.5128,8.04649999999992,1,4.762624
3568.5187,9.00590000000011,1,4.762624
3576.4834,7.96469999999999,1,4.762624
3584.5486,8.0652,1,4.762624
3593.5509,9.0023000000001,1,4.774912
3601.5345,7.98360000000002,1,4.769792
3609.4869,7.95239999999967,1,4.753408
3618.4952,9.00829999999996,1,4.75648
3626.5059,8.01070000000027,1,4.762624
3634.552,8.04610000000002,1,4.75648
3643.4854,8.93339999999989,1,4.77696
3651.5182,8.03279999999995,1,4.753408
3659.5038,7.98559999999998,1,4.753408
3668.5113,9.00750000000016,1,4.76672
3676.4861,7.97479999999996,1,4.755456
3684.4937,8.00759999999991,1,4.762624
3693.6137,9.11999999999989,1,4.763648
3701.5216,7.90790000000015,1,4.77696
3709.5372,8.01560000000018,1,4.764672
3718.4783,8.94110000000001,1,4.763648
3726.5324,8.05409999999983,1,4.757504
3734.4821,7.94970000000012,1,4.763648
3743.4388,8.95669999999973,1,4.75648
3751.4713,8.03250000000025,1,4.758528
3759.5498,8.07849999999962,1,4.754432
3768.4971,8.94730000000027,1,4.768768
3776.4884,7.99130000000014,1,4.765696
3784.472,7.98360000000002,1,4.76672
3793.5466,9.07459999999992,1,4.909056
3801.1284,7.58179999999993,1,4.758528
3810.0457,8.91730000000007,1,4.753408
3818.0031,7.95739999999978,1,4.762624
3826.0301,8.02700000000004,1,4.759552
3834.9617,8.93159999999989,1,4.764672
3842.9824,8.02070000000003,1,4.754432
3852.0019,9.01950000000033,1,4.755456
3860.0314,8.02949999999964,1,4.765696
3868.1876,8.15620000000035,1,4.770816
3876.0395,7.85189999999966,1,4.750336
3885.007,8.9675000000002,1,4.768768
3893.0104,8.00340000000006,1,4.758528
3900.4293,7.41889999999967,1,4.764672
3909.5618,9.13250000000016,1,4.760576
3918.4974,8.93560000000025,1,4.762624
3926.5036,8.00619999999981,1,4.768768
3934.4732,7.9695999999999,1,4.765696
3943.4468,8.97360000000026,1,4.757504
3951.4484,8.00160000000005,1,4.753408
3959.435,7.98659999999973,1,4.753408
3968.4592,9.02419999999984,1,4.775936
3976.4025,7.94330000000036,1,4.773888
3984.5514,8.14889999999968,1,4.747264
3993.521,8.96960000000036,1,4.752384
4001.4511,7.93010000000004,1,4.76672
4009.4852,8.03409999999985,1,4.763648
4018.3977,8.91249999999991,1,4.754432
4026.5172,8.11949999999979,1,4.757504
4034.4141,7.89690000000019,1,4.755456
4043.4368,9.02269999999999,1,4.757504
4051.3965,7.95969999999988,1,4.759552
4059.4968,8.10030000000006,1,5.010432
4068.4729,8.97610000000032,1,4.758528
4076.4299,7.95699999999988,1,4.763648
4084.3926,7.96270000000004,1,4.749312
4093.4997,9.10709999999972,1,4.743168
4101.3662,7.86650000000054,1,4.774912
4109.4352,8.06899999999951,1,4.75648
4118.392,8.95679999999993,1,4.762624
4126.456,8.06400000000031,1,4.755456
4134.4131,7.95709999999963,1,4.764672
4143.4618,9.04870000000028,1,4.77184
4151.393,7.93119999999999,1,4.759552
4159.5153,8.1223,1,4.75136
4168.4576,8.9422999999997,1,4.767744
4176.3988,7.94120000000021,1,4.765696
4184.46,8.0612000000001,1,4.7616
4193.4559,8.99589999999989,1,4.8896
4201.5931,8.13720000000012,1,4.767744
4208.9339,7.34079999999994,1,4.77184
4217.9322,8.9983000000002,1,4.767744
4226.4594,8.52719999999954,1,4.768768
4234.4883,8.02890000000025,1,4.769792
4243.4209,8.93260000000009,1,4.7616
4251.4663,8.04539999999997,1,4.75648
4259.5296,8.0632999999998,1,4.755456
4268.4494,8.91980000000058,1,4.7616
4276.4239,7.97449999999935,1,4.759552
4284.4291,8.00520000000051,1,4.758528
4293.4576,9.02849999999944,1,4.912128
4301.4776,8.02000000000044,1,4.765696
4309.4998,8.02219999999943,1,4.767744
4318.4852,8.98540000000048,1,5.039104
4326.4369,7.95169999999962,1,4.758528
4334.4288,7.99189999999999,1,4.770816
4343.4369,9.00810000000001,1,4.763648
4351.4104,7.97350000000006,1,4.75648
4359.5239,8.11350000000039,1,4.753408
4368.4637,8.9398000000001,1,4.770816
4376.438,7.97429999999986,1,4.77696
4384.4435,8.00550000000021,1,4.758528
4393.5246,9.08109999999942,1,4.750336
4401.4303,7.90570000000025,1,4.767744
4409.4322,8.00190000000021,1,4.75648
4418.5612,9.12899999999991,1,4.75136
4426.5079,7.94669999999951,1,4.752384
4434.5906,8.08270000000084,1,4.769792
4443.4704,8.8797999999997,1,4.762624
4451.4005,7.93009999999958,1,4.759552
4459.4532,8.05270000000019,1,5.009408
4468.4472,8.99399999999969,1,4.76672
4476.4249,7.97770000000037,1,4.75136
4484.4325,8.00759999999991,1,4.754432
4493.461,9.02850000000035,1,4.768768
4501.4842,8.02319999999963,1,4.769792
4509.5574,8.07319999999982,1,4.759552
4518.4692,8.91179999999986,1,4.773888
4526.4588,7.98960000000079,1,4.759552
4534.491,8.03219999999965,1,4.758528
4543.4604,8.96939999999995,1,4.7616
4551.4665,8.00610000000052,1,4.75648
4559.468,8.0014999999994,1,4.753408
4568.4703,9.0023000000001,1,4.768768
4576.417,7.94670000000042,1,4.763648
4584.446,8.02899999999954,1,4.758528
4593.5563,9.11030000000028,1,4.755456
4601.4769,7.92059999999947,1,4.763648
4609.5027,8.02580000000034,1,4.768768
4618.4309,8.92820000000029,1,4.749312
4626.4289,7.99799999999959,1,4.754432
4634.4389,8.01000000000022,1,4.758528
4643.4392,9.0002999999997,1,4.750336
4651.4319,7.99269999999979,1,4.763648
4659.4821,8.05020000000059,1,4.753408
4668.4252,8.9430999999995,1,4.767744
4676.4383,8.01310000000012,1,4.752384
4684.419,7.98070000000007,1,4.75648
4693.514,9.09500000000025,1,4.743168
4701.4359,7.92190000000028,1,4.773888
4709.489,8.05309999999918,1,4.754432
4718.4352,8.94620000000032,1,4.772864
4726.484,8.04880000000048,1,4.755456
4734.4207,7.93669999999929,1,4.769792
4743.424,9.00330000000031,1,4.763648
4751.4041,7.98009999999977,1,4.760576
4759.558,8.15390000000025,1,4.768768
4768.4686,8.91060000000016,1,4.759552
4776.4231,7.95449999999983,1,4.753408
4784.5007,8.07759999999962,1,4.7616
4793.4544,8.95370000000003,1,4.88448
4801.448,7.9936000000007,1,4.7616
4809.4145,7.96649999999954,1,4.76672
4818.4009,8.98639999999978,1,4.75648
4826.4812,8.08030000000053,1,4.749312
4834.3795,7.89829999999984,1,4.77696
4843.4169,9.03740000000016,1,4.763648
4851.4339,8.01699999999983,1,4.765696
4859.4522,8.01829999999973,1,4.758528
4868.5899,9.13770000000022,1,4.769792
4876.4515,7.86160000000018,1,4.77184
4884.476,8.02449999999953,1,4.757504
4893.454,8.97800000000007,1,4.753408
4901.4388,7.98480000000018,1,4.77184
4909.4221,7.98329999999987,1,4.7616
4918.4332,9.01110000000062,1,4.754432
4926.4566,8.02340000000004,1,4.760576
4934.4992,8.04259999999977,1,4.765696
4943.5577,9.05850000000009,1,4.77696
4951.4373,7.8795999999993,1,4.762624
4959.4788,8.04150000000027,1,4.760576
4968.4377,8.95890000000054,1,4.76672
4976.4507,8.01299999999992,1,4.7616
4984.4458,7.99510000000009,1,4.763648
4993.5309,9.08509999999933,1,4.75136
5001.4382,7.90729999999985,1,4.772864
5009.5954,8.15720000000056,1,4.763648
5018.4274,8.83199999999943,1,4.759552
5026.4808,8.05340000000069,1,4.764672
5034.4228,7.94200000000001,1,4.7616
5043.4854,9.06259999999929,1,4.75648
5051.4263,7.94090000000051,1,4.763648
5059.4784,8.05209999999988,1,4.760576
5068.4402,8.96180000000004,1,4.767744
5076.4343,7.99409999999989,1,4.773888
5084.4114,7.97710000000006,1,4.765696
5093.482,9.07060000000001,1,4.763648
5101.5176,8.03560000000016,1,4.763648
5109.4643,7.94669999999951,1,4.759552
5118.4456,8.98130000000037,1,4.754432
5126.4619,8.01630000000023,1,4.760576
5134.4633,8.0014000000001,1,4.769792
5143.4173,8.95399999999972,1,4.765696
5151.4627,8.04539999999997,1,4.763648
5159.4529,7.99020000000019,1,4.758528
5168.4658,9.01289999999972,1,4.769792
5176.4956,8.02980000000025,1,4.7616
5184.4172,7.92159999999967,1,4.77184
5193.4739,9.05670000000009,1,4.762624
5201.4363,7.96240000000034,1,4.77184
5208.9689,7.53259999999955,1,4.758528
5218.4647,9.4958000000006,1,4.764672
5226.5135,8.04879999999957,1,4.753408
5234.4449,7.93140000000039,1,4.760576
5243.4828,9.03789999999935,1,4.75648
5251.4338,7.95100000000002,1,4.760576
5259.5894,8.15560000000005,1,4.762624
5268.56,8.97060000000056,1,4.768768
5276.5749,8.01489999999922,1,4.765696
5284.4764,7.90149999999994,1,4.763648
5293.5052,9.02880000000005,1,4.753408
5301.4423,7.9371000000001,1,4.765696
5309.514,8.07170000000042,1,4.759552
5318.5067,8.99269999999979,1,4.757504
5326.5481,8.04140000000007,1,4.74624
5334.5271,7.97900000000027,1,4.773888
5343.4516,8.92450000000008,1,4.767744
5351.4526,8.00099999999929,1,4.76672
5359.4735,8.02090000000044,1,5.016576
5368.4102,8.9367000000002,1,4.754432
5376.4687,8.05850000000009,1,4.75136
5384.4598,7.99109999999928,1,4.767744
5393.4931,9.03330000000005,1,4.758528
5401.5055,8.01240000000053,1,4.768768
5409.5575,8.05199999999968,1,4.759552
5418.467,8.90949999999975,1,4.754432
5426.4771,8.01010000000042,1,4.758528
5434.5168,8.03970000000027,1,4.757504
5443.473,8.95619999999963,1,4.773888
5451.4911,8.01810000000023,1,4.762624
5459.4725,7.98139999999967,1,4.750336
5468.4541,8.98160000000007,1,4.768768
5476.5006,8.04650000000038,1,4.764672
5484.4418,7.9411999999993,1,4.758528
5493.516,9.07420000000002,1,4.763648
5501.4673,7.95130000000063,1,4.773888
5509.5843,8.11700000000019,1,4.757504
5518.567,8.98269999999957,1,4.753408
5526.5165,7.94949999999972,1,4.77184
5534.4645,7.94800000000032,1,4.7616
5543.5322,9.0676999999996,1,4.757504
5551.458,7.92579999999998,1,4.774912
5559.5044,8.04640000000018,1,4.762624
5568.4744,8.97000000000025,1,4.770816
5576.4494,7.97500000000036,1,4.762624
5584.4299,7.98049999999967,1,4.763648
5593.5345,9.10459999999966,1,4.76672
5601.4549,7.92039999999997,1,4.772864
5609.6178,8.16290000000026,1,4.75136
5618.5194,8.90160000000014,1,4.767744
5626.4751,7.95569999999952,1,4.755456
5634.5496,8.07450000000063,1,4.765696
5643.4431,8.89350000000013,1,4.752384
5651.4927,8.04959999999937,1,4.7616
5659.4865,7.99380000000019,1,4.758528
5668.4821,8.99560000000019,1,4.767744
5676.6053,8.1232,1,4.759552
5684.5647,7.95939999999973,1,5.123072
5693.5502,8.98549999999977,1,4.759552
5701.5184,7.96820000000025,1,4.76672
5709.459,7.9405999999999,1,4.765696
5718.5892,9.13020000000051,1,4.774912
5726.51,7.92079999999987,1,4.773888
5734.4706,7.96059999999943,1,4.77184
5743.4949,9.02430000000004,1,4.762624
5751.4854,7.99049999999988,1,4.765696
5759.5009,8.01550000000043,1,4.7616
5768.508,9.00709999999981,1,4.772864
5776.4917,7.98369999999977,1,4.780032
5784.5432,8.05150000000049,1,4.770816
5793.5593,9.01609999999982,1,4.784128
5801.5032,7.94390000000021,1,4.773888
5809.5596,8.05639999999948,1,4.773888
5818.4676,8.90800000000036,1,4.76672
5826.5033,8.03570000000036,1,4.754432
5834.44,7.93669999999929,1,4.773888
5843.4646,9.02460000000065,1,4.76672
5851.4432,7.97859999999946,1,4.77184
5859.4567,8.01350000000002,1,4.763648
5868.49,9.03330000000005,1,4.762624
5876.5226,8.03260000000046,1,4.77696
5884.4801,7.95749999999953,1,4.764672
5893.5329,9.05280000000039,1,4.75648
5901.4928,7.95989999999983,1,4.767744
5909.5679,8.07510000000002,1,4.763648
5918.4871,8.91920000000027,1,4.784128
5926.5475,8.06039999999939,1,4.767744
5934.5427,7.9952000000003,1,4.781056
5943.5052,8.96249999999964,1,4.785152
5951.4981,7.99290000000019,1,4.767744
5959.5256,8.02750000000015,1,4.773888
5968.4757,8.95010000000002,1,4.779008
5976.4763,8.0006000000003,1,4.763648
5984.4339,7.95759999999973,1,4.772864
5993.5735,9.13960000000043,1,4.760576
6001.571,7.99749999999949,1,4.789248
6009.5606,7.98959999999988,1,4.760576
6018.4676,8.90700000000015,1,4.770816
6026.4772,8.00960000000032,1,4.760576
6034.4928,8.01559999999972,1,4.759552
6043.4435,8.95070000000032,1,4.779008
6051.5037,8.0601999999999,1,4.76672
6059.5044,8.0006999999996,1,4.77184
6068.4918,8.98739999999998,1,4.774912
6076.4781,7.98630000000048,1,4.758528
6084.4638,7.98570000000018,1,4.754432
6093.4731,9.00929999999971,1,4.770816
6101.5441,8.07099999999991,1,4.785152
6109.4642,7.92010000000028,1,4.767744
6118.5239,9.05969999999979,1,4.770816
6126.468,7.94409999999971,1,4.779008
6134.5334,8.06540000000041,1,4.765696
6143.5046,8.97119999999995,1,4.775936
6151.4473,7.9426999999996,1,4.768768
6159.5795,8.13220000000001,1,4.763648
6168.4622,8.88270000000011,1,4.770816
6176.4682,8.00600000000031,1,4.772864
6184.4447,7.97649999999976,1,4.7872
6193.5288,9.08410000000003,1,4.791296
6201.4863,7.95749999999953,1,4.791296
6209.0084,7.52210000000014,1,4.796416
6217.5136,8.50520000000051,1,4.791264
6226.5438,9.03020000000015,1,4.795392
6234.4829,7.9390999999996,1,4.783104
6243.4792,8.99629999999979,1,4.784128
6251.4684,7.98919999999998,1,4.77696
6259.5782,8.10980000000018,1,4.779008
6268.674,9.09580000000005,1,4.801536
6276.4971,7.82309999999961,1,4.790272
6284.5292,8.03210000000036,1,4.78208
6293.5068,8.97760000000017,1,4.772864
6301.4469,7.9400999999998,1,4.795392
6309.4617,8.01479999999992,1,4.7872
6318.5976,9.13590000000022,1,4.789248
6326.5368,7.9391999999998,1,4.788224
6334.4974,7.96060000000034,1,4.78208
6343.4706,8.97319999999945,1,4.789248
6351.4973,8.02670000000035,1,4.777984
6359.5218,8.02450000000044,1,4.774912
6368.4775,8.95569999999952,1,4.789248
6376.5434,8.0658999999996,1,4.780032
6384.497,7.95360000000073,1,4.785152
6393.5294,9.03240000000005,1,4.7872
6401.4635,7.93409999999949,1,4.796416
6409.5366,8.07310000000052,1,4.779008
6418.4975,8.96090000000004,1,4.775936
6426.5229,8.02539999999954,1,4.775936
6434.476,7.95309999999972,1,4.77696
6443.5336,9.05760000000009,1,4.78208
6451.4857,7.95210000000043,1,4.786176
6459.5424,8.05670000000009,1,4.777984
6468.4769,8.93449999999939,1,4.788224
6476.4829,8.00600000000031,1,4.784128
6484.4521,7.96920000000046,1,4.774912
6493.5269,9.07479999999941,1,4.777984
6501.495,7.96810000000005,1,4.801536
6509.5892,8.09420000000046,1,4.795392
6518.5597,8.97049999999945,1,4.79232
6526.509,7.94930000000022,1,4.783104
6534.5693,8.0603000000001,1,4.772864
6543.4746,8.90529999999944,1,4.788224
6551.5633,8.08870000000024,1,4.780032
6559.5278,7.96450000000004,1,4.788224
6568.5219,8.99409999999989,1,4.79232
6576.4715,7.94959999999992,1,4.775936
6584.4634,7.99189999999999,1,4.781056
6593.4916,9.02820000000065,1,4.773888
6601.4948,8.00320000000011,1,4.794368
6609.499,8.0041999999994,1,4.779008
6618.4961,8.9971000000005,1,4.799488
6626.5077,8.01159999999982,1,4.777984
6634.5339,8.02620000000024,1,4.773888
6643.4761,8.9421999999995,1,4.785152
6651.5469,8.07080000000042,1,4.78208
6659.5325,7.98559999999998,1,4.781056
6668.5422,9.00969999999961,1,4.800512
6676.569,8.02680000000055,1,4.78208
6684.5714,8.0023999999994,1,4.786176
6693.6991,9.1277,1,4.801536
6701.4944,7.79529999999977,1,4.794368
6709.573,8.07860000000073,1,4.7872
6718.505,8.93199999999979,1,4.77696
6726.5222,8.01720000000023,1,4.781056
6734.4829,7.96069999999963,1,4.777984
6743.4643,8.98139999999967,1,4.784128
6751.4703,8.00600000000031,1,4.793344
6759.5305,8.0601999999999,1,4.785152
6768.4805,8.94999999999982,1,4.799488
6776.5092,8.02870000000075,1,4.790272
6784.4751,7.96589999999924,1,4.786176
6793.5457,9.07060000000001,1,4.77696
6801.4741,7.92840000000069,1,4.79232
6809.4678,7.99369999999999,1,4.799488
6818.4884,9.02059999999983,1,4.784128
6826.5383,8.04989999999998,1,4.779008
6834.4681,7.92979999999989,1,4.79744
6843.4769,9.00879999999961,1,4.783104
6851.453,7.97610000000077,1,4.793344
6859.5286,8.07559999999921,1,4.781056
6868.4637,8.9351000000006,1,4.795392
6876.4689,8.0051999999996,1,4.789248
6884.4732,8.00430000000051,1,4.785152
6893.5845,9.11129999999957,1,4.79744
6901.6418,8.0573000000004,1,4.784128
6909.4642,7.82240000000002,1,4.772864
6918.427,8.96279999999933,1,4.780032
6926.4963,8.06930000000011,1,5.039104
6934.4774,7.98109999999997,1,4.784128
6943.4988,9.02140000000054,1,4.786176
6951.4902,7.99139999999989,1,4.785152
6959.4984,8.00820000000022,1,4.786176
6968.5081,9.00969999999961,1,4.7872
6976.4694,7.96129999999994,1,4.785152
6984.4689,7.9994999999999,1,4.7872
6993.4855,9.01659999999993,1,4.780032
7001.5381,8.05259999999998,1,4.790272
7009.4982,7.96010000000024,1,4.775936
7018.5011,9.00290000000041,1,4.781056
7026.5025,8.00139999999919,1,4.781056
7034.481,7.97850000000017,1,4.790272
7043.4681,8.98710000000028,1,4.77696
7051.491,8.02289999999994,1,4.788224
7059.5774,8.08640000000014,1,4.7872
7068.5137,8.9363000000003,1,4.788224
7076.4436,7.92989999999918,1,4.793344
7084.4637,8.02010000000064,1,4.786176
7093.5673,9.10359999999946,1,4.7872
7101.5092,7.94190000000071,1,4.794368
7109.4986,7.98939999999948,1,4.783104
7118.4816,8.98300000000017,1,4.775936
7126.5103,8.02869999999984,1,4.7872
7134.4902,7.97990000000027,1,4.791296
7143.4893,8.9991,1,4.7872
7151.4678,7.97850000000017,1,4.789248
7159.5954,8.1275999999998,1,4.783104
7168.4885,8.89310000000023,1,4.789248
7176.4956,8.00709999999981,1,4.784128
7184.4767,7.98109999999997,1,4.7872
7193.5974,9.12069999999949,1,4.916224
7201.4915,7.89410000000044,1,4.786176
7208.9997,7.50820000000022,1,4.795392
7217.4874,8.48769999999968,1,4.779008
7226.5923,9.10490000000027,1,4.780032
7234.5835,7.99119999999948,1,4.79744
7243.524,8.94050000000061,1,4.783104
7251.4907,7.96669999999995,1,4.784128
7259.5579,8.0671999999995,1,5.030912
7268.5216,8.96370000000024,1,4.78208
7276.4996,7.97800000000007,1,4.79232
7284.5048,8.0051999999996,1,4.788224
7293.6168,9.11200000000008,1,4.780032
7301.6664,8.04960000000028,1,4.785152
7309.5241,7.85769999999957,1,4.779008
7318.5482,9.02410000000054,1,4.783104
7326.5315,7.98329999999987,1,4.775936
7334.5812,8.04969999999958,1,4.772864
7343.4976,8.91640000000007,1,4.793344
7351.5154,8.01780000000053,1,4.783104
7359.5123,7.9969000000001,1,4.78208
7368.5597,9.04739999999947,1,4.789248
7376.4934,7.9337000000005,1,4.783104
7384.5067,8.01329999999962,1,4.785152
7393.5041,8.9974000000002,1,4.781056
7401.5801,8.07600000000002,1,4.793344
7409.5925,8.01239999999962,1,4.799488
7418.5219,8.92939999999999,1,4.779008
7426.5475,8.02559999999994,1,4.784128
7434.491,7.94350000000031,1,4.789248
7443.5128,9.02180000000044,1,4.780032
7451.5093,7.99649999999929,1,4.801536
7459.5041,7.9948000000004,1,4.781056
7468.496,8.99189999999999,1,4.79232
7476.5032,8.00720000000001,1,4.78208
7484.482,7.97879999999986,1,4.78208
7493.578,9.09600000000046,1,4.7872
7501.5041,7.92609999999968,1,4.791296
7509.5754,8.07129999999961,1,4.784128
7518.6049,9.02950000000055,1,4.775936
7526.5468,7.94189999999981,1,4.795392
7534.4867,7.93990000000031,1,4.7872
7543.5012,9.01449999999932,1,4.793344
7551.4712,7.97000000000025,1,4.793344
7559.6297,8.15850000000046,1,4.767744
7568.5202,8.89049999999952,1,4.794368
7576.5173,7.9971000000005,1,4.7872
7584.4856,7.96829999999954,1,4.784128
7593.5416,9.05599999999959,1,4.7872
7601.5288,7.98720000000048,1,4.791296
7609.5669,8.03809999999976,1,4.78208
7618.5001,8.9332000000004,1,4.79232
7626.535,8.03489999999965,1,4.788224
7634.5615,8.02649999999994,1,4.7872
7643.4934,8.9319000000005,1,4.77696
7651.4875,7.99409999999989,1,4.788224
7659.5226,8.03510000000006,1,4.783104
7668.5543,9.03169999999955,1,4.79232
7676.5115,7.95719999999983,1,4.801536
7684.4927,7.98120000000017,1,4.7872
7693.5342,9.04150000000027,1,4.79232
7701.5162,7.98199999999997,1,4.803584
7709.4757,7.95949999999993,1,4.7872
7718.4913,9.01559999999972,1,4.788224
7726.5007,8.00939999999991,1,4.78208
7734.5503,8.04960000000028,1,4.79232
7743.4907,8.94040000000041,1,4.795392
7751.4855,7.99479999999949,1,4.791296
7759.5128,8.02730000000065,1,4.781056
7768.4873,8.97449999999935,1,4.80256
7776.4937,8.00640000000021,1,4.775936
7784.4918,7.99809999999979,1,4.791296
7793.5462,9.05439999999999,1,4.7872
7801.4865,7.94030000000021,1,4.799488
7809.4844,7.9979000000003,1,4.783104
7818.4966,9.01220000000012,1,4.788224
7826.5522,8.05559999999969,1,4.784128
7834.493,7.94080000000031,1,4.790272
7843.4093,8.91629999999986,1,4.783104
7851.1647,7.75540000000001,1,4.767744
7860.5029,9.33820000000014,1,4.784128
7868.4818,7.97889999999916,1,4.794368
7876.433,7.95120000000043,1,4.77696
7884.7355,8.30249999999978,1,4.779008
7892.5613,7.82580000000053,1,4.777984
7901.5375,8.97620000000006,1,4.780032
7909.8161,8.27859999999964,1,4.767744
7917.3066,7.49049999999988,1,4.773888
7926.224,8.91740000000027,1,4.368384
7934.8053,8.58129999999983,1,4.789248
7942.5149,7.70960000000014,1,4.78208
7952.1187,9.60379999999986,1,4.767744
7959.5423,7.42360000000008,1,4.796416
7968.1084,8.56610000000001,1,4.7872
7975.5565,7.44809999999961,1,4.791296
7984.1735,8.61700000000019,1,4.791296
7993.2512,9.07769999999982,1,4.781056
8000.6955,7.44430000000011,1,4.781056
8009.8187,9.1232,1,4.786176
8017.6828,7.86409999999978,1,4.790272
8026.6611,8.97830000000067,1,4.775936
8034.0044,7.34329999999954,1,4.799488
8043.0335,9.02909999999974,1,4.789248
8050.984,7.95050000000083,1,4.791296
8060.0738,9.08979999999974,1,4.79232
8068.0204,7.94660000000022,1,4.799488
8076.0521,8.03169999999955,1,4.784128
8084.9879,8.9358000000002,1,4.780032
8093.0377,8.04979999999978,1,4.78208
8100.9516,7.91390000000047,1,4.799488
8110.0219,9.07029999999941,1,4.785152
8117.9792,7.95730000000003,1,4.785152
8127.1005,9.12129999999979,1,4.779008
8135.4086,8.30810000000019,1,4.804608
8142.9959,7.58730000000014,1,4.786176
8152.0019,9.00600000000031,1,4.793344
8160.0177,8.01580000000013,1,4.777984
8168.0605,8.04279999999926,1,4.77696
8175.9881,7.92759999999998,1,4.79232
8184.9534,8.96530000000075,1,4.789248
8193.0523,8.09889999999905,1,4.777984
8200.9945,7.94220000000132,1,4.79232
8209.5,8.5054999999993,1,4.777984
8218.5036,9.00360000000001,1,4.788224
8226.0501,7.54650000000038,1,4.781056
8235.0636,9.01349999999911,1,4.789248
8243.0119,7.94830000000002,1,4.789248
8251.0329,8.02100000000064,1,4.785152
8260.0686,9.03570000000036,1,4.786176
8268.0156,7.94700000000012,1,4.795392
8276.0049,7.98929999999928,1,4.785152
8285.1012,9.09629999999925,1,4.784128
8293.1802,8.07900000000154,1,4.788224
8301.0613,7.8810999999987,1,4.788224
8310.0159,8.95460000000094,1,4.779008
8318.0233,8.00740000000042,1,4.78208
8326.0186,7.99529999999868,1,4.78208
8335.0063,8.98769999999968,1,4.795392
8343.0915,8.08520000000135,1,4.783104
8351.0141,7.92259999999987,1,4.784128
8360.0811,9.0669999999991,1,4.7872
8368.0164,7.93530000000101,1,4.800512
8376.029,8.01260000000002,1,4.791296
8385.0183,8.98929999999928,1,4.790272
8393.0591,8.04080000000067,1,4.781056
8401.0001,7.94099999999889,1,4.795392
8410.0991,9.09900000000016,1,4.775936
8418.0457,7.94660000000113,1,4.804608
8426.0535,8.00779999999941,1,4.789248
8435.0266,8.97309999999925,1,4.79744
8443.2436,8.21700000000055,1,4.777984
8451.0901,7.84649999999965,1,4.788224
8460.0677,8.97760000000017,1,4.781056
8468.052,7.98430000000008,1,4.799488
8476.0128,7.96080000000075,1,4.796416
8485.0415,9.02869999999893,1,4.781056
8493.0433,8.0018,1,4.78208
8501.067,8.02369999999974,1,4.790272
8510.0564,8.98940000000039,1,4.790272
8518.1812,8.12480000000141,1,4.77184
8526.0772,7.89599999999882,1,4.789248
8535.0253,8.94809999999961,1,4.789248
8542.9983,7.97299999999996,1,4.77696
8552.0364,9.03810000000158,1,4.785152
8560.0395,8.0030999999999,1,4.783104
8568.1397,8.10019999999895,1,4.784128
8576.0158,7.8760999999995,1,4.779008
8585.0395,9.02370000000155,1,4.78208
8593.098,8.05849999999919,1,4.77184
8601.067,7.96899999999914,1,4.769792
8610.002,8.93500000000131,1,4.764672
8618.0042,8.00219999999899,1,4.763648
8626.0483,8.04410000000098,1,4.754432
8635.0442,8.99589999999989,1,4.75136
8643.0341,7.98990000000049,1,4.737024
8650.9986,7.96450000000004,1,4.742144
8660.0512,9.05259999999907,1,4.736
8668.0066,7.95540000000074,1,4.74112
8676.0878,8.08119999999872,1,4.729856
8685.0209,8.93310000000019,1,4.72576
8693.1189,8.09799999999996,1,4.840448
8701.0191,7.90020000000004,1,4.724736
8710.0342,9.01510000000053,1,4.714496
8717.9949,7.96069999999963,1,4.704256
8727.0547,9.05980000000091,1,4.703232
8735.1581,8.10339999999997,1,4.707328
8743.0492,7.89109999999891,1,4.69504
8751.0971,8.04790000000139,1,4.6848
8760.0654,8.96829999999864,1,4.681728
8768.0298,7.96440000000075,1,4.68992
8776.0016,7.97179999999935,1,4.676608
8785.0131,9.01150000000052,1,4.666368
8793.0937,8.08059999999932,1,4.655104
8801.0013,7.90760000000046,1,4.647936
8810.0107,9.00940000000082,1,4.645888
8818.0271,8.01639999999861,1,4.6336
8826.063,8.03590000000077,1,4.780032
8835.0237,8.96069999999963,1,4.626432
8842.9978,7.97409999999945,1,4.622336
8852.0268,9.02900000000045,1,4.606976
8860.0406,8.01380000000063,1,4.62336
8868.0434,8.00280000000021,1,4.61824
8876.0088,7.96539999999914,1,4.609024
8885.0312,9.02239999999983,1,4.606976
8893.0318,8.00060000000121,1,4.595712
8901.1027,8.0708999999988,1,4.614144
8909.9832,8.88050000000112,1,4.588544
8918.0022,8.01900000000023,1,4.593664
8926.0976,8.09539999999834,1,4.585472
8935.144,9.04640000000109,1,4.583424
8943.1643,8.02030000000013,1,4.562944
8951.1135,7.94919999999911,1,4.568064
8960.1738,9.06030000000101,1,4.584448
8968.0717,7.89789999999994,1,4.57216
8976.1699,8.09820000000036,1,4.575232
8985.1869,9.01699999999983,1,4.576256
8993.1665,7.97959999999875,1,4.571136
9001.1204,7.95390000000043,1,4.573184
9010.1758,9.0554000000011,1,4.573184
9018.0664,7.89059999999881,1,4.569088
9026.1524,8.08600000000115,1,4.566016
9035.28,9.1275999999998,1,4.586496
9043.1329,7.85289999999986,1,4.578304
9051.3761,8.24319999999898,1,4.57728
9059.1227,7.7466000000004,1,4.722688
9068.1679,9.04520000000048,1,4.562944
9076.177,8.00909999999931,1,4.580352
9085.1392,8.96219999999994,1,4.568064
9093.1423,8.0030999999999,1,4.585472
9101.2897,8.14739999999983,1,4.596736
9110.1173,8.82760000000053,1,4.59264
9118.0852,7.96789999999964,1,4.600832
9126.0877,8.00250000000051,1,4.612096
9135.0636,8.97589999999946,1,4.622336
9143.0169,7.95330000000104,1,4.609024
9151.0288,8.01189999999951,1,4.616192
9160.0263,8.99749999999949,1,4.609024
9168.02,7.9937000000009,1,4.621312
9175.995,7.97500000000036,1,4.615168
9185.063,9.0679999999993,1,4.632576
9193.1432,8.08020000000033,1,4.636672
9201.0496,7.90639999999985,1,4.646912
9209.56,8.51039999999921,1,4.649984
9219.212,9.65200000000004,1,4.651008
9226.1364,6.92439999999988,1,4.680704
9235.1634,9.02700000000004,1,4.667392
9243.1369,7.97350000000006,1,4.667392
9251.1056,7.96870000000126,1,4.675584
9260.1739,9.068299999999,1,4.814848
9268.0817,7.90780000000086,1,4.683776
9276.1713,8.08959999999934,1,4.697088
9285.1529,8.98159999999916,1,4.699136
9293.2154,8.0625,1,4.697088
9301.1321,7.91670000000158,1,4.712448
9310.1743,9.04219999999987,1,4.711424
9318.2121,8.03780000000006,1,4.706304
9326.2144,8.0023000000001,1,4.718592
9335.2763,9.06189999999879,1,4.721664
9343.1168,7.84050000000025,1,4.724736
9351.4537,8.33690000000024,1,4.728832
9359.1847,7.73099999999977,1,4.733952
9368.1605,8.97580000000016,1,4.752384
9376.1767,8.01620000000003,1,4.740096
9385.1873,9.01059999999961,1,4.757504
9393.1296,7.94230000000061,1,5.014528
9401.2823,8.15270000000055,1,4.755456
9410.1653,8.88299999999981,1,4.770816
9418.2134,8.04809999999998,1,4.772864
9426.2562,8.04279999999926,1,4.773888
9435.1645,8.90830000000096,1,4.779008
9443.1347,7.97019999999975,1,4.784128
9451.1906,8.05589999999938,1,4.777984
9460.203,9.01239999999962,1,4.785152
9468.168,7.96500000000015,1,4.784128
9476.1578,7.9898000000012,1,4.781056
9485.1643,9.00649999999951,1,4.774912
9493.4634,8.29910000000018,1,4.785152
9501.175,7.71159999999873,1,4.786176
9510.1724,8.9974000000002,1,4.783104
9518.2086,8.03620000000046,1,4.796416
9526.1892,7.98060000000078,1,4.791296
9535.1637,8.97449999999844,1,4.781056
9543.1675,8.00380000000041,1,4.7872
9551.1274,7.95989999999983,1,4.773888
9560.1953,9.06790000000001,1,4.783104
9568.2402,8.04490000000078,1,4.78208
9576.1913,7.95110000000022,1,4.77184
9585.1888,8.99749999999949,1,4.791296
9593.2028,8.01399999999921,1,4.79744
9601.2375,8.03470000000016,1,4.790272
9610.1336,8.89609999999993,1,4.772864
9618.2392,8.10560000000078,1,4.788224
9626.1856,7.94640000000072,1,4.768768
9635.4408,9.2551999999996,1,4.79744
9643.168,7.72719999999936,1,4.783104
9651.2874,8.11939999999959,1,4.770816
9660.1593,8.8719000000001,1,4.917248
9668.1706,8.01130000000012,1,4.784128
9676.2445,8.07390000000123,1,4.773888
9685.1819,8.93739999999889,1,4.785152
9693.2507,8.06880000000092,1,4.798464
9701.1845,7.93379999999888,1,4.795392
9710.1189,8.9344000000001,1,4.790272
9718.2044,8.08550000000105,1,4.78208
9726.2218,8.01739999999882,1,4.791296
9735.1515,8.92970000000059,1,4.785152
9743.165,8.01350000000093,1,4.788224
9751.1823,8.01729999999952,1,4.799488
9760.2121,9.02980000000025,1,4.786176
9768.0966,7.88450000000012,1,4.800512
9776.0377,7.94110000000001,1,4.801536
9785.1105,9.07279999999992,1,4.79232
9793.1353,8.02479999999923,1,4.79232
9801.1446,8.00929999999971,1,4.806656
9810.1108,8.96620000000075,1,4.79232
9818.0664,7.95559999999932,1,4.796416
9826.1017,8.03529999999955,1,4.79232
9835.0367,8.93500000000131,1,4.793344
9843.0521,8.01540000000023,1,4.785152
9851.0715,8.01939999999922,1,4.794368
9860.126,9.05450000000019,1,4.79744
9868.0761,7.95010000000002,1,4.796416
9876.0765,8.00039999999899,1,4.804608
9885.0475,8.97100000000137,1,4.7872
9893.1773,8.1297999999988,1,4.790272
9901.0756,7.89830000000075,1,4.795392
9910.191,9.11540000000059,1,4.785152
9918.1826,7.99159999999938,1,4.803584
9926.1537,7.97110000000066,1,4.79232
9935.0985,8.9447999999993,1,4.780032
9943.0716,7.97309999999925,1,4.803584
9951.0776,8.00600000000122,1,4.791296
9960.0791,9.00150000000031,1,4.795392
9968.0604,7.98129999999946,1,4.799488
9976.0828,8.02239999999983,1,4.79744
9985.1102,9.02739999999903,1,4.799488
9993.0914,7.98120000000017,1,4.785152
10001.1354,8.04399999999987,1,4.80256
10010.0699,8.93450000000121,1,4.790272
10018.1319,8.0619999999999,1,4.784128
10026.1171,7.98519999999917,1,4.809728
10035.0958,8.97869999999966,1,4.795392
10043.034,7.93820000000051,1,4.804608
10051.0384,8.00439999999981,1,4.794368
10060.08,9.04160000000047,1,4.788224
10068.0833,8.00330000000031,1,4.789248
10076.0574,7.97409999999945,1,4.790272
10085.1007,9.04330000000118,1,4.799488
10093.0666,7.96589999999924,1,4.789248
10101.1667,8.10009999999966,1,4.818944
10110.1425,8.97580000000016,1,4.794368
10118.0824,7.9398999999994,1,4.791296
10126.1935,8.11110000000008,1,4.786176
10135.0946,8.90110000000095,1,4.799488
10143.092,7.9974000000002,1,4.784128
10151.0416,7.94959999999992,1,4.796416
10160.0709,9.02930000000015,1,4.789248
10168.0379,7.96699999999873,1,4.793344
10176.0004,7.96250000000146,1,4.794368
10185.0625,9.06209999999919,1,4.780032
10193.1426,8.08009999999922,1,4.791296
10201.0944,7.95180000000073,1,4.795392
10209.6138,8.51939999999922,1,4.796416
10218.0641,8.45030000000042,1,4.78208
10226.1465,8.08240000000114,1,4.795392
10235.0645,8.91799999999967,1,4.793344
10243.1258,8.06129999999939,1,4.781056
10251.0818,7.95600000000013,1,4.785152
10260.1535,9.07170000000042,1,4.78208
10268.059,7.90549999999894,1,4.784128
10276.0702,8.01120000000083,1,4.79232
10285.0938,9.02360000000044,1,4.785152
10293.0918,7.99799999999959,1,4.773888
10301.1629,8.07109999999921,1,4.796416
10310.1149,8.95200000000114,1,4.78208
10318.1237,8.00879999999961,1,4.79232
10326.13,8.0062999999991,1,4.774912
10335.0239,8.89390000000094,1,4.79232
10343.0631,8.03919999999925,1,4.783104
10351.0681,8.00500000000102,1,4.783104
10360.0965,9.02839999999924,1,4.795392
10368.113,8.01649999999972,1,4.788224
10376.056,7.94300000000112,1,4.775936
10385.1124,9.05639999999948,1,4.788224
10393.0855,7.97309999999925,1,4.775936
10401.1103,8.02480000000105,1,4.777984
10410.0913,8.98099999999977,1,4.779008
10418.1052,8.01389999999992,1,4.784128
10426.0961,7.99090000000069,1,4.785152
10435.0864,8.99029999999948,1,4.798464
10443.0698,7.98339999999916,1,4.769792
10451.2954,8.22560000000158,1,4.783104
10460.1518,8.85639999999876,1,4.779008
10468.1995,8.04770000000099,1,4.784128
10476.0998,7.90029999999933,1,4.796416
10485.0714,8.97160000000076,1,4.777984
10493.077,8.00559999999859,1,4.773888
10501.0569,7.97990000000027,1,4.780032
10510.1487,9.09180000000015,1,4.790272
10518.208,8.0593000000008,1,4.772864
10526.1094,7.90139999999883,1,4.798464
10535.0864,8.97700000000077,1,4.788224
10543.0985,8.01209999999992,1,4.763648
10551.0771,7.97860000000037,1,4.789248
10560.1189,9.04179999999906,1,4.785152
10568.0784,7.95950000000084,1,4.784128
10576.1375,8.0591000000004,1,4.78208
10585.0964,8.95889999999963,1,4.773888
10593.1159,8.01950000000033,1,4.79232
10601.0785,7.96259999999893,1,4.784128
10610.0957,9.01720000000023,1,4.79744
10618.0678,7.97210000000086,1,4.775936
10626.1484,8.08059999999932,1,4.79232
10635.2176,9.06919999999991,1,4.79232
10643.166,7.94839999999931,1,4.779008
10651.2195,8.05349999999999,1,4.793344
10660.149,8.92950000000019,1,4.772864
10668.1016,7.95260000000053,1,4.795392
10676.082,7.98040000000037,1,4.774912
10685.1609,9.07890000000043,1,4.781056
10693.1847,8.02379999999903,1,4.793344
10701.1982,8.01350000000093,1,4.77696
10710.0735,8.8752999999997,1,4.7872
10718.1066,8.03309999999874,1,4.779008
10726.1016,7.9950000000008,1,4.7872
10735.2246,9.12299999999959,1,4.77696
10743.255,8.03039999999964,1,4.775936
10751.1798,7.92480000000069,1,4.789248
10760.1456,8.96579999999994,1,4.791296
10768.1255,7.97990000000027,1,4.781056
10776.0932,7.96769999999924,1,4.79232
10785.087,8.99380000000019,1,4.786176
10793.2301,8.14310000000114,1,4.77184
10801.0991,7.86899999999878,1,4.794368
10810.0319,8.9328000000005,1,4.79232
10818.0779,8.04600000000028,1,4.7872
10826.0741,7.99619999999959,1,4.777984
10835.0677,8.99359999999979,1,4.783104
10843.0922,8.02449999999953,1,4.779008
10851.1069,8.01470000000154,1,4.790272
10860.1054,8.99849999999969,1,4.790272
10868.0767,7.97129999999925,1,4.789248
10876.0637,7.98700000000099,1,4.781056
10885.0698,9.0060999999987,1,4.77696
10893.1273,8.0575000000008,1,4.7872
10901.0553,7.92799999999988,1,4.790272
10910.0652,9.00989999999911,1,4.781056
10918.0482,7.98300000000017,1,4.783104
10926.1982,8.15000000000146,1,4.786176
10935.209,9.01080000000002,1,4.791296
10943.139,7.92999999999847,1,4.77696
10951.1215,7.98250000000007,1,4.786176
10960.1071,8.98559999999998,1,4.917248
10968.051,7.94390000000021,1,4.773888
10976.0714,8.02040000000125,1,4.791296
10985.0828,9.01139999999941,1,4.77184
10993.0841,8.0012999999999,1,4.775936
11001.1113,8.02720000000045,1,4.794368
11010.0763,8.96500000000015,1,4.790272
11018.1518,8.07549999999901,1,4.781056
11026.1063,7.95449999999983,1,4.7872
11035.1241,9.01780000000144,1,4.78208
11043.0817,7.95759999999973,1,4.770816
11051.085,8.00329999999849,1,4.785152
11060.082,8.99700000000121,1,4.774912
11068.1026,8.02059999999983,1,4.793344
11076.0706,7.96799999999894,1,4.777984
11085.1297,9.0591000000004,1,4.779008
11093.2048,8.07510000000002,1,4.786176
11101.0182,7.81340000000091,1,4.795392
11110.079,9.06079999999929,1,4.788224
11118.067,7.98799999999937,1,4.783104
11126.1113,8.04430000000139,1,4.795392
11135.1138,9.00249999999869,1,4.78208
11143.1374,8.02360000000044,1,4.780032
11151.1102,7.97279999999955,1,4.784128
11160.1146,9.00440000000162,1,4.783104
11168.0587,7.9440999999988,1,4.800512
11176.0719,8.01320000000123,1,4.789248
11185.0513,8.97939999999835,1,4.780032
11193.1772,8.12590000000091,1,4.777984
11201.0681,7.89090000000033,1,4.795392
11209.6298,8.5617000000002,1,4.783104
11218.0845,8.45470000000023,1,4.7872
11226.1882,8.10369999999966,1,5.044224
11235.217,9.02880000000005,1,4.786176
11243.1004,7.8833999999988,1,4.784128
11251.1921,8.09170000000086,1,4.78208
11260.1959,9.00380000000041,1,4.7872
11268.1348,7.93889999999919,1,4.79232
11276.0875,7.95269999999982,1,4.7872
11285.0538,8.96630000000005,1,4.773888
11293.1231,8.06930000000102,1,5.044224
11301.1448,8.02169999999933,1,4.789248
11310.0955,8.95069999999942,1,4.79232
11318.1535,8.0580000000009,1,4.781056
11326.1216,7.96810000000005,1,4.785152
11335.2622,9.14059999999881,1,4.783104
11343.142,7.87980000000061,1,4.788224
11351.2421,8.10009999999966,1,4.78208
11360.159,8.91690000000017,1,4.784128
11368.1354,7.97639999999956,1,4.789248
11376.1492,8.01380000000063,1,4.78208
11385.1438,8.99459999999999,1,4.7872
11393.1205,7.97670000000107,1,4.770816
11401.1141,7.99359999999979,1,4.784128
11410.1023,8.98819999999978,1,4.7872
11418.107,8.0046999999995,1,4.777984
11426.1418,8.03479999999945,1,4.795392
11435.1166,8.97479999999996,1,4.79232
11443.1257,8.00910000000113,1,4.772864
11451.0987,7.97299999999996,1,4.783104
11460.2044,9.10570000000007,1,4.77696
11468.1031,7.89869999999974,1,4.790272
11476.1509,8.04780000000028,1,4.7872
11485.0959,8.94499999999971,1,4.798464
11493.1604,8.06450000000041,1,4.774912
11501.0888,7.92839999999887,1,4.775936
11510.162,9.07320000000072,1,4.768768
11518.2107,8.04869999999937,1,4.773888
11526.1839,7.97320000000036,1,4.79232
11535.1423,8.95839999999953,1,4.788224
11543.1442,8.00190000000111,1,4.790272
11551.0995,7.95529999999962,1,4.78208
11560.1465,9.04700000000048,1,4.775936
11568.095,7.9484999999986,1,4.785152
11576.089,7.9940000000006,1,4.786176
11585.2734,9.1844000000001,1,4.783104
11593.1918,7.91840000000047,1,4.788224
11601.1848,7.99300000000039,1,4.789248
11610.1882,9.0033999999996,1,4.775936
11618.0775,7.88929999999891,1,4.786176
11626.1353,8.0578000000005,1,4.914176
11635.1065,8.97119999999995,1,4.788224
11643.0926,7.98610000000008,1,4.801536
11651.1089,8.01629999999932,1,4.779008
11660.1121,9.00320000000102,1,4.786176
11668.0934,7.98129999999946,1,4.79744
11676.0959,8.00250000000051,1,4.779008
11685.0895,8.99359999999979,1,4.781056
11693.129,8.03950000000077,1,4.77696
11701.1584,8.02939999999944,1,4.789248
11710.0894,8.93100000000049,1,4.79232
11718.113,8.02359999999862,1,4.786176
11726.1085,7.9955000000009,1,4.786176
11735.1056,8.9971000000005,1,4.783104
11743.1577,8.05209999999897,1,4.779008
11751.1065,7.94880000000012,1,4.78208
11760.1506,9.04410000000098,1,4.769792
11768.1015,7.95089999999982,1,4.793344
11776.0959,7.99439999999959,1,4.79232
11785.089,8.99309999999969,1,4.785152
11793.1518,8.0627999999997,1,4.77696
11801.0866,7.93480000000091,1,4.799488
11810.1362,9.04960000000028,1,4.78208
11818.1199,7.98369999999886,1,4.794368
11826.1896,8.06970000000001,1,4.785152
11835.0832,8.89359999999942,1,4.791296
11843.1099,8.02670000000035,1,4.789248
11851.0989,7.9890000000014,1,4.789248
11860.1278,9.02889999999934,1,4.786176
11868.2376,8.10980000000018,1,4.801536
11876.0776,7.84000000000015,1,4.789248
11885.1198,9.04219999999987,1,4.788224
11893.1565,8.03669999999875,1,4.779008
11901.1594,8.00290000000132,1,4.793344
11910.1037,8.9442999999992,1,4.779008
11918.1211,8.01740000000063,1,4.779008
11926.1696,8.04849999999897,1,4.788224
11935.1567,8.98710000000028,1,4.795392
11943.122,7.96529999999984,1,4.777984
11951.1067,7.98470000000088,1,4.785152
11960.1376,9.03089999999975,1,4.77184
11968.1115,7.97390000000087,1,4.788224
11976.1526,8.04109999999855,1,4.777984
11985.1036,8.95100000000093,1,4.788224
11993.1143,8.01069999999891,1,4.775936
12001.1137,7.99940000000061,1,4.80256
12010.1568,9.04310000000078,1,4.780032
12018.0737,7.91690000000017,1,4.781056
12026.3038,8.23009999999886,1,4.78208
12035.1205,8.81670000000122,1,4.789248
12043.0657,7.94519999999829,1,4.79232
12051.1112,8.04550000000017,1,4.789248
12060.1513,9.04010000000017,1,4.779008
12068.1074,7.95610000000124,1,4.799488
12076.0822,7.97479999999996,1,4.789248
12085.0684,8.98619999999937,1,4.783104
12093.1905,8.1221000000005,1,4.77184
12101.1056,7.91510000000017,1,4.79744
12110.1704,9.0648000000001,1,4.783104
12118.0934,7.92299999999886,1,4.786176
12126.1632,8.06980000000112,1,4.921344
12135.1219,8.95869999999923,1,4.79232
12143.155,8.03310000000056,1,4.791296
12151.1011,7.94609999999921,1,4.794368
12160.1628,9.0617000000002,1,4.786176
12168.08,7.91719999999987,1,4.794368
12176.097,8.01699999999983,1,4.784128
12185.1056,9.00860000000102,1,4.790272
12193.1451,8.03949999999895,1,4.772864
12201.2196,8.07450000000063,1,4.794368
12209.6399,8.42029999999977,1,4.779008
12218.5703,8.93039999999928,1,4.793344
12227.1314,8.56110000000081,1,4.779008
12235.1196,7.98819999999978,1,4.798464
12243.1123,7.9927000000007,1,4.785152
12251.174,8.0617000000002,1,4.786176
12260.1698,8.99579999999878,1,4.789248
12268.1506,7.98080000000118,1,4.783104
12276.1323,7.98169999999845,1,4.779008
12285.1298,8.99750000000131,1,4.781056
12293.1231,7.99330000000009,1,4.77696
12301.1119,7.98879999999917,1,4.796416
12310.0989,8.98700000000099,1,4.786176
12318.1934,8.09449999999924,1,4.777984
12326.1628,7.96939999999995,1,4.798464
12335.1908,9.02800000000025,1,4.793344
12343.1199,7.92909999999938,1,4.774912
12351.164,8.04410000000098,1,4.79744
12360.1837,9.01969999999892,1,4.780032
12368.1404,7.95670000000064,1,4.791296
12376.1514,8.01100000000042,1,4.796416
12385.1198,8.96839999999975,1,4.775936
12393.1702,8.05040000000008,1,4.77696
12401.1077,7.9375,1,4.793344
12410.0732,8.96550000000025,1,4.78208
12418.1061,8.03290000000015,1,4.775936
12426.1987,8.09259999999995,1,4.780032
12435.1252,8.92649999999958,1,4.799488
12443.1572,8.03199999999924,1,4.775936
12451.1022,7.94499999999971,1,4.781056
12460.1837,9.08150000000023,1,4.785152
12468.1148,7.93109999999979,1,4.784128
12476.1987,8.08390000000145,1,4.781056
12485.1197,8.92099999999846,1,4.7872
12493.1811,8.0614000000005,1,4.779008
12501.1292,7.94809999999961,1,4.796416
12510.2802,9.15099999999984,1,4.78208
12518.1247,7.84450000000106,1,4.793344
12526.1587,8.03399999999965,1,4.789248
12535.0044,8.84569999999985,1,4.793344
12542.7668,7.76239999999962,1,4.785152
12551.7467,8.97990000000027,1,4.791296
12559.8275,8.08079999999973,1,4.772864
12567.8731,8.04560000000129,1,4.777984
12576.3084,8.43529999999919,1,4.783104
12585.0183,8.70989999999983,1,4.775936
12592.9266,7.90830000000096,1,4.783104
12601.537,8.61039999999957,1,4.791296
12609.465,7.92799999999988,1,4.786176
12618.3939,8.92889999999898,1,4.77184
12626.0705,7.67660000000069,1,4.908032
12634.6222,8.55169999999998,1,4.770816
12643.4606,8.83840000000055,1,4.773888
12651.0089,7.54830000000038,1,4.785152
12659.5107,8.5018,1,4.777984
12668.4557,8.94499999999971,1,4.79232
12676.4364,7.98070000000007,1,4.775936
12684.4188,7.98239999999896,1,4.7872
12693.5028,9.08400000000074,1,4.789248
12701.4415,7.93870000000061,1,4.793344
12709.533,8.09149999999863,1,4.795392
12718.4548,8.92180000000008,1,4.795392
12726.5218,8.06700000000092,1,4.769792
12734.4382,7.91640000000007,1,4.783104
12742.9342,8.49599999999919,1,4.785152
12752.0514,9.11720000000059,1,4.781056
12760.0067,7.95529999999962,1,4.784128
12768.0201,8.01339999999982,1,4.77696
12775.888,7.8679000000011,1,4.784128
12784.8986,9.01059999999961,1,4.788224
12792.9074,8.00879999999961,1,5.047296
12801.9139,9.00649999999951,1,4.781056
12809.8759,7.96199999999953,1,4.783104
12817.968,8.09210000000166,1,4.78208
12826.9435,8.97549999999865,1,4.78208
12834.9341,7.990600000001,1,4.796416
12842.8853,7.95119999999952,1,4.7872
12851.9055,9.02020000000084,1,4.784128
12859.9035,7.99799999999959,1,4.783104
12867.8899,7.98639999999978,1,4.794368
12876.8723,8.98240000000078,1,4.788224
12884.8988,8.02649999999994,1,4.781056
12892.9025,8.0036999999993,1,4.779008
12901.9015,8.9989999999998,1,4.791296
12909.8745,7.97299999999996,1,4.785152
12917.8794,8.00489999999991,1,4.786176
12927.0386,9.15920000000006,1,4.786176
12934.9295,7.89090000000033,1,4.7872
12942.9854,8.05589999999938,1,4.794368
12951.8806,8.89520000000084,1,4.784128
12959.9202,8.03960000000006,1,4.77696
12967.8769,7.95669999999882,1,4.791296
12976.932,9.0551000000014,1,4.777984
12984.8774,7.9453999999987,1,4.79744
12992.9546,8.07719999999972,1,4.781056
13001.8837,8.9291000000012,1,4.79232
13009.899,8.01529999999912,1,4.78208
13017.8843,7.98530000000028,1,4.790272
13026.9528,9.0684999999994,1,4.773888
13034.8949,7.94210000000021,1,4.796416
13042.9525,8.05760000000009,1,4.784128
13051.9021,8.94959999999992,1,4.791296
13059.983,8.08090000000084,1,4.773888
13067.8955,7.91250000000036,1,4.786176
13076.892,8.99649999999929,1,4.779008
13084.8661,7.97409999999945,1,4.781056
13092.9638,8.09770000000026,1,4.788224
13101.9464,8.98260000000118,1,4.7872
13109.9185,7.97209999999905,1,4.788224
13117.9012,7.98270000000048,1,4.789248
13126.925,9.02379999999903,1,4.78208
13134.9046,7.97960000000057,1,4.796416
13142.8794,7.97479999999996,1,4.775936
13151.925,9.04559999999947,1,4.781056
13159.918,7.99300000000039,1,4.789248
13167.9084,7.99040000000059,1,4.791296
13176.8929,8.98450000000048,1,4.78208
13184.8909,7.99799999999959,1,4.780032
13192.9335,8.04259999999886,1,4.77184
13201.9513,9.01780000000144,1,4.798464
13209.3932,7.44189999999981,1,4.79232
13218.4245,9.03129999999874,1,4.789248
13225.9269,7.50240000000122,1,4.77696
13234.9081,8.98120000000017,1,4.79744
13242.9911,8.08299999999872,1,4.780032
13251.9121,8.92100000000028,1,4.784128
13259.9699,8.0578000000005,1,4.78208
13267.9176,7.94770000000062,1,4.786176
13276.9455,9.02789999999914,1,4.784128
13284.898,7.95249999999942,1,4.784128
13292.94,8.04200000000128,1,5.035008
13301.8968,8.95679999999993,1,4.783104
13309.9713,8.07449999999881,1,4.784128
13317.9498,7.97850000000108,1,4.7872
13326.9701,9.02030000000013,1,4.78208
13334.9039,7.93379999999888,1,4.79744
13342.9516,8.04770000000099,1,4.785152
13351.8956,8.94399999999951,1,4.780032
13360.0546,8.15899999999965,1,4.78208
13367.9703,7.91570000000138,1,4.788224
13377.0804,9.11009999999987,1,4.773888
13384.9429,7.86249999999927,1,4.790272
13393.0331,8.09020000000055,1,4.931584
13400.9543,7.92119999999886,1,4.780032
13409.9594,9.00510000000031,1,4.777984
13417.915,7.95560000000114,1,4.7872
13426.9362,9.02119999999923,1,4.7872
13434.9788,8.04260000000068,1,4.794368
13442.9313,7.95249999999942,1,4.793344
13451.9241,8.99279999999999,1,4.777984
13459.9326,8.00849999999991,1,4.774912
13467.9402,8.007599999999,1,4.784128
13476.8924,8.95220000000154,1,4.786176
13484.968,8.07560000000012,1,4.777984
13492.9304,7.96239999999852,1,4.777984
13502.0001,9.06970000000001,1,4.796416
13509.999,7.9989000000005,1,4.783104
13518.043,8.04399999999987,1,4.780032
13526.0404,7.9974000000002,1,4.79744
13534.9162,8.8757999999998,1,4.791296
13542.938,8.02180000000044,1,4.779008
13551.9295,8.99150000000009,1,4.79744
13559.9905,8.06099999999969,1,4.78208
13567.9248,7.9343000000008,1,4.783104
13576.9469,9.02210000000014,1,4.770816
13584.909,7.96209999999883,1,4.7872
13593.003,8.09400000000096,1,4.777984
13600.9143,7.91129999999976,1,4.785152
13610.0921,9.17779999999948,1,4.77696
13617.9358,7.84369999999944,1,4.775936
13626.9512,9.01540000000023,1,4.931584
13634.9217,7.97050000000127,1,4.785152
13642.9181,7.99639999999999,1,4.786176
13651.8883,8.97019999999975,1,4.788224
13660.0175,8.1291999999994,1,4.779008
13667.9085,7.89099999999962,1,4.77696
13677.067,9.15849999999955,1,4.788224
13685.0782,8.01120000000083,1,4.810752
13693.0222,7.94399999999951,1,4.791296
13701.0208,7.99860000000081,1,4.791296
13709.9029,8.8820999999989,1,4.810752
13717.9615,8.0586000000003,1,4.793344
13726.9802,9.01870000000054,1,4.79744
13734.9458,7.96559999999954,1,4.809728
13742.9365,7.99070000000029,1,4.784128
13751.9444,9.00790000000052,1,4.804608
13759.9463,8.0018999999993,1,4.783104
13768.0086,8.0622999999996,1,4.786176
13775.9411,7.9325000000008,1,4.795392
13784.9882,9.04709999999977,1,4.790272
13792.9659,7.97769999999946,1,4.790272
13801.9155,8.94959999999992,1,4.801536
13809.9233,8.00780000000123,1,4.781056
13817.9325,8.00920000000042,1,4.790272
13826.9602,9.02769999999873,1,4.775936
13834.921,7.96080000000075,1,4.803584
13842.9436,8.02260000000024,1,4.784128
13851.937,8.99339999999938,1,4.788224
13859.9525,8.01549999999952,1,4.794368
13867.9568,8.00430000000051,1,4.790272
13876.9264,8.96960000000036,1,4.804608
13884.9199,7.99350000000049,1,4.783104
13892.9968,8.07690000000002,1,4.783104
13901.96,8.96319999999832,1,4.793344
13910.0323,8.07230000000163,1,4.785152
13917.9343,7.90200000000004,1,4.777984
13927.0131,9.07879999999932,1,4.78208
13935.0568,8.04370000000017,1,4.798464
13942.9895,7.93269999999939,1,4.781056
13951.9821,8.99259999999958,1,4.80256
13959.9357,7.95360000000073,1,4.800512
13967.9221,7.98639999999978,1,4.788224
13976.9628,9.04069999999956,1,4.783104
13984.9693,8.00650000000132,1,4.798464
13993.0034,8.03409999999894,1,4.78208
14000.998,7.99459999999999,1,4.784128
14009.9516,8.95360000000073,1,4.781056
14017.9632,8.01159999999982,1,4.783104
14026.9259,8.96270000000004,1,4.80768
14034.9679,8.04199999999946,1,4.796416
14042.9039,7.93599999999969,1,4.79232
14052.0713,9.16740000000027,1,4.785152
14060.0018,7.93050000000039,1,4.793344
14067.9854,7.98359999999957,1,4.790272
14077.0073,9.02189999999973,1,4.790272
14084.9099,7.90260000000126,1,4.809728
14093.1117,8.20179999999891,1,4.788224
14100.9786,7.8669000000009,1,4.806656
14109.9363,8.95769999999902,1,4.798464
14117.9497,8.01339999999982,1,4.785152
14127.0215,9.07180000000153,1,4.790272
14134.9956,7.97409999999945,1,4.80256
14142.9373,7.9416999999994,1,4.786176
14151.8924,8.95510000000104,1,4.783104
14160.0177,8.1252999999997,1,4.781056
14167.9191,7.90139999999883,1,4.79232
14176.9576,9.03850000000057,1,4.777984
14184.8793,7.92170000000078,1,4.794368
14193.0448,8.16549999999916,1,4.79232
14200.9393,7.89450000000033,1,4.798464
14209.4519,8.51260000000002,1,4.801536
14218.4566,9.0046999999995,1,4.784128
14226.4646,8.00799999999981,1,4.79744
14233.9482,7.48360000000139,1,4.793344
14242.9151,8.96689999999944,1,4.777984
14251.9431,9.02800000000025,1,4.775936
14259.965,8.02189999999973,1,4.781056
14267.9482,7.98320000000058,1,4.786176
14276.9593,9.01109999999971,1,4.774912
14285.0281,8.0687999999991,1,4.796416
14293.1155,8.08740000000034,1,4.912128
14301.1098,7.99430000000029,1,4.773888
14310.0502,8.9403999999995,1,4.777984
14318.0869,8.03670000000056,1,4.773888
14326.0192,7.9323000000004,1,4.794368
14334.9739,8.95470000000023,1,4.794368
14342.9339,7.95999999999913,1,4.786176
14351.9613,9.02740000000085,1,4.779008
14360.031,8.06970000000001,1,4.784128
14367.9186,7.88760000000002,1,4.794368
14376.9412,9.02259999999842,1,4.781056
14384.9706,8.02940000000126,1,4.78208
14393.0023,8.03169999999955,1,4.789248
14400.9374,7.9351000000006,1,4.793344
14409.913,8.97559999999976,1,4.78208
14417.9146,8.0015999999996,1,4.780032
14426.9787,9.0640999999996,1,4.783104
14434.9221,7.94340000000011,1,4.795392
14443.0011,8.07899999999972,1,4.781056
14450.9536,7.95250000000124,1,4.775936
14459.9774,9.02379999999903,1,4.77696
14467.9162,7.9387999999999,1,4.7872
14476.9267,9.01050000000032,1,4.788224
14484.9047,7.97799999999916,1,4.786176
14493.0462,8.14150000000154,1,4.784128
14500.9455,7.89929999999913,1,4.7872
14510.1072,9.16170000000056,1,4.773888
14518.0618,7.95459999999912,1,4.77696
14526.0305,7.96870000000126,1,4.791296
14534.9195,8.88899999999921,1,4.7872
14542.9347,8.01519999999982,1,4.78208
14551.9862,9.05149999999958,1,4.780032
14560.0107,8.02450000000135,1,4.7872
14568.0156,8.00489999999991,1,4.790272
14575.9273,7.91169999999875,1,4.783104
14584.8845,8.95720000000074,1,4.780032
14592.953,8.0684999999994,1,5.0432
14602.0094,9.0564000000013,1,4.775936
14609.9801,7.97069999999985,1,4.783104
14617.9907,8.01059999999961,1,4.783104
14626.978,8.98729999999887,1,4.775936
14634.9692,7.99120000000039,1,4.79232
14642.964,7.9948000000004,1,4.779008
14651.9309,8.96689999999944,1,4.773888
14659.939,8.00810000000092,1,4.777984
14667.9823,8.04329999999936,1,4.783104
14676.9395,8.95720000000074,1,4.799488
14684.9321,7.99259999999958,1,4.7872
14692.9614,8.02930000000015,1,4.7872
14701.9613,8.99990000000071,1,4.793344
14709.9106,7.9492999999984,1,4.786176
14717.9811,8.07050000000163,1,4.770816
14727.0042,9.02309999999852,1,4.789248
14734.9285,7.92430000000058,1,4.794368
14743.0125,8.08400000000074,1,4.785152
14750.9552,7.9426999999996,1,4.788224
14759.9577,9.00250000000051,1,4.77696
14767.9244,7.96669999999904,1,4.786176
14776.9376,9.01319999999942,1,4.788224
14784.9287,7.9911000000011,1,4.78208
14793.0077,8.07899999999972,1,4.783104
14800.9264,7.91870000000017,1,4.791296
14809.9302,9.00380000000041,1,4.788224
14817.9312,8.0010000000002,1,4.77696
14826.9985,9.0672999999988,1,4.777984
14834.9193,7.92079999999987,1,4.799488
14842.9859,8.06660000000011,1,4.783104
14851.9625,8.97659999999996,1,4.794368
14859.9657,8.00320000000102,1,4.777984
14867.9371,7.97139999999854,1,4.786176
14876.9331,8.996000000001,1,4.788224
14884.9013,7.96819999999934,1,4.775936
14892.949,8.04770000000099,1,4.785152
14901.9291,8.98009999999886,1,4.794368
14909.9204,7.9913000000015,1,4.781056
14918.2281,8.30769999999939,1,4.779008
14926.036,7.80789999999979,1,4.774912
14935.0469,9.01089999999931,1,4.79744
14943.0146,7.96770000000106,1,4.7872
14950.9912,7.97659999999996,1,4.794368
14959.9663,8.97509999999966,1,4.773888
14967.9396,7.97329999999965,1,4.779008
14976.9155,8.97589999999946,1,4.785152
14985.0107,8.09520000000157,1,4.779008
14992.9622,7.95149999999921,1,4.779008
15002.0559,9.09369999999944,1,4.79232
15010.0302,7.97429999999986,1,4.79744
15017.9388,7.90860000000066,1,4.78208
15026.9292,8.99040000000059,1,4.784128
15034.9301,8.00089999999909,1,4.791296
15042.9509,8.02080000000024,1,4.781056
15051.9249,8.97400000000016,1,4.799488
15059.975,8.05010000000038,1,4.781056
15068.0112,8.03620000000046,1,4.78208
15075.9911,7.97989999999845,1,4.800512
15084.9773,8.98620000000119,1,4.77696
15092.9907,8.01339999999982,1,4.777984
15101.941,8.95030000000042,1,4.794368
15110.0741,8.1330999999991,1,4.777984
15117.9473,7.8732,1,4.791296
15126.9914,9.04410000000098,1,4.777984
15134.945,7.95359999999891,1,4.79232
15142.9741,8.02909999999974,1,4.780032
15151.9656,8.99150000000009,1,4.788224
15159.9788,8.01320000000123,1,4.777984
15167.954,7.97519999999895,1,4.789248
15177.0226,9.06860000000052,1,4.794368
15184.9329,7.91029999999955,1,4.79232
15193.1349,8.20199999999932,1,4.779008
15200.9854,7.85050000000047,1,4.786176
15209.5303,8.54490000000078,1,4.770816
15218.4918,8.96149999999943,1,4.793344
15226.4846,7.99279999999999,1,4.78208
15234.0008,7.51620000000003,1,4.796416
15242.9659,8.96509999999944,1,4.786176
15252.0046,9.03870000000097,1,4.79232
15259.9965,7.99189999999908,1,4.793344
15268.0238,8.02730000000156,1,4.774912
15276.0408,8.01699999999983,1,4.789248
15284.9794,8.9385999999995,1,4.795392
15292.9826,8.0031999999992,1,4.785152
15301.9798,8.99719999999979,1,4.793344
15309.9367,7.95690000000104,1,4.785152
15318.026,8.08929999999964,1,4.788224
15325.988,7.96199999999953,1,4.786176
15335.0842,9.09619999999995,1,4.786176
15342.9679,7.88370000000032,1,4.7872
15352.0178,9.04989999999998,1,4.788224
15360.0585,8.04069999999956,1,4.775936
15367.9642,7.90570000000116,1,4.791296
15377.0005,9.03629999999976,1,4.784128
15385.0555,8.05500000000029,1,4.789248
15393.0505,7.99499999999898,1,4.775936
15401.0575,8.00700000000143,1,4.79232
15409.9861,8.92859999999928,1,4.796416
15417.9901,8.00400000000081,1,4.775936
15427.0857,9.09559999999874,1,4.790272
15434.9637,7.87800000000061,1,4.800512
15443.0753,8.11160000000018,1,4.77696
15450.9508,7.8755000000001,1,4.788224
15460.0411,9.09029999999984,1,4.785152
15467.9592,7.91809999999896,1,4.78208
15476.9472,8.98800000000119,1,4.79232
15484.9933,8.04609999999957,1,4.773888
15493.0225,8.02919999999904,1,4.767744
15501.0064,7.98390000000109,1,4.785152
15510.1223,9.11590000000069,1,4.78208
15517.9704,7.84809999999925,1,4.786176
15527.04,9.06960000000072,1,4.786176
15535.0047,7.96469999999863,1,4.793344
15542.9949,7.99020000000019,1,4.780032
15552.03,9.03510000000097,1,4.799488
15559.9932,7.96320000000014,1,4.791296
15568.0342,8.04099999999926,1,4.773888
15575.9752,7.94100000000071,1,4.788224
15585.002,9.02679999999964,1,4.783104
15592.9754,7.97339999999895,1,4.77184
15601.9851,9.00970000000052,1,4.799488
15609.9939,8.00879999999961,1,4.773888
15618.0217,8.02779999999984,1,4.78208
15626.0008,7.97910000000047,1,4.786176
15635.0384,9.03759999999966,1,4.772864
15642.9529,7.91450000000077,1,4.779008
15652.0188,9.0658999999996,1,4.77696
15659.9733,7.95449999999983,1,4.793344
15668.0379,8.0645999999997,1,4.783104
15675.953,7.91510000000017,1,4.794368
15684.9673,9.01430000000073,1,4.783104
15693.1133,8.14600000000064,1,4.768768
15700.9915,7.8781999999992,1,4.79744
15709.986,8.9945000000007,1,4.779008
15717.9826,7.99659999999858,1,4.777984
15727.0497,9.06710000000021,1,4.793344
15735.0061,7.95640000000094,1,4.7872
15743.0252,8.01909999999953,1,4.777984
15750.9915,7.96630000000005,1,4.784128
15760.0261,9.03459999999905,1,4.799488
15767.9428,7.91670000000158,1,4.774912
15777.0026,9.05979999999909,1,4.781056
15784.9387,7.93610000000081,1,4.7872
15793.043,8.10429999999906,1,4.779008
15800.9854,7.94239999999991,1,4.785152
15809.9621,8.97670000000107,1,4.79744
15818.0038,8.04169999999976,1,4.784128
15825.9879,7.98409999999967,1,4.784128
15835.1417,9.15380000000005,1,4.805632
15842.961,7.8192999999992,1,4.795392
15851.9282,8.96720000000096,1,4.777984
15859.9723,8.04409999999916,1,4.786176
15867.9486,7.97630000000026,1,4.796416
15876.9489,9.0002999999997,1,4.78208
15884.9704,8.02150000000074,1,4.7872
15893.0263,8.05589999999938,1,4.788224
15900.998,7.97170000000006,1,4.79744
15909.9786,8.98060000000078,1,4.7872
15918.0361,8.05749999999898,1,4.775936
15926.0523,8.01620000000003,1,4.784128
15935.0129,8.96060000000034,1,4.785152
15942.9637,7.95080000000053,1,4.777984
15952.0182,9.05450000000019,1,4.790272
15960.1399,8.12169999999969,1,4.796416
15967.9417,7.80179999999928,1,4.793344
15976.913,8.97130000000107,1,4.780032
15984.9422,8.02919999999904,1,4.783104
15992.9625,8.02030000000013,1,4.783104
16001.936,8.97350000000006,1,4.7872
16009.9599,8.02390000000014,1,4.789248
16017.953,7.99309999999969,1,4.764672
16026.9951,9.04210000000057,1,4.772864
16034.9413,7.94620000000032,1,4.791296
16042.9719,8.03060000000005,1,4.784128
16051.9429,8.97099999999955,1,4.77696
16060.0212,8.07829999999922,1,4.7872
16067.9721,7.95090000000164,1,4.77696
16076.9941,9.02199999999903,1,4.78208
16084.9523,7.95820000000094,1,4.786176
16093.0009,8.04859999999826,1,5.040128
16100.9181,7.91720000000169,1,4.783104
16109.9591,9.04099999999926,1,4.780032
16117.9299,7.97079999999914,1,4.783104
16127.0441,9.11419999999998,1,4.791296
16135.0837,8.03960000000006,1,4.79744
16142.9474,7.86369999999988,1,4.781056
16151.9044,8.95700000000033,1,4.786176
16159.9748,8.07040000000052,1,5.03808
16167.918,7.94319999999971,1,4.790272
16176.9796,9.06160000000091,1,4.783104
16184.9703,7.99070000000029,1,4.798464
16193.0169,8.04659999999967,1,5.039104
16200.9926,7.97569999999905,1,4.788224
16209.4522,8.45960000000014,1,4.78208
16218.444,8.99179999999978,1,4.784128
16225.9839,7.53989999999976,1,4.775936
16235.0212,9.03729999999996,1,4.78208
16242.9767,7.95550000000003,1,4.783104
16251.9891,9.01240000000143,1,4.777984
16260.0029,8.01379999999881,1,4.781056
16267.9893,7.98639999999978,1,4.780032
16277.0442,9.054900000001,1,4.783104
16285.0021,7.95789999999943,1,4.779008
16293.099,8.09690000000046,1,4.767744
16300.9866,7.88760000000002,1,4.795392
16309.9286,8.9419999999991,1,4.780032
16317.971,8.04240000000027,1,4.785152
16327.0136,9.04260000000068,1,4.786176
16334.957,7.94340000000011,1,4.794368
16342.9808,8.02379999999903,1,4.785152
16351.963,8.98220000000038,1,4.79232
16360.0344,8.07140000000072,1,4.783104
16367.9667,7.9323000000004,1,4.783104
16376.9853,9.01859999999942,1,4.774912
16384.9885,8.0031999999992,1,4.788224
16393.0311,8.04260000000068,1,4.796416
16400.9788,7.94770000000062,1,4.796416
16410.0298,9.05099999999948,1,4.773888
16417.9577,7.92789999999877,1,4.781056
16427.0221,9.0643999999993,1,4.786176
16435.0166,7.9945000000007,1,4.790272
16442.9904,7.97379999999976,1,4.78208
16452.044,9.05360000000292,1,4.788224
16460.0067,7.96270000000004,1,4.78208
16467.981,7.97429999999804,1,4.788224
16476.9505,8.96949999999924,1,4.783104
16484.9058,7.95530000000144,1,4.7872
16492.9803,8.07449999999881,1,4.786176
16502.0419,9.06160000000091,1,4.789248
16510.0493,8.0073999999986,1,4.780032
16518.0497,8.00040000000081,1,4.783104
16526.0125,7.96280000000115,1,4.7872
16534.9753,8.96279999999751,1,4.79744
16542.9591,7.98380000000179,1,4.785152
16551.9897,9.03059999999823,1,4.7872
16559.9855,7.9958000000006,1,4.781056
16568.0346,8.04910000000018,1,4.783104
16575.9542,7.91960000000108,1,4.801536
16584.9867,9.03250000000116,1,4.788224
16592.9762,7.98949999999968,1,4.780032
16601.9612,8.98500000000058,1,4.794368
16609.9684,8.00720000000001,1,4.7872
16617.9476,7.97919999999795,1,4.783104
16627.06,9.1124000000018,1,4.786176
16634.9964,7.93639999999868,1,4.791296
16643.0625,8.06610000000001,1,4.765696
16650.9672,7.90469999999914,1,4.784128
16660.0062,9.03900000000067,1,4.783104
16667.9354,7.92919999999867,1,4.786176
16677.002,9.06660000000193,1,4.781056
16684.9621,7.96010000000024,1,4.793344
16693.0133,8.05119999999806,1,4.783104
16701.0496,8.03629999999976,1,4.79232
16709.9846,8.93500000000131,1,4.781056
16717.9703,7.98570000000109,1,4.785152
16726.9847,9.01440000000002,1,4.785152
16735.0262,8.04149999999936,1,4.795392
16742.974,7.9477999999981,1,4.786176
16752.0035,9.02950000000055,1,4.784128
16760.0063,8.00280000000203,1,4.784128
16767.9832,7.97689999999784,1,4.79232
16776.9607,8.97750000000087,1,4.7872
16784.9894,8.02869999999893,1,4.779008
16792.9781,7.9887000000017,1,4.783104
16802.0432,9.0650999999998,1,4.799488
16810.168,8.12480000000141,1,4.7872
16817.9898,7.82179999999789,1,4.768768
16826.9963,9.00649999999951,1,4.791296
16834.9576,7.96130000000267,1,4.801536
16843.0206,8.06299999999828,1,4.7872
16850.9897,7.96909999999843,1,4.78208
16860.0252,9.03550000000178,1,4.780032
16867.9754,7.95019999999931,1,4.785152
16876.9551,8.97969999999987,1,4.786176
16884.9645,8.009399999999,1,4.783104
16893.0096,8.045100000003,1,4.781056
16900.9671,7.95750000000044,1,4.795392
16909.9621,8.99499999999898,1,4.789248
16917.9473,7.98519999999917,1,4.784128
16927.0242,9.07690000000002,1,4.77184
16934.9562,7.9320000000007,1,4.79744
16942.9752,8.01900000000023,1,4.784128
16951.9512,8.97599999999875,1,4.7872
16960.1001,8.14890000000014,1,4.775936
16967.9685,7.86839999999938,1,4.794368
16976.9671,8.99860000000263,1,4.789248
16984.9874,8.02030000000013,1,4.78208
16993.0117,8.02429999999731,1,5.036032
17001.4261,8.41440000000148,1,4.777984
17009.0085,7.58239999999932,1,4.791296
17018.0719,9.06339999999909,1,4.784128
17026.0046,7.9327000000012,1,4.789248
17034.9454,8.94080000000031,1,4.794368
17042.9884,8.04299999999785,1,4.777984
17051.9705,8.98210000000108,1,4.789248
17059.9874,8.01690000000235,1,4.777984
17068.044,8.05659999999989,1,4.795392
17075.997,7.9529999999977,1,4.80768
17085.0189,9.02189999999973,1,4.78208
17093.0299,8.01100000000224,1,4.784128
17100.9459,7.91599999999744,1,4.808704
17110.0167,9.07080000000133,1,4.775936
17117.9936,7.97690000000148,1,4.7872
17127.0202,9.02659999999742,1,4.790272
17135.0049,7.98470000000088,1,4.796416
17143.0049,8,1,4.779008
17150.9988,7.9939000000013,1,4.789248
17160.004,9.0051999999996,1,4.786176
17167.9708,7.96679999999833,1,4.779008
17176.9936,9.02280000000246,1,4.790272
17184.9669,7.97329999999783,1,4.783104
17193.1057,8.13880000000063,1,4.780032
17200.9609,7.85519999999815,1,4.798464
17209.5227,8.56180000000313,1,4.7872
17218.4735,8.95079999999871,1,4.780032
17226.5164,8.04290000000037,1,5.02272
17233.9986,7.48219999999856,1,4.790272
17242.9889,8.9903000000013,1,4.794368
17252.0191,9.03020000000106,1,4.7872
17260.0376,8.01849999999831,1,4.783104
17268.0011,7.96350000000166,1,4.7872
17275.9755,7.97439999999915,1,4.784128
17285.0216,9.04609999999957,1,4.785152
17293.0764,8.05480000000171,1,4.77696
17301.0507,7.97429999999804,1,4.798464
17310.0073,8.95660000000134,1,4.784128
17318.0443,8.03700000000026,1,4.78208
17326.0238,7.97949999999764,1,4.923392
17335.0045,8.98070000000007,1,4.781056
17342.9697,7.96520000000237,1,4.780032
17352.0635,9.09379999999874,1,5.059584
17360.1403,8.07679999999891,1,4.781056
17367.9956,7.85529999999926,1,4.789248
17377.016,9.02040000000125,1,4.783104
17384.9957,7.97969999999987,1,4.785152
17393.0183,8.02260000000024,1,4.777984
17400.9808,7.96250000000146,1,4.798464
17410.0761,9.09529999999722,1,4.788224
17418.0713,7.9952000000012,1,4.781056
17426.1491,8.07779999999912,1,4.77184
17435.0415,8.89240000000063,1,4.789248
17443.0594,8.01789999999892,1,4.784128
17451.0141,7.95470000000205,1,4.78208
17460.0956,9.08150000000023,1,4.783104
17468.0013,7.90569999999934,1,4.781056
17476.0106,8.00930000000153,1,4.77696
17484.9735,8.96289999999863,1,4.7872
17493.041,8.06750000000102,1,4.775936
17501.0954,8.05439999999726,1,4.795392
17510.0967,9.0012999999999,1,4.78208
17518.065,7.96830000000045,1,4.783104
17526.0735,8.00849999999991,1,4.781056
17535.0122,8.93870000000243,1,4.786176
17542.9827,7.97049999999945,1,4.7872
17551.9848,9.00209999999788,1,4.777984
17560.0009,8.01610000000073,1,4.775936
17568.0479,8.0470000000023,1,4.780032
17576.0144,7.96649999999863,1,4.7872
17585.018,9.00360000000001,1,4.77696
17593.0227,8.00470000000132,1,4.777984
17601.0304,8.00769999999829,1,4.799488
17609.9693,8.93890000000101,1,4.78208
17618.004,8.03470000000016,1,4.779008
17626.0022,7.99819999999818,1,4.788224
17635.0746,9.07240000000093,1,4.7872
17643.1287,8.0541000000012,1,4.79744
17651.0094,7.88069999999789,1,4.785152
17660.0225,9.01310000000012,1,4.786176
17667.9853,7.96280000000115,1,4.789248
17677.0378,9.05249999999796,1,4.774912
17684.9892,7.95140000000174,1,4.795392
17693.1489,8.15970000000016,1,5.052416
17701.0263,7.87740000000122,1,4.785152
17710.0179,8.99159999999756,1,4.786176
17717.9793,7.96140000000014,1,4.781056
17727.0537,9.07440000000133,1,4.773888
17734.9873,7.9336000000003,1,4.796416
17743.0677,8.08039999999892,1,4.767744
17751.0106,7.94290000000183,1,4.798464
17760.082,9.07139999999708,1,4.783104
17767.9869,7.90490000000136,1,4.789248
17776.9878,9.00089999999909,1,4.77696
17785.0157,8.02790000000095,1,4.78208
17793.0101,7.99439999999959,1,4.783104
17801.1144,8.10429999999906,1,4.79232
17810.022,8.90760000000228,1,4.78208
17818.024,8.00200000000041,1,4.786176
17826.0693,8.04529999999795,1,4.780032
17834.9913,8.9220000000023,1,4.791296
17843.0102,8.01889999999912,1,4.779008
17851.0256,8.01540000000023,1,4.780032
17860.0225,8.99689999999828,1,4.785152
17868.0162,7.99369999999908,1,4.785152
17875.9777,7.96150000000125,1,4.777984
17885.002,9.02430000000095,1,4.774912
17893.0493,8.04729999999836,1,4.777984
17901.0896,8.04030000000057,1,4.796416
17909.9964,8.90680000000066,1,4.79232
17918.1051,8.10870000000068,1,4.77184
17926.0698,7.96470000000045,1,4.777984
17935.1151,9.04529999999795,1,4.7872
17943.078,7.96290000000226,1,4.772864
17951.1124,8.03440000000046,1,4.788224
17960.2055,9.09309999999823,1,4.777984
17968.0627,7.85719999999856,1,4.7872
17976.0765,8.01380000000063,1,4.798464
17984.9787,8.90220000000045,1,4.779008
17993.0671,8.08840000000055,1,4.783104
18000.985,7.91790000000037,1,4.798464
18010.007,9.02200000000084,1,4.781056
18017.9865,7.97949999999764,1,4.793344
18027.0677,9.08120000000054,1,4.78208
18035.0055,7.9377999999997,1,4.800512
18043.0069,8.00140000000101,1,4.7872
18050.9996,7.99269999999888,1,4.768768
18060.0735,9.07389999999941,1,4.764672
18068.0375,7.96399999999994,1,4.780032
18076.0684,8.03090000000157,1,4.773888
18084.9979,8.92949999999837,1,4.798464
18093.0794,8.08150000000023,1,4.780032
18101.0151,7.93570000000182,1,4.796416
18110.0111,8.99599999999919,1,4.77184
18118.0223,8.01120000000083,1,4.781056
18126.0515,8.02920000000086,1,4.785152
18135.0743,9.02279999999882,1,4.796416
18143.0199,7.9455999999991,1,4.784128
18150.9747,7.95479999999952,1,4.773888
18160.0289,9.05420000000231,1,4.781056
18167.9976,7.96869999999763,1,4.785152
18176.982,8.98440000000119,1,4.779008
18185.0357,8.05370000000039,1,4.786176
18193.0441,8.0083999999988,1,4.784128
18201.0626,8.01850000000195,1,4.784128
18209.4954,8.43279999999868,1,4.785152
18218.5137,9.01829999999973,1,4.777984
18226.0236,7.50990000000093,1,4.774912
18235.0079,8.98430000000008,1,4.795392
18243.0062,7.99829999999929,1,4.779008
18251.0937,8.08750000000146,1,4.781056
18260.0995,9.005799999999,1,4.775936
18268.0516,7.95209999999861,1,4.790272
18276.0379,7.98630000000048,1,4.786176
18285.0449,9.00700000000143,1,4.7872
18293.216,8.17109999999957,1,4.783104
18301.0713,7.85529999999926,1,4.786176
18310.049,8.97769999999946,1,4.79232
18318.0306,7.98159999999916,1,4.781056
18326.0619,8.03130000000237,1,4.78208
18335.0081,8.9461999999985,1,4.793344
18343.0179,8.00979999999981,1,4.781056
18351.0182,8.0002999999997,1,4.775936
18360.1339,9.11570000000211,1,4.775936
18368.0343,7.90039999999863,1,4.798464
18375.6339,7.59960000000137,1,4.781056
18384.4295,8.79559999999765,1,4.370432
18392.9772,8.54770000000281,1,4.783104
18401.9482,8.97099999999773,1,4.79232
18410.0238,8.07560000000012,1,4.774912
18417.9303,7.90650000000096,1,4.791296
18426.9811,9.05080000000089,1,4.783104
18434.9004,7.91929999999775,1,4.794368
18442.5879,7.6875,1,4.780032
18451.6006,9.01270000000295,1,4.777984
18459.218,7.61739999999918,1,4.77696
18467.8085,8.59049999999843,1,4.777984
18476.3286,8.52010000000155,1,4.78208
18484.7929,8.46429999999964,1,4.790272
18492.7726,7.97969999999987,1,4.772864
18501.7977,9.02509999999893,1,4.788224
18509.7802,7.98250000000189,1,4.775936
18517.8176,8.03739999999743,1,4.783104
18526.8103,8.99270000000251,1,4.793344
18534.8756,8.06529999999839,1,4.786176
18542.7567,7.88110000000233,1,4.780032
18551.7539,8.99719999999797,1,4.789248
18559.8265,8.07259999999951,1,4.785152
18567.7846,7.95809999999983,1,4.786176
18576.7135,8.92890000000261,1,4.788224
18584.7628,8.04929999999877,1,4.781056
18592.76,7.99719999999797,1,4.794368
18601.7464,8.98640000000159,1,4.80256
18609.7639,8.01750000000175,1,4.781056
18617.7216,7.95769999999902,1,4.784128
18626.8657,9.14409999999771,1,4.77696
18634.7918,7.92610000000059,1,4.791296
18642.7704,7.97860000000219,1,4.783104
18651.7238,8.95339999999851,1,4.784128
18659.8495,8.12570000000051,1,5.031936
18667.7456,7.89609999999811,1,4.786176
18676.7424,8.9968000000008,1,4.793344
18684.7257,7.98329999999987,1,4.7872
18692.8827,8.15699999999924,1,4.774912
18701.8452,8.96250000000146,1,4.798464
18709.7266,7.88140000000203,1,4.779008
18717.7685,8.04189999999653,1,4.777984
18726.7628,8.99430000000211,1,4.78208
18734.7399,7.97710000000006,1,4.788224
18742.7162,7.97629999999845,1,4.779008
18751.7541,9.03789999999935,1,4.781056
18759.7852,8.03110000000015,1,4.781056
18767.7107,7.92550000000119,1,4.804608
18776.7269,9.01620000000185,1,4.786176
18784.718,7.99109999999928,1,4.785152
18792.7419,8.02390000000014,1,4.783104
18801.8245,9.08259999999791,1,4.775936
18809.7353,7.91080000000147,1,4.794368
18817.7689,8.03359999999884,1,4.77696
18826.7579,8.9890000000014,1,4.772864
18834.7561,7.99819999999818,1,4.788224
18842.7252,7.96910000000207,1,4.779008
18851.744,9.01879999999801,1,4.79232
18859.819,8.07500000000073,1,4.779008
18867.7659,7.946899999999,1,4.790272
18876.7017,8.93580000000293,1,4.801536
18884.7371,8.03539999999703,1,4.779008
18892.7968,8.05970000000161,1,4.78208
18901.739,8.94220000000132,1,4.79744
18909.7578,8.01879999999801,1,4.785152
18917.9012,8.14340000000084,1,4.775936
18926.8695,8.96830000000045,1,4.789248
18934.7742,7.90469999999914,1,4.786176
18942.837,8.0627999999997,1,4.784128
18951.7447,8.90769999999975,1,4.7872
18959.834,8.08929999999964,1,4.7872
18967.7319,7.89789999999994,1,4.7872
18976.7897,9.05780000000232,1,4.780032
18984.7958,8.0060999999987,1,4.779008
18992.7897,7.9939000000013,1,4.79744
19001.862,9.07229999999981,1,4.796416
19009.7636,7.90159999999742,1,4.788224
19017.8055,8.04190000000017,1,4.78208
19026.8121,9.00660000000062,1,4.769792
19034.7185,7.90639999999985,1,4.791296
19042.7653,8.04680000000008,1,4.780032
19051.7895,9.02419999999984,1,4.779008
19059.7759,7.98640000000159,1,4.779008
19067.805,8.02909999999974,1,4.789248
19076.7277,8.92269999999917,1,4.785152
19084.7616,8.03390000000218,1,4.786176
19092.7652,8.00360000000001,1,4.784128
19101.7971,9.03189999999813,1,4.779008
19109.8772,8.08009999999922,1,4.777984
19117.7679,7.89069999999992,1,4.793344
19126.7819,9.01400000000285,1,4.772864
19134.8428,8.06089999999676,1,4.781056
19142.7435,7.90070000000196,1,4.790272
19151.7882,9.04469999999856,1,4.781056
19159.7489,7.96069999999963,1,4.786176
19167.8364,8.08750000000146,1,4.793344
19176.7335,8.89709999999832,1,4.790272
19184.7291,7.99560000000201,1,4.785152
19192.8053,8.07619999999952,1,4.789248
19201.8102,9.00489999999991,1,4.779008
19209.3753,7.5650999999998,1,4.7872
19218.2684,8.89310000000114,1,4.791296
19225.7971,7.52869999999893,1,4.78208
19234.8102,9.01310000000012,1,4.795392
19242.7818,7.97160000000076,1,4.795392
19251.8304,9.04859999999826,1,4.775936
19259.8249,7.9945000000007,1,4.786176
19267.7586,7.93370000000141,1,4.801536
19276.8287,9.07009999999718,1,4.765696
19284.7556,7.92690000000221,1,4.781056
19292.8263,8.07070000000022,1,4.775936
19301.748,8.92169999999896,1,4.793344
19309.832,8.08399999999892,1,4.775936
19317.8328,8.00080000000162,1,4.79232
19326.8875,9.05470000000059,1,4.795392
19334.8101,7.92259999999806,1,4.78208
19342.7897,7.97960000000239,1,4.810752
19351.7398,8.9500999999982,1,4.7872
19359.844,8.10420000000158,1,4.780032
19367.7438,7.89979999999923,1,4.793344
19376.8432,9.09939999999915,1,4.779008
19384.9323,8.08910000000105,1,4.7872
19392.8081,7.87579999999798,1,4.77696
19401.8309,9.02280000000246,1,4.79744
19409.7444,7.91349999999875,1,4.77696
19417.8649,8.1205000000009,1,4.784128
19426.8053,8.9403999999995,1,4.78208
19434.8109,8.00560000000041,1,4.7872
19442.9243,8.11339999999836,1,4.777984
19451.9359,9.01160000000164,1,4.791296
19459.862,7.92610000000059,1,4.77696
19467.8122,7.95019999999931,1,4.79232
19476.7897,8.97750000000087,1,4.786176
19484.8323,8.04259999999704,1,4.790272
19492.7904,7.95810000000347,1,4.798464
19501.823,9.03259999999864,1,4.780032
19509.8031,7.98010000000068,1,4.784128
19517.8491,8.04599999999846,1,4.773888
19526.793,8.94390000000203,1,4.788224
19534.8125,8.01949999999852,1,4.794368
19542.7851,7.97260000000097,1,4.789248
19551.8359,9.05079999999725,1,4.786176
19560.0301,8.19420000000173,1,4.780032
19567.8886,7.85849999999846,1,4.794368
19576.9165,9.02790000000095,1,4.793344
19584.8955,7.97899999999936,1,4.78208
19592.8161,7.92060000000129,1,4.788224
19601.7683,8.95219999999972,1,4.786176
19609.8784,8.11010000000169,1,4.791296
19617.7688,7.89040000000023,1,4.79232
19626.8432,9.07439999999769,1,4.781056
19634.7806,7.93739999999889,1,4.779008
19642.8104,8.02980000000025,1,4.785152
19651.7893,8.97890000000189,1,4.780032
19659.7978,8.00849999999991,1,4.786176
19667.7697,7.97190000000046,1,4.781056
19676.8501,9.08039999999892,1,4.789248
19684.748,7.89789999999994,1,4.775936
19692.8377,8.08970000000045,1,4.784128
19701.8997,9.06200000000172,1,4.78208
19709.8543,7.9545999999973,1,4.774912
19717.8161,7.96180000000095,1,4.791296
19726.8137,8.99759999999878,1,4.777984
19734.7898,7.97609999999986,1,4.783104
19742.7484,7.95860000000175,1,4.781056
19751.7991,9.05069999999978,1,4.784128
19759.8176,8.01849999999831,1,4.779008
19767.7752,7.95760000000155,1,4.785152
19776.7853,9.01009999999951,1,4.77696
19784.7503,7.96500000000015,1,4.794368
19792.773,8.02270000000135,1,4.788224
19801.8671,9.09409999999843,1,4.796416
19809.8038,7.93670000000202,1,4.775936
19817.7994,7.99559999999838,1,4.789248
19826.7854,8.98600000000079,