loaded count=2973002 degree=3 decode_ms=1317.3724 first_frame_ms=1471.3635
pose -0.0546509623527527 0.100226942449808 4.97627698270575 -0.0546509623527527 0.100226942449808 -0.0261414647102356
interaction duration_ms=20001.9577 accepted_presents=2401 render_calls=2401 fps=120.038250055893
time_ms,interval_ms,accepted,gpu_diagnostic_ms
0.288,0.288,1,4.781056
10.0694,9.7814,1,4.368384
18.013,7.9436,1,4.788224
25.9787,7.9657,1,4.783104
34.911,8.9323,1,4.799488
42.874,7.963,1,4.78208
51.9337,9.0597,1,4.781056
59.9147,7.981,1,4.806656
67.9702,8.0555,1,4.78208
76.9652,8.99499999999999,1,4.788224
84.9355,7.97030000000001,1,4.794368
93.0376,8.10209999999999,1,4.786176
100.9422,7.9046,1,4.789248
110.0105,9.06829999999999,1,4.790272
117.9465,7.93600000000001,1,4.794368
126.9814,9.03489999999999,1,4.7872
134.9701,7.98870000000001,1,4.786176
142.9204,7.9503,1,4.798464
151.9264,9.006,1,4.777984
159.9503,8.0239,1,4.799488
167.9316,7.9813,1,4.80256
176.9851,9.05349999999999,1,4.76672
184.9417,7.95660000000001,1,4.809728
192.9842,8.04249999999999,1,4.790272
201.9875,9.00330000000002,1,4.794368
209.8973,7.90979999999999,1,4.799488
217.9959,8.0986,1,4.783104
226.8988,8.90289999999999,1,4.794368
234.9418,8.04300000000001,1,4.790272
242.9353,7.99350000000001,1,4.793344
251.9695,9.0342,1,4.777984
259.9441,7.97459999999998,1,4.800512
267.9115,7.9674,1,4.793344
276.9189,9.00740000000002,1,4.780032
284.9883,8.06939999999997,1,4.804608
292.912,7.9237,1,4.795392
301.9685,9.05650000000003,1,4.78208
309.8929,7.92439999999999,1,4.803584
318.0195,8.1266,1,4.775936
325.8887,7.86919999999998,1,4.796416
334.901,9.01230000000004,1,4.783104
342.9734,8.07240000000002,1,4.78208
351.9817,9.00829999999996,1,4.789248
360.0212,8.03950000000003,1,4.799488
367.9098,7.8886,1,4.794368
376.93,9.02019999999999,1,4.784128
384.9387,8.00869999999998,1,4.790272
393.1794,8.2407,1,4.794368
400.9605,7.78110000000004,1,4.774912
409.9426,8.9821,1,4.790272
417.9285,7.98589999999996,1,4.780032
426.9454,9.01690000000002,1,4.784128
434.8904,7.94499999999999,1,4.799488
443.0413,8.15089999999998,1,4.77184
450.9529,7.91160000000002,1,4.789248
459.9566,9.00369999999998,1,4.780032
467.9803,8.02370000000002,1,4.775936
476.9133,8.93299999999999,1,4.790272
484.9278,8.0145,1,4.791296
492.8988,7.971,1,4.773888
501.913,9.01420000000002,1,4.783104
510.0024,8.08940000000001,1,4.780032
517.9599,7.95749999999992,1,4.793344
526.9674,9.00750000000005,1,4.783104
534.9668,7.99940000000004,1,4.80768
542.9223,7.95549999999992,1,4.775936
551.9791,9.05680000000007,1,4.784128
559.4433,7.46420000000001,1,4.800512
568.4979,9.05459999999994,1,4.786176
575.9238,7.42590000000007,1,4.79744
584.9541,9.03030000000001,1,4.779008
592.9406,7.98649999999998,1,4.788224
601.9296,8.98900000000003,1,4.79232
609.9437,8.01409999999998,1,4.7872
618.0104,8.06669999999997,1,4.773888
625.9668,7.95640000000003,1,4.791296
634.9824,9.01559999999995,1,4.790272
642.9202,7.93780000000004,1,4.793344
651.9688,9.04859999999996,1,4.783104
660.0286,8.0598,1,4.80256
668.0868,8.05820000000006,1,4.786176
676.1061,8.01929999999993,1,4.779008
685.0241,8.91800000000001,1,4.773888
692.9874,7.9633,1,4.798464
701.9163,8.9289,1,4.775936
709.9214,8.00509999999997,1,4.783104
717.9376,8.01620000000003,1,4.77184
727.0006,9.06299999999999,1,4.793344
734.9384,7.93780000000004,1,4.80768
742.9181,7.97969999999998,1,4.785152
752.0198,9.10170000000005,1,4.79232
760.0424,8.02260000000001,1,4.794368
767.9722,7.9298,1,4.788224
777.0702,9.09799999999996,1,4.772864
785.0105,7.94029999999998,1,4.803584
793.0728,8.06230000000005,1,4.794368
800.9884,7.91559999999993,1,4.785152
810.0744,9.08600000000001,1,4.781056
818.0897,8.01530000000002,1,4.77696
825.9404,7.85069999999996,1,4.781056
835.0076,9.06720000000007,1,4.785152
842.9702,7.96259999999995,1,4.79232
851.9771,9.00689999999997,1,4.769792
859.9201,7.9430000000001,1,4.809728
867.9783,8.05819999999994,1,4.77696
877.0721,9.09379999999999,1,4.772864
885.0033,7.93119999999999,1,4.809728
892.9329,7.92960000000005,1,4.795392
901.9552,9.02229999999997,1,4.783104
909.9167,7.9615,1,4.80256
918.0521,8.1354,1,4.9152
925.9272,7.87509999999997,1,4.781056
934.9526,9.02539999999999,1,4.783104
942.9296,7.97700000000009,1,4.791296
952.0595,9.12989999999991,1,4.774912
960.0304,7.97090000000003,1,4.796416
967.9179,7.88750000000005,1,4.7872
976.9038,8.98590000000002,1,4.775936
984.9575,8.05369999999994,1,4.916224
992.905,7.94749999999999,1,4.785152
1001.9214,9.01639999999998,1,4.777984
1009.9551,8.03370000000007,1,4.791296
1018.0003,8.04520000000002,1,4.794368
1025.94,7.93970000000002,1,4.785152
1034.9616,9.02160000000003,1,4.786176
1042.9364,7.97479999999996,1,4.784128
1051.9591,9.02269999999999,1,4.777984
1059.9681,8.00900000000001,1,4.79744
1068.0208,8.05269999999996,1,4.783104
1075.9328,7.91200000000003,1,4.791296
1084.9656,9.03279999999995,1,4.790272
1092.9532,7.98759999999993,1,4.790272
1101.9102,8.95700000000011,1,4.774912
1109.9313,8.02109999999993,1,4.785152
1117.9695,8.03819999999996,1,4.775936
1127.0159,9.04640000000018,1,4.795392
1135.0064,7.99049999999988,1,4.800512
1142.9595,7.95309999999995,1,4.783104
1151.9271,8.96760000000017,1,4.775936
1159.9109,7.98379999999997,1,4.794368
1167.9905,8.07960000000003,1,4.7872
1176.9512,8.96069999999986,1,4.78208
1184.9771,8.02590000000009,1,4.938752
1192.9458,7.9686999999999,1,4.784128
1201.9401,8.99430000000007,1,4.781056
1209.9148,7.97469999999998,1,4.780032
1218.0179,8.10310000000004,1,4.768768
1225.9098,7.89189999999985,1,4.791296
1234.9194,9.00960000000009,1,4.789248
1242.901,7.98160000000007,1,4.784128
1251.9806,9.07960000000003,1,4.78208
1259.9575,7.97689999999989,1,4.798464
1267.9779,8.02040000000011,1,4.790272
1276.941,8.96309999999994,1,4.77696
1285.0492,8.1081999999999,1,4.77696
1292.9825,7.93330000000014,1,4.795392
1301.9578,8.97529999999983,1,4.774912
1310.0595,8.10170000000016,1,4.788224
1318.0385,7.97900000000004,1,5.042176
1325.9971,7.95859999999993,1,4.775936
1334.9281,8.93100000000004,1,4.777984
1343.0079,8.07979999999998,1,4.78208
1350.9564,7.94849999999997,1,4.78208
1359.9061,8.94969999999989,1,4.79232
1367.9528,8.0467000000001,1,4.781056
1376.9483,8.99549999999999,1,4.763648
1384.9428,7.99450000000002,1,4.791296
1392.9831,8.04029999999989,1,4.791296
1401.9228,8.93970000000013,1,4.777984
1409.9656,8.04279999999994,1,4.795392
1417.9491,7.98350000000005,1,4.77696
1426.9684,9.01929999999993,1,4.786176
1434.9247,7.95630000000006,1,4.785152
1443.015,8.09030000000007,1,4.789248
1450.9427,7.92769999999996,1,4.775936
1460.0654,9.1226999999999,1,4.773888
1467.9441,7.87869999999998,1,4.796416
1476.9357,8.99160000000006,1,4.780032
1484.9592,8.02350000000001,1,4.7872
1492.9836,8.02440000000001,1,4.786176
1502.1021,9.11850000000004,1,4.78208
1509.9575,7.85539999999992,1,4.785152
1517.9506,7.99309999999991,1,4.7872
1526.9312,8.98060000000009,1,4.773888
1534.9194,7.98820000000001,1,4.793344
1542.9113,7.99189999999999,1,4.789248
1551.9803,9.06899999999996,1,4.780032
1559.4392,7.45890000000009,1,4.789248
1568.5057,9.06649999999991,1,4.786176
1575.9748,7.46910000000003,1,4.79744
1584.9994,9.02459999999996,1,4.785152
1592.9839,7.98450000000003,1,4.798464
1601.9483,8.96440000000007,1,4.779008
1609.9313,7.98299999999995,1,4.786176
1618.0354,8.10410000000002,1,4.774912
1625.965,7.92959999999994,1,4.784128
1634.9918,9.02680000000009,1,4.775936
1642.9998,8.00800000000004,1,4.801536
1650.9862,7.9864,1,4.777984
1659.9311,8.94489999999996,1,4.794368
1667.9582,8.02710000000002,1,4.78208
1676.9482,8.99000000000001,1,4.785152
1684.9802,8.03199999999993,1,4.806656
1692.9807,8.0005000000001,1,4.774912
1701.9537,8.97299999999996,1,4.774912
1710.0087,8.05500000000006,1,4.789248
1717.9806,7.97190000000001,1,4.772864
1726.9961,9.01549999999997,1,4.780032
1734.9489,7.95280000000002,1,4.798464
1742.9863,8.03739999999993,1,4.777984
1752.0634,9.07709999999997,1,4.773888
1759.939,7.87560000000008,1,4.803584
1767.9868,8.04779999999982,1,4.7872
1776.9573,8.97050000000013,1,4.77696
1784.9978,8.04050000000007,1,4.780032
1792.9548,7.95699999999988,1,4.79744
1801.9764,9.02160000000003,1,4.786176
1809.9379,7.96149999999989,1,4.785152
1818.1057,8.16780000000017,1,5.026816
1825.9716,7.86590000000001,1,4.784128
1834.957,8.98540000000003,1,4.785152
1842.9283,7.97129999999993,1,4.788224
1852.0458,9.11750000000006,1,4.785152
1859.9615,7.91569999999979,1,4.800512
1868.0268,8.06530000000021,1,4.788224
1876.1031,8.07629999999995,1,4.775936
1885.0006,8.89750000000004,1,4.795392
1893.2076,8.20699999999988,1,4.790272
1901.0116,7.80400000000009,1,4.781056
1909.9877,8.97609999999986,1,4.788224
1917.9754,7.98770000000013,1,4.893696
1926.9499,8.97450000000003,1,4.786176
1934.934,7.9840999999999,1,4.789248
1942.8959,7.96190000000001,1,4.784128
1951.9603,9.06439999999998,1,4.784128
1960.0019,8.04160000000002,1,4.803584
1967.9598,7.95790000000011,1,4.780032
1976.9531,8.99329999999986,1,4.781056
1984.9948,8.04169999999999,1,4.789248
1992.9749,7.98009999999999,1,4.784128
2001.9593,8.98440000000005,1,4.774912
2009.9942,8.03490000000011,1,4.796416
2017.9772,7.98299999999995,1,4.783104
2026.9729,8.99569999999994,1,4.789248
2035.1993,8.22640000000001,1,4.791296
2042.9591,7.75980000000004,1,4.7872
2052.0288,9.06970000000001,1,4.772864
2059.9425,7.91370000000006,1,4.803584
2068.0346,8.09209999999985,1,4.785152
2075.9636,7.92900000000009,1,4.790272
2084.9886,9.02500000000009,1,4.777984
2092.9362,7.94759999999997,1,4.789248
2101.9494,9.01319999999987,1,4.785152
2109.9236,7.97420000000011,1,4.793344
2118.0548,8.13119999999981,1,4.786176
2125.9692,7.91440000000011,1,4.7872
2134.9648,8.99560000000019,1,4.777984
2142.9637,7.99889999999959,1,4.791296
2151.9854,9.02170000000024,1,4.777984
2159.9322,7.94680000000017,1,4.805632
2167.9608,8.02859999999964,1,4.769792
2176.9232,8.96240000000034,1,4.788224
2184.9994,8.07619999999997,1,4.799488
2193.016,8.01659999999993,1,4.789248
2200.9999,7.98389999999972,1,4.781056
2210.0113,9.01140000000032,1,4.780032
2218.0108,7.9994999999999,1,4.78208
2226.0039,7.99310000000014,1,4.79232
2234.9393,8.93539999999985,1,4.78208
2242.9352,7.99589999999989,1,4.785152
2251.9986,9.0634,1,4.775936
2259.9596,7.96100000000024,1,4.806656
2267.9514,7.99179999999978,1,4.7872
2276.9355,8.98410000000013,1,4.785152
2284.9556,8.02009999999973,1,4.79232
2292.99,8.03440000000001,1,4.794368
2301.9564,8.96640000000025,1,4.780032
2309.9657,8.00930000000017,1,4.80256
2317.9745,8.00879999999961,1,4.784128
2327.0032,9.0287000000003,1,4.786176
2334.9454,7.94219999999996,1,4.79232
2342.9741,8.02869999999984,1,4.786176
2352.0406,9.06649999999991,1,4.791296
2359.9693,7.92870000000039,1,4.809728
2368.022,8.05269999999973,1,4.801536
2375.9633,7.94129999999996,1,4.784128
2384.9749,9.01160000000027,1,4.789248
2392.9361,7.96119999999974,1,4.798464
2401.95,9.01389999999992,1,4.779008
2409.9426,7.99260000000004,1,4.810752
2418.0046,8.06200000000035,1,4.917248
2425.9418,7.93719999999985,1,4.769792
2434.9469,9.00509999999986,1,4.7872
2442.9516,8.00469999999996,1,4.783104
2452.1428,9.19120000000021,1,5.031936
2459.9751,7.83230000000003,1,4.816896
2468.0086,8.0335,1,4.790272
2475.9387,7.93010000000004,1,4.773888
2484.9884,9.04970000000003,1,4.788224
2492.9683,7.97989999999982,1,4.79744
2501.9596,8.99130000000014,1,4.772864
2510.0024,8.04279999999972,1,4.789248
2518.0207,8.01830000000018,1,4.773888
2526.0473,8.02660000000014,1,4.785152
2534.9373,8.88999999999987,1,4.777984
2542.8947,7.95739999999978,1,4.789248
2551.9883,9.09360000000015,1,5.031936
2559.4742,7.48590000000013,1,4.795392
2568.0211,8.54689999999982,1,4.790272
2576.0094,7.98829999999998,1,4.77696
2584.9923,8.98289999999997,1,4.789248
2592.9789,7.98660000000018,1,4.793344
2601.9519,8.97299999999996,1,4.7872
2609.9693,8.01740000000018,1,4.788224
2617.9764,8.00709999999981,1,4.790272
2626.9948,9.01839999999993,1,4.798464
2634.9417,7.94689999999991,1,4.79744
2643.0508,8.10910000000013,1,4.788224
2651.0056,7.95479999999998,1,4.79232
2660.0019,8.99630000000025,1,4.781056
2668.0234,8.02149999999983,1,4.788224
2675.9722,7.94880000000012,1,4.7872
2685.0444,9.07220000000007,1,4.779008
2692.9947,7.95029999999997,1,4.793344
2701.9782,8.98349999999982,1,4.788224
2709.9456,7.9674,1,4.794368
2718.0626,8.11700000000019,1,5.049344
2725.9606,7.89799999999968,1,4.773888
2735.0047,9.04410000000007,1,4.788224
2742.9617,7.95699999999988,1,4.794368
2752.0401,9.07840000000033,1,4.785152
2759.9634,7.92329999999993,1,4.80768
2767.967,8.00360000000001,1,4.791296
2776.94,8.97299999999996,1,4.783104
2785.075,8.13499999999976,1,4.780032
2792.9873,7.91229999999996,1,4.798464
2802.0541,9.06680000000006,1,4.784128
2810.1065,8.05240000000003,1,4.794368
2818.1184,8.01189999999997,1,4.914176
2826.3075,8.18910000000005,1,4.779008
2835.0659,8.75840000000017,1,4.77184
2842.9999,7.93399999999974,1,4.788224
2851.0098,8.00990000000002,1,4.78208
2860.0055,8.9957000000004,1,4.785152
2868.1097,8.10419999999976,1,4.793344
2875.9985,7.88880000000017,1,4.795392
2884.9973,8.99879999999985,1,4.786176
2892.992,7.99470000000019,1,4.79744
2901.9633,8.9712999999997,1,4.789248
2910.0173,8.05400000000009,1,4.796416
2917.9976,7.98030000000017,1,4.784128
2926.9724,8.97479999999996,1,4.7872
2934.9521,7.97969999999987,1,4.79232
2943.0331,8.08100000000013,1,4.768768
2951.0056,7.97249999999985,1,4.773888
2960.0029,8.9973,1,4.788224
2967.9852,7.98230000000012,1,4.788224
2977.0032,9.01800000000003,1,4.793344
2985.0038,8.00059999999985,1,4.93568
2992.9938,7.99000000000024,1,4.788224
3002.0786,9.08479999999963,1,4.7872
3009.9629,7.88430000000017,1,4.794368
3018.0519,8.08899999999994,1,5.037056
3026.0548,8.00289999999995,1,5.056512
3034.9339,8.87910000000011,1,4.786176
3042.9466,8.01270000000022,1,4.780032
3051.9813,9.0346999999997,1,4.784128
3059.9579,7.97659999999996,1,4.804608
3067.9753,8.01740000000018,1,4.777984
3076.9779,9.0025999999998,1,4.7872
3085.0703,8.0924,1,4.929536
3093.0018,7.93150000000014,1,4.783104
3101.0077,8.00590000000011,1,4.777984
3109.9506,8.94290000000001,1,4.7872
3118.0078,8.05719999999974,1,5.037056
3125.9737,7.96590000000015,1,4.78208
3135.0225,9.04880000000003,1,4.786176
3142.9787,7.95620000000008,1,4.799488
3152.0149,9.03620000000001,1,4.779008
3160.0509,8.03600000000006,1,4.809728
3167.9927,7.9417999999996,1,4.78208
3176.9597,8.9670000000001,1,4.784128
3184.9926,8.03290000000015,1,4.790272
3193.0328,8.04019999999991,1,4.790272
3200.9846,7.95179999999982,1,4.791296
3209.9906,9.00600000000031,1,4.781056
3217.9897,7.9991,1,4.78208
3227.0209,9.0311999999999,1,4.777984
3234.962,7.94110000000001,1,4.796416
3242.9813,8.01929999999993,1,4.786176
3252.0432,9.06190000000015,1,4.786176
3260.0056,7.96239999999989,1,4.80768
3267.9741,7.96849999999995,1,4.785152
3277.0152,9.04109999999991,1,4.774912
3285.0789,8.06370000000015,1,4.785152
3292.9883,7.90940000000001,1,4.783104
3302.0728,9.08449999999993,1,4.775936
3309.9685,7.89570000000003,1,4.799488
3318.0392,8.07070000000022,1,4.774912
3325.9619,7.92269999999962,1,4.794368
3334.9189,8.95700000000033,1,4.781056
3342.9432,8.02430000000004,1,4.785152
3352.0565,9.11329999999998,1,4.77184
3359.9829,7.92639999999983,1,4.801536
3367.9936,8.01069999999982,1,4.783104
3376.972,8.97840000000042,1,4.781056
3385.0551,8.08309999999983,1,4.927488
3392.9969,7.94180000000006,1,4.786176
3401.9613,8.96439999999984,1,4.777984
3409.944,7.98270000000002,1,4.7872
3418.0493,8.10530000000017,1,4.783104
3425.9863,7.9369999999999,1,4.785152
3435.0126,9.02629999999999,1,4.794368
3442.977,7.96439999999984,1,4.791296
3452.1052,9.12820000000011,1,4.774912
3460.0874,7.98219999999992,1,4.804608
3468.0397,7.95229999999992,1,4.789248
3476.032,7.99230000000034,1,4.788224
3485.0419,9.00990000000002,1,4.779008
3492.968,7.92609999999968,1,4.799488
3501.9835,9.01549999999997,1,4.780032
3509.9248,7.94129999999996,1,4.788224
3518.0162,8.09140000000025,1,4.784128
3525.9945,7.97829999999976,1,4.791296
3534.9673,8.97280000000001,1,4.79744
3543.0119,8.04460000000017,1,4.786176
3550.9865,7.97460000000001,1,4.781056
3559.4854,8.49890000000005,1,4.786176
3568.0083,8.52289999999994,1,4.783104
3576.0303,8.02199999999993,1,4.785152
3585.0167,8.98640000000023,1,4.79232
3593.0105,7.99379999999974,1,4.790272
3600.9686,7.95810000000029,1,4.777984
3610.0077,9.03909999999996,1,4.777984
3618.0283,8.02059999999983,1,4.783104
3626.0068,7.97850000000017,1,4.798464
3635.0953,9.08849999999984,1,4.786176
3643.0112,7.91589999999997,1,4.779008
3651.0892,8.07799999999997,1,4.786176
3659.9925,8.90329999999994,1,4.793344
3667.957,7.96450000000004,1,4.777984
3676.9777,9.02070000000003,1,4.775936
3685.0268,8.04910000000018,1,4.788224
3693.0563,8.0295000000001,1,4.789248
3701.0522,7.99589999999989,1,4.789248
3709.9953,8.94309999999996,1,4.775936
3718.0383,8.04300000000012,1,4.772864
3725.9764,7.93809999999985,1,4.795392
3734.9904,9.01400000000012,1,4.781056
3742.9699,7.97949999999992,1,4.780032
3752.0628,9.0929000000001,1,4.773888
3760.1508,8.08799999999974,1,4.80256
3768.1472,7.99639999999999,1,4.789248
3776.0419,7.89470000000028,1,4.788224
3785.0637,9.02179999999998,1,4.777984
3793.0821,8.01839999999993,1,4.798464
3800.9834,7.90129999999999,1,4.791296
3810.0301,9.04669999999987,1,4.78208
3818.0474,8.01729999999998,1,4.793344
3826.0376,7.99020000000019,1,4.791296
3835.0352,8.99759999999969,1,4.780032
3843.0359,8.00070000000005,1,4.789248
3851.0129,7.97700000000032,1,4.775936
3860.1188,9.10590000000002,1,4.789248
3868.1237,8.00489999999991,1,4.780032
3876.079,7.95530000000008,1,4.783104
3885.0123,8.93329999999969,1,4.793344
3892.998,7.98570000000018,1,4.791296
3902.1127,9.11470000000008,1,4.770816
3910.0043,7.89159999999993,1,4.809728
3918.1514,8.14710000000014,1,4.784128
3926.0224,7.87099999999964,1,4.785152
3935.0306,9.00820000000022,1,4.79744
3943.0431,8.01249999999982,1,4.777984
3951.0358,7.99270000000024,1,4.775936
3960.0078,8.97199999999975,1,4.788224
3967.9669,7.95910000000003,1,4.7872
3977.0186,9.05169999999998,1,4.779008
3985.084,8.06539999999995,1,4.79744
3993.0293,7.94530000000032,1,4.794368
4001.0651,8.03579999999965,1,4.77696
4009.9761,8.91100000000006,1,4.791296
4018.0352,8.05909999999994,1,4.777984
4026.0123,7.97710000000006,1,4.7872
4035.0471,9.0347999999999,1,4.793344
4043.0336,7.98650000000043,1,4.794368
4051.0679,8.0342999999998,1,4.78208
4060.0941,9.02619999999979,1,4.79232
4068.053,7.95890000000009,1,4.780032
4076.0687,8.01569999999992,1,4.775936
4085.0719,9.00320000000011,1,4.785152
4092.989,7.91710000000012,1,4.796416
4102.0286,9.03959999999961,1,4.785152
4109.9999,7.97130000000016,1,4.801536
4118.0149,8.01500000000033,1,4.773888
4126.0602,8.04529999999977,1,4.779008
4134.9744,8.91420000000016,1,4.795392
4143.1173,8.14289999999983,1,4.785152
4151.0311,7.91380000000026,1,4.780032
4160.0401,9.00900000000001,1,4.803584
4168.0288,7.98869999999988,1,4.77184
4176.001,7.97220000000016,1,4.784128
4185.0246,9.02359999999953,1,4.77696
4193.1102,8.08560000000034,1,4.783104
4200.9913,7.88109999999961,1,4.801536
4210.0793,9.08800000000065,1,4.77696
4218.0457,7.96639999999934,1,4.794368
4226.0828,8.03710000000046,1,4.786176
4235.0581,8.97530000000006,1,4.793344
4242.975,7.91690000000017,1,4.788224
4252.0224,9.04739999999947,1,4.77696
4259.9762,7.95380000000023,1,4.800512
4267.9513,7.97509999999966,1,4.777984
4277.0112,9.0599000000002,1,4.770816
4285.0252,8.01400000000012,1,4.79744
4293.0492,8.02400000000034,1,4.79232
4301.0595,8.01029999999992,1,4.780032
4310.0244,8.96489999999994,1,4.798464
4318.0557,8.03129999999965,1,4.790272
4325.9798,7.92410000000018,1,4.794368
4335.0464,9.06660000000011,1,4.783104
4342.9881,7.9416999999994,1,4.7872
4352.0243,9.03620000000046,1,4.781056
4360.0024,7.97810000000027,1,4.801536
4368.0663,8.0639000000001,1,4.803584
4376.0756,8.00929999999971,1,4.772864
4385.047,8.97139999999945,1,4.78208
4393.0172,7.97020000000066,1,4.789248
4401.0142,7.99699999999939,1,4.789248
4410.0887,9.07450000000063,1,4.772864
4418.0815,7.99279999999999,1,4.785152
4426.0428,7.96129999999994,1,4.79744
4435.0148,8.97199999999975,1,4.789248
4443.2661,8.2512999999999,1,4.796416
4451.0666,7.80050000000028,1,4.77696
4460.0218,8.95520000000033,1,4.793344
4467.9872,7.96539999999914,1,4.791296
4477.0588,9.07160000000022,1,4.78208
4485.031,7.97220000000016,1,4.799488
4493.0528,8.02180000000044,1,4.794368
4501.0505,7.9976999999999,1,4.777984
4510.0196,8.96909999999934,1,4.786176
4518.0392,8.01960000000054,1,4.783104
4526.0689,8.02970000000005,1,4.784128
4534.9915,8.92259999999987,1,4.793344
4543.0636,8.07210000000032,1,4.779008
4551.0218,7.95820000000003,1,4.789248
4559.5528,8.53099999999995,1,4.79232
4568.6833,9.1304999999993,1,4.793344
4576.5029,7.81960000000072,1,4.7872
4584.0862,7.58329999999933,1,4.775936
4593.0973,9.01110000000062,1,4.798464
4601.0515,7.95419999999922,1,4.7872
4610.0405,8.98900000000049,1,4.786176
4618.0697,8.02919999999995,1,4.783104
4626.063,7.99330000000009,1,4.79232
4635.0844,9.02139999999963,1,4.7872
4643.0683,7.98390000000018,1,4.7872
4651.0728,8.00450000000001,1,4.785152
4660.0209,8.94810000000052,1,4.785152
4668.1269,8.10599999999977,1,4.785152
4676.0275,7.90059999999994,1,4.780032
4685.0538,9.02629999999954,1,4.785152
4693.0243,7.97050000000036,1,4.790272
4701.094,8.06970000000001,1,4.781056
4710.0306,8.9366,1,4.79744
4718.091,8.0604000000003,1,4.917248
4726.0186,7.92759999999998,1,4.777984
4735.0913,9.07269999999971,1,4.773888
4743.0704,7.97909999999956,1,4.7872
4751.1199,8.04950000000008,1,4.779008
4760.2351,9.11520000000019,1,4.789248
4768.1707,7.93559999999979,1,4.77696
4776.0599,7.88920000000053,1,4.785152
4785.08,9.02009999999973,1,4.775936
4793.0761,7.9961000000003,1,4.796416
4801.0136,7.9375,1,4.773888
4810.0526,9.03899999999976,1,4.777984
4818.0928,8.04020000000037,1,4.785152
4826.0445,7.95169999999962,1,4.780032
4835.0082,8.96370000000024,1,4.773888
4843.1495,8.14130000000023,1,4.78208
4851.244,8.09449999999924,1,4.781056
4860.1658,8.92180000000008,1,4.791296
4868.1524,7.98660000000018,1,4.780032
4876.0625,7.91010000000006,1,4.7872
4885.0953,9.03279999999995,1,4.775936
4893.0672,7.97190000000046,1,4.786176
4901.0088,7.9415999999992,1,4.772864
4909.9939,8.98510000000078,1,4.785152
4918.1243,8.13040000000001,1,4.77184
4926.0192,7.89489999999932,1,4.790272
4935.0333,9.01410000000033,1,4.772864
4943.02,7.98670000000038,1,4.786176
4951.0513,8.03129999999965,1,4.77184
4960.0007,8.94939999999951,1,4.783104
4968.0508,8.05010000000038,1,4.784128
4975.991,7.9402,1,4.77184
4985.1147,9.1237000000001,1,4.77696
4993.0237,7.90899999999965,1,4.794368
5001.0566,8.03290000000015,1,4.780032
5010.0692,9.01260000000002,1,4.78208
5018.0765,8.00730000000021,1,5.037056
5026.0372,7.96069999999963,1,4.768768
5035.0429,9.00570000000062,1,4.775936
5043.0369,7.99399999999969,1,4.795392
5051.0677,8.03079999999954,1,4.77696
5060.0367,8.96900000000005,1,4.783104
5068.0187,7.98199999999997,1,4.790272
5076.0156,7.9969000000001,1,4.77696
5085.0282,9.01260000000002,1,4.781056
5093.0736,8.04539999999997,1,4.784128
5101.0351,7.96150000000034,1,4.786176
5110.0448,9.00969999999961,1,4.779008
5118.0606,8.01580000000013,1,4.779008
5126.0571,7.9965000000002,1,4.790272
5135.0113,8.95420000000013,1,4.779008
5143.0425,8.03119999999944,1,4.77696
5151.0674,8.02490000000034,1,4.780032
5160.0717,9.00430000000051,1,4.789248
5168.0108,7.9390999999996,1,4.785152
5176.0268,8.01599999999962,1,4.7872
5185.1011,9.07430000000022,1,4.785152
5193.066,7.96489999999994,1,4.795392
5201.0934,8.02739999999994,1,4.783104
5210.0445,8.95110000000022,1,4.789248
5218.0625,8.01800000000003,1,4.789248
5226.04,7.97749999999996,1,4.784128
5235.0279,8.98790000000008,1,4.785152
5243.0452,8.01729999999952,1,4.783104
5251.1134,8.06820000000062,1,4.775936
5260.0429,8.92950000000019,1,4.789248
5268.0919,8.04899999999998,1,4.779008
5276.0073,7.91539999999986,1,4.770816
5285.1136,9.10629999999946,1,4.786176
5293.0349,7.92129999999997,1,4.795392
5301.0297,7.9948000000004,1,4.785152
5310.0054,8.97569999999996,1,4.785152
5318.1156,8.11020000000008,1,4.781056
5326.0194,7.90380000000005,1,4.78208
5335.0181,8.9987000000001,1,4.784128
5343.018,7.9998999999998,1,4.78208
5351.0524,8.03439999999955,1,5.030912
5360.0904,9.03800000000047,1,4.779008
5368.0057,7.91529999999966,1,4.785152
5376.1113,8.10559999999987,1,4.781056
5385.0872,8.97590000000037,1,4.919296
5393.0129,7.92569999999978,1,4.7872
5401.0004,7.98750000000018,1,4.77696
5410.0579,9.05749999999989,1,4.772864
5418.0963,8.03840000000037,1,5.024768
5426.0348,7.9385000000002,1,4.77184
5435.0288,8.99399999999969,1,4.791296
5443.0427,8.01389999999992,1,4.77696
5451.036,7.99330000000009,1,4.77696
5460.1,9.06400000000031,1,4.795392
5468.0182,7.91820000000007,1,4.784128
5476.0632,8.04499999999916,1,4.78208
5485.044,8.98080000000027,1,4.79232
5493.054,8.01000000000022,1,4.78208
5501.0221,7.96810000000005,1,4.779008
5510.07,9.04789999999957,1,4.774912
5518.0404,7.97040000000015,1,4.786176
5526.0363,7.99589999999989,1,4.783104
5535.0159,8.97960000000057,1,4.786176
5543.1446,8.1286999999993,1,4.785152
5551.0544,7.90980000000036,1,4.788224
5559.5936,8.53920000000016,1,4.79744
5568.5314,8.9377999999997,1,4.78208
5576.5391,8.00770000000011,1,4.781056
5584.1019,7.5627999999997,1,4.773888
5593.0687,8.96680000000015,1,4.784128
5600.999,7.93029999999999,1,4.7872
5610.0424,9.04340000000047,1,4.77696
5618.0901,8.04770000000008,1,4.773888
5626.0501,7.96000000000004,1,4.79232
5635.0385,8.98839999999927,1,4.7872
5643.0613,8.02280000000064,1,4.780032
5651.1549,8.09360000000015,1,4.775936
5660.0484,8.89349999999922,1,4.793344
5668.0913,8.04290000000037,1,4.772864
5676.0316,7.94030000000021,1,4.780032
5685.0794,9.04779999999937,1,4.784128
5693.0523,7.97290000000066,1,4.799488
5701.0344,7.98209999999926,1,4.779008
5710.135,9.10060000000067,1,4.790272
5718.1441,8.00910000000022,1,4.779008
5726.0971,7.95299999999952,1,4.800512
5735.0294,8.9323000000004,1,4.788224
5743.0177,7.98829999999998,1,4.783104
5751.0748,8.05709999999999,1,5.04832
5760.0582,8.98340000000007,1,4.783104
5768.0554,7.99719999999979,1,4.781056
5776.0133,7.95789999999943,1,4.779008
5785.0551,9.04179999999997,1,4.78208
5793.1511,8.09600000000046,1,4.789248
5801.048,7.89689999999973,1,4.775936
5810.0388,8.99080000000049,1,4.791296
5818.1323,8.09349999999995,1,4.77696
5826.1366,8.0042999999996,1,4.78208
5835.0575,8.92090000000007,1,4.785152
5843.1122,8.05469999999968,1,4.773888
5851.0642,7.95200000000023,1,5.037056
5860.1828,9.11859999999979,1,4.77696
5868.0847,7.90190000000075,1,4.799488
5876.1428,8.05809999999929,1,4.780032
5885.1353,8.99250000000029,1,4.783104
5893.0572,7.92190000000028,1,4.795392
5901.074,8.01679999999942,1,4.77696
5910.0215,8.94750000000022,1,4.785152
5918.0788,8.0573000000004,1,4.78208
5926.0259,7.94709999999941,1,4.791296
5935.088,9.0621000000001,1,4.775936
5943.0911,8.0030999999999,1,4.794368
5951.0554,7.96430000000055,1,4.770816
5960.0329,8.97749999999996,1,4.780032
5968.0559,8.02300000000014,1,4.783104
5976.0211,7.96519999999964,1,4.783104
5985.1298,9.10869999999977,1,4.777984
5993.0413,7.91150000000016,1,4.794368
6001.058,8.01670000000013,1,4.785152
6010.017,8.95899999999983,1,4.783104
6018.1358,8.11880000000019,1,5.045248
6026.0309,7.89509999999973,1,4.772864
6035.1082,9.07729999999992,1,4.780032
6043.0465,7.93830000000071,1,4.796416
6051.1268,8.08029999999962,1,5.025792
6060.0805,8.95370000000003,1,4.781056
6068.0363,7.95579999999973,1,4.785152
6076.101,8.0646999999999,1,4.790272
6085.067,8.96600000000035,1,4.780032
6093.2208,8.15380000000005,1,4.783104
6101.0778,7.85699999999997,1,4.79744
6110.0091,8.93130000000019,1,4.7872
6118.0621,8.05299999999988,1,4.78208
6126.0383,7.97620000000006,1,4.7872
6135.0379,8.9996000000001,1,4.77696
6143.0574,8.01949999999943,1,4.791296
6151.0654,8.00800000000072,1,4.78208
6160.1054,9.03999999999996,1,4.783104
6168.0738,7.96839999999975,1,4.790272
6176.0357,7.96190000000024,1,4.769792
6185.0604,9.02469999999994,1,4.780032
6193.0791,8.01869999999963,1,4.793344
6201.0186,7.93950000000041,1,4.779008
6210.1178,9.09919999999966,1,4.793344
6218.0753,7.95750000000044,1,4.784128
6226.0936,8.01829999999973,1,4.784128
6235.057,8.96339999999964,1,4.785152
6243.0416,7.98459999999977,1,4.780032
6251.1935,8.15190000000075,1,4.783104
6260.0323,8.83879999999954,1,4.795392
6268.0347,8.00240000000031,1,4.786176
6276.0352,8.0005000000001,1,4.781056
6285.0892,9.05400000000009,1,4.777984
6293.0293,7.9400999999998,1,4.788224
6301.0464,8.01710000000003,1,4.789248
6310.0251,8.97869999999966,1,4.780032
6318.1546,8.12950000000001,1,4.784128
6326.091,7.9364000000005,1,4.786176
6335.0675,8.97649999999976,1,4.798464
6343.0518,7.98430000000008,1,4.794368
6351.1389,8.08709999999974,1,4.785152
6360.0413,8.90239999999994,1,4.794368
6368.0489,8.00759999999991,1,4.789248
6376.0344,7.98549999999977,1,4.786176
6385.1429,9.10850000000028,1,4.783104
6393.1371,7.99420000000009,1,4.794368
6401.0383,7.90120000000024,1,4.786176
6410.0582,9.01990000000023,1,4.781056
6418.0714,8.01319999999942,1,5.03808
6426.106,8.03459999999995,1,4.784128
6435.0528,8.94680000000062,1,4.794368
6443.0418,7.98899999999958,1,4.783104
6451.0587,8.01689999999962,1,4.781056
6460.0796,9.02090000000044,1,4.7872
6468.0802,8.0006000000003,1,4.783104
6476.0263,7.94610000000011,1,4.769792
6485.098,9.07169999999951,1,4.788224
6493.1206,8.02260000000024,1,4.777984
6501.0702,7.94959999999992,1,4.77696
6510.1019,9.03169999999955,1,4.779008
6518.0735,7.97160000000076,1,4.781056
6526.0518,7.97829999999976,1,4.7872
6535.0253,8.97350000000006,1,4.780032
6543.0531,8.02779999999984,1,4.783104
6551.049,7.99589999999989,1,4.784128
6559.6149,8.5658999999996,1,4.798464
6568.6064,8.99150000000009,1,4.79232
6576.5445,7.9381000000003,1,4.780032
6584.1404,7.59590000000026,1,4.77696
6593.0537,8.91330000000016,1,4.793344
6601.1373,8.08359999999993,1,4.788224
6610.0864,8.94909999999982,1,4.79232
6618.1729,8.08649999999943,1,4.917248
6626.104,7.9311000000007,1,4.775936
6635.0923,8.98829999999998,1,4.784128
6643.0541,7.96180000000004,1,4.784128
6651.1076,8.05349999999999,1,4.785152
6660.1013,8.99369999999999,1,4.794368
6668.1335,8.03219999999965,1,4.79232
6676.1011,7.96759999999995,1,4.772864
6685.0988,8.9976999999999,1,4.786176
6693.103,8.00420000000031,1,4.790272
6701.0723,7.96929999999975,1,4.773888
6710.0428,8.97050000000036,1,4.777984
6718.1662,8.12339999999949,1,4.780032
6726.0675,7.90130000000045,1,4.789248
6735.1254,9.05789999999979,1,4.783104
6743.0508,7.92540000000008,1,4.79232
6751.1401,8.08929999999964,1,5.051392
6760.168,9.02790000000005,1,4.788224
6768.1908,8.02280000000064,1,4.77184
6776.2498,8.05899999999929,1,4.795392
6785.1127,8.86290000000008,1,4.784128
6793.0474,7.9347000000007,1,4.788224
6801.0611,8.01369999999952,1,4.786176
6810.0832,9.02210000000014,1,4.784128
6818.1209,8.03769999999986,1,4.783104
6826.0719,7.95100000000002,1,4.79232
6835.0716,8.9997000000003,1,4.790272
6843.0956,8.02399999999943,1,4.788224
6851.0812,7.98559999999998,1,4.777984
6860.1838,9.10260000000017,1,4.79232
6868.2043,8.02050000000054,1,4.775936
6876.2592,8.05490000000009,1,4.784128
6885.1515,8.89229999999952,1,4.790272
6893.1072,7.95570000000043,1,4.790272
6901.0572,7.94999999999982,1,4.775936
6910.0822,9.02499999999964,1,4.785152
6918.1197,8.03750000000036,1,4.784128
6926.0775,7.95780000000013,1,4.799488
6935.1477,9.07020000000011,1,4.777984
6943.1188,7.97109999999975,1,4.784128
6951.1543,8.03549999999996,1,4.779008
6960.063,8.90869999999995,1,4.794368
6968.0706,8.00759999999991,1,4.7872
6976.0446,7.97400000000016,1,4.7872
6985.0812,9.03659999999945,1,4.79232
6993.1252,8.04400000000078,1,4.795392
7001.0814,7.95619999999963,1,4.770816
7010.0646,8.98319999999967,1,4.786176
7018.1131,8.04849999999988,1,4.78208
7026.0505,7.93740000000071,1,4.793344
7035.0607,9.01019999999971,1,4.791296
7043.0619,8.0011999999997,1,4.784128
7051.1552,8.09330000000045,1,4.786176
7060.0856,8.93040000000019,1,4.791296
7068.152,8.0663999999997,1,4.786176
7076.0552,7.90319999999974,1,4.770816
7085.1234,9.06820000000062,1,4.922368
7093.1412,8.01779999999962,1,4.775936
7101.0717,7.93050000000039,1,4.779008
7110.09,9.01829999999973,1,4.784128
7118.0962,8.00619999999981,1,4.79232
7126.1121,8.01590000000033,1,4.791296
7135.0546,8.94250000000011,1,4.784128
7143.0982,8.04359999999997,1,4.780032
7151.0963,7.99809999999979,1,4.774912
7160.13,9.03369999999995,1,4.790272
7168.0732,7.94319999999971,1,4.783104
7176.0879,8.01470000000063,1,4.781056
7185.0803,8.99239999999918,1,4.779008
7193.1047,8.02440000000024,1,4.800512
7201.0511,7.94639999999981,1,4.789248
7210.0799,9.02880000000005,1,4.795392
7218.2216,8.14170000000013,1,4.784128
7226.0927,7.8711000000003,1,4.796416
7235.0195,8.92680000000018,1,4.79232
7243.1075,8.08799999999974,1,4.780032
7251.1171,8.00960000000032,1,4.773888
7260.0816,8.96450000000004,1,4.791296
7268.0937,8.01209999999992,1,4.786176
7276.0659,7.97219999999925,1,4.774912
7285.1507,9.08480000000054,1,4.7872
7293.1126,7.96190000000024,1,4.785152
7301.0869,7.97429999999986,1,4.78208
7310.0548,8.96789999999964,1,4.791296
7318.1226,8.06779999999981,1,4.781056
7326.0538,7.93119999999999,1,4.793344
7335.1063,9.05250000000069,1,4.781056
7343.07,7.96369999999933,1,4.798464
7351.117,8.04700000000048,1,4.780032
7360.0526,8.93559999999979,1,4.793344
7368.1035,8.05090000000018,1,4.784128
7376.0622,7.95870000000014,1,4.781056
7385.1641,9.10189999999966,1,4.78208
7393.1183,7.95420000000013,1,4.7872
7401.1012,7.98289999999997,1,4.77696
7410.0895,8.98829999999998,1,4.786176
7418.1027,8.01320000000032,1,5.042176
7426.047,7.9442999999992,1,4.780032
7435.0634,9.01640000000043,1,4.788224
7443.1121,8.04870000000028,1,4.781056
7451.1117,7.9996000000001,1,4.7872
7460.1395,9.02779999999984,1,4.772864
7468.0662,7.92669999999998,1,4.786176
7476.0611,7.99489999999969,1,4.775936
7485.096,9.03489999999965,1,4.7872
7493.1387,8.04270000000088,1,4.790272
7501.085,7.94629999999961,1,4.788224
7510.0798,8.9948000000004,1,4.7872
7518.1222,8.04239999999936,1,4.78208
7526.1242,8.00200000000041,1,4.795392
7535.0529,8.92869999999948,1,4.780032
7543.0603,8.00740000000042,1,4.77696
7551.0996,8.03929999999946,1,4.779008
7559.641,8.54140000000007,1,4.791296
7568.5691,8.92810000000009,1,4.798464
7576.5842,8.01510000000053,1,4.784128
7584.1265,7.54230000000007,1,4.788224
7593.1325,9.0059999999994,1,4.791296
7601.1246,7.99210000000039,1,4.780032
7610.1279,9.00330000000031,1,4.77696
7618.1688,8.04089999999997,1,4.791296
7626.1193,7.95049999999992,1,4.788224
7635.1205,9.0011999999997,1,4.7872
7643.0812,7.96069999999963,1,4.793344
7651.1642,8.08300000000054,1,4.774912
7660.0814,8.91719999999987,1,4.790272
7668.1629,8.08150000000023,1,4.781056
7676.0845,7.92159999999967,1,4.791296
7685.1533,9.06880000000001,1,4.784128
7693.1144,7.96110000000044,1,4.794368
7701.0962,7.98179999999957,1,4.790272
7710.1633,9.06710000000021,1,4.791296
7718.1356,7.97229999999945,1,4.786176
7726.1672,8.03160000000025,1,4.793344
7735.1364,8.96920000000046,1,4.7872
7743.0997,7.96329999999944,1,4.798464
7751.135,8.03530000000046,1,4.775936
7760.1139,8.97890000000007,1,4.795392
7768.0794,7.96549999999934,1,4.788224
7776.1918,8.11239999999998,1,4.777984
7785.2028,9.01100000000042,1,4.789248
7793.1665,7.96370000000024,1,4.785152
7801.1294,7.96289999999954,1,4.777984
7810.1506,9.02120000000014,1,4.774912
7818.1659,8.01530000000002,1,4.784128
7826.1504,7.98450000000048,1,4.77696
7835.0939,8.9434999999994,1,4.785152
7843.1402,8.04629999999997,1,4.777984
7851.1135,7.97330000000056,1,4.79232
7860.2484,9.13490000000002,1,4.786176
7868.1045,7.85609999999997,1,4.793344
7876.1558,8.05130000000008,1,4.784128
7885.2101,9.05429999999978,1,4.78208
7893.1686,7.95849999999973,1,4.794368
7901.1718,8.00320000000011,1,4.777984
7910.0946,8.92280000000028,1,4.791296
7918.1091,8.01449999999932,1,4.784128
7926.1202,8.01110000000062,1,4.796416
7935.1,8.97980000000007,1,4.796416
7943.1508,8.05079999999998,1,4.788224
7951.1355,7.98469999999998,1,4.790272
7960.0851,8.94959999999992,1,4.795392
7968.1927,8.10759999999937,1,4.784128
7976.0838,7.89110000000073,1,4.789248
7985.3454,9.26159999999982,1,4.789248
7993.2222,7.8768,1,4.804608
8001.1761,7.95389999999952,1,4.781056
8010.1292,8.95310000000063,1,4.790272
8018.1724,8.04320000000007,1,4.793344
8026.1602,7.98779999999988,1,4.79744
8035.1269,8.96669999999995,1,4.796416
8043.1083,7.98139999999967,1,4.781056
8051.1751,8.06680000000051,1,4.784128
8060.1699,8.99479999999949,1,4.764672
8068.1826,8.01270000000022,1,4.777984
8076.1425,7.95989999999983,1,4.801536
8085.1163,8.97379999999976,1,4.780032
8093.1509,8.03459999999995,1,4.791296
8101.0798,7.92890000000079,1,4.79744
8110.1169,9.03709999999955,1,4.775936
8118.1782,8.0613000000003,1,4.793344
8126.096,7.91779999999926,1,4.793344
8135.1304,9.03440000000046,1,4.780032
8143.1248,7.99439999999959,1,4.794368
8151.1399,8.01510000000053,1,4.759552
8160.1172,8.97729999999956,1,4.794368
8168.139,8.02180000000044,1,4.78208
8176.1422,8.00320000000011,1,4.791296
8185.1188,8.97659999999996,1,4.796416
8193.1852,8.0663999999997,1,4.791296
8201.0794,7.89420000000064,1,4.795392
8210.094,9.01459999999861,1,4.777984
8218.1055,8.01150000000052,1,4.783104
8226.1402,8.03470000000016,1,4.78208
8235.1562,9.01599999999962,1,4.783104
8243.1108,7.95460000000094,1,4.804608
8251.153,8.04219999999987,1,4.772864
8260.1453,8.99229999999989,1,4.798464
8268.1749,8.02959999999985,1,4.79744
8276.1013,7.92640000000029,1,4.781056
8285.0824,8.98109999999906,1,4.793344
8293.0979,8.01550000000134,1,4.796416
8301.1726,8.07469999999921,1,4.785152
8310.0811,8.90849999999955,1,4.796416
8318.1843,8.10320000000138,1,4.785152
8326.0938,7.90949999999975,1,4.791296
8335.1451,9.05129999999917,1,4.77184
8343.1532,8.00810000000092,1,4.791296
8351.135,7.98179999999957,1,4.794368
8360.1193,8.98430000000008,1,4.799488
8368.1227,8.0033999999996,1,4.80256
8376.1062,7.98350000000028,1,4.773888
8385.1362,9.03000000000065,1,4.779008
8393.0929,7.95669999999882,1,4.786176
8401.1894,8.09649999999965,1,4.781056
8410.2585,9.06910000000062,1,4.79232
8418.1754,7.91690000000017,1,4.916224
8426.2285,8.05309999999918,1,4.78208
8435.0907,8.86220000000139,1,4.798464
8443.1814,8.09069999999883,1,4.788224
8451.1252,7.94380000000092,1,4.793344
8460.134,9.00879999999961,1,4.788224
8468.1305,7.99649999999929,1,4.784128
8476.0938,7.96330000000125,1,4.7872
8485.1189,9.02509999999893,1,4.775936
8493.1766,8.0577000000012,1,4.795392
8501.1209,7.9442999999992,1,4.801536
8510.1512,9.03030000000035,1,4.774912
8518.1074,7.95620000000054,1,4.798464
8526.1696,8.06219999999848,1,4.783104
8535.0923,8.92270000000099,1,4.796416
8543.1094,8.01709999999912,1,4.790272
8551.1183,8.00890000000072,1,4.780032
8559.6671,8.54880000000048,1,4.788224
8567.7501,8.08299999999872,1,4.791296
8576.6101,8.86000000000058,1,4.790272
8584.1528,7.54269999999997,1,4.772864
8593.1303,8.97750000000087,1,4.775936
8601.0686,7.9382999999998,1,4.772864
8610.1343,9.0656999999992,1,4.767744
8618.1807,8.04640000000109,1,4.779008
8626.1341,7.95339999999851,1,4.770816
8635.159,9.02490000000034,1,4.750336
8643.1362,7.97720000000118,1,4.7616
8651.1542,8.01800000000003,1,4.736
8660.1012,8.9469999999983,1,4.750336
8668.1308,8.02960000000166,1,4.747264
8676.0882,7.95739999999932,1,4.722688
8685.2079,9.11969999999928,1,4.719616
8693.156,7.94810000000143,1,4.73088
8701.148,7.99199999999837,1,4.708352
8710.1838,9.03580000000147,1,4.706304
8718.1777,7.99389999999948,1,4.97152
8726.1706,7.99289999999928,1,4.699136
8735.1491,8.97850000000108,1,4.709376
8743.0806,7.93149999999878,1,4.686848
8751.2144,8.13380000000143,1,4.690944
8760.1775,8.96309999999903,1,4.696064
8768.1379,7.96039999999994,1,4.683776
8776.1986,8.0607,1,4.672512
8785.2454,9.04680000000008,1,4.65408
8793.1635,7.91810000000078,1,4.662272
8801.1033,7.9398000000001,1,4.651008
8810.1642,9.06089999999858,1,4.639744
8818.1704,8.00620000000163,1,4.631552
8826.1881,8.01769999999851,1,4.6336
8835.1205,8.93240000000151,1,4.673536
8843.168,8.04749999999876,1,4.660224
8851.1413,7.97329999999965,1,4.646912
8860.2619,9.12060000000019,1,4.622336
8868.179,7.91710000000057,1,4.616192
8876.1452,7.96620000000075,1,4.603904
8885.1994,9.05419999999867,1,4.608
8893.163,7.96360000000095,1,4.603904
8901.2587,8.09569999999985,1,4.588544
8910.1449,8.88619999999901,1,4.588544
8918.2382,8.09330000000045,1,4.589568
8926.1436,7.90539999999964,1,4.594688
8935.1454,9.0018,1,4.56704
8943.1545,8.00910000000113,1,4.590592
8951.221,8.066499999999,1,4.576256
8960.2038,8.98279999999977,1,4.581376
8968.1344,7.9306000000015,1,4.570112
8976.2251,8.09069999999883,1,4.580352
8985.1821,8.95700000000033,1,4.718592
8993.1228,7.9406999999992,1,4.580352
9001.1263,8.00350000000071,1,4.576256
9010.1278,9.00150000000031,1,4.586496
9018.187,8.05919999999969,1,4.590592
9026.1386,7.95160000000033,1,4.586496
9035.1128,8.97420000000056,1,4.586496
9043.1029,7.99009999999907,1,4.576256
9051.1286,8.02570000000014,1,4.574208
9060.163,9.03440000000046,1,4.595712
9068.1293,7.96630000000005,1,4.595712
9076.1146,7.98530000000028,1,4.580352
9085.1318,9.01719999999841,1,4.583424
9093.1354,8.00360000000001,1,4.594688
9101.0938,7.95840000000135,1,4.593664
9110.1777,9.08389999999963,1,4.595712
9118.1442,7.96650000000045,1,4.615168
9126.168,8.02379999999903,1,4.622336
9135.1073,8.9393,1,4.611072
9143.2313,8.1239999999998,1,4.601856
9151.1581,7.92680000000109,1,4.610048
9160.1314,8.97329999999965,1,4.617216
9168.2643,8.13290000000052,1,4.625408
9176.1553,7.89099999999962,1,4.621312
9185.1706,9.01529999999912,1,4.635648
9193.1434,7.97280000000137,1,4.637696
9201.1161,7.97269999999844,1,4.637696
9210.0908,8.97470000000067,1,4.642816
9218.1055,8.01469999999972,1,4.644864
9226.0966,7.9911000000011,1,4.660224
9235.1414,9.04479999999967,1,4.671488
9243.1503,8.0088999999989,1,4.692992
9251.2002,8.04989999999998,1,4.6848
9260.1472,8.94700000000012,1,4.698112
9268.1456,7.9984000000004,1,4.697088
9276.1177,7.97210000000086,1,4.70016
9285.1833,9.0655999999999,1,4.698112
9293.1428,7.95949999999903,1,4.709376
9301.1139,7.97110000000066,1,4.711424
9310.0873,8.97339999999895,1,4.714496
9318.2494,8.16210000000137,1,4.716544
9326.0996,7.85019999999895,1,4.734976
9335.0951,8.9955000000009,1,4.732928
9343.081,7.98589999999967,1,4.724736
9351.2177,8.13669999999911,1,4.733952
9360.2227,9.00500000000102,1,4.747264
9368.1329,7.91020000000026,1,4.747264
9376.2186,8.08569999999963,1,4.750336
9385.1515,8.93289999999979,1,4.89472
9393.1552,8.0036999999993,1,4.765696
9401.131,7.97580000000016,1,4.76672
9410.1451,9.01410000000033,1,4.773888
9418.1313,7.98619999999937,1,4.769792
9426.1329,8.00160000000142,1,4.769792
9435.1172,8.98430000000008,1,4.785152
9443.1545,8.03729999999996,1,4.777984
9451.1363,7.98179999999957,1,4.777984
9460.1926,9.05630000000019,1,4.789248
9468.1361,7.9434999999994,1,4.79232
9476.1629,8.02679999999964,1,4.77184
9485.1433,8.98040000000037,1,4.784128
9493.1116,7.96830000000045,1,4.79232
9501.1331,8.02149999999892,1,4.77696
9510.1777,9.04460000000108,1,4.799488
9518.1387,7.96099999999933,1,4.786176
9526.1693,8.03060000000005,1,4.780032
9535.2676,9.09829999999965,1,4.777984
9543.1752,7.90760000000046,1,4.791296
9551.2265,8.05130000000099,1,4.779008
9559.6192,8.39269999999851,1,4.794368
9568.6744,9.0552000000007,1,4.775936
9577.165,8.490600000001,1,4.803584
9585.1811,8.01609999999891,1,4.922368
9593.1327,7.95160000000033,1,4.784128
9601.1059,7.97320000000036,1,4.784128
9610.122,9.01609999999891,1,4.781056
9618.1884,8.0663999999997,1,4.781056
9626.137,7.94860000000153,1,4.785152
9635.2161,9.07909999999902,1,4.7872
9643.1328,7.91669999999976,1,4.795392
9651.2068,8.07400000000052,1,4.773888
9660.2447,9.03789999999935,1,4.794368
9668.1469,7.90220000000045,1,4.7872
9676.1482,8.0012999999999,1,4.788224
9685.2569,9.10870000000068,1,4.775936
9693.2054,7.94850000000042,1,4.801536
9701.128,7.92259999999987,1,4.777984
9710.0902,8.96219999999994,1,4.788224
9718.1675,8.07729999999901,1,4.92032
9726.138,7.97050000000127,1,4.78208
9735.1316,8.99359999999979,1,4.796416
9743.1267,7.99510000000009,1,4.78208
9751.1698,8.04309999999896,1,4.774912
9760.1855,9.01569999999992,1,4.781056
9768.1537,7.96820000000116,1,4.783104
9776.1175,7.96379999999954,1,4.779008
9785.164,9.04650000000038,1,4.773888
9793.1948,8.03079999999864,1,4.793344
9801.1295,7.93469999999979,1,4.784128
9810.1767,9.04720000000088,1,4.785152
9818.1863,8.00959999999941,1,4.78208
9826.1999,8.01360000000022,1,4.764672
9835.1182,8.91830000000118,1,4.784128
9843.1435,8.02529999999933,1,4.780032
9851.2908,8.14730000000054,1,4.773888
9860.2735,8.98269999999866,1,4.788224
9868.1234,7.84990000000107,1,4.798464
9876.1445,8.02109999999993,1,4.773888
9885.1907,9.04619999999886,1,4.791296
9893.1294,7.93870000000061,1,4.798464
9901.1686,8.03920000000107,1,4.77696
9910.1248,8.95619999999872,1,4.79744
9918.2172,8.09239999999954,1,4.9152
9926.1236,7.90640000000167,1,4.78208
9935.1317,9.0080999999991,1,4.773888
9943.1285,7.9968000000008,1,4.781056
9951.2104,8.08189999999922,1,4.786176
9960.1566,8.94620000000032,1,4.784128
9968.1738,8.01720000000023,1,4.789248
9976.1197,7.9458999999988,1,4.784128
9985.2288,9.10910000000149,1,4.7872
9993.2161,7.98729999999887,1,4.790272
10001.1659,7.94980000000032,1,4.780032
10010.1159,8.95000000000073,1,4.7872
10018.1917,8.07579999999871,1,4.780032
10026.1087,7.91700000000128,1,4.794368
10035.1196,9.01089999999931,1,4.7872
10043.1451,8.02549999999974,1,4.789248
10051.1515,8.00640000000021,1,5.02784
10060.1555,9.00400000000081,1,4.789248
10068.1606,8.00509999999849,1,4.777984
10076.1891,8.02850000000035,1,4.770816
10085.1604,8.97130000000107,1,4.796416
10093.1471,7.98669999999947,1,4.785152
10101.1315,7.98439999999937,1,4.77184
10110.1344,9.00290000000132,1,4.785152
10118.1385,8.00409999999829,1,4.78208
10126.256,8.11750000000029,1,4.795392
10135.2489,8.9929000000011,1,4.796416
10143.161,7.91209999999955,1,4.780032
10151.241,8.07999999999993,1,4.772864
10160.1361,8.89509999999973,1,4.789248
10168.1702,8.03410000000076,1,4.790272
10176.1168,7.94659999999931,1,4.779008
10185.185,9.06819999999971,1,4.77696
10193.1701,7.98509999999987,1,4.789248
10201.1074,7.93730000000141,1,4.775936
10210.1177,9.01029999999992,1,4.78208
10218.1926,8.07489999999962,1,4.785152
10226.1251,7.93249999999898,1,4.798464
10235.1438,9.01870000000054,1,4.781056
10243.147,8.00320000000102,1,4.788224
10251.21,8.06299999999828,1,4.775936
10260.1299,8.91990000000078,1,4.780032
10268.1514,8.02150000000074,1,4.779008
10276.1146,7.96320000000014,1,4.774912
10285.2023,9.08770000000004,1,4.783104
10293.1506,7.94830000000002,1,4.799488
10301.1484,7.99779999999919,1,4.788224
10310.167,9.01859999999942,1,4.780032
10318.1745,8.00749999999971,1,4.772864
10326.1814,8.00690000000031,1,4.788224
10335.1206,8.93920000000071,1,4.777984
10343.2469,8.1262999999999,1,4.785152
10351.1987,7.95180000000073,1,4.78208
10360.1677,8.96899999999914,1,4.79232
10368.1536,7.98589999999967,1,4.779008
10376.203,8.04939999999988,1,4.772864
10385.17,8.96700000000055,1,4.785152
10393.1429,7.97290000000066,1,4.793344
10401.1184,7.97549999999865,1,4.785152
10410.1854,9.06700000000092,1,4.78208
10418.1707,7.98530000000028,1,4.7872
10426.159,7.98829999999907,1,4.790272
10435.1194,8.96039999999994,1,4.783104
10443.1736,8.05420000000049,1,4.783104
10451.1419,7.96830000000045,1,4.777984
10460.2178,9.07589999999982,1,4.786176
10468.1296,7.91179999999986,1,4.79232
10476.1424,8.01280000000042,1,4.790272
10485.1632,9.02080000000024,1,4.779008
10493.1961,8.03289999999834,1,4.790272
10501.1354,7.9393,1,4.781056
10510.1557,9.02030000000013,1,4.795392
10518.2597,8.10400000000118,1,4.788224
10526.1616,7.90189999999893,1,4.7872
10535.1219,8.96030000000064,1,4.793344
10543.1278,8.00590000000011,1,4.788224
10551.1975,8.06970000000001,1,4.78208
10559.6529,8.45539999999892,1,4.794368
10568.7117,9.0588000000007,1,4.784128
10576.1495,7.4377999999997,1,4.795392
10585.2227,9.07320000000072,1,4.7872
10593.189,7.96630000000005,1,4.798464
10601.2397,8.05069999999978,1,4.767744
10610.1546,8.91489999999976,1,4.77184
10618.1917,8.03709999999955,1,4.781056
10626.1808,7.98910000000069,1,4.786176
10635.2259,9.04509999999937,1,4.775936
10643.1674,7.94150000000081,1,4.793344
10651.264,8.09659999999894,1,4.774912
10660.268,9.00400000000081,1,4.789248
10668.1799,7.91189999999915,1,4.779008
10676.3429,8.16300000000047,1,4.770816
10684.2357,7.89279999999962,1,4.79744
10693.1932,8.95750000000044,1,4.790272
10701.1618,7.96860000000015,1,4.780032
10710.2158,9.05400000000009,1,4.779008
10718.1885,7.97270000000026,1,4.775936
10726.1609,7.97240000000056,1,4.7872
10735.1425,8.98159999999916,1,4.779008
10743.2051,8.06259999999929,1,4.784128
10751.2038,7.9987000000001,1,4.77696
10760.177,8.97320000000036,1,4.79744
10768.1418,7.96479999999974,1,4.78208
10776.1835,8.04169999999976,1,4.781056
10785.1846,9.00110000000132,1,4.783104
10793.1642,7.97959999999875,1,4.779008
10801.1456,7.98140000000058,1,4.784128
10810.2187,9.07309999999961,1,4.786176
10818.2854,8.06670000000122,1,4.789248
10826.1748,7.88940000000002,1,4.789248
10835.1674,8.99259999999958,1,4.774912
10843.1497,7.98229999999967,1,4.7872
10851.2294,8.07970000000023,1,4.774912
10860.1661,8.9367000000002,1,4.78208
10868.2148,8.04869999999937,1,4.7872
10876.2986,8.08380000000034,1,4.773888
10885.254,8.95540000000074,1,4.788224
10893.2212,7.96719999999914,1,4.795392
10901.2154,7.99419999999918,1,4.777984
10910.2644,9.04900000000089,1,4.795392
10918.2506,7.98619999999937,1,4.784128
10926.2473,7.99670000000151,1,4.789248
10935.3157,9.06839999999829,1,4.774912
10943.1877,7.87200000000121,1,4.791296
10951.2857,8.09799999999996,1,4.768768
10960.2702,8.98450000000048,1,4.791296
10968.2353,7.96509999999944,1,4.780032
10976.2042,7.96889999999985,1,4.799488
10985.2074,9.0031999999992,1,4.929536
10993.1131,7.90570000000116,1,4.777984
11001.171,8.05789999999979,1,4.780032
11010.1491,8.97810000000027,1,4.777984
11018.1896,8.04049999999916,1,4.78208
11026.1556,7.96600000000035,1,4.7872
11035.1654,9.00979999999981,1,4.795392
11043.1934,8.02800000000025,1,4.7872
11051.1737,7.98029999999926,1,4.769792
11060.1998,9.02610000000095,1,4.79232
11068.1715,7.97170000000006,1,4.783104
11076.2142,8.04269999999997,1,4.779008
11085.1979,8.98369999999886,1,4.798464
11093.2012,8.00330000000031,1,4.796416
11101.1518,7.95060000000012,1,4.773888
11110.1682,9.01640000000043,1,4.784128
11118.2458,8.07760000000053,1,4.785152
11126.1661,7.92029999999977,1,4.798464
11135.2305,9.0643999999993,1,4.785152
11143.1544,7.92389999999978,1,4.783104
11151.1997,8.04529999999977,1,4.779008
11160.1547,8.95499999999993,1,4.781056
11168.1803,8.02560000000085,1,4.786176
11176.139,7.95869999999923,1,4.7872
11185.2668,9.12780000000021,1,4.77696
11193.2682,8.00140000000101,1,4.798464
11201.2056,7.93739999999889,1,4.79232
11210.159,8.95340000000033,1,4.78208
11218.2133,8.05429999999978,1,4.777984
11226.1464,7.93310000000019,1,4.799488
11235.2065,9.0601000000006,1,4.785152
11243.158,7.95149999999921,1,4.786176
11251.3067,8.14869999999974,1,4.781056
11260.2747,8.96800000000076,1,4.795392
11268.2299,7.95520000000033,1,4.786176
11276.1828,7.95290000000023,1,4.77184
11285.237,9.05419999999867,1,4.78208
11293.1681,7.93110000000161,1,4.795392
11301.1688,8.00069999999869,1,4.772864
11310.1571,8.98830000000089,1,4.7872
11318.2139,8.05680000000029,1,4.7872
11326.2286,8.01469999999972,1,4.794368
11335.1772,8.94859999999971,1,4.788224
11343.1924,8.01519999999982,1,4.784128
11351.1862,7.99380000000019,1,4.773888
11360.2494,9.06320000000051,1,4.790272
11368.1651,7.91569999999956,1,4.793344
11376.2236,8.05849999999919,1,4.763648
11385.1901,8.96650000000045,1,4.777984
11393.1877,7.9976000000006,1,4.796416
11401.1587,7.97099999999955,1,4.779008
11410.1706,9.01189999999951,1,4.78208
11418.3497,8.1791000000012,1,4.784128
11426.2024,7.85269999999946,1,4.791296
11435.1079,8.90550000000076,1,4.789248
11443.1739,8.06599999999889,1,4.783104
11451.1888,8.01490000000013,1,4.783104
11460.2001,9.01130000000012,1,4.791296
11468.1601,7.95999999999913,1,4.788224
11476.1812,8.02110000000175,1,4.784128
11485.2392,9.05799999999908,1,4.781056
11493.1977,7.95850000000064,1,4.788224
11501.2085,8.01080000000002,1,4.781056
11510.1498,8.94129999999859,1,4.779008
11518.3102,8.16040000000066,1,4.768768
11526.1769,7.86670000000049,1,4.7872
11535.2438,9.06689999999981,1,4.781056
11543.1548,7.91100000000006,1,4.7872
11551.2229,8.06810000000041,1,4.77696
11559.7482,8.52529999999933,1,4.788224
11567.7364,7.98819999999978,1,4.780032
11576.1497,8.41330000000016,1,4.785152
11585.2523,9.10260000000017,1,4.785152
11593.2055,7.95319999999992,1,4.785152
11601.1805,7.97500000000036,1,4.781056
11610.2081,9.02759999999944,1,4.786176
11618.2171,8.00900000000001,1,5.039104
11626.261,8.04390000000058,1,4.777984
11635.1904,8.92939999999908,1,4.780032
11643.2215,8.03110000000015,1,4.790272
11651.199,7.97750000000087,1,4.770816
11660.2051,9.0060999999987,1,4.796416
11668.1786,7.97350000000006,1,4.789248
11676.1857,8.00710000000072,1,4.769792
11685.191,9.00530000000072,1,4.784128
11693.2624,8.0713999999989,1,4.79232
11701.1731,7.91070000000036,1,4.773888
11710.2418,9.06869999999981,1,4.785152
11718.2632,8.02139999999963,1,4.784128
11726.1706,7.90740000000005,1,4.784128
11735.215,9.04440000000068,1,4.788224
11743.1654,7.95039999999972,1,4.788224
11751.3012,8.13580000000002,1,4.773888
11760.1988,8.89760000000024,1,4.79232
11768.7066,8.50779999999941,1,4.79744
11776.3806,7.67400000000089,1,4.780032
11784.3685,7.98790000000008,1,4.790272
11793.399,9.03049999999894,1,4.786176
11801.5866,8.18760000000111,1,4.79232
11809.3777,7.79109999999855,1,4.788224
11818.3931,9.01540000000023,1,4.79744
11826.3409,7.94779999999992,1,4.785152
11834.6765,8.33560000000034,1,4.773888
11842.3367,7.66020000000026,1,4.789248
11851.2305,8.89379999999983,1,4.788224
11860.2912,9.0607,1,4.791296
11868.3485,8.0573000000004,1,4.790272
11876.3086,7.96010000000024,1,4.794368
11885.3034,8.9948000000004,1,4.7872
11893.1948,7.89139999999861,1,4.79744
11901.3028,8.10800000000017,1,4.775936
11910.1847,8.88190000000031,1,4.7872
11918.3954,8.21069999999963,1,4.779008
11926.1939,7.79850000000079,1,4.798464
11935.2093,9.01540000000023,1,4.786176
11943.2726,8.0632999999998,1,4.779008
11951.2361,7.96349999999984,1,4.796416
11960.2142,8.97810000000027,1,4.794368
11968.2336,8.01939999999922,1,4.79744
11976.2113,7.97770000000128,1,4.772864
11985.2452,9.03389999999854,1,4.79744
11993.1851,7.93990000000122,1,4.795392
12001.2348,8.04969999999958,1,4.77696
12010.1767,8.94189999999981,1,4.795392
12018.3295,8.15279999999984,1,4.780032
12026.2362,7.90669999999955,1,4.791296
12035.2634,9.02720000000045,1,4.785152
12043.2133,7.94989999999962,1,4.784128
12051.2233,8.01000000000022,1,4.788224
12060.2798,9.0565000000006,1,4.79232
12068.2422,7.96240000000034,1,4.784128
12076.2798,8.03759999999966,1,4.795392
12085.265,8.98519999999917,1,4.77696
12093.2035,7.9385000000002,1,4.794368
12101.1683,7.96479999999974,1,4.774912
12110.2358,9.06750000000102,1,4.78208
12118.2067,7.97090000000026,1,4.799488
12126.2657,8.05899999999929,1,4.7872
12135.1697,8.90400000000045,1,4.79744
12143.2251,8.05539999999928,1,4.773888
12151.2204,7.9953000000005,1,4.793344
12160.2615,9.04110000000037,1,4.779008
12168.2565,7.99499999999898,1,4.78208
12176.1965,7.94000000000051,1,4.793344
12185.2099,9.01339999999982,1,4.777984
12193.2883,8.07840000000033,1,4.793344
12201.1874,7.89910000000054,1,4.794368
12210.2873,9.09989999999925,1,4.790272
12218.2676,7.98029999999926,1,4.795392
12226.2293,7.96170000000166,1,4.791296
12235.1886,8.95929999999862,1,4.794368
12243.1854,7.9968000000008,1,4.783104
12251.3131,8.12769999999909,1,4.775936
12260.2226,8.90949999999975,1,4.796416
12268.1374,7.91480000000047,1,4.789248
12276.2135,8.07610000000022,1,4.786176
12285.223,9.00950000000012,1,4.798464
12293.2189,7.99589999999989,1,4.779008
12301.2051,7.98619999999937,1,4.79232
12310.1621,8.95700000000033,1,4.789248
12318.2728,8.11070000000109,1,4.780032
12326.1694,7.89660000000003,1,4.795392
12335.2116,9.04219999999987,1,4.775936
12343.1625,7.95089999999982,1,4.79232
12351.2642,8.10169999999925,1,4.781056
12360.2435,8.97930000000088,1,4.789248
12368.264,8.02049999999872,1,4.780032
12376.2534,7.98940000000039,1,4.79232
12385.2507,8.99730000000091,1,4.800512
12393.2003,7.94959999999992,1,4.793344
12401.2241,8.02379999999903,1,4.770816
12410.3177,9.09360000000015,1,4.788224
12418.2678,7.95010000000002,1,4.775936
12426.261,7.9932000000008,1,4.79744
12435.2215,8.96049999999923,1,4.780032
12443.1828,7.96130000000085,1,4.791296
12451.2069,8.02409999999873,1,4.783104
12460.2683,9.0614000000005,1,4.791296
12468.2339,7.96559999999954,1,4.798464
12476.1906,7.95670000000064,1,4.773888
12485.2288,9.03820000000087,1,4.786176
12493.191,7.96219999999994,1,4.780032
12501.2257,8.03470000000016,1,4.775936
12510.2324,9.00669999999991,1,4.777984
12518.2092,7.97679999999855,1,4.779008
12526.1855,7.97630000000026,1,4.789248
12535.1664,8.98090000000047,1,4.774912
12543.3109,8.14450000000033,1,4.786176
12551.2131,7.90220000000045,1,4.775936
12559.7587,8.54559999999947,1,4.796416
12567.8376,8.07890000000043,1,4.79232
12576.7403,8.90269999999873,1,4.786176
12584.2649,7.52460000000065,1,4.784128
12593.2275,8.96260000000075,1,4.786176
12601.2714,8.04389999999876,1,4.77696
12610.2018,8.9304000000011,1,4.796416
12618.2842,8.08239999999932,1,4.789248
12626.2535,7.96930000000066,1,4.790272
12635.2834,9.02989999999954,1,4.7872
12643.2431,7.95969999999943,1,4.794368
12651.2499,8.00680000000102,1,4.79744
12660.1975,8.94759999999951,1,4.791296
12668.236,8.03850000000057,1,4.784128
12676.1887,7.95269999999982,1,4.774912
12685.2916,9.10289999999986,1,4.774912
12692.7846,7.49300000000039,1,4.800512
12701.812,9.02739999999903,1,4.780032
12709.809,7.99699999999939,1,4.784128
12717.7846,7.97560000000158,1,4.77696
12726.7423,8.95769999999902,1,4.779008
12734.81,8.0676999999996,1,4.78208
12742.7345,7.92450000000099,1,4.769792
12751.8237,9.08920000000035,1,4.780032
12759.7822,7.95849999999882,1,4.789248
12767.8545,8.07229999999981,1,4.784128
12776.8733,9.01879999999983,1,4.786176
12784.8258,7.95250000000124,1,4.788224
12792.7747,7.94889999999941,1,4.769792
12801.7307,8.95600000000013,1,4.781056
12809.7876,8.05689999999959,1,4.786176
12817.7968,8.00920000000042,1,4.786176
12826.8038,9.00699999999961,1,4.79232
12834.7568,7.95299999999952,1,4.781056
12842.7856,8.02880000000005,1,4.785152
12851.7558,8.97020000000157,1,4.786176
12859.8345,8.07870000000003,1,4.763648
12867.85,8.01549999999952,1,4.78208
12876.8314,8.98139999999876,1,4.788224
12884.866,8.03460000000086,1,4.788224
12892.752,7.88600000000042,1,4.789248
12901.7306,8.97860000000037,1,4.781056
12909.7167,7.98610000000008,1,4.78208
12917.8242,8.10749999999825,1,4.788224
12926.8079,8.98370000000068,1,4.795392
12934.756,7.94809999999961,1,4.783104
12942.7592,8.00320000000102,1,4.788224
12951.8323,9.07309999999961,1,4.783104
12959.7775,7.94520000000011,1,4.783104
12967.8578,8.08029999999962,1,4.77696
12976.7416,8.88379999999961,1,4.781056
12984.8607,8.11909999999989,1,4.78208
12992.8304,7.96970000000147,1,4.791296
13001.7653,8.93489999999838,1,4.785152
13009.7238,7.95850000000064,1,4.79232
13017.76,8.03620000000046,1,4.769792
13026.8248,9.0648000000001,1,4.793344
13034.7488,7.92399999999907,1,4.79744
13042.7608,8.01200000000063,1,4.784128
13051.7599,8.99909999999909,1,4.786176
13059.7502,7.9903000000013,1,4.795392
13067.8104,8.0601999999999,1,4.786176
13076.7527,8.9422999999988,1,4.77696
13084.8026,8.0499000000018,1,4.784128
13092.7723,7.96969999999965,1,4.7872
13101.7789,9.0065999999988,1,4.789248
13109.7456,7.96670000000086,1,4.779008
13117.7937,8.04809999999998,1,4.779008
13126.76,8.96630000000005,1,4.793344
13134.7438,7.98379999999997,1,4.773888
13142.7512,8.00740000000042,1,4.781056
13151.8266,9.07539999999972,1,4.786176
13159.7388,7.91219999999885,1,4.791296
13167.7775,8.03870000000097,1,4.775936
13176.745,8.96750000000065,1,4.786176
13184.8079,8.06289999999899,1,4.78208
13192.8884,8.08050000000003,1,4.791296
13201.7828,8.89440000000104,1,4.785152
13209.7553,7.97249999999985,1,4.795392
13217.8039,8.04860000000008,1,4.774912
13226.7476,8.94369999999981,1,4.790272
13234.7276,7.97999999999956,1,4.78208
13242.7338,8.00619999999981,1,4.774912
13251.833,9.09920000000056,1,4.779008
13259.85,8.01699999999983,1,4.793344
13267.79,7.94000000000051,1,4.793344
13276.7897,8.99969999999848,1,4.777984
13284.8042,8.01450000000114,1,4.790272
13292.825,8.02080000000024,1,4.781056
13301.73,8.90499999999884,1,4.78208
13309.7408,8.01080000000002,1,4.783104
13317.7743,8.03349999999955,1,4.77184
13326.7514,8.97710000000006,1,4.798464
13334.7619,8.01050000000032,1,4.777984
13342.7375,7.97559999999976,1,4.78208
13351.7418,9.00430000000051,1,4.780032
13359.7394,7.9976000000006,1,4.800512
13367.8178,8.07840000000033,1,4.781056
13376.7719,8.95409999999902,1,4.7872
13384.8175,8.04559999999947,1,4.78208
13392.741,7.92350000000079,1,4.79232
13401.7438,9.00280000000021,1,4.779008
13409.7248,7.98099999999977,1,4.775936
13417.8167,8.09189999999944,1,4.780032
13426.7667,8.95000000000073,1,4.789248
13434.7488,7.98209999999926,1,4.800512
13442.8313,8.08250000000044,1,4.777984
13451.9071,9.07580000000053,1,4.775936
13459.7536,7.84649999999965,1,4.793344
13467.7467,7.99309999999969,1,4.780032
13476.7214,8.97470000000067,1,4.779008
13484.8373,8.11589999999887,1,4.779008
13492.7405,7.90320000000065,1,4.800512
13501.7855,9.04500000000007,1,4.773888
13509.8719,8.08640000000014,1,4.783104
13517.8325,7.96060000000034,1,5.031936
13526.774,8.941499999999,1,4.789248
13534.7348,7.96080000000075,1,4.770816
13542.7748,8.03999999999905,1,4.769792
13551.7935,9.01870000000054,1,4.789248
13559.2732,7.47969999999987,1,4.784128
13567.7904,8.51720000000023,1,4.784128
13576.8349,9.04449999999997,1,4.77184
13584.8134,7.97849999999926,1,4.781056
13592.8662,8.0528000000013,1,4.786176
13601.7666,8.90040000000045,1,4.79232
13609.7902,8.02359999999862,1,4.777984
13617.7898,7.99960000000101,1,4.777984
13626.787,8.99719999999979,1,4.795392
13634.7493,7.96229999999923,1,4.78208
13642.7721,8.02280000000064,1,4.775936
13651.8498,9.07769999999982,1,4.783104
13659.7855,7.9357,1,4.790272
13667.8998,8.11429999999928,1,4.79232
13676.7853,8.88550000000032,1,4.774912
13684.8141,8.02880000000005,1,4.779008
13692.7745,7.96039999999994,1,4.790272
13701.7359,8.96140000000014,1,4.77696
13709.7795,8.04360000000088,1,4.781056
13717.8529,8.07339999999931,1,4.790272
13726.7661,8.91320000000087,1,4.780032
13734.7919,8.02579999999944,1,4.77184
13742.7831,7.99120000000039,1,4.77696
13751.8147,9.03160000000025,1,4.789248
13759.7491,7.9344000000001,1,4.79232
13767.809,8.05989999999838,1,4.78208
13776.7635,8.95449999999983,1,4.79744
13784.8189,8.0554000000011,1,4.784128
13792.7883,7.96939999999995,1,4.775936
13801.7824,8.99409999999989,1,4.763648
13809.7462,7.96379999999954,1,4.784128
13817.86,8.11380000000099,1,4.784128
13826.8038,8.9437999999991,1,4.780032
13834.8443,8.04050000000097,1,4.796416
13842.7794,7.93509999999878,1,4.78208
13851.814,9.03460000000086,1,4.786176
13859.8693,8.05529999999999,1,4.79744
13867.872,8.00269999999909,1,4.773888
13876.8535,8.98149999999987,1,4.796416
13884.8167,7.96320000000014,1,4.79232
13892.7694,7.95269999999982,1,4.791296
13901.7578,8.98840000000018,1,4.781056
13909.7742,8.01640000000043,1,4.786176
13917.7781,8.0038999999997,1,4.779008
13926.8355,9.05739999999969,1,4.79232
13934.7788,7.94330000000082,1,4.79744
13942.793,8.01419999999962,1,4.772864
13951.8068,9.01380000000063,1,4.772864
13959.7983,7.99150000000009,1,4.795392
13967.778,7.97969999999987,1,4.781056
13976.799,9.02100000000064,1,4.78208
13984.8526,8.05359999999928,1,4.775936
13992.7769,7.92430000000058,1,4.791296
14001.7788,9.0018999999993,1,4.773888
14009.7658,7.98699999999917,1,4.80768
14017.778,8.01220000000103,1,5.044224
14026.7728,8.9948000000004,1,4.777984
14034.7544,7.98159999999916,1,4.77696
14042.8549,8.10050000000047,1,4.943872
14051.8998,9.04489999999896,1,4.781056
14059.7677,7.8679000000011,1,4.798464
14067.8043,8.03659999999945,1,4.77696
14076.7513,8.94700000000012,1,4.786176
14084.8322,8.08090000000084,1,4.786176
14092.7665,7.93429999999898,1,4.799488
14101.7516,8.98509999999987,1,4.774912
14109.7309,7.97930000000088,1,4.798464
14117.8556,8.1247000000003,1,4.780032
14126.7796,8.92399999999907,1,4.790272
14134.7936,8.01400000000103,1,4.783104
14142.7488,7.95519999999851,1,4.777984
14151.8847,9.13590000000113,1,4.784128
14159.7624,7.87769999999909,1,4.796416
14167.81,8.04759999999987,1,4.781056
14176.8211,9.01109999999971,1,4.77696
14184.7997,7.97860000000037,1,5.045248
14192.8361,8.03640000000087,1,4.777984
14201.7484,8.91229999999996,1,4.7872
14209.9278,8.17939999999908,1,4.788224
14217.8069,7.87910000000011,1,4.789248
14226.7972,8.9903000000013,1,4.791296
14234.7564,7.95919999999933,1,4.78208
14242.8074,8.05099999999948,1,4.784128
14251.8105,9.0030999999999,1,4.780032
14259.8145,8.00400000000081,1,4.795392
14267.7919,7.97739999999976,1,4.789248
14276.7791,8.98719999999958,1,4.786176
14284.7854,8.00630000000092,1,4.779008
14292.7557,7.97029999999904,1,4.789248
14301.7584,9.00270000000091,1,4.7872
14309.7792,8.02080000000024,1,4.783104
14317.7945,8.01529999999912,1,4.781056
14326.7608,8.96630000000005,1,4.790272
14334.7437,7.98290000000088,1,4.784128
14342.7988,8.05509999999958,1,4.774912
14351.774,8.97519999999895,1,4.779008
14359.77,7.996000000001,1,4.79232
14367.7444,7.97439999999915,1,4.790272
14376.8761,9.13169999999991,1,4.784128
14384.8543,7.97820000000138,1,4.794368
14392.7718,7.91749999999956,1,4.786176
14401.7246,8.95279999999912,1,4.783104
14409.7483,8.02369999999974,1,4.779008
14417.834,8.08570000000145,1,4.775936
14426.766,8.93199999999888,1,4.80256
14434.8265,8.06049999999959,1,4.789248
14442.7937,7.96720000000096,1,4.78208
14451.8882,9.09449999999924,1,4.786176
14459.7731,7.88490000000093,1,4.79744
14467.7984,8.02529999999933,1,4.762624
14476.8003,9.00190000000111,1,4.777984
14484.7745,7.97419999999875,1,4.773888
14492.8473,8.07279999999992,1,4.781056
14501.8002,8.95290000000023,1,4.794368
14509.7771,7.97689999999966,1,4.779008
14517.7795,8.00240000000122,1,4.77696
14526.7739,8.99439999999959,1,4.793344
14534.7851,8.01119999999901,1,4.781056
14542.7701,7.98500000000058,1,4.790272
14551.8388,9.06869999999981,1,4.784128
14559.3136,7.47479999999996,1,4.791296
14567.8501,8.53650000000016,1,4.783104
14576.7902,8.9400999999998,1,4.78208
14584.7976,8.00740000000042,1,4.775936
14592.8391,8.04149999999936,1,4.788224
14601.8085,8.96939999999995,1,4.790272
14609.8511,8.04260000000068,1,4.783104
14617.8207,7.96960000000036,1,4.793344
14626.832,9.01130000000012,1,4.786176
14634.8136,7.98159999999916,1,4.781056
14642.7877,7.97410000000127,1,4.774912
14651.9217,9.13400000000001,1,4.77696
14659.7975,7.8757999999998,1,4.794368
14667.8655,8.0679999999993,1,4.783104
14676.8013,8.93579999999929,1,4.786176
14684.8627,8.0614000000005,1,5.033984
14692.8506,7.98790000000008,1,4.76672
14701.7976,8.94700000000012,1,4.786176
14709.7744,7.97680000000037,1,4.790272
14717.9289,8.15450000000055,1,5.039104
14726.7964,8.86749999999847,1,4.798464
14734.7909,7.9945000000007,1,4.786176
14742.7696,7.97869999999966,1,4.783104
14751.8486,9.07899999999972,1,4.939776
14759.7882,7.93960000000152,1,4.773888
14767.8358,8.04759999999987,1,4.785152
14776.7743,8.93849999999838,1,4.796416
14784.9491,8.17480000000069,1,4.786176
14792.8608,7.91170000000056,1,4.783104
14801.8075,8.94670000000042,1,4.788224
14809.8657,8.05819999999949,1,4.784128
14817.8465,7.98079999999936,1,4.788224
14826.795,8.94850000000042,1,4.786176
14834.8075,8.01250000000073,1,4.793344
14842.7563,7.9487999999983,1,4.78208
14851.8162,9.0599000000002,1,4.788224
14859.8202,8.00400000000081,1,4.798464
14867.9546,8.134399999999,1,4.77696
14876.9205,8.96590000000106,1,4.793344
14884.9393,8.01879999999983,1,4.793344
14892.8434,7.90409999999974,1,4.7872
14901.8101,8.96670000000086,1,4.77696
14909.8151,8.0049999999992,1,4.777984
14917.8221,8.00699999999961,1,4.780032
14926.7875,8.96540000000095,1,4.789248
14934.777,7.98949999999968,1,4.783104
14942.8865,8.10950000000048,1,4.774912
14951.8129,8.92640000000029,1,4.79232
14959.816,8.0030999999999,1,4.801536
14967.7682,7.95219999999972,1,4.784128
14976.9397,9.17150000000038,1,4.784128
14984.9151,7.97539999999935,1,4.777984
14992.8983,7.98320000000058,1,4.781056
15001.853,8.95469999999841,1,4.789248
15009.7807,7.92770000000019,1,4.784128
15017.8642,8.08350000000064,1,5.037056
15026.7868,8.92259999999987,1,4.786176
15034.7886,8.0018,1,4.774912
15042.766,7.97739999999976,1,4.780032
15051.9028,9.13680000000022,1,4.916224
15059.788,7.88520000000062,1,4.796416
15067.8159,8.02789999999914,1,4.772864
15076.7718,8.95590000000084,1,4.788224
15084.8369,8.0650999999998,1,4.779008
15092.801,7.96409999999923,1,4.788224
15101.8084,9.00740000000042,1,4.783104
15109.8712,8.0627999999997,1,4.789248
15117.8244,7.95319999999992,1,4.781056
15126.7751,8.95070000000123,1,4.796416
15134.781,8.00590000000011,1,4.78208
15142.7358,7.95479999999952,1,4.779008
15151.796,9.0601999999999,1,4.7872
15159.8574,8.0614000000005,1,4.786176
15167.8251,7.96769999999924,1,4.785152
15176.7977,8.97259999999915,1,4.775936
15184.8022,8.00450000000092,1,4.77696
15192.9279,8.12570000000051,1,4.780032
15201.8377,8.90979999999945,1,4.784128
15209.803,7.96529999999984,1,4.790272
15217.818,8.01499999999942,1,4.773888
15226.8583,9.04030000000057,1,4.791296
15234.7749,7.91660000000047,1,4.7872
15242.925,8.15009999999893,1,4.775936
15251.928,9.00300000000061,1,4.777984
15259.8123,7.88429999999971,1,4.79232
15267.9025,8.09020000000055,1,4.779008
15276.8697,8.96719999999914,1,4.78208
15284.8595,7.9898000000012,1,4.788224
15292.8906,8.03110000000015,1,4.7872
15301.7615,8.87089999999989,1,4.789248
15309.7872,8.02570000000014,1,4.786176
15317.8689,8.08169999999882,1,4.78208
15326.7814,8.91250000000036,1,4.789248
15334.7921,8.01070000000072,1,4.779008
15342.7804,7.98829999999907,1,4.784128
15351.8314,9.05099999999948,1,4.77184
15359.7752,7.94380000000092,1,4.78208
15367.7923,8.01709999999912,1,4.781056
15376.7867,8.99440000000141,1,4.779008
15384.8657,8.07899999999972,1,4.784128
15392.8323,7.96659999999974,1,4.78208
15401.8034,8.97110000000066,1,4.788224
15409.7732,7.96979999999894,1,4.779008
15417.9065,8.13329999999951,1,4.773888
15426.8464,8.93990000000122,1,4.794368
15434.7814,7.93499999999949,1,4.784128
15442.886,8.10460000000057,1,4.786176
15451.9875,9.10149999999885,1,4.775936
15459.8496,7.86210000000028,1,4.794368
15467.8194,7.96980000000076,1,4.77696
15476.7947,8.97530000000006,1,4.784128
15484.8256,8.03089999999975,1,5.04832
15492.8067,7.98109999999906,1,4.779008
15501.8176,9.01090000000113,1,4.795392
15509.8082,7.99059999999918,1,4.78208
15517.8072,7.9989999999998,1,4.777984
15526.8034,8.99620000000141,1,4.791296
15534.7761,7.97269999999844,1,4.788224
15542.8458,8.06970000000001,1,4.788224
15551.8567,9.01090000000113,1,4.784128
15559.3342,7.47749999999905,1,4.794368
15567.8283,8.49409999999989,1,4.779008
15576.816,8.9877000000015,1,4.773888
15584.8398,8.02379999999903,1,5.037056
15592.8077,7.96789999999964,1,4.773888
15601.9135,9.10580000000118,1,4.783104
15609.874,7.96049999999923,1,5.05344
15617.9454,8.07140000000072,1,4.785152
15626.844,8.89859999999862,1,4.788224
15634.8217,7.97770000000128,1,4.780032
15642.7896,7.96789999999964,1,4.781056
15651.7973,9.00770000000011,1,4.7872
15659.7914,7.99409999999989,1,4.786176
15667.8147,8.02330000000075,1,4.773888
15676.8073,8.99259999999958,1,4.79744
15684.8885,8.08119999999872,1,4.777984
15692.9017,8.01320000000123,1,4.785152
15701.9224,9.02069999999912,1,4.774912
15709.8097,7.88730000000032,1,4.78208
15717.8785,8.06880000000092,1,4.774912
15726.8409,8.96239999999852,1,4.7872
15734.8275,7.98660000000018,1,4.783104
15742.8031,7.97559999999976,1,4.77696
15751.8793,9.07620000000134,1,4.780032
15759.8042,7.92489999999998,1,4.79744
15767.9517,8.14749999999913,1,4.793344
15777.0137,9.0619999999999,1,4.779008
15784.9327,7.91899999999987,1,4.775936
15792.9254,7.9927000000007,1,4.780032
15801.8404,8.91499999999905,1,4.791296
15809.7663,7.92590000000018,1,4.78208
15817.8695,8.10320000000138,1,4.781056
15826.9554,9.08590000000004,1,4.795392
15834.9071,7.95169999999962,1,4.794368
15842.8808,7.97370000000046,1,4.785152
15851.8514,8.97059999999874,1,4.774912
15859.8422,7.99079999999958,1,4.78208
15867.9214,8.07920000000013,1,4.774912
15876.8957,8.97429999999986,1,4.798464
15884.8359,7.94020000000091,1,4.786176
15892.9231,8.08719999999994,1,4.774912
15901.8805,8.95739999999932,1,4.794368
15909.8578,7.97730000000047,1,4.783104
15917.8966,8.03880000000026,1,4.769792
15926.8261,8.92950000000019,1,4.788224
15934.7919,7.96579999999994,1,4.785152
15942.928,8.13609999999971,1,4.781056
15951.9489,9.02089999999953,1,4.789248
15959.8649,7.91600000000108,1,4.795392
15967.8563,7.99139999999898,1,4.790272
15976.8425,8.98620000000119,1,4.781056
15984.8303,7.98779999999897,1,4.789248
15992.8397,8.00940000000082,1,4.780032
16001.8707,9.03099999999904,1,4.786176
16009.8267,7.95600000000013,1,4.786176
16017.8714,8.04470000000038,1,4.784128
16026.8176,8.94620000000032,1,4.793344
16034.8015,7.98389999999927,1,4.788224
16042.8516,8.05010000000038,1,4.777984
16051.8813,9.02969999999914,1,4.788224
16059.877,7.99570000000131,1,4.77696
16067.8944,8.01739999999882,1,4.76672
16076.8081,8.91370000000097,1,4.779008
16084.8695,8.0614000000005,1,4.78208
16092.8402,7.97069999999985,1,4.780032
16101.8407,9.0005000000001,1,4.7872
16109.8942,8.05349999999999,1,4.79232
16117.8601,7.96589999999924,1,4.783104
16126.8986,9.03850000000057,1,4.791296
16134.8047,7.90610000000015,1,4.78208
16142.8233,8.01859999999942,1,4.785152
16151.8616,9.03830000000016,1,4.779008
16159.8279,7.96630000000005,1,4.777984
16167.8282,8.0002999999997,1,4.77696
16176.8987,9.07049999999981,1,4.788224
16184.8411,7.94239999999991,1,4.791296
16192.8779,8.03679999999986,1,4.788224
16201.8712,8.99330000000009,1,4.78208
16209.8427,7.97149999999965,1,4.783104
16217.9565,8.11380000000099,1,4.78208
16226.903,8.94650000000001,1,4.785152
16234.8532,7.95019999999931,1,4.798464
16242.8102,7.95700000000033,1,4.77696
16251.8445,9.03429999999935,1,4.77696
16259.8172,7.97270000000026,1,4.786176
16267.8552,8.03800000000047,1,4.784128
16276.8157,8.96049999999923,1,4.785152
16284.9084,8.09270000000106,1,4.784128
16292.8806,7.97220000000016,1,4.794368
16301.8545,8.97389999999905,1,4.791296
16309.8427,7.98819999999978,1,4.779008
16317.8837,8.04100000000108,1,4.79232
16326.889,9.0052999999989,1,4.793344
16334.8824,7.9934000000012,1,4.774912
16342.78,7.89760000000024,1,4.773888
16351.8537,9.07369999999901,1,4.788224
16359.7764,7.92270000000099,1,4.795392
16367.8579,8.08150000000023,1,4.780032
16376.8934,9.03549999999996,1,4.7872
16384.8315,7.93809999999939,1,4.794368
16392.9173,8.08580000000075,1,4.783104
16401.8165,8.89919999999984,1,4.791296
16409.8168,8.0002999999997,1,4.788224
16417.8359,8.01909999999771,1,4.779008
16426.8215,8.98559999999998,1,4.780032
16434.8464,8.02490000000034,1,4.779008
16442.8834,8.03700000000026,1,4.791296
16451.9236,9.04019999999946,1,4.789248
16459.9307,8.00710000000254,1,4.780032
16467.8095,7.87879999999859,1,4.790272
16476.8941,9.08460000000196,1,4.78208
16484.9619,8.06779999999708,1,4.7872
16492.8202,7.85829999999987,1,4.789248
16501.8938,9.07360000000335,1,4.783104
16509.8162,7.92239999999947,1,4.788224
16517.8998,8.08359999999811,1,4.784128
16526.8243,8.92450000000099,1,4.79744
16534.8069,7.98259999999937,1,4.793344
16542.9155,8.10859999999957,1,4.785152
16551.9089,8.99339999999938,1,4.794368
16559.4236,7.51469999999972,1,4.783104
16568.376,8.95240000000194,1,4.781056
16575.8288,7.45279999999912,1,4.7872
16584.9167,9.08790000000226,1,4.779008
16592.8961,7.97940000000017,1,4.785152
16601.8893,8.99319999999716,1,4.785152
16609.8163,7.92699999999968,1,4.78208
16617.9534,8.13709999999992,1,4.795392
16627.0581,9.10469999999987,1,4.791296
16634.8369,7.77880000000005,1,4.786176
16642.9583,8.12139999999999,1,4.783104
16651.8681,8.90980000000127,1,4.79232
16659.8584,7.9903000000013,1,4.798464
16667.8493,7.99090000000069,1,4.783104
16676.8328,8.98349999999846,1,4.772864
16684.8701,8.03729999999996,1,4.793344
16692.8163,7.9461999999985,1,4.785152
16701.8318,9.01550000000134,1,4.781056
16709.8772,8.04539999999906,1,4.774912
16717.8542,7.97700000000259,1,4.781056
16726.8934,9.03919999999925,1,4.790272
16734.8665,7.97309999999925,1,4.791296
16742.9687,8.10220000000118,1,4.781056
16751.9161,8.94739999999729,1,4.78208
16759.8694,7.95330000000104,1,4.790272
16767.912,8.04260000000068,1,4.781056
16776.9054,8.99339999999938,1,4.790272
16784.8995,7.99409999999989,1,4.777984
16792.9069,8.00740000000224,1,4.785152
16801.9329,9.02599999999802,1,4.795392
16809.8223,7.88940000000002,1,4.791296
16818.0275,8.20520000000033,1,4.769792
16825.8352,7.8077000000012,1,4.79232
16834.8667,9.03149999999732,1,4.783104
16842.8499,7.9832000000024,1,4.784128
16851.916,9.06610000000001,1,4.788224
16859.9506,8.03459999999905,1,4.783104
16867.8425,7.89189999999871,1,4.783104
16876.8468,9.00430000000051,1,4.78208
16884.8522,8.00540000000183,1,4.7872
16892.8433,7.99109999999928,1,4.7872
16901.9417,9.09839999999895,1,4.781056
16909.856,7.91430000000037,1,4.791296
16917.8982,8.04219999999987,1,5.03808
16926.8203,8.92209999999977,1,4.790272
16934.8584,8.03810000000158,1,4.783104
16942.8377,7.97929999999906,1,4.783104
16951.9194,9.08169999999882,1,4.78208
16959.8246,7.90520000000106,1,4.785152
16967.9233,8.09869999999864,1,4.783104
16976.8379,8.91460000000006,1,4.789248
16984.8689,8.03100000000268,1,4.781056
16992.8151,7.9461999999985,1,4.786176
17002.0093,9.19420000000173,1,4.783104
17010.3608,8.35149999999703,1,4.774912
17017.9761,7.6153000000013,1,4.784128
17026.8345,8.85840000000098,1,4.786176
17034.8227,7.98819999999978,1,4.7872
17042.8164,7.99369999999908,1,4.774912
17051.9015,9.08510000000024,1,4.784128
17059.8737,7.97220000000016,1,4.790272
17067.8669,7.9932000000008,1,4.786176
17076.8753,9.0083999999988,1,4.790272
17084.8659,7.990600000001,1,4.781056
17092.8421,7.97620000000097,1,4.786176
17101.8317,8.98959999999715,1,4.785152
17109.8758,8.0441000000028,1,4.777984
17117.8867,8.01089999999749,1,4.79232
17126.9149,9.02820000000065,1,4.775936
17134.8248,7.90989999999874,1,4.791296
17142.8431,8.01829999999973,1,4.783104
17151.8445,9.00140000000101,1,4.789248
17159.8354,7.99090000000069,1,4.791296
17167.8251,7.98969999999827,1,4.77184
17176.8814,9.05630000000019,1,4.781056
17184.946,8.06460000000152,1,4.790272
17192.9114,7.96540000000095,1,4.793344
17201.8439,8.93249999999898,1,4.784128
17209.8298,7.98589999999967,1,4.779008
17217.8629,8.03310000000056,1,4.775936
17226.8305,8.96759999999995,1,4.794368
17234.8282,7.9976999999999,1,4.781056
17242.8286,8.00040000000081,1,4.784128
17251.952,9.1234000000004,1,4.777984
17259.8714,7.91939999999886,1,4.788224
17267.9776,8.10619999999835,1,4.785152
17276.925,8.94740000000093,1,4.773888
17284.9043,7.97929999999906,1,4.775936
17292.8974,7.99310000000332,1,4.796416
17301.8454,8.94799999999668,1,4.78208
17309.8488,8.00340000000142,1,4.783104
17317.9164,8.06759999999849,1,4.78208
17326.8428,8.92640000000029,1,4.789248
17334.8208,7.97800000000279,1,4.779008
17342.8638,8.04299999999785,1,4.781056
17351.8474,8.98359999999957,1,4.785152
17359.8221,7.97470000000249,1,4.796416
17367.808,7.98589999999967,1,4.77696
17376.8609,9.05289999999877,1,4.774912
17384.8936,8.03269999999975,1,4.780032
17392.8229,7.92929999999978,1,4.791296
17401.8811,9.05819999999949,1,4.780032
17409.8438,7.96270000000004,1,4.798464
17417.912,8.06820000000153,1,4.780032
17426.8208,8.90880000000107,1,4.777984
17434.8204,7.99959999999919,1,4.780032
17442.8232,8.00279999999839,1,4.781056
17452.0259,9.20270000000164,1,4.775936
17459.8495,7.82359999999971,1,4.791296
17467.8527,8.0031999999992,1,4.779008
17476.8232,8.97049999999945,1,4.781056
17484.8928,8.06960000000254,1,5.03296
17492.8556,7.96279999999751,1,4.791296
17501.8871,9.03150000000096,1,4.791296
17509.848,7.96090000000186,1,4.784128
17517.9623,8.11429999999746,1,4.781056
17526.8729,8.91059999999925,1,4.793344
17534.8229,7.95000000000073,1,4.786176
17542.9147,8.09180000000197,1,4.777984
17551.8548,8.9400999999998,1,4.923392
17559.7178,7.86299999999756,1,4.78208
17567.3817,7.6639000000032,1,4.78208
17575.8534,8.47169999999824,1,4.786176
17584.8935,9.04009999999835,1,4.777984
17592.8868,7.99330000000191,1,4.785152
17601.8357,8.94889999999941,1,4.780032
17609.8385,8.00280000000203,1,4.783104
17617.8573,8.01879999999801,1,4.789248
17626.9689,9.11160000000018,1,4.794368
17634.8568,7.88790000000154,1,4.785152
17642.8818,8.02499999999782,1,4.785152
17651.8764,8.99460000000181,1,4.783104
17659.8576,7.98119999999835,1,4.799488
17667.8521,7.9945000000007,1,4.772864
17676.9256,9.0734999999986,1,4.777984
17685.055,8.12940000000162,1,4.784128
17692.9737,7.91869999999835,1,4.783104
17701.8844,8.91070000000036,1,4.786176
17709.8495,7.96510000000126,1,4.779008
17717.9508,8.10129999999845,1,4.775936
17726.8472,8.89640000000145,1,4.796416
17734.8375,7.9903000000013,1,4.784128
17742.8624,8.02490000000034,1,4.783104
17751.9454,9.08299999999872,1,4.784128
17759.8449,7.89949999999953,1,4.79232
17767.8966,8.05169999999998,1,4.779008
17776.8577,8.96110000000044,1,4.779008
17784.9486,8.09089999999924,1,4.777984
17792.8833,7.93470000000161,1,4.788224
17801.8649,8.98159999999916,1,4.789248
17809.8295,7.96459999999934,1,4.780032
17817.929,8.09950000000026,1,4.780032
17826.833,8.90399999999863,1,4.788224
17834.8426,8.00960000000123,1,4.783104
17842.8199,7.97729999999865,1,4.781056
17851.9471,9.12720000000263,1,4.773888
17859.94,7.99289999999746,1,4.793344
17868.0136,8.07359999999971,1,4.78208
17875.9443,7.9307000000008,1,4.791296
17884.885,8.9406999999992,1,4.772864
17892.8309,7.94590000000244,1,4.786176
17901.8758,9.04490000000078,1,4.774912
17909.8864,8.01059999999779,1,4.7872
17917.89,8.00360000000001,1,4.774912
17926.8681,8.97810000000027,1,4.796416
17934.8337,7.96559999999954,1,4.785152
17942.8819,8.04820000000109,1,4.779008
17951.8816,8.9997000000003,1,4.784128
17959.9234,8.04179999999906,1,4.786176
17967.8662,7.94280000000072,1,4.794368
17976.852,8.98579999999856,1,4.765696
17984.8552,8.00320000000283,1,4.77696
17992.8445,7.98929999999746,1,4.788224
18001.8383,8.99380000000019,1,4.773888
18009.8526,8.01429999999891,1,4.785152
18017.9474,8.09480000000258,1,4.780032
18026.87,8.92259999999806,1,4.788224
18034.8722,8.00220000000263,1,4.779008
18042.8265,7.9542999999976,1,4.779008
18051.9179,9.09140000000116,1,4.786176
18059.8504,7.93249999999898,1,4.79744
18067.8729,8.02249999999913,1,4.784128
18076.8719,8.9989999999998,1,4.777984
18084.9358,8.06390000000101,1,4.77696
18092.868,7.93219999999928,1,4.795392
18101.8438,8.97580000000016,1,4.786176
18109.8435,7.9997000000003,1,4.785152
18117.9236,8.08009999999922,1,4.777984
18127.0132,9.08960000000297,1,4.799488
18134.8802,7.86699999999837,1,4.781056
18142.9969,8.11669999999867,1,4.7872
18151.8718,8.87490000000253,1,4.777984
18159.8477,7.97589999999764,1,4.791296
18167.8674,8.01970000000074,1,4.777984
18176.8554,8.98800000000119,1,4.780032
18184.9157,8.06030000000101,1,4.785152
18192.9302,8.0144999999975,1,4.788224
18201.8802,8.95000000000073,1,4.785152
18209.8686,7.988400000002,1,4.774912
18217.879,8.01039999999921,1,5.041152
18226.8607,8.98170000000027,1,4.76672
18234.8401,7.97940000000017,1,4.781056
18242.9381,8.09799999999814,1,4.948992
18251.8878,8.94970000000103,1,4.781056
18259.9149,8.02709999999934,1,4.795392
18267.8404,7.92550000000119,1,4.781056
18276.8929,9.05249999999796,1,4.78208
18284.9551,8.0622000000003,1,4.775936
18292.8842,7.9291000000012,1,4.796416
18301.8761,8.9919000000009,1,4.795392
18309.8386,7.96249999999782,1,4.783104
18317.9215,8.08290000000125,1,4.781056
18326.8436,8.92209999999977,1,4.799488
18334.804,7.96039999999994,1,4.779008
18342.8281,8.02409999999873,1,4.779008
18351.8776,9.04950000000099,1,4.7872
18359.8336,7.95600000000195,1,4.798464
18367.8634,8.02979999999661,1,4.789248
18376.8626,8.99920000000202,1,4.783104
18384.9322,8.0695999999989,1,4.775936
18392.8878,7.95560000000114,1,4.784128
18401.9136,9.02579999999944,1,4.779008
18409.8468,7.93319999999949,1,4.788224
18417.8944,8.04760000000169,1,4.779008
18426.8414,8.94700000000012,1,4.795392
18434.8566,8.015199999998,1,4.78208
18442.8439,7.98730000000069,1,4.791296
18451.9612,9.11730000000171,1,4.79232
18459.9632,8.00199999999677,1,4.7872
18467.9117,7.94850000000224,1,4.785152
18476.8096,8.89789999999994,1,4.79744
18484.8646,8.05500000000029,1,4.780032
18492.8043,7.93969999999899,1,4.783104
18501.8601,9.05580000000191,1,4.773888
18509.8624,8.0023000000001,1,4.77696
18517.9041,8.04169999999795,1,4.77696
18526.8712,8.96710000000166,1,4.786176
18534.8385,7.96730000000025,1,4.77696
18542.863,8.02449999999953,1,4.77696
18551.8975,9.03449999999793,1,4.779008
18559.4119,7.51440000000002,1,4.79232
18567.9111,8.49920000000202,1,4.779008
18576.9415,9.03039999999964,1,4.770816
18584.9104,7.96889999999985,1,4.793344
18592.9089,7.99849999999788,1,4.79232
18601.8554,8.94650000000183,1,4.786176
18609.8632,8.00779999999941,1,4.791296
18617.8975,8.03429999999935,1,4.785152
18626.8962,8.9987000000001,1,4.790272
18635.049,8.15279999999984,1,4.784128
18642.9187,7.86969999999928,1,4.770816
18651.9397,9.02100000000064,1,4.796416
18659.877,7.93730000000141,1,4.790272
18667.8933,8.01629999999932,1,4.777984
18676.8708,8.97750000000087,1,4.768768
18684.9184,8.04759999999806,1,4.788224
18692.9454,8.02700000000186,1,4.783104
18701.8825,8.93709999999919,1,4.78208
18709.8657,7.98319999999876,1,4.788224
18717.9317,8.06600000000253,1,4.779008
18726.8705,8.9387999999999,1,4.791296
18734.9115,8.04099999999744,1,4.7872
18742.8727,7.96120000000155,1,4.784128
18751.9416,9.06889999999839,1,4.785152
18759.8593,7.91770000000179,1,4.788224
18767.8873,8.02799999999843,1,4.786176
18776.8501,8.96280000000115,1,4.772864
18784.933,8.08290000000125,1,4.767744
18792.8708,7.9377999999997,1,4.783104
18801.9696,9.09879999999976,1,4.783104
18809.9848,8.015199999998,1,4.795392
18817.933,7.94820000000254,1,4.785152
18826.8851,8.95209999999861,1,4.788224
18834.8543,7.96919999999955,1,4.785152
18842.8779,8.02360000000044,1,4.773888
18851.9428,9.06490000000122,1,4.781056
18859.8585,7.91569999999774,1,4.793344
18867.9681,8.10959999999977,1,4.77696
18876.9217,8.95360000000073,1,4.795392
18884.8947,7.97300000000178,1,4.78208
18892.875,7.98029999999926,1,4.788224
18901.8606,8.98559999999998,1,4.784128
18909.9213,8.06070000000182,1,4.775936
18917.9592,8.03789999999935,1,4.790272
18926.9275,8.96830000000045,1,4.773888
18934.8638,7.93629999999757,1,4.784128
18942.935,8.07120000000214,1,4.774912
18951.9003,8.96529999999984,1,4.775936
18959.8829,7.98259999999937,1,4.801536
18967.8518,7.96889999999985,1,4.779008
18976.9319,9.08009999999922,1,4.783104
18984.9028,7.97090000000026,1,4.791296
18992.9179,8.01510000000053,1,4.793344
19001.9842,9.06629999999859,1,4.779008
19009.8617,7.87750000000233,1,4.7872
19017.9655,8.10379999999714,1,4.780032
19027.0138,9.0483000000022,1,4.791296
19034.9848,7.97099999999773,1,4.794368
19042.9353,7.95050000000265,1,4.780032
19051.9362,9.00089999999909,1,4.774912
19059.8769,7.9406999999992,1,4.789248
19067.9347,8.05780000000232,1,4.775936
19076.8751,8.9403999999995,1,4.790272
19084.9119,8.03679999999804,1,4.773888
19092.8621,7.95019999999931,1,4.795392
19101.8848,9.02270000000135,1,4.786176
19109.8527,7.96789999999964,1,4.784128
19117.9076,8.05489999999918,1,4.774912
19126.8904,8.98280000000159,1,4.79232
19134.9488,8.05839999999807,1,4.775936
19142.9002,7.95140000000174,1,4.781056
19151.9192,9.01900000000023,1,4.777984
19159.8624,7.94320000000153,1,4.796416
19167.8908,8.02839999999924,1,4.784128
19176.8498,8.95899999999892,1,4.7872
19184.8975,8.04769999999917,1,4.78208
19192.8698,7.97230000000127,1,4.774912
19201.9692,9.09939999999915,1,4.785152
19209.9359,7.96670000000086,1,4.793344
19217.9214,7.98549999999886,1,4.780032
19226.8763,8.95490000000063,1,4.7872
19234.8899,8.01359999999841,1,4.779008
19242.8718,7.9819000000025,1,4.779008
19251.9982,9.12640000000101,1,4.775936
19259.9317,7.93349999999919,1,4.79744
19267.9013,7.96960000000036,1,4.779008
19276.8932,8.99189999999726,1,4.785152
19284.935,8.0418000000027,1,4.773888
19292.9483,8.01329999999871,1,4.788224
19301.9144,8.96610000000146,1,4.77696
19309.9073,7.99289999999746,1,4.780032
19317.9596,8.05229999999938,1,4.767744
19326.9092,8.94959999999992,1,4.788224
19334.9212,8.01200000000244,1,4.781056
19342.853,7.93179999999847,1,4.785152
19351.9193,9.06630000000223,1,4.773888
19359.8785,7.95919999999751,1,4.7872
19367.8518,7.97330000000147,1,4.784128
19376.8712,9.01940000000104,1,4.789248
19384.9186,8.04739999999947,1,4.78208
19392.8655,7.946899999999,1,4.79232
19401.8706,9.00509999999849,1,4.784128
19410.0033,8.13270000000193,1,4.78208
19418.1004,8.09709999999905,1,4.78208
19426.0367,7.93630000000121,1,4.7872
19435.0796,9.04290000000037,1,4.779008
19443.137,8.05739999999787,1,4.777984
19451.0697,7.9327000000012,1,4.791296
19460.0423,8.97260000000097,1,4.784128
19468.0332,7.99090000000069,1,4.7872
19475.9768,7.9435999999987,1,4.788224
19484.9731,8.99629999999888,1,4.798464
19493.0685,8.09540000000197,1,4.784128
19501.0387,7.97019999999975,1,4.784128
19510.0016,8.96289999999863,1,4.789248
19518.0491,8.04750000000058,1,4.791296
19525.9825,7.93339999999807,1,4.781056
19535.0237,9.0412000000033,1,4.795392
19543.0254,8.00169999999707,1,4.790272
19550.9998,7.97440000000279,1,4.79232
19559.5481,8.54829999999856,1,4.799488
19568.0629,8.51480000000083,1,4.793344
19576.0516,7.98869999999806,1,4.790272
19585.0554,9.00380000000223,1,4.789248
19593.0894,8.03399999999965,1,4.7872
19601.052,7.96259999999893,1,4.790272
19610.0491,8.9971000000005,1,4.783104
19618.0281,7.97899999999936,1,4.764672
19626.0798,8.05169999999998,1,4.77184
19635.1242,9.04439999999886,1,4.775936
19643.0185,7.89429999999993,1,4.789248
19651.0009,7.98240000000078,1,4.796416
19659.9688,8.96789999999964,1,4.788224
19667.9647,7.99590000000171,1,4.788224
19676.931,8.96630000000005,1,4.798464
19685.0104,8.07939999999871,1,4.789248
19692.98,7.96960000000036,1,4.791296
19702.0303,9.05029999999897,1,4.786176
19709.9777,7.94740000000093,1,4.784128
19717.993,8.01529999999912,1,4.783104
19726.9636,8.97060000000056,1,4.79232
19735.0119,8.0483000000022,1,4.788224
19742.9876,7.97569999999905,1,4.785152
19752.0135,9.02590000000055,1,4.788224
19759.8957,7.88220000000001,1,4.796416
19767.9201,8.02439999999842,1,4.781056
19776.9844,9.06430000000182,1,4.784128
19784.9399,7.95550000000003,