loaded count=2973002 degree=3 decode_ms=1315.2664 first_frame_ms=1490.4261
pose -0.0546509623527527 0.100226942449808 4.97627698270575 -0.0546509623527527 0.100226942449808 -0.0261414647102356
interaction duration_ms=20001.8759 accepted_presents=2401 render_calls=2401 fps=120.038740966291
time_ms,interval_ms,accepted,gpu_diagnostic_ms
0.3503,0.3503,1,4.399104
8.9764,8.6261,1,4.934656
17.9872,9.0108,1,4.401152
26.9493,8.9621,1,4.393984
34.9087,7.9594,1,4.399104
42.942,8.0333,1,4.39808
52.0179,9.0759,1,4.39808
59.9862,7.9683,1,4.402176
67.9705,7.9843,1,4.393984
76.9469,8.9764,1,4.395008
84.9965,8.0496,1,4.395008
92.9223,7.92580000000001,1,4.390912
101.9655,9.0432,1,4.397056
109.9534,7.9879,1,4.39808
118.0222,8.0688,1,4.391936
125.9429,7.9207,1,4.386816
134.9705,9.02759999999999,1,4.399104
142.9928,8.0223,1,4.39296
151.9239,8.93110000000001,1,4.396032
160.0352,8.1113,1,4.395008
167.9866,7.95140000000001,1,4.395008
176.9879,9.00129999999999,1,4.396032
184.9881,8.00020000000001,1,4.39296
192.9568,7.96869999999998,1,4.395008
201.8975,8.94070000000002,1,4.396032
209.9561,8.05859999999998,1,4.39808
217.9533,7.99720000000002,1,4.396032
226.9976,9.04429999999999,1,4.399104
234.9448,7.94719999999998,1,4.391936
243.1116,8.16680000000002,1,4.390912
251.0479,7.93629999999999,1,4.401152
260.0042,8.95630000000003,1,4.396032
267.9623,7.9581,1,4.402176
277.0299,9.06759999999997,1,4.400128
284.9761,7.94619999999998,1,4.395008
292.9675,7.9914,1,4.402176
301.9478,8.9803,1,4.39808
309.9792,8.03140000000002,1,4.400128
317.9978,8.01859999999999,1,4.399104
327.0288,9.03100000000001,1,4.395008
334.9388,7.91000000000003,1,4.399104
343.0421,8.10329999999999,1,4.401152
351.0229,7.98079999999999,1,4.39808
359.982,8.95910000000003,1,4.393984
367.9493,7.96729999999997,1,4.393984
376.9761,9.02679999999998,1,4.400128
385.0392,8.06310000000002,1,4.393984
392.9746,7.93540000000002,1,4.39808
402.0209,9.04629999999997,1,4.402176
409.9447,7.92380000000003,1,4.399104
417.9966,8.05189999999999,1,4.400128
426.9315,8.93490000000003,1,4.39296
435.095,8.1635,1,4.401152
442.9732,7.87819999999999,1,4.399104
451.9813,9.00809999999996,1,4.39296
459.4594,7.47810000000004,1,4.396032
468.4878,9.02839999999998,1,4.39808
476.0398,7.55200000000002,1,4.389888
485.0168,8.97699999999998,1,4.390912
492.9419,7.92509999999999,1,4.399104
502.0007,9.05880000000002,1,4.399104
510.0927,8.09199999999998,1,4.39296
517.9542,7.86150000000004,1,4.397056
526.9865,9.03229999999996,1,4.399104
534.9731,7.98660000000007,1,4.391936
542.9892,8.01609999999994,1,4.402176
552.0005,9.01130000000001,1,4.393984
559.9797,7.97919999999999,1,4.4032
567.9909,8.01120000000003,1,4.396032
577.028,9.03710000000001,1,4.391936
584.9288,7.9008,1,4.400128
593.0119,8.08309999999994,1,4.400128
600.9925,7.98059999999998,1,4.39808
610.0483,9.05580000000009,1,4.395008
617.9823,7.93399999999997,1,4.404224
627.0134,9.03110000000004,1,4.400128
634.9755,7.96209999999996,1,4.391936
643.0142,8.03869999999995,1,4.393984
651.0261,8.01190000000008,1,4.39808
659.9931,8.96699999999998,1,4.39808
667.9603,7.96719999999993,1,4.396032
677.0585,9.09820000000002,1,4.406272
685.0771,8.01859999999999,1,4.400128
693.0303,7.95320000000004,1,4.399104
701.169,8.13869999999997,1,4.400128
710.0139,8.84490000000005,1,4.39808
717.9945,7.98059999999998,1,4.390912
726.9625,8.96799999999996,1,4.400128
735.0166,8.05410000000006,1,4.401152
742.9906,7.97399999999993,1,4.406272
751.9658,8.97519999999997,1,4.399104
760.0038,8.03800000000001,1,4.395008
768.0014,7.99760000000003,1,4.39296
776.1051,8.1037,1,4.395008
785.0117,8.90660000000003,1,4.39808
792.9937,7.98199999999997,1,4.390912
801.9812,8.98749999999995,1,4.400128
809.9719,7.99070000000006,1,4.393984
818.1847,8.21280000000002,1,4.39808
825.9943,7.80959999999993,1,4.401152
835.0446,9.05029999999999,1,4.396032
843.1047,8.06010000000003,1,4.393984
850.9863,7.88160000000005,1,4.39808
859.9868,9.00049999999999,1,4.397056
868.0019,8.01509999999996,1,4.401152
876.0822,8.08029999999997,1,4.400128
884.9599,8.8777,1,4.399104
892.9998,8.0399000000001,1,4.39808
901.0289,8.02909999999997,1,4.402176
909.9767,8.94780000000003,1,4.397056
917.9713,7.99459999999999,1,4.399104
927.0542,9.0829,1,4.39808
934.9551,7.90089999999998,1,4.400128
943.1095,8.15440000000001,1,4.397056
950.9528,7.8433,1,4.39808
959.9406,8.98779999999999,1,4.405248
968.0441,8.10349999999994,1,4.400128
976.0024,7.95830000000001,1,4.390912
984.9976,8.99520000000007,1,4.39296
993.0121,8.0145,1,4.400128
1001.0115,7.99939999999992,1,4.401152
1009.9727,8.96120000000008,1,4.39296
1017.9767,8.00400000000002,1,4.401152
1026.9587,8.98199999999986,1,4.402176
1035.0049,8.0462,1,4.399104
1042.9587,7.9538,1,4.399104
1051.9761,9.01740000000018,1,4.406272
1059.9903,8.01419999999985,1,4.399104
1068.1119,8.12160000000017,1,4.391936
1076.0167,7.9047999999998,1,4.4032
1085.0721,9.05540000000019,1,4.395008
1093.1443,8.07219999999984,1,4.399104
1100.9934,7.84910000000013,1,4.397056
1110.0895,9.09609999999998,1,4.399104
1118.002,7.91249999999991,1,4.4032
1125.997,7.99500000000012,1,4.400128
1134.9337,8.93669999999997,1,4.397056
1143.0137,8.07999999999993,1,4.4032
1151.0499,8.03620000000001,1,4.399104
1159.9987,8.94880000000012,1,4.397056
1167.9808,7.98209999999995,1,4.399104
1177.1147,9.13390000000004,1,4.404224
1185.0155,7.90079999999989,1,4.39808
1193.0578,8.04230000000007,1,4.402176
1200.9712,7.91339999999991,1,4.390912
1210.065,9.0938000000001,1,4.399104
1218.0422,7.97720000000004,1,4.391936
1226.1508,8.1085999999998,1,4.404224
1234.9566,8.80580000000009,1,4.397056
1243.1159,8.15930000000003,1,4.69504
1251.1,7.9840999999999,1,4.39808
1260.0263,8.92630000000008,1,4.404224
1267.9934,7.96710000000007,1,4.399104
1276.9646,8.97119999999995,1,4.4032
1284.9538,7.98919999999998,1,4.39808
1292.9507,7.9969000000001,1,4.4032
1301.9608,9.01009999999997,1,4.39808
1309.9823,8.02149999999983,1,4.396032
1318.0097,8.02740000000017,1,4.399104
1325.9853,7.97559999999999,1,4.397056
1335.0265,9.04119999999989,1,4.396032
1343.0526,8.02610000000004,1,4.39808
1351.0068,7.95420000000013,1,4.396032
1359.9398,8.93299999999999,1,4.395008
1368.0132,8.07339999999999,1,4.39296
1376.0218,8.00859999999989,1,4.402176
1385.0355,9.01369999999997,1,4.391936
1393.0838,8.04830000000015,1,4.39808
1400.9967,7.91289999999981,1,4.39808
1410.0056,9.00890000000004,1,4.400128
1417.988,7.9824000000001,1,4.4032
1426.9936,9.00559999999996,1,4.401152
1435.048,8.05439999999999,1,4.400128
1443.1378,8.08979999999997,1,4.399104
1451.0529,7.91509999999994,1,4.397056
1459.515,8.46210000000019,1,4.396032
1467.9967,8.48169999999982,1,4.399104
1477.0575,9.06079999999997,1,4.397056
1484.957,7.89950000000022,1,4.39808
1493.0422,8.08519999999999,1,4.395008
1500.9485,7.90629999999987,1,4.400128
1510.0789,9.13040000000001,1,4.395008
1518.0862,8.00729999999999,1,4.400128
1526.0232,7.93700000000013,1,4.401152
1534.9696,8.94639999999981,1,4.39808
1542.9957,8.02610000000004,1,4.397056
1552.005,9.00930000000017,1,4.401152
1559.9981,7.99309999999991,1,4.396032
1568.0603,8.06220000000008,1,4.397056
1576.0686,8.00829999999996,1,4.395008
1585.0052,8.9366,1,4.400128
1592.9556,7.95039999999995,1,4.402176
1602.0277,9.07210000000009,1,4.400128
1609.984,7.95629999999983,1,4.399104
1618.0631,8.07910000000015,1,4.393984
1625.9746,7.91149999999993,1,4.396032
1634.9922,9.0175999999999,1,4.402176
1643.0141,8.02190000000019,1,4.395008
1651.0438,8.02969999999982,1,4.39808
1659.9917,8.94790000000012,1,4.4032
1667.9876,7.99589999999989,1,4.402176
1677.0683,9.08069999999998,1,4.39808
1685.0588,7.99050000000011,1,4.401152
1693.0956,8.03680000000008,1,4.397056
1701.0013,7.9056999999998,1,4.397056
1710.0386,9.03730000000019,1,4.395008
1717.9889,7.95029999999997,1,4.39808
1727.0494,9.06050000000005,1,4.397056
1735.0112,7.96179999999981,1,4.395008
1743.0505,8.03930000000014,1,4.399104
1751.0091,7.95859999999993,1,4.397056
1760.072,9.0628999999999,1,4.399104
1768.0832,8.01120000000014,1,4.39296
1776.1277,8.04449999999997,1,4.391936
1785.0069,8.87920000000008,1,4.396032
1793.0294,8.02249999999981,1,4.400128
1801.0328,8.00340000000006,1,4.395008
1810.1139,9.08110000000011,1,4.399104
1818.0073,7.89339999999993,1,4.393984
1826.0393,8.03199999999993,1,4.410368
1834.9967,8.95740000000001,1,4.400128
1843.1278,8.13110000000006,1,4.39808
1851.0198,7.89200000000005,1,4.399104
1860.0204,9.00060000000008,1,4.399104
1868.0902,8.06979999999999,1,4.402176
1876.0904,8.00019999999995,1,4.39808
1885.1338,9.04340000000002,1,4.399104
1893.0466,7.91279999999983,1,4.400128
1901.0351,7.98850000000016,1,4.401152
1909.9936,8.95849999999996,1,4.39808
1917.9984,8.00479999999993,1,4.397056
1927.0127,9.01430000000005,1,4.400128
1935.1185,8.10580000000004,1,4.39808
1943.0491,7.93059999999991,1,4.39296
1951.2738,8.22469999999998,1,4.39808
1960.0236,8.74980000000005,1,4.39808
1968.0359,8.0123000000001,1,4.395008
1976.0027,7.96679999999992,1,4.400128
1984.9682,8.96550000000002,1,4.399104
1993.0135,8.0453,1,4.399104
2001.0092,7.99569999999994,1,4.396032
2009.9888,8.97960000000012,1,4.396032
2018.0361,8.04729999999995,1,4.405248
2025.9615,7.92539999999985,1,4.400128
2034.9743,9.0128000000002,1,4.404224
2043.033,8.05869999999982,1,4.397056
2051.0068,7.97380000000021,1,4.39808
2060.1125,9.10570000000007,1,4.400128
2068.0139,7.90139999999974,1,4.395008
2076.127,8.11310000000003,1,4.399104
2085.0193,8.89229999999998,1,4.402176
2092.9784,7.95910000000003,1,4.400128
2101.9918,9.01339999999982,1,4.39808
2110.0236,8.0318000000002,1,4.396032
2117.9816,7.95800000000008,1,4.399104
2127.0739,9.0922999999998,1,4.402176
2135.0056,7.93170000000009,1,4.399104
2143.0547,8.04910000000018,1,4.393984
2151.0589,8.00419999999986,1,4.399104
2160.0324,8.97350000000006,1,4.401152
2167.9679,7.93550000000005,1,4.400128
2177.0828,9.11490000000003,1,4.400128
2185.0793,7.99649999999974,1,4.395008
2193.0021,7.92280000000028,1,4.396032
2201.0394,8.03729999999996,1,4.401152
2210.036,8.99659999999994,1,4.401152
2218.0268,7.99080000000004,1,4.404224
2225.9996,7.97280000000001,1,4.399104
2234.999,8.9993999999997,1,4.402176
2243.1152,8.11620000000039,1,4.396032
2251.0597,7.94449999999961,1,4.391936
2259.9605,8.90080000000034,1,4.396032
2268.0389,8.07839999999987,1,4.391936
2276.0793,8.04039999999986,1,4.401152
2285.0321,8.95280000000002,1,4.393984
2292.9508,7.91870000000017,1,4.399104
2302.015,9.0641999999998,1,4.402176
2310.0165,8.00150000000031,1,4.395008
2318.0451,8.02859999999964,1,4.402176
2326.0652,8.02010000000018,1,4.400128
2335.062,8.99679999999989,1,4.665344
2343.111,8.04899999999998,1,4.400128
2351.1701,8.05909999999994,1,4.393984
2360.0373,8.86720000000014,1,4.397056
2367.9981,7.96079999999984,1,4.400128
2377.0498,9.05169999999998,1,4.399104
2385.006,7.95620000000008,1,4.39808
2392.9706,7.96460000000025,1,4.401152
2401.9402,8.9695999999999,1,4.399104
2410.0627,8.12249999999995,1,4.39296
2417.9693,7.90660000000025,1,4.401152
2426.996,9.02669999999989,1,4.399104
2434.9656,7.9695999999999,1,4.39808
2443.1368,8.17120000000023,1,4.386816
2451.0119,7.87509999999975,1,4.39296
2459.5246,8.51270000000022,1,4.399104
2468.5075,8.98289999999997,1,4.399104
2476.5798,8.07229999999981,1,4.399104
2484.084,7.50419999999986,1,4.397056
2493.0761,8.99210000000039,1,4.399104
2501.2396,8.16349999999966,1,4.397056
2510.0602,8.82060000000001,1,4.391936
2518.0258,7.96559999999999,1,4.39808
2526.0285,8.0027,1,4.402176
2534.9963,8.9677999999999,1,4.400128
2543.0161,8.01980000000003,1,4.400128
2551.0583,8.04220000000032,1,4.401152
2559.9879,8.92959999999994,1,4.397056
2568.1114,8.12349999999969,1,4.401152
2576.0974,7.98600000000033,1,4.399104
2585.0173,8.91989999999987,1,4.391936
2592.9763,7.95899999999983,1,4.397056
2602.0455,9.06920000000036,1,4.400128
2610.0005,7.95499999999993,1,4.396032
2618.0195,8.01899999999978,1,4.401152
2626.0286,8.00910000000022,1,4.39808
2635.1008,9.07220000000007,1,4.405248
2643.1312,8.03039999999964,1,4.401152
2651.0758,7.94460000000026,1,4.400128
2659.9949,8.91910000000007,1,4.399104
2667.9915,7.99659999999994,1,4.397056
2677.09,9.09850000000006,1,4.401152
2685.06,7.9699999999998,1,4.397056
2693.0167,7.95670000000018,1,4.39808
2701.0047,7.98799999999983,1,4.39808
2710.1006,9.09590000000026,1,4.401152
2718.0033,7.90269999999964,1,4.402176
2726.0621,8.05880000000025,1,4.397056
2735.0259,8.96379999999999,1,4.397056
2743.1362,8.11029999999982,1,4.397056
2751.0258,7.88959999999997,1,4.393984
2760.1234,9.09760000000006,1,4.395008
2768.0896,7.96619999999984,1,4.393984
2776.1796,8.09000000000015,1,4.399104
2785.0404,8.86079999999993,1,4.393984
2793.0572,8.01680000000033,1,4.401152
2801.0338,7.97659999999996,1,4.401152
2810.1136,9.07979999999998,1,4.393984
2818.1117,7.99809999999979,1,4.396032
2826.13,8.01830000000018,1,4.39296
2835.0677,8.93769999999995,1,4.401152
2843.0707,8.00300000000016,1,4.393984
2851.1572,8.08649999999989,1,4.393984
2859.9836,8.82639999999992,1,4.402176
2868.0145,8.0309000000002,1,4.391936
2876.0835,8.06899999999996,1,4.399104
2885.0519,8.96839999999975,1,4.39808
2892.9749,7.92300000000023,1,4.400128
2902.0826,9.10770000000002,1,4.39296
2910.0344,7.95179999999982,1,4.401152
2918.1071,8.07270000000017,1,4.397056
2926.0288,7.92169999999987,1,4.402176
2935.0048,8.97600000000011,1,4.400128
2943.06,8.05519999999979,1,4.406272
2951.1471,8.08710000000019,1,4.395008
2959.9882,8.84109999999964,1,4.393984
2968.1172,8.12900000000036,1,4.393984
2976.0908,7.97359999999981,1,4.401152
2985.0625,8.97170000000006,1,4.40832
2993.0621,7.9996000000001,1,4.396032
3001.018,7.95589999999993,1,4.401152
3010.1592,9.14120000000003,1,4.39808
3018.0474,7.88819999999987,1,4.404224
3026.0179,7.9704999999999,1,4.396032
3034.9867,8.9688000000001,1,4.39808
3043.0652,8.07850000000008,1,4.395008
3051.0357,7.9704999999999,1,4.401152
3060.0395,9.00379999999996,1,4.397056
3068.023,7.98350000000028,1,4.39808
3076.2317,8.20869999999968,1,4.39808
3084.9929,8.76120000000037,1,4.401152
3093.0525,8.05959999999959,1,4.386816
3101.022,7.96950000000015,1,4.397056
3110.0596,9.03760000000011,1,4.401152
3117.9912,7.93159999999989,1,4.386816
3127.0418,9.05060000000003,1,4.399104
3134.9739,7.93209999999999,1,4.396032
3143.1751,8.20119999999997,1,4.390912
3151.0652,7.89010000000007,1,4.395008
3160.0289,8.96369999999979,1,4.400128
3168.1208,8.09190000000035,1,4.400128
3176.1112,7.99039999999968,1,4.391936
3185.1172,9.00600000000031,1,4.396032
3193.0135,7.89629999999988,1,4.396032
3201.0672,8.05369999999994,1,4.39808
3210.055,8.98779999999988,1,4.397056
3218.0193,7.96430000000009,1,4.395008
3226.0297,8.01040000000012,1,4.400128
3235.0331,9.00340000000006,1,4.399104
3243.0782,8.04509999999982,1,4.39808
3251.1001,8.02190000000019,1,4.400128
3259.9962,8.89609999999993,1,4.390912
3268.0572,8.06100000000015,1,4.396032
3276.1535,8.0962999999997,1,4.399104
3285.0699,8.91640000000007,1,4.399104
3293.0259,7.95600000000013,1,4.399104
3301.1034,8.07749999999987,1,4.401152
3310.0715,8.96810000000005,1,4.396032
3318.0462,7.97470000000021,1,4.401152
3326.0444,7.9982,1,4.405248
3335.0537,9.00929999999971,1,4.399104
3343.1647,8.11099999999988,1,4.401152
3351.1118,7.94710000000032,1,4.397056
3360.0434,8.93159999999989,1,4.397056
3368.0661,8.02269999999999,1,4.402176
3376.1102,8.04410000000007,1,4.399104
3385.0289,8.91869999999972,1,4.399104
3393.0663,8.03740000000016,1,4.393984
3401.0168,7.95049999999992,1,4.400128
3410.1053,9.08850000000029,1,4.395008
3418.0425,7.93719999999985,1,4.400128
3426.067,8.02449999999999,1,4.401152
3434.9851,8.91809999999987,1,4.399104
3443.1621,8.17700000000013,1,4.396032
3451.0355,7.87339999999995,1,4.396032
3459.6572,8.62170000000015,1,4.393984
3468.9957,9.33849999999984,1,4.393984
3476.6543,7.65860000000021,1,4.399104
3484.322,7.66769999999997,1,4.39808
3493.0914,8.76939999999968,1,4.402176
3501.0306,7.93920000000026,1,4.396032
3510.0388,9.00819999999976,1,4.401152
3518.0867,8.04790000000003,1,4.397056
3526.012,7.92530000000033,1,4.39808
3535.0211,9.00909999999976,1,4.395008
3543.0525,8.03139999999985,1,4.396032
3551.0884,8.03590000000031,1,4.399104
3560.0147,8.92630000000008,1,4.399104
3568.0276,8.01289999999972,1,4.393984
3576.1229,8.09529999999995,1,4.39808
3585.0843,8.96140000000014,1,4.39808
3593.0034,7.91910000000007,1,4.39808
3601.14,8.13659999999982,1,4.397056
3610.1804,9.04040000000032,1,4.400128
3618.1075,7.92709999999988,1,4.396032
3626.1438,8.03629999999976,1,4.400128
3635.0263,8.88250000000016,1,4.401152
3643.1181,8.09180000000015,1,4.402176
3651.0675,7.94939999999997,1,4.391936
3660.0814,9.01389999999992,1,4.401152
3668.0008,7.91939999999977,1,4.401152
3676.1488,8.14800000000014,1,4.393984
3685.0709,8.92210000000023,1,4.395008
3693.0729,8.00199999999995,1,4.400128
3701.0158,7.94290000000001,1,4.399104
3710.0953,9.07949999999983,1,4.397056
3718.0171,7.92180000000008,1,4.400128
3726.085,8.06790000000001,1,4.395008
3735.0335,8.94849999999997,1,4.399104
3743.1641,8.13059999999996,1,4.400128
3751.0767,7.91260000000011,1,4.402176
3760.1325,9.05580000000009,1,4.397056
3768.1039,7.9713999999999,1,4.400128
3776.1348,8.03089999999975,1,4.406272
3785.1205,8.98570000000018,1,4.399104
3793.0574,7.93690000000015,1,4.402176
3801.1315,8.07409999999982,1,4.402176
3810.1437,9.01220000000012,1,4.39808
3818.073,7.92929999999978,1,4.402176
3826.0495,7.97650000000021,1,4.397056
3835.0296,8.98009999999977,1,4.389888
3843.0839,8.05430000000024,1,4.393984
3851.1172,8.03330000000005,1,4.402176
3860.0802,8.96299999999974,1,4.393984
3868.1145,8.03430000000026,1,4.395008
3876.1225,8.00799999999981,1,4.39808
3885.0798,8.95730000000003,1,4.399104
3893.0427,7.96289999999999,1,4.400128
3901.1584,8.11569999999983,1,4.397056
3910.0977,8.9393,1,4.39808
3918.0973,7.9996000000001,1,4.395008
3926.0553,7.95800000000008,1,4.393984
3935.0938,9.03850000000011,1,4.393984
3943.0828,7.98900000000003,1,4.397056
3951.254,8.17119999999977,1,4.391936
3960.0071,8.7530999999999,1,4.400128
3968.1099,8.10280000000012,1,4.399104
3976.1325,8.02260000000024,1,4.401152
3985.1089,8.97640000000001,1,4.40832
3993.102,7.99309999999969,1,4.39808
4001.0694,7.9674,1,4.396032
4010.064,8.99459999999999,1,4.402176
4018.0549,7.99090000000024,1,4.39808
4026.2193,8.16440000000011,1,4.397056
4035.0136,8.79430000000002,1,4.396032
4043.0891,8.07549999999992,1,4.399104
4051.0668,7.97769999999991,1,4.395008
4060.0631,8.99629999999979,1,4.39808
4068.0491,7.98600000000033,1,4.39296
4076.1159,8.0667999999996,1,4.396032
4085.0097,8.89380000000028,1,4.400128
4093.0245,8.01479999999992,1,4.397056
4101.0439,8.01939999999968,1,4.400128
4110.0736,9.02970000000005,1,4.391936
4118.0655,7.99189999999999,1,4.397056
4126.0889,8.02340000000004,1,4.393984
4135.3112,9.22230000000036,1,4.399104
4143.0877,7.77649999999994,1,4.400128
4151.1944,8.10670000000027,1,4.39808
4160.0266,8.83219999999983,1,4.397056
4168.0438,8.01720000000023,1,4.400128
4176.0922,8.04839999999967,1,4.396032
4185.0521,8.95989999999983,1,4.393984
4192.9957,7.94360000000052,1,4.39808
4202.0749,9.07919999999922,1,4.395008
4210.0506,7.97569999999996,1,4.391936
4218.0492,7.99860000000081,1,4.388864
4226.0268,7.97759999999926,1,4.396032
4235.1397,9.11290000000008,1,4.397056
4243.2021,8.06240000000071,1,4.395008
4251.2769,8.07479999999941,1,4.399104
4260.167,8.89010000000053,1,4.397056
4268.0927,7.92569999999978,1,4.397056
4276.1223,8.02959999999985,1,4.400128
4285.1036,8.98130000000037,1,4.397056
4293.0336,7.92999999999938,1,4.401152
4301.1871,8.15350000000035,1,4.396032
4310.199,9.01189999999951,1,4.399104
4318.1266,7.92759999999998,1,4.397056
4326.098,7.97140000000036,1,4.395008
4335.0484,8.95039999999972,1,4.397056
4343.0964,8.04800000000068,1,4.397056
4351.0536,7.95719999999983,1,4.402176
4360.1842,9.1305999999995,1,4.396032
4368.0984,7.91420000000016,1,4.402176
4376.2131,8.11470000000008,1,4.39808
4385.07,8.85689999999977,1,4.393984
4393.0923,8.02230000000054,1,4.395008
4401.149,8.05670000000009,1,4.396032
4410.1116,8.96259999999984,1,4.393984
4418.0598,7.94819999999982,1,4.397056
4426.1546,8.09479999999985,1,4.400128
4435.088,8.93339999999989,1,4.399104
4443.1167,8.02869999999984,1,4.397056
4451.0637,7.94700000000012,1,4.397056
4459.6122,8.54849999999988,1,4.395008
4468.6404,9.02820000000065,1,4.39808
4476.5639,7.92349999999988,1,4.396032
4484.4054,7.84149999999954,1,4.39296
4493.1007,8.69530000000032,1,4.404224
4501.0489,7.94819999999982,1,4.395008
4510.0862,9.03729999999996,1,4.39808
4518.1067,8.02050000000054,1,4.402176
4526.1575,8.05079999999998,1,4.399104
4535.1178,8.96029999999973,1,4.400128
4543.08,7.96219999999994,1,4.399104
4551.2593,8.17929999999978,1,4.39296
4560.0531,8.79380000000037,1,4.404224
4568.1343,8.08119999999963,1,4.404224
4576.1167,7.98239999999987,1,4.400128
4585.1229,9.00620000000072,1,4.395008
4593.0869,7.96399999999994,1,4.399104
4601.1025,8.01559999999972,1,4.39296
4610.2101,9.10760000000028,1,4.396032
4618.1624,7.95229999999992,1,4.666368
4626.2291,8.0666999999994,1,4.400128
4635.123,8.89390000000003,1,4.390912
4643.1029,7.97990000000027,1,4.402176
4651.1419,8.03899999999976,1,4.39808
4660.0569,8.91499999999996,1,4.39296
4668.0283,7.97140000000036,1,4.400128
4676.1316,8.10329999999976,1,4.39808
4685.1247,8.9931000000006,1,4.39808
4693.1402,8.01549999999952,1,4.393984
4701.0925,7.95229999999992,1,4.391936
4710.097,9.00450000000001,1,4.393984
4718.0732,7.97620000000006,1,4.393984
4726.1256,8.05240000000049,1,4.399104
4735.0611,8.93549999999959,1,4.399104
4743.1192,8.05810000000019,1,4.397056
4751.0853,7.96609999999964,1,4.402176
4760.1788,9.09349999999995,1,4.391936
4768.152,7.97320000000036,1,4.39808
4776.1549,8.00290000000041,1,4.404224
4785.1076,8.95269999999982,1,4.39808
4793.0566,7.94899999999961,1,4.400128
4801.3883,8.33169999999973,1,4.397056
4809.2465,7.85820000000058,1,4.397056
4818.1551,8.90859999999975,1,4.400128
4826.1171,7.96200000000044,1,4.4032
4835.075,8.95789999999943,1,4.400128
4843.1,8.02500000000055,1,4.402176
4851.1081,8.00810000000001,1,4.39808
4860.0983,8.99019999999928,1,4.395008
4868.139,8.04070000000047,1,4.396032
4876.2477,8.10869999999977,1,4.396032
4885.1353,8.88760000000002,1,4.4032
4893.0775,7.94220000000041,1,4.380672
4901.1355,8.05799999999999,1,4.39808
4910.0554,8.91989999999987,1,4.400128
4918.1761,8.12069999999949,1,4.402176
4926.1584,7.98230000000058,1,4.396032
4935.1551,8.99669999999969,1,4.405248
4943.1321,7.97699999999986,1,4.393984
4951.1065,7.97440000000006,1,4.39296
4960.1403,9.03380000000016,1,4.397056
4968.1223,7.98199999999997,1,4.402176
4976.238,8.11570000000029,1,4.390912
4985.1488,8.91079999999965,1,4.395008
4993.1395,7.99070000000029,1,4.396032
5001.1879,8.04839999999967,1,4.404224
5010.0921,8.90419999999995,1,4.397056
5018.0766,7.98450000000048,1,4.395008
5026.2723,8.19569999999931,1,4.39808
5035.0871,8.8148000000001,1,4.39808
5043.1102,8.02310000000034,1,4.4032
5051.121,8.01080000000002,1,4.396032
5060.1127,8.99169999999958,1,4.393984
5068.1174,8.00470000000041,1,4.399104
5076.1642,8.04680000000008,1,4.39296
5085.0392,8.875,1,4.395008
5093.1567,8.11749999999938,1,4.390912
5101.0969,7.9402,1,4.397056
5110.1014,9.00450000000001,1,4.39808
5118.1716,8.07020000000011,1,4.393984
5126.0817,7.91010000000006,1,4.399104
5135.256,9.17430000000058,1,4.39808
5143.0978,7.84179999999924,1,4.401152
5151.2113,8.11350000000039,1,4.668416
5160.0569,8.84559999999965,1,4.39808
5168.0882,8.03130000000056,1,4.396032
5176.0751,7.98689999999988,1,4.39808
5185.1502,9.07510000000002,1,4.671488
5193.0952,7.94499999999971,1,4.393984
5201.1389,8.04370000000017,1,4.400128
5210.1478,9.00889999999981,1,4.4032
5218.1049,7.95710000000054,1,4.399104
5226.0545,7.94959999999992,1,4.399104
5235.0793,9.02480000000014,1,4.39808
5243.2087,8.12939999999981,1,4.393984
5251.3262,8.11750000000029,1,4.399104
5260.0952,8.76899999999932,1,4.4032
5268.0598,7.96460000000025,1,4.401152
5276.1743,8.11449999999968,1,4.399104
5285.1164,8.94210000000021,1,4.396032
5293.125,8.00860000000011,1,4.39808
5301.2133,8.08830000000034,1,4.388864
5310.2203,9.00699999999961,1,4.404224
5318.1021,7.88180000000011,1,4.400128
5326.0852,7.98310000000038,1,4.395008
5335.0723,8.98709999999937,1,4.399104
5343.1175,8.04520000000048,1,4.399104
5351.0798,7.96230000000014,1,4.393984
5360.1162,9.03639999999996,1,4.39808
5368.0604,7.94419999999991,1,4.39808
5376.2909,8.23049999999967,1,4.399104
5385.1135,8.82260000000042,1,4.39808
5393.1184,8.00489999999991,1,4.397056
5401.0756,7.95719999999983,1,4.401152
5410.1253,9.04969999999958,1,4.400128
5418.0754,7.95010000000002,1,4.395008
5426.1604,8.08500000000004,1,4.409344
5435.0997,8.9393,1,4.404224
5443.142,8.04230000000007,1,4.401152
5451.0821,7.9400999999998,1,4.396032
5459.6136,8.53150000000005,1,4.400128
5468.6457,9.03210000000036,1,4.399104
5476.613,7.96730000000025,1,4.401152
5484.2305,7.61749999999938,1,4.399104
5493.1926,8.96210000000065,1,4.400128
5501.3263,8.13369999999941,1,4.399104
5510.1669,8.84060000000045,1,4.400128
5518.1902,8.02329999999984,1,4.399104
5526.098,7.90779999999995,1,4.400128
5535.1046,9.00659999999971,1,4.402176
5543.1002,7.99560000000019,1,4.39808
5551.1494,8.04920000000038,1,4.4032
5560.0651,8.91569999999956,1,4.397056
5568.1208,8.05569999999989,1,4.404224
5576.1879,8.06710000000021,1,4.401152
5585.0685,8.88060000000041,1,4.396032
5593.2118,8.14329999999973,1,4.395008
5601.1252,7.91340000000037,1,4.39808
5610.1392,9.01399999999921,1,4.401152
5618.1398,8.0006000000003,1,4.39296
5626.0991,7.95930000000044,1,4.401152
5635.0776,8.97849999999926,1,4.399104
5643.1716,8.09400000000005,1,4.402176
5651.1165,7.94490000000042,1,4.393984
5660.0617,8.94520000000011,1,4.399104
5668.0566,7.99489999999969,1,4.396032
5676.1931,8.13650000000052,1,4.39808
5685.0652,8.87209999999959,1,4.396032
5693.0751,8.00990000000002,1,4.399104
5701.0527,7.97760000000017,1,4.399104
5710.1674,9.11470000000008,1,4.395008
5718.0651,7.89769999999953,1,4.399104
5726.1292,8.06410000000051,1,4.407296
5735.1329,9.0036999999993,1,4.395008
5743.1526,8.01970000000074,1,4.397056
5751.1965,8.04389999999967,1,4.395008
5760.2534,9.05689999999959,1,4.397056
5768.1809,7.92750000000069,1,4.396032
5776.2225,8.04159999999956,1,4.399104
5785.1086,8.88609999999971,1,4.4032
5793.0575,7.94890000000032,1,4.399104
5801.1087,8.05119999999988,1,4.39808
5810.1148,9.00610000000052,1,4.399104
5818.169,8.05419999999958,1,4.39808
5826.0738,7.90480000000025,1,4.390912
5835.0775,9.00370000000021,1,4.39808
5843.1072,8.02970000000005,1,4.402176
5851.1147,8.00749999999971,1,4.399104
5860.0865,8.97180000000026,1,4.400128
5868.1613,8.07479999999941,1,4.399104
5876.212,8.05070000000069,1,4.395008
5885.1346,8.92259999999987,1,4.402176
5893.1009,7.96630000000005,1,4.400128
5901.0986,7.9976999999999,1,4.383744
5910.1544,9.05580000000009,1,4.401152
5918.0995,7.94509999999991,1,4.39296
5926.2132,8.11369999999988,1,4.400128
5935.1139,8.90070000000014,1,4.400128
5943.3353,8.22139999999945,1,4.396032
5951.1337,7.79840000000058,1,4.399104
5960.0593,8.92559999999958,1,4.400128
5968.0644,8.00510000000031,1,4.396032
5976.1613,8.09689999999955,1,4.393984
5985.0986,8.9373000000005,1,4.39296
5993.1931,8.09450000000015,1,4.401152
6001.1076,7.91449999999986,1,4.390912
6010.1409,9.03330000000005,1,4.399104
6018.0983,7.95739999999932,1,4.397056
6026.1367,8.03840000000037,1,4.396032
6035.0885,8.95179999999982,1,4.401152
6043.1801,8.09159999999974,1,4.400128
6051.1106,7.93050000000039,1,4.399104
6060.1529,9.04230000000007,1,4.401152
6068.1037,7.95079999999962,1,4.39808
6076.1908,8.08710000000065,1,4.404224
6085.0539,8.86309999999958,1,4.39808
6093.1792,8.1252999999997,1,4.396032
6101.0987,7.91949999999997,1,4.390912
6110.1091,9.01040000000012,1,4.402176
6118.2632,8.15410000000065,1,4.4032
6126.1215,7.85829999999987,1,4.404224
6135.13,9.00849999999991,1,4.399104
6143.1,7.97000000000025,1,4.406272
6151.084,7.98399999999947,1,4.399104
6160.0421,8.95809999999983,1,4.399104
6168.1217,8.07960000000003,1,4.400128
6176.1753,8.05360000000019,1,4.39808
6185.0759,8.90059999999994,1,4.401152
6193.1365,8.06059999999979,1,4.399104
6201.1344,7.9979000000003,1,4.400128
6210.0956,8.96119999999974,1,4.400128
6218.077,7.98140000000058,1,4.402176
6226.0954,8.01839999999993,1,4.400128
6235.1122,9.01679999999942,1,4.395008
6243.199,8.08680000000004,1,4.39296
6251.1242,7.92520000000059,1,4.399104
6260.2039,9.07970000000023,1,4.396032
6268.1276,7.92369999999937,1,4.388864
6276.4085,8.28089999999975,1,4.401152
6284.1467,7.73820000000069,1,4.395008
6293.06,8.91330000000016,1,4.397056
6301.0983,8.03829999999925,1,4.399104
6310.1622,9.0639000000001,1,4.399104
6318.0753,7.91310000000067,1,4.396032
6326.114,8.03869999999915,1,4.39808
6335.0979,8.98390000000018,1,4.404224
6343.185,8.08710000000065,1,4.4032
6351.1388,7.95379999999932,1,4.396032
6360.1532,9.01440000000002,1,4.396032
6368.0972,7.94400000000041,1,4.402176
6376.2897,8.19250000000011,1,4.400128
6385.1078,8.8180999999995,1,4.401152
6393.1203,8.01249999999982,1,4.399104
6401.0897,7.96940000000086,1,4.401152
6410.1555,9.0657999999994,1,4.39808
6418.1226,7.96709999999985,1,4.399104
6426.1676,8.04500000000007,1,4.401152
6435.1427,8.97510000000057,1,4.399104
6443.1406,7.99789999999939,1,4.397056
6451.1476,8.00700000000052,1,4.4032
6459.6192,8.47159999999985,1,4.401152
6468.6436,9.02440000000024,1,4.39808
6476.2188,7.57519999999931,1,4.399104
6485.1187,8.89990000000034,1,4.39808
6493.1623,8.04359999999997,1,4.397056
6501.1476,7.98530000000028,1,4.404224
6510.0979,8.95029999999952,1,4.399104
6518.2034,8.10550000000057,1,4.405248
6526.1323,7.92889999999989,1,4.395008
6535.1251,8.99279999999999,1,4.400128
6543.2498,8.12469999999939,1,4.401152
6551.1698,7.92000000000007,1,4.397056
6560.1348,8.96500000000015,1,4.401152
6568.1417,8.00690000000031,1,4.39808
6576.208,8.0662999999995,1,4.4032
6585.1252,8.91720000000078,1,4.393984
6593.1315,8.00630000000001,1,4.399104
6601.1266,7.99509999999918,1,4.399104
6610.1512,9.02460000000065,1,4.397056
6618.1254,7.97419999999966,1,4.400128
6626.1725,8.04709999999977,1,4.400128
6635.0731,8.90059999999994,1,4.401152
6643.2314,8.15830000000005,1,4.399104
6651.1268,7.89540000000034,1,4.4032
6660.1594,9.03259999999955,1,4.397056
6668.1203,7.96090000000004,1,4.400128
6676.1858,8.06550000000061,1,4.406272
6685.0878,8.90200000000004,1,4.39296
6693.1515,8.0636999999997,1,4.395008
6701.105,7.95349999999962,1,4.399104
6710.1843,9.07930000000033,1,4.405248
6718.2002,8.01590000000033,1,4.39808
6726.088,7.88779999999952,1,4.401152
6735.0692,8.98120000000017,1,4.396032
6743.1229,8.05370000000039,1,4.397056
6751.259,8.13609999999971,1,4.39808
6760.1184,8.85940000000028,1,4.4032
6768.1705,8.05209999999988,1,4.4032
6776.2349,8.06440000000021,1,4.397056
6785.1712,8.93629999999939,1,4.401152
6793.0858,7.91460000000006,1,4.400128
6801.1237,8.03790000000026,1,4.402176
6810.1288,9.00510000000031,1,4.400128
6818.1682,8.03939999999966,1,4.399104
6826.0807,7.91250000000036,1,4.39808
6835.1395,9.05879999999979,1,4.399104
6843.1092,7.96969999999965,1,4.39808
6851.122,8.01280000000042,1,4.385792
6860.1169,8.99489999999969,1,4.401152
6868.134,8.01710000000003,1,4.396032
6876.1488,8.01479999999992,1,4.401152
6885.1771,9.02829999999994,1,4.405248
6893.1884,8.01130000000012,1,4.4032
6901.1996,8.01119999999992,1,4.662272
6910.1712,8.97159999999985,1,4.390912
6918.1124,7.94120000000021,1,4.402176
6926.2424,8.13000000000011,1,4.402176
6935.104,8.86160000000018,1,4.400128
6943.2262,8.12219999999979,1,4.39808
6951.1195,7.89329999999973,1,4.396032
6960.1594,9.03989999999976,1,4.396032
6968.1164,7.95700000000033,1,4.39808
6976.2591,8.14270000000033,1,4.400128
6985.1133,8.85419999999976,1,4.399104
6993.2324,8.11909999999989,1,4.397056
7001.1373,7.90490000000045,1,4.401152
7010.2228,9.08549999999923,1,4.399104
7018.1654,7.94260000000031,1,4.397056
7026.1728,8.00740000000042,1,4.399104
7035.1113,8.93849999999929,1,4.399104
7043.1809,8.06960000000072,1,4.400128
7051.1297,7.94880000000012,1,4.400128
7060.1545,9.02479999999923,1,4.396032
7068.1428,7.98829999999998,1,4.399104
7076.1539,8.01110000000062,1,4.397056
7085.105,8.95109999999931,1,4.396032
7093.1397,8.03470000000016,1,4.39808
7101.1855,8.04579999999987,1,4.395008
7110.1147,8.92920000000049,1,4.396032
7118.1655,8.05079999999998,1,4.400128
7126.1204,7.95489999999972,1,4.399104
7135.0965,8.97609999999986,1,4.399104
7143.1444,8.04790000000048,1,4.399104
7151.1461,8.0016999999998,1,4.397056
7160.1054,8.95930000000044,1,4.400128
7168.2154,8.10999999999967,1,4.397056
7176.1367,7.92129999999997,1,4.399104
7185.1879,9.05119999999988,1,4.671488
7193.1172,7.92929999999978,1,4.399104
7201.1334,8.01620000000003,1,4.39296
7210.4036,9.27019999999993,1,4.400128
7218.158,7.75440000000071,1,4.395008
7226.192,8.03399999999965,1,4.401152
7235.0664,8.8743999999997,1,4.401152
7243.1578,8.09140000000025,1,4.397056
7251.1227,7.96489999999994,1,4.4032
7260.0705,8.94779999999992,1,4.400128
7268.0651,7.99459999999999,1,4.389888
7276.2336,8.16849999999977,1,4.397056
7285.1595,8.92590000000018,1,4.39296
7293.0865,7.92700000000059,1,4.39808
7301.1185,8.03199999999924,1,4.395008
7310.2778,9.15930000000026,1,4.400128
7318.2611,7.98329999999987,1,4.39296
7326.3169,8.05580000000009,1,4.395008
7335.0977,8.78080000000045,1,4.39808
7343.176,8.07830000000013,1,4.39296
7351.1261,7.95010000000002,1,4.401152
7360.16,9.03389999999945,1,4.397056
7368.1045,7.94450000000052,1,4.39808
7376.2012,8.09670000000006,1,4.409344
7385.1382,8.9369999999999,1,4.401152
7393.1795,8.04129999999986,1,4.396032
7401.2683,8.08879999999954,1,4.401152
7410.1468,8.87850000000071,1,4.396032
7418.126,7.97919999999976,1,4.39808
7426.101,7.97499999999945,1,4.396032
7435.1186,9.01760000000013,1,4.393984
7443.1151,7.9965000000002,1,4.393984
7451.1699,8.05479999999989,1,4.4032
7459.6353,8.46540000000005,1,4.39808
7468.7363,9.10099999999966,1,4.39808
7476.2003,7.46400000000085,1,4.396032
7485.2013,9.00099999999929,1,4.400128
7493.1867,7.98540000000048,1,4.397056
7501.196,8.00929999999971,1,4.399104
7510.1702,8.97419999999966,1,4.399104
7518.2422,8.07200000000012,1,4.400128
7526.1949,7.95270000000073,1,4.399104
7535.2937,9.09879999999976,1,4.39808
7543.2176,7.92389999999978,1,4.404224
7551.1873,7.96969999999965,1,4.399104
7560.1552,8.96790000000055,1,4.39808
7568.1607,8.00550000000021,1,4.400128
7576.2387,8.07799999999952,1,4.397056
7585.1508,8.91210000000046,1,4.39808
7593.159,8.00819999999931,1,4.401152
7601.0895,7.93050000000039,1,4.395008
7610.2206,9.13109999999961,1,4.395008
7618.2045,7.98390000000018,1,4.399104
7626.1921,7.98760000000038,1,4.401152
7635.1294,8.9372999999996,1,4.396032
7643.1748,8.04539999999997,1,4.400128
7651.333,8.15819999999985,1,4.399104
7659.2548,7.92180000000008,1,4.402176
7668.1521,8.89730000000054,1,4.851712
7676.2938,8.14170000000013,1,4.39808
7685.1411,8.84729999999945,1,4.399104
7693.16,8.01890000000003,1,4.401152
7701.1497,7.98970000000008,1,4.400128
7710.1186,8.96889999999985,1,4.39808
7718.2156,8.09700000000066,1,4.404224
7726.1475,7.93189999999959,1,4.401152
7735.1093,8.96180000000004,1,4.39808
7743.1407,8.03139999999985,1,4.396032
7751.1622,8.02149999999983,1,4.389888
7760.1035,8.94130000000041,1,4.401152
7768.2454,8.14189999999962,1,4.406272
7776.2191,7.97370000000046,1,4.399104
7785.1465,8.92739999999958,1,4.399104
7793.0997,7.95319999999992,1,4.4032
7801.1468,8.04710000000068,1,4.397056
7810.203,9.05619999999999,1,4.405248
7818.1404,7.9373999999998,1,4.399104
7826.2475,8.10710000000017,1,4.393984
7835.1807,8.93319999999949,1,4.402176
7843.1991,8.01839999999993,1,4.39808
7851.1477,7.94860000000062,1,4.39808
7860.135,8.98729999999978,1,4.402176
7868.1163,7.98129999999946,1,4.393984
7876.1855,8.06919999999991,1,4.400128
7885.136,8.95050000000083,1,4.39808
7893.1567,8.02069999999912,1,4.390912
7901.1122,7.95550000000003,1,4.400128
7910.1671,9.05490000000009,1,4.393984
7918.1406,7.97350000000006,1,4.402176
7926.182,8.04140000000007,1,4.397056
7935.1549,8.97290000000066,1,4.39808
7943.2414,8.08649999999943,1,4.391936
7951.1465,7.90509999999995,1,4.397056
7960.1368,8.99030000000039,1,4.401152
7968.1295,7.99269999999979,1,4.393984
7976.2289,8.09940000000006,1,4.39808
7985.1309,8.90200000000004,1,4.39808
7993.2202,8.08929999999964,1,4.388864
8001.1797,7.95949999999993,1,4.39808
8010.1823,9.00260000000071,1,4.400128
8018.2152,8.03289999999924,1,4.396032
8026.1696,7.95440000000053,1,4.39808
8035.1906,9.02099999999973,1,4.39808
8043.1384,7.94779999999992,1,4.4032
8051.1847,8.04629999999997,1,4.397056
8060.1629,8.97820000000047,1,4.402176
8068.1796,8.01670000000013,1,4.395008
8076.2796,8.09999999999945,1,4.386816
8085.1605,8.88090000000011,1,4.39296
8093.1325,7.97199999999975,1,4.395008
8101.1498,8.01730000000043,1,4.397056
8110.1147,8.96489999999994,1,4.397056
8118.2582,8.14350000000013,1,4.397056
8126.1465,7.88829999999962,1,4.39808
8135.1638,9.01730000000043,1,4.401152
8143.1894,8.02559999999994,1,4.39808
8151.1459,7.95650000000023,1,4.39808
8160.2078,9.0618999999997,1,4.396032
8168.1884,7.98059999999987,1,4.401152
8176.2723,8.08389999999963,1,4.402176
8185.1146,8.84230000000025,1,4.39808
8193.1037,7.98909999999978,1,4.402176
8201.0855,7.98179999999957,1,4.402176
8210.1476,9.06210000000101,1,4.399104
8218.1607,8.01310000000012,1,4.399104
8226.1852,8.02449999999953,1,4.39808
8235.132,8.94679999999971,1,4.399104
8243.2777,8.14570000000094,1,4.397056
8251.2335,7.95579999999973,1,4.402176
8260.1904,8.95689999999922,1,4.4032
8268.155,7.96460000000116,1,4.395008
8276.4008,8.24579999999878,1,4.397056
8284.259,7.85820000000058,1,4.401152
8293.2032,8.94419999999991,1,4.4032
8301.2109,8.00770000000011,1,4.399104
8310.2092,8.99829999999929,1,4.401152
8318.2456,8.03640000000087,1,4.404224
8326.1626,7.91699999999946,1,4.402176
8335.1434,8.98080000000118,1,4.397056
8343.1939,8.05049999999937,1,4.397056
8351.2274,8.03349999999955,1,4.402176
8360.1716,8.94419999999991,1,4.401152
8368.2085,8.03690000000097,1,4.4032
8376.1822,7.97369999999864,1,4.401152
8385.225,9.04280000000108,1,4.399104
8393.117,7.89199999999983,1,4.401152
8401.373,8.2559999999994,1,4.404224
8409.2367,7.86369999999988,1,4.397056
8418.2641,9.02740000000085,1,4.399104
8426.1625,7.89840000000004,1,4.39808
8435.1444,8.98189999999886,1,4.402176
8443.2137,8.06930000000102,1,4.402176
8451.2756,8.06190000000061,1,4.407296
8459.6577,8.3820999999989,1,4.401152
8468.6889,9.03119999999944,1,4.397056
8476.1893,7.50040000000081,1,4.402176
8485.2137,9.02440000000024,1,4.401152
8493.3072,8.09349999999904,1,4.405248
8501.1594,7.85220000000118,1,4.402176
8510.2534,9.09399999999914,1,4.39808
8518.2026,7.94920000000093,1,4.400128
8526.3519,8.14929999999913,1,4.401152
8534.2406,7.88869999999952,1,4.401152
8543.1655,8.92489999999998,1,4.397056
8551.1881,8.02260000000024,1,4.385792
8560.2738,9.08570000000145,1,4.395008
8568.1809,7.90709999999854,1,4.39808
8576.2537,8.07279999999992,1,4.402176
8585.1576,8.90390000000116,1,4.397056
8593.2392,8.08159999999953,1,4.393984
8601.172,7.9328000000005,1,4.390912
8610.2356,9.0635999999995,1,4.378624
8618.1925,7.95689999999922,1,4.38272
8626.2243,8.03180000000066,1,4.381696
8635.1409,8.91660000000047,1,4.370432
8643.2073,8.0663999999997,1,4.369408
8651.2235,8.01620000000003,1,4.359168
8660.1985,8.97500000000036,1,4.35712
8668.2653,8.06679999999869,1,4.342784
8676.2998,8.03450000000157,1,4.343808
8685.1708,8.87099999999919,1,4.339712
8693.1522,7.98140000000058,1,4.339712
8701.2416,8.08939999999893,1,4.330496
8710.1394,8.89780000000064,1,4.329472
8718.2232,8.08380000000034,1,4.323328
8726.1197,7.89649999999892,1,4.307968
8735.21,9.09029999999984,1,4.314112
8743.1835,7.97350000000006,1,4.301824
8751.2214,8.03790000000117,1,4.292608
8760.1705,8.94909999999982,1,4.297728
8768.1949,8.02440000000024,1,4.287488
8776.2887,8.09379999999874,1,4.288512
8785.1801,8.89140000000043,1,4.281344
8793.1166,7.9364999999998,1,4.267008
8801.4097,8.29310000000078,1,4.51584
8809.2737,7.86399999999958,1,4.253696
8818.2474,8.97370000000046,1,4.246528
8826.1845,7.93709999999919,1,4.246528
8835.2058,9.02130000000034,1,4.238336
8843.2094,8.00360000000001,1,4.235264
8851.1936,7.98420000000078,1,4.22912
8860.2089,9.01529999999912,1,4.219904
8868.1879,7.97900000000118,1,4.214784
8876.4177,8.22979999999916,1,4.20352
8884.2679,7.85020000000077,1,4.21376
8893.2568,8.98889999999847,1,4.206592
8901.2536,7.9968000000008,1,4.199424
8910.1886,8.93499999999949,1,4.194304
8918.1268,7.93820000000051,1,4.201472
8926.1962,8.06940000000031,1,4.1984
8935.185,8.98879999999917,1,4.180992
8943.244,8.05900000000111,1,4.194304
8951.1818,7.9377999999997,1,4.190208
8960.2038,9.02199999999903,1,4.190208
8968.1941,7.9903000000013,1,4.191232
8976.3062,8.11210000000028,1,4.190208
8985.1707,8.86449999999968,1,4.175872
8993.209,8.03830000000016,1,4.187136
9001.1484,7.9393999999993,1,4.187136
9010.229,9.08059999999932,1,4.18816
9018.178,7.94900000000052,1,4.180992
9026.2743,8.09629999999925,1,4.186112
9035.2386,8.96430000000146,1,4.187136
9043.1847,7.94609999999921,1,4.180992
9051.3556,8.17090000000098,1,4.191232
9059.2115,7.85589999999866,1,4.190208
9068.1962,8.98470000000088,1,4.192256
9076.2099,8.01369999999952,1,4.186112
9085.209,8.99910000000091,1,4.190208
9093.1953,7.98629999999866,1,4.19328
9101.1796,7.98430000000008,1,4.189184
9110.1437,8.96410000000105,1,4.205568
9118.3001,8.15639999999985,1,4.20864
9126.1626,7.86249999999927,1,4.209664
9135.2656,9.10300000000097,1,4.217856
9143.2039,7.9382999999998,1,4.20864
9151.2543,8.05040000000008,1,4.216832
9160.2191,8.96479999999974,1,4.221952
9168.1897,7.97060000000056,1,4.232192
9176.2982,8.10849999999846,1,4.23424
9185.2489,8.95070000000123,1,4.772864
9193.2206,7.97170000000006,1,4.246528
9201.1551,7.93449999999939,1,4.248576
9210.2116,9.0565000000006,1,4.263936
9218.1614,7.94980000000032,1,4.527104
9226.3345,8.17309999999998,1,4.279296
9234.3976,8.06309999999939,1,4.283392
9243.2974,8.89979999999923,1,4.283392
9251.2096,7.91220000000067,1,4.292608
9260.13,8.92039999999906,1,4.299776
9268.2281,8.09810000000107,1,4.30592
9276.2004,7.97229999999945,1,4.315136
9285.1927,8.99229999999989,1,4.320256
9293.1218,7.9291000000012,1,4.319232
9301.1334,8.01159999999982,1,4.325376
9310.1549,9.02149999999892,1,4.329472
9318.2417,8.08680000000095,1,4.332544
9326.2466,8.00489999999991,1,4.325376
9335.1644,8.91779999999926,1,4.337664
9343.1752,8.01080000000002,1,4.345856
9351.1489,7.97370000000046,1,4.354048
9360.1271,8.97819999999956,1,4.355072
9368.1377,8.01059999999961,1,4.365312
9376.2541,8.11640000000079,1,4.365312
9385.2,8.94590000000062,1,4.371456
9393.1025,7.90250000000015,1,4.371456
9401.3126,8.21009999999842,1,4.379648
9410.1686,8.85600000000159,1,4.389888
9418.2121,8.04349999999977,1,4.385792
9426.1615,7.94939999999951,1,4.390912
9435.2163,9.05479999999989,1,4.400128
9443.2638,8.04750000000058,1,4.39808
9451.2316,7.96779999999853,1,4.402176
9459.6681,8.43650000000162,1,4.401152
9467.7154,8.04729999999836,1,4.402176
9476.3314,8.61599999999999,1,4.395008
9485.1399,8.808500000001,1,4.399104
9493.2312,8.09130000000005,1,4.39808
9501.1917,7.96049999999923,1,4.391936
9510.2465,9.05479999999989,1,4.397056
9518.196,7.94950000000063,1,4.404224
9526.2103,8.01430000000073,1,4.4032
9535.1707,8.96039999999994,1,4.402176
9543.2828,8.11210000000028,1,4.405248
9551.234,7.95119999999952,1,4.400128
9560.3369,9.10289999999986,1,4.396032
9568.2187,7.8817999999992,1,4.400128
9576.2792,8.06050000000141,1,4.400128
9585.1906,8.91139999999905,1,4.400128
9593.2046,8.01399999999921,1,4.401152
9601.1735,7.96890000000167,1,4.402176
9610.2143,9.04079999999885,1,4.400128
9618.3344,8.12010000000009,1,4.395008
9626.2412,7.90680000000066,1,4.406272
9635.2337,8.99250000000029,1,4.399104
9643.2621,8.02839999999924,1,4.4032
9651.21,7.94789999999921,1,4.402176
9660.1238,8.91380000000026,1,4.402176
9668.2241,8.10030000000006,1,4.4032
9676.2553,8.03120000000126,1,4.397056
9685.2396,8.98430000000008,1,4.404224
9693.134,7.89439999999922,1,4.39808
9701.2037,8.06970000000001,1,4.399104
9710.1566,8.95290000000023,1,4.402176
9718.2422,8.08560000000034,1,4.4032
9726.1772,7.93499999999949,1,4.397056
9735.2113,9.03410000000076,1,4.399104
9743.1953,7.98399999999856,1,4.401152
9751.2096,8.01430000000073,1,4.401152
9760.1693,8.95969999999943,1,4.399104
9768.2262,8.05689999999959,1,4.405248
9776.3172,8.09100000000035,1,4.400128
9785.2012,8.88400000000001,1,4.39808
9793.2605,8.0593000000008,1,4.399104
9801.1829,7.92239999999947,1,4.395008
9810.2325,9.04960000000028,1,4.40832
9818.1845,7.95199999999932,1,4.402176
9826.1535,7.96900000000096,1,4.401152
9835.129,8.97550000000047,1,4.402176
9843.2455,8.11650000000009,1,4.400128
9851.1977,7.95219999999972,1,4.396032
9860.1507,8.95299999999952,1,4.402176
9868.1744,8.02369999999974,1,4.39808
9876.2853,8.11089999999967,1,4.395008
9885.1747,8.88940000000002,1,4.400128
9893.3203,8.14559999999983,1,4.401152
9901.3876,8.06730000000061,1,4.401152
9909.3002,7.91259999999966,1,4.395008
9918.1448,8.84460000000036,1,4.39808
9926.2075,8.0627000000004,1,4.404224
9935.1979,8.99039999999877,1,4.396032
9943.3425,8.14460000000145,1,4.397056
9951.1906,7.84809999999925,1,4.4032
9960.2424,9.05179999999928,1,4.396032
9968.234,7.9916000000012,1,4.39808
9976.2853,8.05129999999917,1,4.397056
9985.2488,8.96349999999984,1,4.400128
9993.1866,7.93780000000152,1,4.393984
10001.1828,7.99619999999959,1,4.401152
10010.2169,9.03409999999894,1,4.397056
10018.2077,7.9908000000014,1,4.401152
10026.1706,7.96289999999863,1,4.400128
10035.2536,9.08300000000054,1,4.401152
10043.1721,7.91849999999977,1,4.400128
10051.2466,8.07450000000063,1,4.397056
10060.1965,8.94989999999962,1,4.399104
10068.243,8.04650000000038,1,4.40832
10076.321,8.07799999999952,1,4.39808
10085.2024,8.88140000000021,1,4.404224
10093.1915,7.98910000000069,1,4.4032
10101.1753,7.98379999999997,1,4.399104
10110.3237,9.14840000000004,1,4.397056
10118.2596,7.93589999999858,1,4.39296
10126.5677,8.30810000000019,1,4.402176
10134.2469,7.67920000000049,1,4.400128
10143.2636,9.01670000000013,1,4.39808
10151.1848,7.92120000000068,1,4.400128
10160.1486,8.96379999999954,1,4.405248
10168.1593,8.01069999999891,1,4.399104
10176.3104,8.15110000000095,1,4.399104
10185.2126,8.90220000000045,1,4.4032
10193.207,7.99439999999959,1,4.399104
10201.1846,7.97760000000017,1,4.404224
10210.1964,9.01180000000022,1,4.39808
10218.1783,7.98189999999886,1,4.401152
10226.1814,8.0030999999999,1,4.406272
10235.1148,8.93339999999989,1,4.39808
10243.3164,8.20160000000033,1,4.391936
10251.192,7.87559999999939,1,4.399104
10260.1675,8.97550000000047,1,4.399104
10268.1591,7.9916000000012,1,4.401152
10276.2646,8.10549999999967,1,4.400128
10285.1743,8.90970000000016,1,4.396032
10293.2209,8.04659999999967,1,4.39808
10301.1862,7.96529999999984,1,4.397056
10310.2229,9.03670000000056,1,4.395008
10318.3036,8.08069999999861,1,4.397056
10326.1767,7.8731000000007,1,4.401152
10335.1388,8.96210000000065,1,4.396032
10343.1779,8.03909999999996,1,4.397056
10351.2706,8.09269999999924,1,4.399104
10360.1688,8.89819999999963,1,4.39296
10368.1803,8.01150000000052,1,4.400128
10376.2317,8.05140000000029,1,4.399104
10385.1629,8.93119999999908,1,4.407296
10393.1403,7.97739999999976,1,4.400128
10401.2441,8.10380000000077,1,4.401152
10410.3423,9.09820000000036,1,4.402176
10418.1389,7.79659999999967,1,4.401152
10426.2608,8.1219000000001,1,4.396032
10435.2284,8.96759999999995,1,4.397056
10443.2247,7.9963000000007,1,4.400128
10451.1921,7.96739999999954,1,4.39808
10459.7244,8.53229999999894,1,4.395008
10468.2732,8.54880000000048,1,4.400128
10476.3621,8.08890000000065,1,4.397056
10484.2836,7.92150000000038,1,4.405248
10493.3107,9.02709999999934,1,4.400128
10501.2143,7.90359999999964,1,4.399104
10510.2339,9.01959999999963,1,4.400128
10518.1774,7.94350000000122,1,4.402176
10526.2263,8.04889999999978,1,4.400128
10535.1845,8.95819999999912,1,4.39808
10543.264,8.07949999999983,1,4.39808
10551.1844,7.92040000000088,1,4.39296
10560.25,9.0655999999999,1,4.400128
10568.1984,7.94839999999931,1,4.39808
10576.3575,8.15910000000076,1,4.404224
10584.2613,7.90380000000005,1,4.4032
10593.2527,8.99139999999898,1,4.395008
10601.2418,7.98910000000069,1,4.397056
10610.2357,8.99389999999948,1,4.397056
10618.3448,8.10910000000149,1,4.404224
10626.2479,7.90309999999954,1,4.400128
10635.2566,9.00870000000032,1,4.39808
10643.2531,7.99649999999929,1,4.396032
10651.1777,7.92460000000028,1,4.39808
10660.1894,9.01169999999911,1,4.402176
10668.2244,8.03499999999985,1,4.400128
10676.2994,8.07500000000073,1,4.402176
10685.4091,9.10970000000088,1,4.395008
10693.1886,7.77949999999873,1,4.401152
10701.3827,8.19410000000062,1,4.401152
10709.2636,7.88090000000011,1,4.397056
10718.2568,8.99319999999898,1,4.399104
10726.2245,7.96770000000106,1,4.401152
10735.2111,8.98660000000018,1,4.399104
10743.2597,8.04860000000008,1,4.395008
10751.2238,7.96409999999923,1,4.39808
10760.2719,9.04809999999998,1,4.396032
10768.2399,7.96800000000076,1,4.400128
10776.6185,8.37860000000001,1,4.397056
10784.2472,7.6286999999993,1,4.397056
10793.2519,9.0046999999995,1,4.399104
10801.1834,7.9315000000006,1,4.39808
10810.2435,9.0601000000006,1,4.401152
10818.2159,7.97239999999874,1,4.4032
10826.1934,7.97750000000087,1,4.393984
10835.1407,8.94729999999981,1,4.400128
10843.2238,8.08309999999983,1,4.393984
10851.1984,7.97459999999955,1,4.39808
10860.2208,9.02239999999983,1,4.401152
10868.1678,7.94700000000012,1,4.401152
10876.3149,8.14710000000014,1,4.3776
10885.1622,8.84730000000127,1,4.395008
10893.4345,8.27229999999872,1,4.389888
10901.2192,7.78470000000016,1,4.395008
10910.2688,9.04960000000028,1,4.39808
10918.1948,7.92599999999948,1,4.401152
10926.2399,8.04510000000118,1,4.4032
10935.2295,8.98959999999897,1,4.39808
10943.2225,7.99300000000039,1,4.405248
10951.2103,7.98780000000079,1,4.401152
10960.2944,9.08410000000003,1,4.395008
10968.1899,7.89549999999872,1,4.399104
10976.2972,8.10730000000149,1,4.401152
10985.23,8.93279999999868,1,4.39296
10993.2025,7.97249999999985,1,4.399104
11001.2395,8.03700000000026,1,4.400128
11010.225,8.98550000000068,1,4.396032
11018.2448,8.01980000000003,1,4.399104
11026.2033,7.95849999999882,1,4.397056
11035.2148,9.01150000000052,1,4.395008
11043.2136,7.99879999999939,1,4.39808
11051.36,8.14640000000145,1,4.399104
11059.3319,7.97189999999864,1,4.4032
11068.307,8.97510000000148,1,4.393984
11076.2998,7.99279999999999,1,4.39296
11085.3033,9.00349999999889,1,4.396032
11093.2583,7.95499999999993,1,4.397056
11101.2435,7.98520000000099,1,4.39808
11110.2597,9.01620000000003,1,4.402176
11118.2037,7.94399999999951,1,4.399104
11126.4185,8.21479999999974,1,4.400128
11134.2694,7.85089999999946,1,4.399104
11143.2729,9.00350000000071,1,4.401152
11151.2574,7.98450000000048,1,4.396032
11160.2272,8.96979999999894,1,4.402176
11168.164,7.93680000000131,1,4.399104
11176.3077,8.14369999999872,1,4.390912
11185.2231,8.91539999999986,1,4.39808
11193.2922,8.06910000000062,1,4.399104
11201.2055,7.91330000000016,1,4.399104
11210.222,9.01649999999972,1,4.401152
11218.2268,8.00480000000061,1,4.400128
11226.2221,7.9953000000005,1,4.402176
11235.2635,9.04139999999825,1,4.402176
11243.2519,7.98840000000018,1,4.39808
11251.2801,8.02820000000065,1,4.402176
11260.1542,8.87410000000091,1,4.400128
11268.197,8.04279999999926,1,4.39296
11276.3034,8.10640000000058,1,4.396032
11285.1967,8.89329999999973,1,4.395008
11293.2186,8.02189999999973,1,4.391936
11301.2191,8.0005000000001,1,4.396032
11310.2064,8.98729999999887,1,4.400128
11318.1939,7.98750000000109,1,4.4032
11326.2049,8.01100000000042,1,4.402176
11335.1655,8.96059999999852,1,4.402176
11343.2369,8.07140000000072,1,4.396032
11351.2347,7.99780000000101,1,4.401152
11360.1842,8.94949999999881,1,4.397056
11368.2627,8.07849999999962,1,4.397056
11376.2688,8.00610000000052,1,4.39808
11385.221,8.95219999999972,1,4.411392
11393.1471,7.92610000000059,1,4.399104
11401.223,8.07589999999982,1,4.401152
11410.3064,9.08339999999953,1,4.401152
11418.2305,7.92410000000018,1,4.399104
11426.3212,8.09070000000065,1,4.400128
11435.2117,8.89049999999952,1,4.39808
11443.2309,8.01920000000064,1,4.397056
11451.2066,7.97569999999905,1,4.402176
11459.7975,8.59090000000106,1,4.39296
11468.2645,8.46699999999873,1,4.399104
11476.3334,8.06890000000021,1,4.397056
11484.3164,7.98300000000017,1,4.39296
11493.2527,8.93629999999939,1,4.400128
11501.2241,7.97140000000036,1,4.396032
11510.2499,9.02580000000125,1,4.39808
11518.1966,7.9466999999986,1,4.396032
11526.281,8.08440000000155,1,4.401152
11535.2214,8.9403999999995,1,4.395008
11543.2542,8.03279999999904,1,4.400128
11551.2461,7.9919000000009,1,4.400128
11560.2807,9.03459999999905,1,4.399104
11568.3223,8.04160000000047,1,4.402176
11576.5747,8.2523999999994,1,4.396032
11584.4935,7.91880000000128,1,4.400128
11593.3124,8.81890000000021,1,4.39808
11601.2752,7.96279999999933,1,4.39808
11610.2576,8.98240000000078,1,4.401152
11618.2489,7.99129999999968,1,4.397056
11626.2189,7.96999999999935,1,4.402176
11635.265,9.04609999999957,1,4.402176
11643.2529,7.98790000000008,1,4.399104
11651.2493,7.99639999999999,1,4.401152
11660.2173,8.96800000000076,1,4.400128
11668.2507,8.03340000000026,1,4.399104
11676.3306,8.07989999999882,1,4.39808
11685.2779,8.94729999999981,1,4.400128
11693.2322,7.95430000000124,1,4.39808
11701.2808,8.04860000000008,1,4.390912
11710.2204,8.9395999999997,1,4.402176
11718.2939,8.07350000000042,1,4.396032
11726.2234,7.92950000000019,1,4.399104
11735.246,9.02259999999842,1,4.401152
11743.3634,8.117400000001,1,4.399104
11751.2881,7.92469999999958,1,4.400128
11760.2406,8.95249999999942,1,4.39808
11768.2318,7.99120000000039,1,4.401152
11776.4111,8.17929999999978,1,4.4032
11784.3314,7.92029999999977,1,4.401152
11793.2652,8.9338000000007,1,4.397056
11801.2198,7.95460000000094,1,4.396032
11810.3186,9.09879999999976,1,4.39296
11818.2923,7.97369999999864,1,4.399104
11826.24,7.94770000000062,1,4.399104
11835.1692,8.92920000000049,1,4.39808
11843.3177,8.14849999999933,1,4.400128
11851.2288,7.91110000000117,1,4.397056
11860.2431,9.01429999999891,1,4.396032
11868.2496,8.00649999999951,1,4.4032
11876.408,8.15840000000026,1,4.39808
11884.3007,7.89270000000033,1,4.399104
11893.2681,8.96739999999954,1,4.402176
11901.3509,8.08280000000013,1,4.396032
11909.3867,8.03579999999965,1,4.4032
11918.2221,8.83540000000175,1,4.396032
11926.2299,8.00779999999941,1,4.39296
11935.2015,8.97159999999894,1,4.397056
11943.2129,8.01140000000123,1,4.397056
11951.2449,8.03199999999924,1,4.397056
11960.2158,8.97090000000026,1,4.39808
11968.2698,8.05400000000009,1,4.39296
11976.2961,8.02629999999954,1,4.389888
11985.271,8.97490000000107,1,4.400128
11993.1959,7.92489999999998,1,4.393984
12001.2504,8.05450000000019,1,4.400128
12010.2091,8.95869999999923,1,4.395008
12018.2312,8.02210000000014,1,4.39296
12026.2249,7.99369999999908,1,4.395008
12035.2533,9.02840000000106,1,4.391936
12043.2605,8.00720000000001,1,4.399104
12051.2733,8.01280000000042,1,4.399104
12060.5654,9.29209999999875,1,4.388864
12068.2266,7.66120000000046,1,4.399104
12076.5514,8.32480000000032,1,4.391936
12084.3188,7.76739999999882,1,4.395008
12093.2353,8.91650000000118,1,4.393984
12101.2275,7.99220000000059,1,4.391936
12110.2389,9.01139999999941,1,4.39808
12118.2595,8.02059999999983,1,4.401152
12126.198,7.9385000000002,1,4.397056
12135.2149,9.01690000000053,1,4.397056
12143.2849,8.06999999999971,1,4.401152
12151.2311,7.94620000000032,1,4.400128
12160.2638,9.03269999999975,1,4.399104
12168.2181,7.95429999999942,1,4.39808
12176.3235,8.10540000000037,1,4.395008
12185.2573,8.93379999999888,1,4.399104
12193.2586,8.0012999999999,1,4.401152
12201.2463,7.9877000000015,1,4.399104
12210.2975,9.05119999999988,1,4.395008
12218.2231,7.92559999999867,1,4.390912
12226.4063,8.18320000000131,1,4.404224
12234.5203,8.11399999999958,1,4.399104
12243.3694,8.84909999999945,1,4.391936
12251.3135,7.94410000000062,1,4.397056
12260.2651,8.95160000000033,1,4.39808
12268.2508,7.98569999999927,1,4.393984
12276.291,8.04019999999946,1,4.404224
12285.2617,8.97069999999985,1,4.397056
12293.2188,7.95710000000145,1,4.390912
12301.3706,8.15179999999964,1,4.39808
12309.3724,8.0018,1,4.402176
12318.3389,8.96650000000045,1,4.4032
12326.2453,7.90639999999985,1,4.39808
12335.2034,8.95809999999983,1,4.389888
12343.3677,8.16430000000037,1,4.397056
12351.2347,7.86700000000019,1,4.39808
12360.3827,9.14799999999923,1,4.39808
12368.2827,7.89999999999964,1,4.393984
12376.2601,7.97739999999976,1,4.395008
12385.2368,8.97670000000107,1,4.397056
12393.2572,8.02039999999943,1,4.395008
12401.2623,8.00510000000031,1,4.39296
12410.2648,9.00250000000051,1,4.393984
12418.263,7.9982,1,4.4032
12426.4038,8.14079999999922,1,4.389888
12434.2924,7.88860000000022,1,4.39296
12443.2694,8.97699999999895,1,4.4032
12451.2492,7.97980000000098,1,4.4032
12459.8017,8.55249999999978,1,4.38784
12467.8108,8.00909999999931,1,4.401152
12476.8321,9.02130000000034,1,4.400128
12484.6862,7.85410000000047,1,4.400128
12492.3,7.61379999999917,1,4.397056
12501.2379,8.93790000000081,1,4.844544
12510.2795,9.04160000000047,1,4.393984
12518.2794,7.99989999999889,1,4.401152
12526.3333,8.05390000000079,1,4.399104
12534.4349,8.10159999999996,1,4.400128
12543.2741,8.83920000000035,1,4.400128
12551.3864,8.11229999999887,1,4.399104
12559.3379,7.95150000000103,1,4.393984
12568.3252,8.98729999999887,1,4.402176
12576.2593,7.9341000000004,1,4.401152
12585.2916,9.03230000000076,1,4.396032
12593.2673,7.97569999999905,1,4.400128
12601.3752,8.10790000000088,1,4.395008
12609.4117,8.03650000000016,1,4.402176
12618.2841,8.8724000000002,1,4.395008
12626.2528,7.96869999999944,1,4.400128
12635.3348,9.08200000000033,1,4.404224
12643.2976,7.96279999999933,1,4.393984
12651.3563,8.05869999999959,1,4.401152
12659.3105,7.95420000000013,1,4.400128
12668.2678,8.95730000000003,1,4.401152
12676.3899,8.1221000000005,1,4.393984
12684.3561,7.96620000000075,1,4.395008
12693.3592,9.0030999999999,1,4.400128
12701.2637,7.90449999999873,1,4.396032
12710.2986,9.03490000000056,1,4.39296
12718.2645,7.96589999999924,1,4.401152
12726.2448,7.98030000000108,1,4.391936
12735.2402,8.99539999999979,1,4.400128
12743.3324,8.09219999999914,1,4.402176
12751.2583,7.92590000000018,1,4.396032
12760.3726,9.11430000000109,1,4.397056
12768.3522,7.97959999999875,1,4.400128
12776.3611,8.00890000000072,1,4.395008
12784.332,7.97090000000026,1,4.397056
12793.2913,8.95930000000044,1,4.393984
12801.3304,8.03909999999996,1,4.39808
12810.3365,9.0060999999987,1,4.400128
12818.2462,7.90970000000016,1,4.399104
12826.286,8.03980000000047,1,4.411392
12835.1875,8.90149999999994,1,4.397056
12843.2686,8.08109999999942,1,4.399104
12851.2552,7.98660000000018,1,4.393984
12860.3192,9.06400000000031,1,4.39808
12868.3612,8.04199999999946,1,4.402176
12876.3525,7.9913000000015,1,4.397056
12884.4807,8.1281999999992,1,4.400128
12893.2554,8.77469999999994,1,4.399104
12901.2743,8.01889999999912,1,4.397056
12910.2989,9.02460000000065,1,4.391936
12918.2466,7.94770000000062,1,4.395008
12926.3046,8.05799999999908,1,4.39808
12935.2988,8.994200000001,1,4.391936
12943.2882,7.98940000000039,1,4.395008
12951.2732,7.98499999999876,1,4.391936
12960.2192,8.94599999999991,1,4.396032
12968.2696,8.05040000000008,1,4.39808
12976.2767,8.00710000000072,1,4.390912
12985.3388,9.06209999999919,1,4.401152
12993.2291,7.89030000000093,1,4.400128
13001.2693,8.04019999999946,1,4.395008
13010.2429,8.97359999999935,1,4.400128
13018.307,8.06410000000142,1,4.40832
13026.2988,7.99179999999978,1,4.391936
13035.3329,9.03409999999894,1,4.395008
13043.3472,8.01430000000073,1,4.400128
13051.2941,7.946899999999,1,4.4032
13060.2721,8.97800000000097,1,4.399104
13068.2685,7.99639999999999,1,4.401152
13076.4194,8.15090000000055,1,4.39808
13084.3728,7.95339999999851,1,4.393984
13093.3135,8.94070000000102,1,4.391936
13101.2604,7.946899999999,1,4.399104
13110.3174,9.0570000000007,1,4.396032
13118.2727,7.95529999999962,1,4.402176
13126.2894,8.01670000000013,1,4.399104
13135.2435,8.95410000000084,1,4.393984
13143.3735,8.1299999999992,1,4.400128
13151.3629,7.98940000000039,1,4.393984
13159.5521,8.18920000000071,1,4.401152
13168.3755,8.82339999999931,1,4.399104
13176.3884,8.01289999999972,1,4.407296
13184.4085,8.02009999999973,1,4.396032
13193.2925,8.88400000000001,1,4.405248
13201.281,7.9885000000013,1,4.397056
13210.3555,9.07449999999881,1,4.39808
13218.4235,8.06800000000112,1,4.39296
13226.37,7.94650000000001,1,4.400128
13234.4409,8.0708999999988,1,4.400128
13243.4011,8.96019999999953,1,4.641792
13251.4029,8.0018,1,4.401152
13259.3403,7.93740000000071,1,4.39296
13268.3473,9.00699999999961,1,4.402176
13276.3219,7.97460000000137,1,4.39808
13285.2935,8.97159999999894,1,4.391936
13293.2468,7.95330000000104,1,4.39808
13301.27,8.02319999999963,1,4.396032
13310.2384,8.96839999999975,1,4.397056
13318.3857,8.14730000000054,1,4.400128
13326.2586,7.87289999999848,1,4.399104
13335.2284,8.96980000000076,1,4.397056
13343.2435,8.01510000000053,1,4.400128
13351.279,8.03549999999996,1,4.400128
13360.2127,8.93369999999959,1,4.397056
13368.3494,8.13669999999911,1,4.399104
13376.3443,7.99490000000151,1,4.399104
13384.3421,7.99779999999919,1,4.41344
13393.2664,8.92430000000058,1,4.4032
13401.2623,7.99589999999989,1,4.399104
13410.2996,9.03729999999996,1,4.402176
13418.2789,7.97929999999906,1,4.397056
13426.3414,8.0625,1,4.400128
13434.4026,8.0612000000001,1,4.396032
13443.3781,8.97550000000047,1,4.39808
13451.2597,7.88160000000062,1,4.399104
13459.7784,8.51869999999872,1,4.400128
13467.2772,7.49880000000121,1,4.401152
13476.3413,9.0640999999996,1,4.397056
13484.3462,8.00489999999991,1,4.399104
13493.3614,9.01519999999982,1,4.399104
13501.275,7.91359999999986,1,4.397056
13510.2888,9.01380000000063,1,4.397056
13518.2856,7.99679999999898,1,4.400128
13526.3122,8.02660000000105,1,4.4032
13535.2615,8.94930000000022,1,4.396032
13543.3049,8.04339999999866,1,4.39808
13551.2795,7.97460000000137,1,4.390912
13560.3132,9.03369999999995,1,4.401152
13568.2607,7.94750000000022,1,4.4032
13576.3169,8.05619999999908,1,4.395008
13585.286,8.96910000000025,1,4.39808
13593.2446,7.95859999999993,1,4.400128
13601.4138,8.16920000000027,1,4.399104
13609.5318,8.11800000000039,1,4.400128
13618.4422,8.91039999999884,1,4.657152
13626.3303,7.88810000000012,1,4.397056
13635.311,8.98070000000007,1,4.397056
13643.2797,7.96869999999944,1,4.401152
13651.3162,8.03650000000016,1,4.396032
13660.2734,8.95720000000074,1,4.389888
13668.2693,7.99589999999989,1,4.400128
13676.3253,8.05600000000049,1,4.4032
13685.3651,9.03980000000047,1,4.407296
13693.3617,7.99659999999858,1,4.39808
13701.3016,7.93990000000122,1,4.39296
13710.3507,9.04910000000018,1,4.396032
13718.2502,7.89949999999953,1,4.393984
13726.2821,8.03189999999995,1,4.400128
13735.2675,8.98539999999957,1,4.402176
13743.3625,8.09499999999935,1,4.402176
13751.42,8.0575000000008,1,4.401152
13759.5475,8.12750000000051,1,4.4032
13768.4101,8.86259999999857,1,4.402176
13776.3815,7.97140000000036,1,4.396032
13784.3764,7.99489999999969,1,4.401152
13793.2851,8.90869999999995,1,4.400128
13801.2635,7.97839999999997,1,4.400128
13810.3794,9.11590000000069,1,4.395008
13818.2887,7.90929999999935,1,4.397056
13826.3908,8.10210000000006,1,4.39808
13834.4301,8.03930000000037,1,4.39808
13843.3386,8.90849999999955,1,4.399104
13851.2941,7.95550000000003,1,4.39808
13860.2144,8.92030000000159,1,4.399104
13868.314,8.09959999999955,1,4.400128
13876.3293,8.01529999999912,1,4.401152
13885.2919,8.96260000000075,1,4.39808
13893.2695,7.97760000000017,1,4.400128
13901.2893,8.01980000000003,1,4.39808
13910.2527,8.96339999999873,1,4.400128
13918.3328,8.08010000000104,1,4.39808
13926.2829,7.95010000000002,1,4.400128
13935.338,9.05509999999958,1,4.400128
13943.2632,7.92519999999968,1,4.39808
13951.3005,8.03729999999996,1,4.4032
13960.241,8.94050000000061,1,4.395008
13968.2933,8.05229999999938,1,4.399104
13976.2828,7.9895000000015,1,4.400128
13985.3012,9.01839999999902,1,4.4032
13993.2742,7.97299999999996,1,4.404224
14001.3041,8.02989999999954,1,4.396032
14010.3358,9.03170000000136,1,4.400128
14018.28,7.94419999999991,1,4.39296
14026.3474,8.06739999999991,1,4.399104
14034.3608,8.01339999999982,1,4.391936
14043.3405,8.97969999999987,1,4.397056
14051.2328,7.89229999999952,1,4.395008
14060.2939,9.06110000000081,1,4.400128
14068.2362,7.9422999999988,1,4.397056
14076.3655,8.12930000000051,1,4.39808
14084.342,7.97650000000067,1,4.4032
14093.4151,9.07309999999961,1,4.393984
14101.2452,7.83009999999922,1,4.396032
14110.2997,9.05450000000019,1,4.39808
14118.2544,7.95470000000023,1,4.402176
14126.3918,8.13739999999962,1,4.401152
14134.2741,7.88230000000112,1,4.39808
14143.3167,9.04259999999886,1,4.401152
14151.2725,7.95579999999973,1,4.399104
14160.3637,9.09120000000075,1,4.399104
14168.2795,7.91580000000067,1,4.396032
14176.3132,8.03369999999995,1,4.396032
14185.3054,8.99219999999877,1,4.397056
14193.2518,7.94640000000072,1,4.39808
14201.2899,8.03809999999976,1,4.399104
14210.2947,9.00480000000061,1,4.400128
14218.3437,8.04899999999907,1,4.401152
14226.2885,7.94480000000112,1,4.396032
14235.2987,9.0101999999988,1,4.399104
14243.3901,8.09140000000116,1,4.400128
14251.3765,7.98639999999978,1,4.389888
14259.3174,7.9408999999996,1,4.400128
14268.3466,9.02920000000086,1,4.402176
14276.4611,8.11449999999968,1,4.397056
14284.3969,7.93579999999929,1,4.399104
14293.2887,8.89179999999942,1,4.397056
14301.2779,7.98919999999998,1,4.39808
14310.4163,9.13840000000164,1,4.400128
14318.2745,7.85819999999876,1,4.391936
14326.3234,8.04889999999978,1,4.39808
14335.2206,8.89720000000125,1,4.399104
14343.5581,8.33749999999964,1,4.397056
14351.2831,7.72500000000036,1,4.390912
14360.2496,8.96649999999863,1,4.397056
14368.2648,8.01520000000164,1,4.39808
14376.4211,8.15629999999874,1,4.397056
14384.3167,7.89559999999983,1,4.401152
14393.2667,8.95000000000073,1,4.399104
14401.2685,8.0018,1,4.395008
14410.2775,9.00900000000001,1,4.401152
14418.2243,7.94679999999971,1,4.396032
14426.3333,8.10900000000038,1,4.4032
14434.3005,7.96719999999914,1,4.401152
14443.3903,9.08979999999974,1,4.396032
14451.282,7.89170000000013,1,4.393984
14459.8234,8.54140000000007,1,4.39296
14467.8513,8.02790000000095,1,4.400128
14476.8183,8.96700000000055,1,4.39808
14484.4376,7.61929999999847,1,4.399104
14493.3378,8.90020000000004,1,4.39808
14501.3724,8.03460000000086,1,4.397056
14509.6455,8.27310000000034,1,4.390912
14518.3069,8.66139999999905,1,4.400128
14526.2907,7.98379999999997,1,4.404224
14535.3081,9.01740000000063,1,4.401152
14543.283,7.97489999999925,1,4.39808
14551.3134,8.03039999999964,1,4.399104
14560.3302,9.01680000000124,1,4.400128
14568.3418,8.01159999999982,1,4.407296
14575.8839,7.54210000000057,1,4.4032
14584.4618,8.57789999999841,1,4.400128
14592.825,8.3632000000016,1,4.391936
14601.9102,9.08519999999953,1,4.399104
14610.0263,8.11609999999928,1,4.397056
14617.9003,7.8739999999998,1,4.395008
14626.8074,8.90710000000036,1,4.400128
14634.7825,7.97509999999966,1,4.399104
14642.8622,8.07970000000023,1,4.397056
14651.7985,8.93630000000121,1,4.390912
14659.9083,8.10979999999836,1,4.39808
14667.8505,7.94220000000132,1,4.397056
14676.8589,9.0083999999988,1,4.399104
14684.8717,8.01280000000042,1,4.395008
14692.8652,7.99350000000049,1,4.396032
14701.8169,8.95169999999962,1,4.39296
14709.9565,8.13960000000043,1,4.396032
14717.8371,7.88060000000041,1,4.400128
14726.8418,9.0046999999995,1,4.4032
14734.8233,7.98149999999987,1,4.39808
14742.9072,8.08389999999963,1,4.401152
14751.7917,8.88450000000012,1,4.39296
14759.9825,8.19080000000031,1,4.401152
14768.0279,8.04539999999906,1,4.39808
14775.9655,7.93760000000111,1,4.404224
14784.8954,8.92989999999918,1,4.400128
14792.8423,7.94690000000082,1,4.393984
14801.8927,9.05040000000008,1,4.401152
14809.8476,7.95489999999882,1,4.396032
14817.952,8.10440000000017,1,4.397056
14826.7972,8.84520000000157,1,4.397056
14834.8542,8.05699999999888,1,4.39808
14842.8247,7.97049999999945,1,4.395008
14851.8089,8.98420000000078,1,4.395008
14859.8185,8.00959999999941,1,4.400128
14867.8476,8.02909999999974,1,4.395008
14876.8045,8.95690000000104,1,4.400128
14885.0225,8.21799999999894,1,4.397056
14892.8424,7.81990000000042,1,4.393984
14901.8621,9.01970000000074,1,4.400128
14909.8228,7.96069999999963,1,4.397056
14917.9354,8.11260000000038,1,4.400128
14926.8203,8.88489999999911,1,4.4032
14934.8854,8.0650999999998,1,4.404224
14942.8482,7.96280000000115,1,4.401152
14951.856,9.00779999999941,1,4.401152
14959.8011,7.94510000000082,1,4.396032
14967.8304,8.02930000000015,1,4.40832
14976.8699,9.03949999999895,1,4.395008
14984.8422,7.97229999999945,1,4.393984
14992.914,8.07180000000153,1,4.401152
15001.8605,8.94650000000001,1,4.393984
15009.9009,8.04039999999986,1,4.399104
15017.8455,7.9445999999989,1,4.389888
15026.8429,8.9974000000002,1,4.39808
15034.8165,7.97360000000117,1,4.393984
15043.0008,8.18429999999898,1,4.404224
15050.9943,7.99350000000049,1,4.396032
15059.9041,8.90979999999945,1,4.396032
15067.8274,7.92330000000038,1,4.39808
15076.8547,9.02729999999974,1,4.397056
15084.8289,7.97420000000056,1,4.39808
15092.9299,8.10099999999875,1,4.401152
15101.831,8.90110000000095,1,4.405248
15109.9382,8.10720000000038,1,4.395008
15117.9111,7.97289999999884,1,4.39808
15126.8931,8.98199999999997,1,4.404224
15134.8236,7.93050000000039,1,4.399104
15142.9148,8.09120000000075,1,4.396032
15152.055,9.14019999999982,1,4.668416
15159.8744,7.81940000000031,1,4.400128
15167.9571,8.08269999999902,1,4.400128
15176.8677,8.91060000000107,1,4.400128
15184.8642,7.99649999999929,1,4.396032
15192.8436,7.97940000000017,1,4.399104
15201.8454,9.0018,1,4.400128
15209.8657,8.02030000000013,1,4.39808
15217.9387,8.07300000000032,1,4.39808
15226.7946,8.85589999999866,1,4.393984
15234.8475,8.05290000000059,1,4.393984
15242.9131,8.0655999999999,1,4.4032
15251.8412,8.928100000001,1,4.400128
15259.823,7.98179999999957,1,4.399104
15268.0349,8.21190000000024,1,4.39808
15275.8983,7.86340000000018,1,4.402176
15284.8337,8.93539999999848,1,4.65408
15292.8294,7.99570000000131,1,4.397056
15301.7778,8.94839999999931,1,4.399104
15309.8759,8.09809999999925,1,4.404224
15317.8632,7.98730000000069,1,4.409344
15326.8816,9.01840000000084,1,4.400128
15334.8677,7.98610000000008,1,4.39808
15342.9174,8.04969999999958,1,4.39808
15351.7996,8.88220000000001,1,4.396032
15359.837,8.03739999999925,1,4.397056
15367.8523,8.01530000000093,1,4.399104
15376.9114,9.0591000000004,1,4.400128
15384.7959,7.8844999999983,1,4.396032
15392.8,8.00410000000011,1,4.402176
15401.7818,8.98180000000139,1,4.399104
15409.8636,8.08179999999993,1,4.39808
15417.8011,7.9375,1,4.400128
15426.8566,9.05549999999857,1,4.401152
15434.8055,7.94890000000123,1,4.402176
15443.0749,8.26939999999922,1,4.397056
15450.9127,7.83780000000115,1,4.400128
15459.5805,8.66779999999926,1,4.389888
15468.3448,8.76430000000073,1,4.39808
15476.4865,8.14170000000013,1,4.399104
15483.8559,7.36939999999959,1,4.39808
15492.9259,9.06999999999971,1,4.844544
15501.9416,9.01569999999992,1,4.39808
15509.9614,8.01980000000003,1,4.383744
15517.9853,8.02390000000014,1,4.402176
15526.8583,8.87299999999959,1,4.397056
15534.8457,7.98739999999998,1,4.401152
15543.0001,8.15439999999944,1,4.396032
15550.9465,7.94640000000072,1,4.397056
15559.8612,8.91469999999936,1,4.399104
15567.8738,8.01260000000002,1,4.400128
15576.8809,9.00710000000072,1,4.401152
15584.8622,7.98129999999946,1,4.402176
15592.8383,7.97609999999986,1,4.399104
15601.953,9.11470000000008,1,4.396032
15609.8876,7.9346000000005,1,4.396032
15617.8868,7.9992000000002,1,4.402176
15626.8534,8.96659999999974,1,4.39808
15634.9495,8.09610000000066,1,4.406272
15642.9807,8.03119999999944,1,4.390912
15652.0224,9.04169999999976,1,4.397056
15659.8539,7.83150000000023,1,4.39808
15667.984,8.13010000000031,1,4.400128
15677.1373,9.15329999999994,1,4.400128
15684.8842,7.7469000000001,1,4.401152
15692.9111,8.02689999999893,1,4.396032
15701.8456,8.93450000000121,1,4.39808
15710.0405,8.1948999999986,1,4.401152
15717.86,7.81950000000143,1,4.401152
15726.8628,9.00280000000021,1,4.402176
15734.8094,7.94659999999931,1,4.397056
15742.9628,8.15339999999924,1,4.395008
15751.8487,8.88590000000113,1,4.399104
15759.9004,8.05169999999998,1,4.404224
15767.9647,8.0643,1,4.399104
15776.9256,8.96090000000004,1,4.391936
15784.8459,7.92029999999977,1,4.396032
15792.9156,8.06970000000001,1,4.400128
15801.808,8.89240000000063,1,4.399104
15809.9335,8.12549999999828,1,4.399104
15817.8463,7.91280000000006,1,4.39808
15826.8979,9.05160000000069,1,4.401152
15834.8655,7.96759999999995,1,4.399104
15842.8918,8.02629999999954,1,4.399104
15851.7967,8.90490000000136,1,4.399104
15859.8565,8.05979999999909,1,4.4032
15867.8665,8.01000000000022,1,4.39808
15876.8598,8.99330000000009,1,4.401152
15884.931,8.07120000000032,1,4.400128
15892.8697,7.93869999999879,1,4.395008
15901.89,9.02030000000013,1,4.400128
15909.8348,7.94480000000112,1,4.39808
15917.8328,7.99799999999959,1,4.400128
15926.7873,8.95449999999983,1,4.402176
15934.9343,8.14700000000084,1,4.393984
15942.9187,7.98439999999937,1,4.39808
15951.8353,8.91660000000047,1,4.396032
15959.8133,7.97799999999916,1,4.395008
15967.8627,8.04939999999988,1,4.402176
15976.8394,8.97670000000107,1,4.401152
15984.8398,8.00039999999899,1,4.391936
15992.8623,8.02250000000095,1,4.401152
16001.9118,9.04949999999917,1,4.404224
16009.8764,7.96459999999934,1,4.397056
16017.8671,7.99070000000029,1,4.399104
16026.8403,8.97320000000036,1,4.399104
16034.951,8.11069999999927,1,4.39808
16042.8891,7.93810000000121,1,4.39808
16051.9298,9.04069999999956,1,4.39296
16059.8788,7.94900000000052,1,4.400128
16067.9385,8.05969999999979,1,4.404224
16076.9146,8.97609999999986,1,4.399104
16084.8624,7.94779999999992,1,4.39808
16092.8861,8.02369999999974,1,4.395008
16101.8367,8.95060000000012,1,4.402176
16110.0278,8.19110000000001,1,4.399104
16117.975,7.94720000000052,1,4.400128
16126.8507,8.87570000000051,1,4.396032
16134.8626,8.01189999999951,1,4.399104
16142.9412,8.07859999999891,1,4.401152
16151.8535,8.91229999999996,1,4.39808
16159.9027,8.04920000000129,1,4.400128
16167.8643,7.96159999999873,1,4.397056
16176.9234,9.0591000000004,1,4.399104
16184.8717,7.94830000000002,1,4.39808
16192.8514,7.97969999999987,1,4.393984
16201.8331,8.98170000000027,1,4.400128
16209.95,8.1169000000009,1,4.4032
16217.8479,7.89789999999994,1,4.401152
16226.8801,9.03219999999965,1,4.402176
16234.8428,7.96270000000004,1,4.395008
16243.2167,8.3739000000005,1,4.393984
16250.9446,7.72789999999986,1,4.401152
16259.9759,9.03129999999874,1,4.4032
16267.9323,7.95640000000094,1,4.402176
16276.9385,9.00619999999981,1,4.397056
16284.9388,8.0002999999997,1,4.400128
16292.8505,7.91170000000056,1,4.399104
16301.8682,9.01770000000033,1,4.399104
16309.903,8.03479999999945,1,4.401152
16318.1073,8.20429999999942,1,4.402176
16325.9282,7.82090000000062,1,4.401152
16334.8937,8.96550000000025,1,4.397056
16342.9486,8.05489999999918,1,4.401152
16351.8677,8.91910000000098,1,4.66432
16359.9476,8.07989999999882,1,4.395008
16367.9164,7.96880000000056,1,4.400128
16376.8367,8.92029999999977,1,4.395008
16385.0876,8.25089999999909,1,4.399104
16392.8892,7.80160000000251,1,4.400128
16401.8692,8.97999999999956,1,4.402176
16409.8794,8.01020000000062,1,4.399104
16417.9862,8.10679999999775,1,4.402176
16426.8552,8.86900000000242,1,4.393984
16434.8936,8.03839999999764,1,4.406272
16442.8839,7.9903000000013,1,4.402176
16451.9058,9.02189999999973,1,4.676608
16459.4064,7.50059999999939,1,4.39808
16468.4359,9.02950000000055,1,4.39296
16475.9835,7.54759999999806,1,4.402176
16484.9204,8.93690000000061,1,4.4032
16492.964,8.04360000000088,1,4.39808
16501.8672,8.90320000000065,1,4.404224
16510.0198,8.15259999999762,1,4.399104
16517.9839,7.96410000000105,1,4.397056
16526.9185,8.9346000000005,1,4.393984
16534.8578,7.93930000000182,1,4.397056
16542.9766,8.11880000000019,1,4.399104
16551.8826,8.90599999999904,1,4.39296
16559.8858,8.0031999999992,1,4.39808
16567.8797,7.9939000000013,1,4.399104
16576.9019,9.02219999999943,1,4.400128
16584.8727,7.97079999999914,1,4.399104
16592.9159,8.04320000000007,1,4.4032
16601.8649,8.94900000000052,1,4.399104
16610.0214,8.15650000000096,1,4.396032
16617.9686,7.9471999999987,1,4.4032
16626.9032,8.9346000000005,1,4.401152
16635.1731,8.26989999999932,1,4.395008
16642.9475,7.77439999999842,1,4.399104
16651.9402,8.99270000000251,1,4.39808
16659.8732,7.9330000000009,1,4.400128
16667.9844,8.11119999999937,1,4.400128
16676.8808,8.89639999999781,1,4.400128
16684.877,7.99620000000141,1,4.39808
16692.9298,8.0528000000013,1,4.39808
16701.8951,8.96529999999984,1,4.396032
16709.896,8.00089999999909,1,4.395008
16718.22,8.32400000000052,1,4.402176
16725.9745,7.7544999999991,1,4.400128
16734.937,8.96250000000146,1,4.396032
16743.0242,8.08719999999812,1,4.39808
16750.9747,7.95049999999901,1,4.393984
16759.8844,8.90970000000016,1,4.39296
16768.0364,8.15200000000186,1,4.400128
16775.9798,7.94340000000011,1,4.395008
16784.9767,8.99689999999828,1,4.402176
16792.8749,7.89819999999963,1,4.4032
16801.9655,9.09059999999954,1,4.665344
16809.9432,7.9777000000031,1,4.399104
16818.0345,8.09130000000005,1,4.399104
16825.9586,7.92410000000018,1,4.400128
16834.8977,8.9390999999996,1,4.399104
16843.033,8.1352999999981,1,4.400128
16850.9538,7.92079999999987,1,4.396032
16859.9485,8.99469999999928,1,4.39296
16867.8962,7.94770000000062,1,4.401152
16876.8797,8.9835000000021,1,4.399104
16884.8493,7.96960000000036,1,4.402176
16892.9562,8.10689999999886,1,4.39808
16901.9128,8.95659999999771,1,4.399104
16909.9687,8.05590000000302,1,4.399104
16917.8771,7.90840000000026,1,4.402176
16926.8858,9.0086999999985,1,4.401152
16934.8848,7.9989999999998,1,4.397056
16942.96,8.07519999999931,1,4.39296
16951.8406,8.88060000000041,1,4.399104
16959.8461,8.0054999999993,1,4.39808
16967.8643,8.01820000000225,1,4.391936
16976.8953,9.03099999999904,1,4.4032
16984.8608,7.96549999999843,1,4.396032
16992.9443,8.08350000000064,1,4.401152
17001.8633,8.91900000000169,1,4.399104
17010.0148,8.15149999999994,1,4.390912
17017.8498,7.83499999999913,1,4.397056
17026.9083,9.05849999999919,1,4.397056
17034.8851,7.97680000000037,1,4.401152
17042.9974,8.11230000000069,1,4.39808
17051.9662,8.96879999999874,1,4.39296
17059.8969,7.9307000000008,1,4.396032
17068.1137,8.21680000000197,1,4.39808
17075.9954,7.88169999999809,1,4.395008
17084.8748,8.87940000000162,1,4.400128
17092.915,8.04019999999946,1,4.390912
17101.8798,8.96479999999792,1,4.401152
17109.926,8.04620000000068,1,4.396032
17118.0491,8.1231000000007,1,4.397056
17125.9983,7.94919999999911,1,4.401152
17134.9726,8.97430000000168,1,4.397056
17142.9892,8.01659999999902,1,4.395008
17151.9066,8.91739999999845,1,4.39808
17159.9077,8.00110000000132,1,4.395008
17168.0065,8.09879999999976,1,4.395008
17175.9789,7.97239999999874,1,4.404224
17185.1706,9.19170000000304,1,4.93568
17192.972,7.80140000000029,1,4.399104
17201.8748,8.90279999999984,1,4.402176
17209.8783,8.00349999999889,1,4.397056
17217.925,8.04669999999896,1,4.391936
17226.947,9.02200000000084,1,4.402176
17234.9282,7.98119999999835,1,4.4032
17243.1614,8.2332000000024,1,4.706304
17251.0198,7.85839999999735,1,4.399104
17259.9141,8.89430000000357,1,4.39808
17267.9396,8.02549999999974,1,4.401152
17276.8909,8.95129999999699,1,4.414464
17284.9586,8.06770000000324,1,4.401152
17292.9914,8.03279999999722,1,4.401152
17301.8919,8.90049999999974,1,4.400128
17309.9527,8.06080000000293,1,4.39296
17317.9744,8.02169999999751,1,4.397056
17326.9808,9.00640000000203,1,4.396032
17334.8733,7.89249999999811,1,4.397056
17342.9143,8.04100000000108,1,4.39296
17351.8703,8.95599999999831,1,4.390912
17359.8605,7.99020000000019,1,4.39296
17367.9293,8.06880000000092,1,4.399104
17376.8588,8.92950000000201,1,4.396032
17384.9339,8.0750999999982,1,4.399104
17392.8628,7.92889999999898,1,4.399104
17401.8762,9.01339999999982,1,4.402176
17409.8645,7.98830000000089,1,4.395008
17417.8842,8.01970000000074,1,4.402176
17426.8957,9.01150000000052,1,4.393984
17434.9035,8.00779999999941,1,4.393984
17442.9961,8.09259999999995,1,4.397056
17451.8675,8.87139999999999,1,4.396032
17459.5032,7.63569999999891,1,4.397056
17468.8475,9.34430000000066,1,4.395008
17476.9565,8.10900000000038,1,4.400128
17484.9208,7.96429999999964,1,4.400128
17492.9164,7.99559999999838,1,4.402176
17501.8922,8.97580000000016,1,4.405248
17510.0659,8.17370000000301,1,4.399104
17517.8865,7.8205999999991,1,4.399104
17526.9214,9.03489999999874,1,4.391936
17534.8418,7.92039999999906,1,4.402176
17542.9533,8.11150000000271,1,4.402176
17551.8886,8.93529999999737,1,4.399104
17559.9374,8.04880000000048,1,4.396032
17567.9512,8.01380000000063,1,4.39808
17576.925,8.97379999999976,1,4.40832
17584.8683,7.943299999999,1,4.397056
17592.8954,8.02710000000297,1,4.39808
17601.9286,9.03319999999803,1,4.391936
17609.9158,7.98719999999958,1,4.396032
17618.3656,8.44980000000214,1,4.399104
17625.9277,7.56209999999919,1,4.404224
17634.8552,8.9275000000016,1,4.402176
17642.9262,8.07099999999991,1,4.402176
17651.9595,9.03329999999914,1,4.401152
17659.9533,7.99380000000019,1,4.404224
17668.0562,8.10289999999804,1,4.39808
17676.0183,7.96210000000065,1,4.400128
17684.9546,8.93630000000121,1,4.399104
17692.8967,7.94210000000021,1,4.39808
17701.8892,8.99250000000029,1,4.391936
17709.9176,8.02839999999924,1,4.390912
17718.0433,8.12570000000051,1,4.39808
17725.9427,7.89939999999842,1,4.400128
17734.972,9.02930000000197,1,4.399104
17742.9531,7.98109999999724,1,4.399104
17751.9408,8.9877000000015,1,4.39808
17759.8824,7.94159999999829,1,4.402176
17767.9651,8.08270000000266,1,4.402176
17777.0389,9.0737999999983,1,4.396032
17784.8944,7.85550000000148,1,4.399104
17792.98,8.08559999999852,1,4.39296
17801.891,8.91100000000006,1,4.396032
17809.9811,8.09010000000126,1,4.397056
17817.902,7.92089999999735,1,4.399104
17826.8687,8.96670000000086,1,4.401152
17834.8358,7.96710000000166,1,4.401152
17843.0377,8.20190000000002,1,4.400128
17850.8999,7.86219999999958,1,4.405248
17859.9096,9.0096999999987,1,4.397056
17867.8467,7.93709999999919,1,4.39296
17876.9189,9.07220000000234,1,4.39808
17884.8352,7.91630000000077,1,4.390912
17892.8923,8.05709999999817,1,4.399104
17901.878,8.98570000000109,1,4.397056
17909.9359,8.05789999999979,1,4.393984
17917.8531,7.91719999999987,1,4.396032
17926.8531,9,1,4.407296
17934.8981,8.04499999999825,1,4.39808
17943.2623,8.36419999999998,1,4.399104
17950.9367,7.67439999999988,1,4.396032
17959.9502,9.01350000000093,1,4.390912
17967.9592,8.00900000000183,1,4.395008
17976.8805,8.92129999999815,1,4.401152
17984.8465,7.96600000000035,1,4.399104
17992.9006,8.0541000000012,1,4.396032
18001.8584,8.95780000000013,1,4.39808
18009.8716,8.0131999999976,1,4.397056
18017.9312,8.0596000000005,1,4.39808
18026.8373,8.90610000000015,1,4.395008
18034.8963,8.05900000000111,1,4.397056
18042.9591,8.0627999999997,1,4.399104
18051.9187,8.95959999999832,1,4.396032
18059.8687,7.95000000000073,1,4.399104
18067.9524,8.08369999999923,1,4.4032
18076.9164,8.96399999999994,1,4.402176
18084.9239,8.00750000000335,1,4.39808
18092.8962,7.97229999999763,1,4.395008
18101.8809,8.98470000000088,1,4.401152
18109.8905,8.00960000000123,1,4.39808
18117.9843,8.09379999999874,1,4.400128
18127.0683,9.08399999999892,1,4.401152
18134.9775,7.90920000000187,1,4.401152
18142.969,7.99150000000009,1,4.393984
18151.9031,8.93409999999858,1,4.399104
18159.9034,8.0002999999997,1,4.395008
18167.8828,7.97940000000017,1,4.399104
18176.9785,9.09570000000167,1,4.400128
18184.87,7.8914999999979,1,4.397056
18192.8791,8.00909999999931,1,4.399104
18201.882,9.00290000000314,1,4.401152
18209.9356,8.05359999999928,1,4.393984
18217.8795,7.94389999999839,1,4.393984
18226.9621,9.08260000000155,1,4.401152
18234.8976,7.93549999999959,1,4.393984
18243.227,8.32939999999871,1,4.39808
18250.9816,7.75460000000021,1,4.393984
18259.9212,8.93960000000152,1,4.402176
18267.8788,7.95759999999791,1,4.399104
18276.9324,9.05360000000292,1,4.39808
18284.8948,7.96239999999671,1,4.393984
18293.0493,8.15450000000055,1,4.39296
18300.9424,7.89310000000114,1,4.396032
18309.9341,8.99169999999867,1,4.399104
18317.903,7.96889999999985,1,4.395008
18326.9782,9.07520000000295,1,4.39296
18334.9564,7.97819999999774,1,4.39808
18343.0255,8.06910000000062,1,4.388864
18351.2087,8.18319999999949,1,4.395008
18359.8757,8.66700000000128,1,4.393984
18367.929,8.05329999999958,1,4.399104
18376.8668,8.9377999999997,1,4.4032
18384.8803,8.01350000000093,1,4.4032
18392.8815,8.00119999999879,1,4.397056
18401.9065,9.02500000000146,1,4.402176
18409.8783,7.97179999999935,1,4.397056
18417.9332,8.05489999999918,1,4.397056
18426.8281,8.89489999999932,1,4.396032
18434.9476,8.1195000000007,1,4.4032
18442.9057,7.95809999999983,1,4.400128
18451.8627,8.95700000000215,1,4.395008
18459.4071,7.54439999999886,1,4.39808
18468.5127,9.10559999999896,1,4.400128
18476.0097,7.49699999999939,1,4.399104
18485.0067,8.99700000000303,1,4.66432
18493.0209,8.0141999999978,1,4.39808
18500.9534,7.93249999999898,1,4.400128
18510.2733,9.31990000000224,1,4.39296
18517.9343,7.66100000000006,1,4.397056
18526.8734,8.9390999999996,1,4.400128
18534.8597,7.98630000000048,1,4.396032
18542.9622,8.10250000000087,1,4.397056
18551.8626,8.90039999999863,1,4.395008
18559.91,8.04739999999947,1,4.404224
18567.8979,7.98790000000008,1,4.397056
18576.924,9.02609999999913,1,4.39808
18584.8652,7.94120000000112,1,4.401152
18592.9222,8.0570000000007,1,4.399104
18601.9192,8.99699999999939,1,4.400128
18609.9445,8.02530000000115,1,4.397056
18617.9317,7.98719999999958,1,4.393984
18626.9596,9.02789999999732,1,4.399104
18634.8969,7.93730000000141,1,4.399104
18643.0126,8.11569999999847,1,4.400128
18650.9693,7.95670000000246,1,4.402176
18659.9186,8.94930000000022,1,4.402176
18667.9999,8.08129999999801,1,4.39808
18676.0627,8.0627999999997,1,4.399104
18684.976,8.91330000000016,1,4.39808
18692.9242,7.94820000000254,1,4.401152
18701.9376,9.01339999999982,1,4.39808
18709.9888,8.05119999999806,1,4.399104
18717.9166,7.9278000000013,1,4.396032
18726.9056,8.98899999999776,1,4.395008
18734.9297,8.02410000000236,1,4.39808
18742.9718,8.04209999999875,1,4.39808
18751.9656,8.99380000000019,1,4.396032
18759.8875,7.92190000000119,1,4.397056
18768.0031,8.115600000001,1,4.399104
18776.0531,8.04999999999927,1,4.384768
18784.9256,8.87249999999767,1,4.400128
18792.9144,7.98880000000281,1,4.39808
18801.9963,9.0818999999974,1,4.397056
18809.959,7.96270000000004,1,4.39296
18817.9693,8.01030000000173,1,4.406272
18826.9905,9.02119999999923,1,4.400128
18834.9077,7.91719999999987,1,4.39296
18843.0496,8.14189999999871,1,4.39808
18850.9607,7.91110000000117,1,4.400128
18859.8723,8.91159999999945,1,4.401152
18867.9345,8.0622000000003,1,4.400128
18876.923,8.98849999999948,1,4.4032
18884.9009,7.97790000000168,1,4.400128
18892.9093,8.0083999999988,1,4.397056
18901.8499,8.94060000000172,1,4.400128
18909.9772,8.1273000000001,1,4.400128
18917.9188,7.94159999999829,1,4.391936
18926.8655,8.94670000000042,1,4.397056
18934.9168,8.05129999999917,1,4.399104
18942.9999,8.08309999999983,1,4.404224
18950.9437,7.94380000000092,1,4.396032
18959.9727,9.02899999999863,1,4.400128
18967.9024,7.92970000000059,1,4.397056
18976.9312,9.02880000000005,1,4.39296
18984.8672,7.93600000000151,1,4.396032
18992.9239,8.056700000001,1,4.395008
19001.8388,8.91489999999976,1,4.39808
19009.934,8.09519999999975,1,4.399104
19017.9007,7.96669999999722,1,4.400128
19026.9572,9.05650000000242,1,4.402176
19034.9227,7.96549999999843,1,4.401152
19042.9931,8.07040000000052,1,4.399104
19051.9028,8.90970000000016,1,4.391936
19059.884,7.98119999999835,1,4.39808
19068.01,8.1260000000002,1,4.39808
19076.0059,7.99590000000171,1,4.39808
19085.0151,9.00920000000042,1,4.652032
19092.9472,7.93209999999817,1,4.401152
19101.9499,9.00270000000091,1,4.397056
19109.9098,7.95990000000165,1,4.396032
19117.9453,8.03549999999814,1,4.39808
19126.8975,8.95219999999972,1,4.399104
19135.0086,8.1111000000019,1,4.397056
19142.9563,7.94770000000062,1,4.396032
19151.9322,8.97589999999764,1,4.391936
19159.9057,7.97350000000006,1,4.401152
19168.0462,8.14050000000134,1,4.399104
19175.9492,7.90299999999843,1,4.401152
19185.1305,9.18130000000019,1,4.4032
19193.117,7.98649999999907,1,4.400128
19201.0706,7.95360000000073,1,4.39808
19210.0804,9.00979999999981,1,4.400128
19217.9576,7.87720000000263,1,4.400128
19226.8905,8.93289999999979,1,4.401152
19234.851,7.96049999999741,1,4.401152
19242.9632,8.11219999999958,1,4.399104
19251.9183,8.95510000000286,1,4.39808
19259.9383,8.02000000000044,1,4.396032
19267.9189,7.98059999999896,1,4.399104
19276.985,9.06610000000001,1,4.396032
19284.9237,7.93869999999879,1,4.401152
19293.0491,8.12540000000081,1,4.397056
19300.9467,7.89760000000024,1,4.397056
19309.973,9.02630000000136,1,4.39808
19317.9053,7.93229999999676,1,4.396032
19326.947,9.04170000000158,1,4.412416
19334.8893,7.9422999999988,1,4.401152
19342.9633,8.07400000000052,1,4.39808
19352.0027,9.03940000000148,1,4.402176
19359.9991,7.99639999999999,1,4.39296
19368.0274,8.02829999999813,1,4.39808
19376.0034,7.97600000000239,1,4.39808
19384.8948,8.89139999999679,1,4.399104
19392.8992,8.00440000000162,1,4.399104
19401.8695,8.97030000000086,1,4.397056
19409.9641,8.09460000000036,1,4.39808
19417.9345,7.97039999999834,1,4.399104
19426.8556,8.92109999999957,1,4.39808
19434.9492,8.09360000000015,1,4.402176
19442.9131,7.96390000000247,1,4.39296
19451.9289,9.0157999999974,1,4.400128
19459.438,7.50909999999931,1,4.395008
19468.545,9.10699999999997,1,4.401152
19475.9793,7.4343000000008,1,4.402176
19484.954,8.97470000000249,1,4.401152
19492.9511,7.99709999999686,1,4.402176
19501.9019,8.95080000000235,1,4.400128
19509.9082,8.00630000000092,1,4.39808
19517.9931,8.08489999999802,1,4.405248
19526.9436,8.95049999999901,1,4.402176
19534.9329,7.98930000000109,1,4.399104
19543.084,8.15109999999913,1,4.4032
19550.9863,7.90230000000156,1,4.400128
19559.957,8.97069999999803,1,4.399104
19567.8741,7.91710000000239,1,4.399104
19576.9281,9.05400000000009,1,4.399104
19584.9233,7.99519999999757,1,4.402176
19592.9431,8.01980000000185,1,4.401152
19601.9102,8.96709999999803,1,4.397056
19609.9683,8.05810000000201,1,4.401152
19617.9453,7.97699999999895,1,4.400128
19626.9513,9.00600000000122,1,4.39808
19634.9,7.94870000000083,1,4.397056
19643.1212,8.22119999999995,1,4.399104
19650.9723,7.85109999999986,1,4.399104
19659.9425,8.97019999999975,1,4.39808
19667.9215,7.97899999999936,1,4.39808
19677.0529,9.13139999999839,1,4.402176
19684.988,7.93510000000242,1,4.39296
19693.1189,8.13090000000011,1,4.400128
19700.9645,7.84559999999692,1,4.401152
19709.974,9.00950000000012,1,4.401152
19718.1834,8.20940000000337,1,4.407296
19726.0121,7.82869999999821,1,4.39808
19734.9523,8.94020000000091,1,4.393984
19743.0538,8.10150000000067,1,4.400128
19751.019,7.96519999999873,1,4.397056
19759.9772,8.95820000000094,1,4.401152
19768.0505,8.07330000000002,1,4.400128
19776.0478,7.99729999999909,1,4.409344
19784.9874,8.939600