loaded count=22480361 degree=3 decode_ms=9612.0376 first_frame_ms=10809.3495
pose -48.8215026855469 -4.06681442260742 3569.24349424154 -48.8215026855469 -4.06681442260742 -10.4056091308594
interaction duration_ms=20032.5565 accepted_presents=578 render_calls=578 fps=28.8530323126756
time_ms,interval_ms,accepted,gpu_diagnostic_ms
34.2304,34.2304,1,34.025472
68.7213,34.4909,1,34.327552
102.8674,34.1461,1,34.030592
137.2941,34.4267,1,34.264064
171.7185,34.4244,1,34.231296
205.7924,34.0739,1,33.934336
240.3484,34.556,1,34.264064
274.5015,34.1531,1,33.969152
309.1835,34.682,1,34.236416
343.7659,34.5824,1,34.409472
378.4824,34.7165,1,34.601984
412.8203,34.3379,1,33.9968
447.4143,34.5940000000001,1,34.264064
481.7797,34.3654,1,34.06848
516.3177,34.538,1,34.233344
550.9212,34.6035000000001,1,34.287616
585.2247,34.3035,1,34.008064
620.1316,34.9069000000001,1,34.597888
654.4292,34.2976,1,33.988608
689.0488,34.6196,1,34.28352
723.6844,34.6356,1,34.333696
758.0042,34.3198,1,33.982464
792.5527,34.5485,1,34.195456
826.8785,34.3258000000001,1,34.055168
861.4575,34.579,1,34.35008
896.032,34.5745000000001,1,34.277376
930.5133,34.4812999999999,1,34.020352
964.9944,34.4811000000001,1,34.241536
999.7404,34.746,1,34.294784
1034.1418,34.4014000000001,1,34.244608
1068.744,34.6021999999998,1,34.353152
1103.1888,34.4448,1,34.067456
1137.6911,34.5023000000001,1,34.235392
1172.2011,34.51,1,34.241536
1206.6055,34.4043999999999,1,33.983488
1241.0929,34.4874000000002,1,34.311168
1275.5071,34.4141999999999,1,34.075648
1309.8532,34.3461,1,34.011136
1344.3663,34.5130999999999,1,34.315264
1379.0001,34.6338000000001,1,34.31424
1413.7113,34.7112,1,34.299904
1448.1399,34.4286,1,34.24768
1482.2532,34.1133000000002,1,33.78176
1516.5031,34.2498999999998,1,33.947648
1550.7257,34.2226000000001,1,33.772544
1585.0276,34.3018999999999,1,34.105344
1619.2663,34.2387000000001,1,33.988608
1653.3689,34.1025999999999,1,33.7408
1687.9914,34.6225000000002,1,34.264064
1722.2514,34.26,1,34.060288
1756.4087,34.1572999999999,1,33.692672
1791.1406,34.7319,1,34.543616
1825.2426,34.1020000000001,1,34.002944
1859.6326,34.3899999999999,1,34.084864
1893.7993,34.1667,1,33.997824
1928.0264,34.2271000000001,1,33.747968
1962.5892,34.5627999999999,1,34.328576
1996.6679,34.0787,1,33.96096
2031.0495,34.3816000000002,1,34.07872
2065.5533,34.5038,1,34.387968
2099.9793,34.4259999999999,1,34.219008
2134.6737,34.6943999999999,1,34.432
2169.0987,34.4250000000002,1,34.215936
2203.6171,34.5183999999999,1,34.417664
2238.1676,34.5505000000003,1,34.381824
2272.5197,34.3520999999996,1,34.134016
2307.1407,34.6210000000001,1,34.425856
2341.585,34.4443000000001,1,34.208768
2376.4866,34.9016000000001,1,34.476032
2411.8549,35.3682999999996,1,35.308544
2446.4523,34.5974000000001,1,34.187264
2482.1356,35.6833000000001,1,35.393536
2517.2865,35.1509000000001,1,34.75968
2552.1818,34.8952999999997,1,34.609152
2587.5484,35.3666000000003,1,34.894848
2623.2145,35.6660999999999,1,35.593216
2658.2499,35.0353999999998,1,34.62144
2693.7038,35.4539,1,35.204096
2728.8716,35.1678000000002,1,34.9184
2763.5918,34.7202000000002,1,34.217984
2798.7876,35.1958,1,34.931712
2833.3481,34.5605,1,34.167808
2868.6931,35.3449999999998,1,35.08736
2904.3906,35.6975000000002,1,35.54304
2938.9782,34.5875999999998,1,34.21184
2974.5423,35.5641000000001,1,35.289088
3009.3286,34.7862999999998,1,34.219008
3043.7957,34.4671000000003,1,34.505728
3078.5424,34.7466999999997,1,34.4576
3112.9188,34.3764000000001,1,33.921024
3147.3549,34.4360999999999,1,34.198528
3181.8979,34.5430000000001,1,34.234368
3216.0562,34.1583000000001,1,33.913856
3250.7469,34.6907000000001,1,34.19648
3285.1597,34.4128000000001,1,34.234368
3319.6476,34.4878999999996,1,34.239488
3354.8542,35.2066000000004,1,34.865152
3389.3464,34.4921999999997,1,34.171904
3423.7984,34.4520000000002,1,34.138112
3458.0479,34.2494999999999,1,33.913856
3492.7436,34.6956999999998,1,34.326528
3527.0577,34.3141000000001,1,34.230272
3561.501,34.4433000000004,1,33.98656
3596.0588,34.5577999999996,1,34.419712
3630.2659,34.2071000000001,1,34.14528
3665.1968,34.9309000000003,1,34.418688
3699.7574,34.5605999999998,1,34.44224
3734.1767,34.4193,1,34.215936
3768.9958,34.8191000000002,1,34.546688
3803.6134,34.6176,1,34.417664
3837.8769,34.2635,1,34.125824
3872.4079,34.5309999999999,1,34.424832
3906.8616,34.4537,1,34.126848
3941.2636,34.402,1,34.162688
3976.1392,34.8755999999998,1,34.427904
4010.3304,34.1911999999998,1,34.280448
4045.2755,34.9451000000004,1,34.679808
4079.7996,34.5240999999996,1,34.220032
4113.9771,34.1775000000002,1,33.867776
4148.4242,34.4471000000003,1,34.158592
4182.7819,34.3576999999996,1,34.00704
4217.1885,34.4066000000003,1,34.148352
4251.7014,34.5128999999997,1,34.274304
4286.2853,34.5838999999996,1,34.21696
4320.9378,34.6525000000001,1,34.310144
4355.5497,34.6118999999999,1,34.207744
4390.14,34.5903000000008,1,34.408448
4424.9191,34.7790999999997,1,34.466816
4459.2415,34.3224,1,34.011136
4493.9837,34.7421999999997,1,34.60096
4528.349,34.3653000000004,1,34.128896
4562.5604,34.2114000000001,1,33.926144
4597.2889,34.7284999999993,1,34.47808
4631.5738,34.2849000000006,1,34.177024
4666.208,34.6341999999995,1,34.423808
4700.9001,34.6921000000002,1,34.469888
4735.3068,34.4067000000005,1,34.239488
4769.7595,34.4526999999998,1,34.393088
4804.3981,34.6386000000002,1,34.394112
4838.9149,34.5167999999994,1,34.228224
4873.5112,34.5963000000002,1,34.428928
4907.938,34.4268000000002,1,34.132992
4942.5282,34.5901999999996,1,34.454528
4977.3563,34.8281000000006,1,34.688
5011.4601,34.1037999999999,1,33.903616
5045.9435,34.4834000000001,1,34.11968
5080.3295,34.3859999999995,1,33.973248
5114.5912,34.2617,1,34.161664
5149.1012,34.5100000000002,1,34.16064
5183.5816,34.4804000000004,1,34.168832
5218.2181,34.6364999999996,1,34.245632
5252.5955,34.3774000000003,1,34.107392
5286.8433,34.2478000000001,1,33.851392
5321.2915,34.4481999999998,1,34.230272
5355.7209,34.4294,1,34.103296
5390.2576,34.5366999999997,1,34.413568
5424.6624,34.4048000000003,1,34.12992
5459.2294,34.567,1,34.143232
5493.7182,34.4888000000001,1,34.207744
5527.8137,34.0954999999994,1,33.8432
5562.6635,34.8498,1,34.650112
5596.8967,34.2332000000006,1,34.1248
5631.3603,34.4636,1,34.138112
5665.8455,34.4852000000001,1,34.398208
5700.4789,34.6333999999997,1,34.248704
5734.7778,34.2988999999998,1,34.1504
5769.3379,34.5601000000006,1,34.352128
5803.5338,34.1958999999997,1,34.115584
5838.2081,34.6742999999997,1,34.454528
5872.8721,34.6639999999998,1,34.436096
5907.123,34.2509,1,34.16064
5941.8196,34.6966000000002,1,34.441216
5976.33,34.5104000000001,1,34.18624
6010.7397,34.4097000000002,1,34.434048
6045.4415,34.7017999999998,1,34.338816
6079.83,34.3885,1,33.944576
6114.1713,34.3413,1,34.164736
6148.6456,34.4742999999999,1,34.18624
6182.9178,34.2722000000003,1,33.952768
6217.5714,34.6535999999996,1,34.284544
6251.84,34.2686000000003,1,34.024448
6286.3747,34.5347000000002,1,34.23232
6321.4081,35.0333999999993,1,34.574336
6356.7427,35.3346000000001,1,34.72384
6391.826,35.0833000000002,1,35.170304
6426.9307,35.1046999999999,1,34.87232
6461.7537,34.8230000000003,1,34.341888
6497.328,35.5743000000002,1,35.372032
6531.9714,34.6433999999999,1,34.225152
6567.5919,35.6205,1,35.3792
6602.9267,35.3347999999996,1,35.073024
6637.9928,35.0661,1,34.84672
6673.0164,35.0236000000004,1,34.609152
6708.8673,35.8508999999995,1,35.513344
6743.8197,34.9524000000001,1,34.598912
6779.425,35.6053000000002,1,35.406848
6814.7226,35.2975999999999,1,34.92352
6849.2179,34.4952999999996,1,34.215936
6885.0909,35.8730000000005,1,35.396608
6920.0765,34.9856,1,34.787328
6955.7644,35.6878999999999,1,35.437568
6991.4794,35.7150000000001,1,35.395584
7026.1563,34.6768999999995,1,34.33984
7061.0948,34.9385000000002,1,34.614272
7095.8448,34.75,1,34.495488
7130.5616,34.7168000000001,1,34.555904
7165.3034,34.7417999999998,1,34.587648
7199.7938,34.4904000000006,1,34.359296
7234.5595,34.7656999999999,1,34.571264
7269.2834,34.7239,1,34.6368
7303.9324,34.6489999999994,1,34.267136
7338.4862,34.5538000000006,1,34.399232
7373.568,35.0817999999999,1,34.753536
7408.0529,34.4848999999995,1,34.328576
7442.8022,34.7493000000004,1,34.573312
7477.4592,34.6570000000002,1,34.427904
7512.1224,34.6632,1,34.340864
7546.7657,34.6432999999997,1,34.349056
7581.343,34.5772999999999,1,34.236416
7616.1119,34.7689,1,34.473984
7650.5739,34.4620000000004,1,34.18112
7685.4603,34.8863999999994,1,34.601984
7720.3737,34.9134000000004,1,34.569216
7755.1211,34.7474000000002,1,34.479104
7790.0936,34.9724999999999,1,34.694144
7824.5882,34.4946,1,34.243584
7859.7513,35.1630999999998,1,34.932736
7894.6304,34.8791000000001,1,34.7392
7929.0265,34.3960999999999,1,34.143232
7963.8953,34.8688000000002,1,34.694144
7998.749,34.8536999999997,1,34.537472
8033.406,34.6570000000002,1,34.487296
8068.256,34.8500000000004,1,34.6624
8102.7888,34.5328,1,34.428928
8137.6857,34.8968999999997,1,34.696192
8172.5024,34.8167000000003,1,34.75968
8207.2269,34.7244999999994,1,34.4832
8242.4587,35.2317999999996,1,34.925568
8277.3396,34.8809000000001,1,34.642944
8312.1586,34.8190000000013,1,34.49344
8347.0109,34.8522999999986,1,34.729984
8382.1737,35.1628000000001,1,34.83648
8416.7644,34.5907000000007,1,34.255872
8451.5124,34.7479999999996,1,34.46784
8486.04,34.5276000000013,1,34.223104
8521.2157,35.1756999999998,1,34.87232
8556.0593,34.8436000000002,1,34.5088
8590.5528,34.4934999999987,1,34.219008
8625.8904,35.3376000000007,1,35.140608
8660.7754,34.8850000000002,1,34.719744
8695.6523,34.8768999999993,1,34.501632
8730.5175,34.8652000000002,1,34.738176
8765.1693,34.6517999999996,1,34.500608
8800.1992,35.0298999999995,1,34.870272
8835.0997,34.9005000000016,1,34.746368
8869.7083,34.6085999999996,1,34.523136
8904.8973,35.1890000000003,1,34.952192
8939.7292,34.8318999999992,1,34.701312
8974.7556,35.0264000000006,1,34.56
9009.8497,35.0941000000003,1,34.844672
9044.482,34.6322999999993,1,34.635776
9079.5709,35.0889000000006,1,34.700288
9114.4572,34.8863000000001,1,34.55488
9148.9802,34.5229999999992,1,34.253824
9183.9939,35.0136999999995,1,34.67776
9218.7291,34.735200000001,1,34.491392
9253.6326,34.9035000000003,1,34.543616
9288.7119,35.0792999999994,1,34.814976
9323.5435,34.8315999999995,1,34.65216
9358.5246,34.9811000000009,1,34.57536
9393.2784,34.7537999999986,1,34.59584
9428.0557,34.7773000000016,1,34.281472
9463.1342,35.0784999999996,1,34.926592
9497.8557,34.7214999999997,1,34.601984
9532.8405,34.9848000000002,1,34.772992
9567.7542,34.9136999999992,1,34.7392
9602.5657,34.8114999999998,1,34.676736
9637.5999,35.0342000000001,1,34.80576
9672.5181,34.9182000000001,1,34.7904
9707.1918,34.6737000000012,1,34.4832
9742.3993,35.2074999999986,1,34.87744
9777.2121,34.8128000000015,1,34.632704
9811.8437,34.6315999999988,1,34.487296
9846.6917,34.848,1,34.484224
9881.3239,34.6322,1,34.307072
9916.2015,34.8775999999998,1,34.572288
9951.0738,34.8723000000009,1,34.552832
9985.6853,34.6114999999991,1,34.328576
10020.6787,34.9934000000012,1,34.66752
10055.4808,34.802099999999,1,34.45248
10090.3047,34.8239000000012,1,34.721792
10125.3972,35.0924999999988,1,34.746368
10160.1407,34.7435000000005,1,34.57024
10194.7109,34.5702000000001,1,34.409472
10229.4008,34.6898999999994,1,34.185216
10264.2639,34.8631000000005,1,34.745344
10299.2946,35.0306999999993,1,34.847744
10334.0537,34.7591000000011,1,34.496512
10369.2385,35.1847999999991,1,35.059712
10404.7576,35.5191000000013,1,35.182592
10440.0414,35.2837999999992,1,34.940928
10475.5399,35.4984999999997,1,35.209216
10511.3099,35.7700000000004,1,35.516416
10546.5684,35.2584999999999,1,34.919424
10582.4418,35.8734000000004,1,35.508224
10618.0152,35.5733999999993,1,35.236864
10653.5332,35.518,1,35.217408
10688.9846,35.4513999999999,1,35.110912
10723.9664,34.9817999999996,1,34.676736
10758.6441,34.6777000000002,1,34.395136
10794.3112,35.6671000000006,1,35.2768
10830.0339,35.7227000000003,1,35.437568
10865.3037,35.2698,1,35.038208
10901.0784,35.7746999999999,1,35.284992
10936.2304,35.152,1,34.925568
10971.9883,35.7579000000005,1,35.462144
11007.5818,35.593499999999,1,35.393536
11042.2771,34.6952999999994,1,34.316288
11077.2252,34.9481000000014,1,34.720768
11111.6131,34.3878999999997,1,34.057216
11146.3489,34.7358000000004,1,34.330624
11180.9232,34.5742999999984,1,34.363392
11215.2347,34.3115000000016,1,34.00192
11249.7885,34.5537999999997,1,34.245632
11284.3984,34.6098999999995,1,34.267136
11319.4342,35.0357999999997,1,34.725888
11353.9627,34.5285000000003,1,33.988608
11388.9791,35.0164000000004,1,34.9952
11423.5043,34.5252,1,34.243584
11457.9403,34.4359999999997,1,34.279424
11492.6242,34.6839,1,34.492416
11527.1521,34.5278999999991,1,34.302976
11561.5805,34.4284000000007,1,34.194432
11596.2219,34.6414000000004,1,34.515968
11630.9524,34.7304999999997,1,34.41664
11665.3296,34.377199999999,1,34.179072
11700.0495,34.7199000000001,1,34.42688
11734.4918,34.4423000000006,1,34.271232
11769.0806,34.5887999999995,1,34.236416
11803.6494,34.5688000000009,1,34.479104
11838.0839,34.4344999999994,1,34.274304
11872.4109,34.3270000000011,1,34.173952
11906.8734,34.4624999999996,1,34.174976
11941.3626,34.4892,1,34.123776
11976.1069,34.7443000000003,1,34.518016
12010.7014,34.5944999999992,1,34.569216
12045.1576,34.4562000000005,1,34.171904
12079.7294,34.5717999999997,1,34.271232
12114.0821,34.3526999999995,1,33.90976
12148.4882,34.4061000000002,1,34.194432
12182.6898,34.2016000000003,1,33.876992
12217.2309,34.5411000000004,1,34.241536
12251.6737,34.4427999999989,1,34.200576
12286.0353,34.3616000000002,1,33.886208
12320.7707,34.7353999999996,1,34.540544
12355.1679,34.3972000000012,1,34.146304
12389.7255,34.5576000000001,1,34.376704
12424.1482,34.4226999999992,1,34.171904
12458.5805,34.4323000000004,1,34.258944
12492.9661,34.3855999999996,1,33.942528
12527.59,34.6239000000005,1,34.440192
12561.9016,34.3115999999991,1,34.16576
12596.4821,34.5805,1,34.249728
12631.1071,34.625,1,34.139136
12665.4325,34.3254000000015,1,34.48832
12700.1478,34.7152999999998,1,34.516992
12734.4911,34.3432999999986,1,34.126848
12769.4421,34.9510000000009,1,34.823168
12803.6024,34.1602999999996,1,34.076672
12838.195,34.5925999999999,1,34.226176
12872.8427,34.6476999999995,1,34.446336
12907.1098,34.2671000000009,1,34.128896
12941.7179,34.6080999999995,1,34.412544
12976.496,34.7780999999995,1,34.436096
13010.5983,34.1023000000005,1,34.210816
13045.0509,34.4526000000005,1,34.189312
13079.7073,34.6563999999998,1,34.25792
13113.8757,34.1684000000005,1,33.869824
13148.7553,34.8796000000002,1,34.430976
13182.793,34.0376999999989,1,33.846272
13217.3488,34.5558000000001,1,34.209792
13251.8034,34.4546000000009,1,34.168832
13285.9481,34.1446999999989,1,33.8432
13320.6948,34.7466999999997,1,34.429952
13355.2764,34.5816000000013,1,34.173952
13389.676,34.3995999999988,1,34.386944
13424.1991,34.5231000000003,1,34.17088
13458.5669,34.3678,1,34.239488
13493.1091,34.5421999999999,1,34.36544
13527.4558,34.3467000000001,1,33.934336
13562.0714,34.615600000001,1,34.551808
13596.4187,34.3472999999994,1,34.22208
13630.8656,34.446899999999,1,34.116608
13665.4963,34.6307000000015,1,34.440192
13699.9946,34.4982999999993,1,34.190336
13734.39,34.3953999999994,1,34.190336
13769.0202,34.6302000000014,1,34.459648
13803.3696,34.3493999999992,1,34.12992
13837.7975,34.4279000000006,1,34.19136
13872.3177,34.520199999999,1,34.379776
13906.7648,34.4471000000012,1,34.27328
13941.3595,34.5946999999996,1,34.456576
13975.7742,34.4146999999994,1,34.205696
14010.5233,34.7491000000009,1,34.592768
14045.188,34.6646999999994,1,34.458624
14079.7482,34.5601999999999,1,34.046976
14114.1327,34.3845000000001,1,34.212864
14148.6399,34.5072,1,34.234368
14182.8428,34.2029000000002,1,33.901568
14217.4853,34.6424999999999,1,34.284544
14251.7264,34.2410999999993,1,33.988608
14286.5607,34.8343000000004,1,34.435072
14321.2659,34.7052000000003,1,34.466816
14355.6222,34.3562999999995,1,34.01216
14391.0555,35.4333000000006,1,35.058688
14426.2798,35.2242999999999,1,34.920448
14461.9725,35.6926999999996,1,35.054592
14496.875,34.9025000000001,1,34.965504
14531.4656,34.5905999999995,1,34.233344
14567.053,35.5874000000003,1,35.306496
14601.8098,34.756800000001,1,34.490368
14636.9407,35.1308999999983,1,34.727936
14672.4517,35.5110000000004,1,35.204096
14707.2138,34.7620999999999,1,34.50368
14741.6303,34.4165000000012,1,34.2016
14776.2707,34.6403999999984,1,34.490368
14810.9117,34.6410000000014,1,34.270208
14845.2359,34.3241999999991,1,34.180096
14879.7548,34.5189000000009,1,34.202624
14913.9921,34.2372999999989,1,33.941504
14948.5197,34.5276000000013,1,34.194432
14983.0819,34.5621999999985,1,34.221056
15017.3839,34.3020000000015,1,34.059264
15052.1801,34.7961999999989,1,34.507776
15086.4336,34.2535000000007,1,33.972224
15121.2195,34.7858999999989,1,34.470912
15155.6251,34.4056,1,34.2784
15190.099,34.4739000000009,1,34.18112
15224.8506,34.7515999999996,1,34.525184
15259.7594,34.9088000000011,1,34.592768
15294.3305,34.5710999999992,1,34.25792
15329.0655,34.7350000000006,1,34.481152
15363.5173,34.4517999999989,1,34.16064
15398.1425,34.6252000000004,1,34.292736
15432.9031,34.7605999999996,1,34.429952
15467.6876,34.7844999999998,1,34.44224
15502.4961,34.808500000001,1,34.516992
15536.9701,34.4740000000002,1,34.250752
15571.8405,34.8703999999998,1,34.470912
15606.5983,34.7577999999994,1,34.479104
15641.1702,34.5719000000008,1,34.225152
15676.0148,34.8446000000004,1,34.57536
15710.8547,34.839899999999,1,34.525184
15745.4937,34.639000000001,1,34.213888
15780.2514,34.7576999999983,1,34.424832
15814.8945,34.6431000000011,1,34.491392
15849.731,34.8364999999994,1,34.473984
15884.155,34.4240000000009,1,34.159616
15919.2092,35.0541999999987,1,34.622464
15953.9228,34.713600000001,1,34.510848
15988.6434,34.7206000000006,1,34.420736
16023.084,34.4405999999999,1,34.148352
16057.9018,34.8177999999989,1,34.489344
16092.4357,34.5339000000004,1,34.217984
16127.2657,34.8299999999999,1,34.501632
16161.9755,34.7098000000005,1,34.484224
16196.8665,34.8909999999996,1,34.541568
16231.6104,34.7438999999995,1,34.454528
16266.0958,34.4853999999996,1,34.207744
16300.8622,34.7664000000004,1,34.42688
16335.7199,34.8577000000005,1,34.579456
16370.237,34.5170999999991,1,34.205696
16404.5992,34.3622000000014,1,34.212864
16438.9511,34.3518999999978,1,34.190336
16473.5365,34.5853999999999,1,34.439168
16508.0307,34.494200000001,1,34.19136
16542.4778,34.4471000000012,1,34.172928
16577.4037,34.9258999999984,1,34.64192
16611.7929,34.3892000000014,1,34.220032
16646.1001,34.3071999999993,1,33.937408
16680.6082,34.5080999999991,1,34.192384
16714.91,34.3018000000011,1,33.9968
16749.4406,34.5306000000019,1,34.197504
16783.8955,34.454899999997,1,34.192384
16818.277,34.3814999999995,1,34.044928
16852.7133,34.4363000000012,1,34.180096
16887.1602,34.446899999999,1,34.189312
16921.6474,34.4872000000032,1,34.161664
16956.5902,34.9427999999971,1,34.740224
16990.8045,34.2142999999996,1,33.918976
17025.441,34.6365000000005,1,34.486272
17059.7613,34.3202999999994,1,34.174976
17094.1657,34.4044000000031,1,33.995776
17128.8578,34.6921000000002,1,34.459648
17163.1438,34.2860000000001,1,34.171904
17197.9266,34.7827999999972,1,34.547712
17232.5481,34.6215000000011,1,34.46784
17266.8463,34.2982000000011,1,34.19136
17301.5402,34.6938999999984,1,34.439168
17336.4389,34.8987000000016,1,34.804736
17370.9146,34.4756999999991,1,34.171904
17405.3136,34.3990000000013,1,34.111488
17439.639,34.3253999999979,1,34.161664
17474.3063,34.667300000001,1,34.487296
17508.9682,34.6618999999992,1,34.4832
17543.3037,34.335500000001,1,34.190336
17578.0091,34.7053999999989,1,34.499584
17612.0871,34.0780000000013,1,33.891328
17646.6383,34.5511999999981,1,34.20672
17681.1508,34.5125000000007,1,34.192384
17715.7387,34.5879000000023,1,34.207744
17750.2305,34.4917999999998,1,34.24256
17784.7192,34.4886999999981,1,34.18112
17818.9573,34.2380999999987,1,33.931264
17853.4116,34.4543000000012,1,34.193408
17887.8465,34.4349000000002,1,34.127872
17922.4005,34.5540000000001,1,34.379776
17956.8858,34.4853000000003,1,34.164736
17991.1515,34.2656999999999,1,34.111488
18025.7471,34.5956000000006,1,34.446336
18059.8922,34.1450999999979,1,33.882112
18094.804,34.9118000000017,1,34.7136
18129.1049,34.3008999999984,1,34.126848
18163.4842,34.3793000000005,1,34.141184
18198.0286,34.5444000000025,1,34.141184
18232.5334,34.5047999999988,1,34.37568
18266.8377,34.3042999999998,1,34.141184
18301.2712,34.4334999999992,1,34.128896
18335.9839,34.7127,1,34.530304
18370.515,34.5311000000002,1,34.405376
18404.8581,34.3431000000019,1,34.131968
18439.142,34.2838999999985,1,34.148352
18474.0479,34.9059000000016,1,34.684928
18508.2844,34.236