loaded count=22480361 degree=3 decode_ms=9637.7325 first_frame_ms=10884.0733
pose -48.8215026855469 -4.06681442260742 3569.24349424154 -48.8215026855469 -4.06681442260742 -10.4056091308594
interaction duration_ms=20011.9598 accepted_presents=579 render_calls=579 fps=28.9326985356027
time_ms,interval_ms,accepted,gpu_diagnostic_ms
34.6516,34.6516,1,34.46784
68.9683,34.3167,1,34.14528
103.3687,34.4004,1,34.112512
138.0009,34.6322,1,34.434048
172.6014,34.6005,1,34.185216
206.838,34.2366,1,34.198528
241.4917,34.6537,1,34.364416
276.0566,34.5649,1,34.190336
310.4907,34.4341,1,34.15552
344.9863,34.4956,1,34.174976
379.1567,34.1704,1,33.866752
413.6901,34.5334,1,34.205696
448.109,34.4189,1,33.895424
482.4444,34.3354,1,34.127872
516.9605,34.5161000000001,1,34.200576
551.4033,34.4427999999999,1,34.128896
585.9307,34.5274000000001,1,34.363392
620.3245,34.3937999999999,1,34.106368
654.77,34.4455,1,34.188288
689.0849,34.3149,1,34.125824
723.2655,34.1806,1,33.893376
757.9586,34.6931000000001,1,34.470912
792.363,34.4044,1,34.120704
826.7209,34.3579,1,34.11456
861.1867,34.4657999999999,1,34.387968
895.5399,34.3532,1,34.198528
930.1297,34.5898,1,34.412544
964.3421,34.2124,1,34.04288
998.6807,34.3386,1,34.163712
1033.483,34.8022999999999,1,34.415616
1067.4491,33.9661000000001,1,34.117632
1102.0012,34.5520999999999,1,34.120704
1136.5822,34.5810000000001,1,34.450432
1170.8804,34.2982,1,34.151424
1205.423,34.5426,1,34.3808
1240.2555,34.8325,1,34.372608
1274.3392,34.0836999999999,1,34.121728
1308.7868,34.4476000000002,1,34.141184
1343.2703,34.4834999999998,1,34.128896
1377.5499,34.2796000000001,1,33.923072
1411.9321,34.3822,1,34.144256
1446.1435,34.2113999999999,1,33.867776
1480.4786,34.3351,1,34.108416
1515.0524,34.5738000000001,1,34.172928
1549.1994,34.1469999999999,1,33.855488
1583.6672,34.4678000000001,1,34.158592
1618.0245,34.3572999999999,1,34.064384
1652.7427,34.7182,1,34.374656
1686.9293,34.1866,1,34.123776
1721.2953,34.366,1,33.84832
1755.9059,34.6106,1,34.465792
1790.3216,34.4157,1,34.180096
1824.7722,34.4506000000001,1,34.1248
1859.2948,34.5225999999998,1,34.3552
1893.5428,34.248,1,34.157568
1928.1643,34.6215,1,34.39104
1962.5217,34.3574000000001,1,34.132992
1996.9082,34.3865000000001,1,34.2016
2031.4688,34.5606,1,34.190336
2066.2356,34.7667999999999,1,34.582528
2100.8867,34.6511,1,34.407424
2135.4119,34.5252,1,34.220032
2169.8133,34.4013999999997,1,34.139136
2204.4412,34.6279000000004,1,34.4064
2239.1264,34.6851999999999,1,34.436096
2273.7325,34.6061,1,34.471936
2308.4399,34.7073999999998,1,34.377728
2342.4313,33.9914000000003,1,33.84832
2377.0279,34.5965999999999,1,34.255872
2411.1061,34.0781999999999,1,33.864704
2445.5183,34.4122000000002,1,34.101248
2479.9753,34.4569999999999,1,34.153472
2514.2578,34.2824999999998,1,33.931264
2548.8535,34.5957000000003,1,34.307072
2583.2393,34.3858,1,34.154496
2617.9403,34.701,1,34.11456
2651.9738,34.0335,1,34.146304
2686.597,34.6232,1,34.15552
2721.2371,34.6400999999996,1,34.435072
2756.1812,34.9441000000002,1,34.496512
2790.5263,34.3451,1,34.244608
2825.366,34.8397,1,34.443264
2859.9719,34.6059,1,34.422784
2894.6511,34.6792,1,34.220032
2929.3262,34.6750999999999,1,34.427904
2963.8157,34.4895000000001,1,34.153472
2998.2885,34.4728,1,34.148352
3033.0918,34.8033,1,34.399232
3067.464,34.3721999999998,1,34.149376
3102.2853,34.8213000000001,1,34.450432
3137.0419,34.7566000000002,1,34.527232
3171.5417,34.4998000000001,1,34.146304
3205.8485,34.3067999999998,1,34.095104
3240.5266,34.6781000000001,1,34.214912
3275.2551,34.7284999999997,1,34.494464
3309.7878,34.5327000000002,1,34.152448
3343.9823,34.1945000000001,1,33.893376
3378.5652,34.5828999999999,1,34.161664
3412.761,34.1958,1,33.888256
3447.2965,34.5355,1,34.208768
3481.7127,34.4162000000001,1,34.200576
3515.9445,34.2318,1,33.907712
3550.3816,34.4371000000001,1,34.1504
3584.8292,34.4476,1,34.122752
3619.6661,34.8368999999998,1,34.435072
3654.2456,34.5795000000003,1,34.505728
3688.8999,34.6542999999997,1,34.42176
3723.4481,34.5482000000002,1,34.238464
3758.0917,34.6435999999999,1,34.4064
3792.6358,34.5441000000001,1,34.167808
3827.2786,34.6428000000001,1,34.42176
3862.0491,34.7705000000001,1,34.403328
3896.6078,34.5587,1,34.226176
3931.2916,34.6837999999998,1,34.392064
3965.7409,34.4492999999998,1,34.20672
4000.1882,34.4473000000003,1,34.136064
4035.0068,34.8186000000001,1,34.479104
4069.7492,34.7424000000001,1,34.418688
4104.4701,34.7208999999993,1,34.384896
4138.9724,34.5023000000001,1,34.180096
4173.819,34.8466000000008,1,34.540544
4208.6597,34.8406999999997,1,34.417664
4242.9721,34.3123999999998,1,34.128896
4277.9078,34.9357,1,34.669568
4312.6481,34.7403000000004,1,34.397184
4347.1851,34.5369999999994,1,34.163712
4381.9993,34.8142000000007,1,34.4064
4416.3966,34.3972999999996,1,34.198528
4451.1219,34.7253000000001,1,34.388992
4485.7258,34.6039000000001,1,34.419712
4520.2633,34.5374999999995,1,34.120704
4555.1187,34.8554000000004,1,34.499584
4589.649,34.5303000000004,1,34.178048
4624.3774,34.7284,1,34.450432
4659.1463,34.7689,1,34.67776
4693.3087,34.1623999999993,1,33.910784
4727.9225,34.6138000000001,1,34.384896
4762.1546,34.2321000000002,1,34.092032
4796.8049,34.6503000000002,1,34.465792
4831.3868,34.5819000000001,1,34.331648
4865.6767,34.2898999999998,1,34.185216
4900.1088,34.4321,1,34.12992
4934.7101,34.6013000000003,1,34.469888
4968.9875,34.2773999999999,1,34.096128
5003.202,34.2145,1,34.086912
5037.5173,34.3153000000002,1,34.105344
5071.9939,34.4766,1,34.337792
5106.3533,34.3593999999994,1,34.064384
5140.7172,34.3639000000003,1,34.108416
5175.0538,34.3365999999996,1,34.220032
5209.5644,34.5106000000005,1,34.159616
5244.112,34.5475999999999,1,34.154496
5278.4315,34.3194999999996,1,34.093056
5312.558,34.1265000000003,1,33.839104
5347.0712,34.5132000000003,1,34.204672
5381.2388,34.1675999999998,1,33.90464
5415.8301,34.5913,1,34.245632
5450.2969,34.4668000000001,1,34.163712
5485.0162,34.7192999999997,1,34.430976
5519.2951,34.2789000000002,1,34.106368
5553.7014,34.4062999999996,1,34.192384
5588.0688,34.3674000000001,1,34.098176
5622.6166,34.5478000000003,1,34.369536
5656.7852,34.1686,1,33.891328
5691.2718,34.4866000000002,1,34.382848
5725.5203,34.2484999999997,1,34.085888
5759.9782,34.4578999999994,1,34.091008
5794.605,34.6268,1,34.479104
5829.0125,34.4075000000003,1,34.111488
5863.3405,34.3280000000004,1,34.154496
5897.9296,34.5891000000001,1,34.357248
5932.3653,34.4357,1,34.226176
5966.7159,34.3505999999998,1,34.12992
6000.9994,34.2834999999995,1,34.132992
6035.2823,34.2829000000002,1,34.121728
6069.8512,34.5689000000002,1,34.374656
6104.3697,34.5185000000001,1,34.399232
6138.5901,34.2204000000002,1,34.080768
6173.3367,34.7465999999995,1,34.484224
6207.7189,34.3822,1,34.179072
6242.4893,34.7704000000003,1,34.45248
6276.9811,34.4917999999998,1,34.295808
6311.5658,34.5847000000003,1,34.265088
6346.055,34.4892,1,34.19648
6380.2974,34.2424000000001,1,33.934336
6414.8271,34.5297,1,34.214912
6449.183,34.3558999999996,1,34.159616
6483.4662,34.2831999999999,1,33.880064
6518.1664,34.7002000000002,1,34.432
6552.5193,34.3528999999999,1,34.214912
6586.8982,34.3788999999997,1,33.883136
6621.5447,34.6465000000007,1,34.468864
6655.9933,34.4485999999997,1,34.307072
6690.5956,34.6022999999996,1,34.270208
6725.5592,34.9636,1,34.767872
6759.9113,34.3521000000001,1,34.189312
6794.6538,34.7425000000003,1,34.583552
6829.2687,34.6148999999996,1,34.475008
6863.6758,34.4071000000004,1,34.209792
6898.3542,34.6783999999998,1,34.468864
6932.7474,34.3932000000004,1,34.305024
6967.29,34.5425999999998,1,34.221056
7001.6115,34.3215,1,34.22208
7036.1778,34.5663000000004,1,34.37056
7070.9448,34.7669999999998,1,34.584576
7105.3444,34.3995999999997,1,34.290688
7139.9991,34.6547,1,34.260992
7174.6756,34.6764999999996,1,34.612224
7208.993,34.3174000000008,1,34.004992
7243.952,34.9589999999998,1,34.569216
7278.2299,34.2779,1,34.054144
7312.8429,34.6129999999994,1,34.3296
7347.5401,34.6972000000005,1,34.299904
7381.9269,34.3868000000002,1,34.10944
7416.4962,34.5692999999992,1,34.03776
7451.3244,34.8282000000008,1,34.615296
7485.8601,34.5356999999995,1,34.361344
7520.4817,34.6216000000004,1,34.356224
7555.328,34.8463000000002,1,34.678784
7589.9114,34.5833999999995,1,34.394112
7624.683,34.7716,1,34.47296
7659.3265,34.6435000000001,1,34.490368
7694.4757,35.1491999999998,1,34.818048
7729.4907,35.0150000000003,1,34.69824
7764.268,34.7772999999997,1,34.459648
7799.3675,35.0995000000003,1,34.809856
7834.2238,34.8562999999995,1,34.54464
7869.269,35.0452000000005,1,34.7648
7904.3454,35.0763999999999,1,34.747392
7939.1778,34.8324000000002,1,34.476032
7974.409,35.2311999999993,1,34.989056
8009.2737,34.8647000000001,1,34.436096
8044.0273,34.7536,1,34.417664
8079.062,35.0347000000002,1,34.716672
8113.8314,34.7694000000001,1,34.50368
8149.0463,35.2148999999999,1,34.835456
8183.9822,34.9359000000004,1,34.715648
8218.829,34.8467999999993,1,34.45248
8254.0655,35.2365000000009,1,34.845696
8289.0295,34.9639999999999,1,34.711552
8323.8764,34.8468999999986,1,34.581504
8358.9308,35.0544000000009,1,34.748416
8393.7889,34.8580999999995,1,34.53952
8428.9381,35.1491999999998,1,34.73408
8463.8197,34.8816000000006,1,34.683904
8498.6736,34.8539000000001,1,34.492416
8533.9689,35.2952999999998,1,35.074048
8569.0415,35.0725999999995,1,34.72896
8603.8938,34.8523000000005,1,34.531328
8638.9321,35.0383000000002,1,34.753536
8673.94,35.0079000000005,1,34.65728
8709.2611,35.3210999999992,1,34.761728
8743.9014,34.6403000000009,1,34.463744
8778.4399,34.5384999999987,1,34.214912
8813.2413,34.8014000000003,1,34.526208
8848.0728,34.8315000000002,1,34.445312
8882.6571,34.5843000000004,1,34.291712
8917.5193,34.8621999999996,1,34.648064
8952.7078,35.1885000000002,1,34.84672
8987.3542,34.6463999999996,1,34.518016
9021.831,34.4768000000004,1,34.21696
9056.57,34.7389999999996,1,34.52416
9091.6147,35.0447000000004,1,34.85696
9126.1045,34.4897999999994,1,34.202624
9161.0355,34.9310000000005,1,34.768896
9196.0882,35.0527000000002,1,34.8672
9230.7024,34.6142,1,34.520064
9265.7799,35.0774999999994,1,34.827264
9300.7984,35.0185000000001,1,34.779136
9335.5359,34.7375000000011,1,34.577408
9370.3993,34.8633999999984,1,34.711552
9405.0525,34.6532000000007,1,34.533376
9439.9589,34.9063999999998,1,34.486272
9474.9999,35.0410000000011,1,35.004416
9509.6266,34.6266999999989,1,34.295808
9544.4166,34.7900000000009,1,34.515968
9579.3614,34.9447999999993,1,34.593792
9614.0628,34.7013999999999,1,34.372608
9648.9141,34.8513000000003,1,34.592768
9683.5048,34.5907000000007,1,34.217984
9718.7232,35.2183999999997,1,34.727936
9753.3639,34.6406999999999,1,34.51392
9787.8693,34.5054,1,34.19648
9822.9123,35.0429999999997,1,34.816
9857.849,34.9367000000002,1,34.692096
9892.4133,34.5643,1,34.285568
9927.3389,34.9256000000005,1,34.665472
9961.9261,34.5871999999999,1,34.460672
9996.6165,34.6903999999995,1,34.43712
10031.3073,34.6908000000003,1,34.511872
10066.0363,34.7289999999994,1,34.576384
10101.0883,35.0519999999997,1,34.74944
10135.9648,34.8765000000003,1,34.860032
10170.6358,34.6710000000003,1,34.504704
10205.4681,34.8323,1,34.700288
10240.2123,34.7441999999992,1,34.400256
10275.0727,34.8604000000014,1,34.811904
10309.8372,34.7644999999993,1,34.466816
10344.6768,34.8395999999993,1,34.485248
10379.1851,34.5083000000013,1,34.183168
10413.9948,34.8096999999998,1,34.535424
10448.5947,34.5998999999993,1,34.245632
10483.2462,34.6514999999999,1,34.405376
10518.2341,34.9879000000001,1,34.725888
10552.9855,34.751400000001,1,34.53952
10587.5437,34.5581999999995,1,34.167808
10622.3776,34.8338999999996,1,34.757632
10657.3156,34.9380000000001,1,34.748416
10691.791,34.4753999999994,1,34.215936
10726.6947,34.9037000000008,1,34.664448
10761.3892,34.6944999999996,1,34.57024
10795.9018,34.5126,1,34.312192
10830.6038,34.7020000000011,1,34.586624
10865.2835,34.6796999999988,1,34.336768
10899.6268,34.3433000000005,1,34.260992
10934.5105,34.8837000000003,1,34.614272
10968.9999,34.4894000000004,1,34.262016
11003.4237,34.4237999999987,1,34.259968
11037.8925,34.4688000000006,1,34.253824
11072.495,34.6025000000009,1,34.395136
11107.3142,34.8191999999999,1,34.622464
11141.7455,34.4313000000002,1,34.326528
11176.1872,34.4416999999994,1,34.019328
11210.7355,34.5483000000004,1,34.286592
11245.3274,34.5918999999994,1,34.272256
11280.0092,34.6818000000003,1,34.245632
11314.4294,34.4202000000005,1,34.300928
11348.8185,34.3890999999985,1,34.043904
11383.3192,34.5007000000005,1,34.213888
11417.8415,34.5223000000005,1,34.210816
11452.6434,34.8019000000004,1,34.608128
11487.1542,34.5108,1,34.265088
11521.775,34.6207999999988,1,34.464768
11556.2536,34.4786000000004,1,34.240512
11590.6211,34.3675000000003,1,34.103296
11625.3227,34.7016000000003,1,34.492416
11659.7867,34.4639999999999,1,34.279424
11694.4829,34.6962000000003,1,34.296832
11729.1565,34.6735999999983,1,34.42688
11763.9143,34.7578000000012,1,34.476032
11798.3699,34.4555999999993,1,34.179072
11833.2416,34.8716999999997,1,34.521088
11867.9386,34.6970000000001,1,34.429952
11902.5992,34.6606000000011,1,34.210816
11937.2706,34.6713999999993,1,34.468864
11971.8977,34.6270999999997,1,34.249728
12006.5902,34.692500000001,1,34.376704
12041.0068,34.4165999999987,1,34.17088
12075.4997,34.4929000000011,1,34.16064
12110.219,34.7192999999988,1,34.430976
12144.9495,34.7305000000015,1,34.417664
12179.5346,34.5851000000002,1,34.167808
12214.2892,34.7545999999984,1,34.552832
12248.905,34.6158000000014,1,34.224128
12283.5887,34.6836999999996,1,34.440192
12318.3363,34.7476000000006,1,34.415616
12352.8226,34.4862999999987,1,34.233344
12387.4828,34.6602000000003,1,34.364416
12422.2798,34.7970000000005,1,34.43712
12456.7457,34.4658999999992,1,34.146304
12491.615,34.8693000000003,1,34.48832
12526.0241,34.4091000000008,1,34.131968
12560.6857,34.6615999999995,1,34.429952
12595.4117,34.7260000000006,1,34.433024
12629.9118,34.5000999999993,1,34.144256
12664.7014,34.7896000000001,1,34.459648
12699.1053,34.4038999999993,1,34.171904
12733.9806,34.8753000000015,1,34.5088
12768.1969,34.2163,1,34.121728
12802.6376,34.4406999999992,1,34.107392
12837.2076,34.5699999999997,1,34.413568
12871.7236,34.5159999999996,1,34.212864
12905.9919,34.2683000000015,1,34.084864
12940.6389,34.646999999999,1,34.473984
12974.7209,34.0820000000003,1,33.881088
13009.2811,34.5601999999999,1,34.190336
13043.4421,34.1610000000001,1,33.893376
13077.6022,34.1600999999991,1,33.851392
13112.1545,34.5523000000012,1,34.234368
13146.3016,34.1471000000001,1,33.841152
13180.9139,34.6122999999989,1,34.168832
13215.2917,34.3778000000002,1,34.184192
13249.77,34.4783000000007,1,34.164736
13284.6175,34.8474999999999,1,34.458624
13318.8453,34.2278000000006,1,34.137088
13353.4051,34.5597999999991,1,34.258944
13388.0743,34.6692000000003,1,34.481152
13422.456,34.3816999999999,1,34.221056
13456.8576,34.4015999999992,1,34.147328
13491.3585,34.5009000000009,1,34.241536
13525.8486,34.4900999999991,1,34.436096
13560.4167,34.5681000000004,1,34.42176
13594.7507,34.3340000000007,1,34.16064
13629.1996,34.4488999999994,1,34.072576
13663.7927,34.5931,1,34.402304
13698.1083,34.3155999999999,1,34.159616
13732.8279,34.7196000000004,1,34.57536
13767.4265,34.5985999999994,1,34.36544
13801.7834,34.3569000000007,1,34.100224
13836.3942,34.6108000000004,1,34.41152
13870.7322,34.3379999999997,1,34.22208
13905.3267,34.5944999999992,1,34.392064
13939.829,34.5023000000001,1,34.393088
13974.2096,34.3806000000004,1,34.225152
14008.6731,34.4634999999998,1,34.188288
14042.9495,34.2764000000006,1,33.951744
14077.1477,34.1981999999989,1,33.897472
14111.6929,34.5452000000005,1,34.254848
14146.0084,34.3155000000006,1,33.932288
14180.4537,34.4452999999994,1,34.180096
14214.9395,34.4858000000004,1,34.208768
14249.5184,34.5789000000004,1,34.208768
14284.222,34.7035999999989,1,34.435072
14318.6822,34.4601999999995,1,34.164736
14353.2687,34.5865000000013,1,34.469888
14387.8026,34.5339000000004,1,34.190336
14422.1365,34.3338999999996,1,34.213888
14456.7703,34.6337999999996,1,34.405376
14491.0046,34.2343000000001,1,33.990656
14525.8746,34.869999999999,1,34.443264
14560.0843,34.2097000000012,1,34.154496
14594.3851,34.3007999999991,1,34.126848
14628.8291,34.4440000000013,1,34.126848
14663.4125,34.5833999999995,1,34.436096
14697.7931,34.3806000000004,1,34.214912
14732.6,34.8068999999996,1,34.639872
14766.8875,34.2875000000004,1,34.18624
14801.4588,34.5712999999996,1,34.212864
14835.7613,34.3024999999998,1,34.1504
14870.3583,34.5969999999998,1,34.244608
14904.9371,34.5787999999993,1,34.468864
14939.261,34.3239000000012,1,34.156544
14973.9558,34.6947999999993,1,34.563072
15008.4408,34.4850000000006,1,34.209792
15042.7473,34.3065000000006,1,33.958912
15076.9171,34.1697999999997,1,33.87392
15111.496,34.5788999999986,1,34.281472
15145.7949,34.2989000000016,1,33.923072
15180.2485,34.4535999999989,1,34.19648
15214.8111,34.5626000000011,1,34.23744
15249.4156,34.6044999999995,1,34.29376
15283.9053,34.4897000000001,1,34.187264
15318.3192,34.4138999999996,1,34.154496
15352.7212,34.402,1,34.200576
15387.1052,34.384,1,33.96608
15421.742,34.6368000000002,1,34.424832
15455.9834,34.241399999999,1,34.113536
15490.3919,34.4085000000014,1,34.018304
15525.042,34.6500999999989,1,34.468864
15559.4453,34.4032999999999,1,34.180096
15593.9224,34.4771000000001,1,34.2016
15628.5858,34.6634000000013,1,34.454528
15662.9488,34.3629999999994,1,34.250752
15697.8019,34.8531000000003,1,34.42176
15732.4991,34.6972000000005,1,34.581504
15767.067,34.5678999999982,1,34.185216
15801.8475,34.7805000000008,1,34.489344
15836.628,34.7805000000008,1,34.441216
15871.1838,34.5558000000001,1,34.260992
15906.0113,34.8274999999994,1,34.514944
15940.574,34.5627000000004,1,34.260992
15975.489,34.9149999999991,1,34.50368
16010.2552,34.7662,1,34.52416
16044.7504,34.4952000000012,1,34.185216
16079.2362,34.4857999999986,1,34.180096
16114.1793,34.9431000000004,1,34.537472
16148.6782,34.4989000000005,1,34.266112
16183.4231,34.7448999999997,1,34.414592
16217.8581,34.4349999999995,1,34.156544
16252.6969,34.8388000000014,1,34.5088
16287.5065,34.8095999999987,1,34.434048
16321.9098,34.4032999999999,1,34.146304
16356.4949,34.5851000000002,1,34.272256
16391.1008,34.6059000000005,1,34.282496
16425.8381,34.7373000000007,1,34.430976
16460.4922,34.6540999999997,1,34.397184
16494.9233,34.431099999998,1,34.089984
16529.6885,34.7652000000016,1,34.486272
16564.4575,34.7690000000002,1,34.455552
16598.9888,34.5312999999987,1,34.182144
16633.8131,34.8243000000002,1,34.5088
16668.2808,34.4677000000011,1,34.194432
16702.9161,34.6352999999981,1,34.400256
16737.1768,34.2607000000025,1,34.110464
16771.6767,34.4998999999989,1,34.18112
16806.2565,34.5797999999995,1,34.390016
16840.7305,34.474000000002,1,34.253824
16875.1497,34.4192000000003,1,34.113536
16909.5739,34.4241999999977,1,34.213888
16943.7654,34.1915000000008,1,33.851392
16978.4662,34.7007999999987,1,34.39104
17012.9762,34.510000000002,1,34.20672
17047.2016,34.2253999999994,1,33.923072
17081.3886,34.1869999999981,1,33.859584
17115.5587,34.170100000003,1,33.893376
17150.1188,34.5600999999988,1,34.207744
17184.7844,34.6656000000003,1,34.402304
17219.1255,34.3410999999978,1,34.14016
17253.8023,34.6768000000011,1,34.38592
17288.0775,34.2752,1,34.08896
17322.6547,34.5771999999997,1,34.446336
17357.0847,34.4300000000003,1,34.134016
17391.4618,34.3771000000015,1,34.164736
17425.9449,34.4830999999976,1,34.358272
17460.1794,34.2345000000023,1,34.10432
17494.6221,34.4426999999996,1,34.085888
17529.1499,34.5277999999998,1,34.408448
17563.3929,34.2429999999986,1,34.087936
17598.0477,34.6548000000003,1,34.429952
17632.6914,34.6437000000005,1,34.51904
17667.0185,34.3270999999986,1,34.126848
17701.5491,34.5306000000019,1,34.383872
17735.7777,34.2285999999986,1,34.103296
17770.3074,34.5297000000028,1,34.212864
17804.8634,34.5559999999969,1,34.407424
17839.246,34.3826000000008,1,34.162688
17873.7937,34.5476999999992,1,34.386944
17908.2017,34.4080000000031,1,34.336768
17942.4009,34.1991999999991,1,33.864704
17976.874,34.4730999999992,1,34.127872
18011.1209,34.2469000000019,1,33.938432
18045.4932,34.3722999999991,1,34.107392
18079.6871,34.1938999999984,1,33.878016
18113.8266,34.1395000000011,1,33.862656
18148.4356,34.6090000000004,1,34.180096
18182.5856,34.1499999999978,1,33.87904
18217.0577,34.4721000000027,1,34.146304
18251.8764,34.8186999999998,1,34.501632
18286.2317,34.3552999999993,1,34.120704
18320.7708,34.5390999999981,1,34.37056
18355.0016,34.2308000000012,1,33.839104
18389.797,34.7953999999991,1,34.705408
18424.442,34.6450000000004,1,34.507776
18458.5314,34.0894000000008,1,33.85856
18493.1872,34.6558000000005,1,34.43712
18527.4665,34.27929999