loaded count=22480361 degree=3 decode_ms=9830.8156 first_frame_ms=11082.4704
pose -48.8215026855469 -4.06681442260742 3569.24349424154 -48.8215026855469 -4.06681442260742 -10.4056091308594
interaction duration_ms=20017.8246 accepted_presents=578 render_calls=578 fps=28.8742663875674
time_ms,interval_ms,accepted,gpu_diagnostic_ms
34.6455,34.6455,1,34.468864
69.1365,34.491,1,34.372608
103.4158,34.2793,1,34.087936
137.9889,34.5731,1,34.445312
172.4268,34.4379,1,34.281472
207.0234,34.5966,1,34.434048
241.5838,34.5604,1,34.403328
275.9227,34.3389,1,34.118656
310.4928,34.5701,1,34.429952
345.5417,35.0489,1,34.6624
380.0628,34.5211,1,34.152448
414.2402,34.1774,1,34.208768
448.632,34.3918,1,34.171904
482.8794,34.2474,1,33.903616
517.2604,34.381,1,34.069504
551.4924,34.232,1,33.953792
586.0143,34.5219000000001,1,34.156544
620.479,34.4647,1,34.172928
654.7758,34.2968,1,33.888256
689.0702,34.2944,1,34.183168
723.6447,34.5744999999999,1,34.168832
758.3234,34.6787,1,34.397184
792.5708,34.2474,1,34.147328
826.9713,34.4005000000001,1,33.891328
861.5891,34.6178,1,34.409472
895.8572,34.2681,1,34.18624
930.4264,34.5691999999999,1,34.23744
964.945,34.5186000000001,1,34.381824
999.262,34.3169999999999,1,34.144256
1033.9304,34.6684,1,34.501632
1068.4402,34.5098,1,34.352128
1103.0246,34.5844,1,34.425856
1137.6003,34.5757000000001,1,34.377728
1172.0202,34.4198999999999,1,34.270208
1206.6725,34.6523,1,34.490368
1241.313,34.6405000000002,1,34.39616
1275.8162,34.5031999999999,1,34.1248
1310.4776,34.6614,1,34.404352
1345.1969,34.7193,1,34.392064
1379.7251,34.5282000000002,1,34.169856
1414.297,34.5718999999999,1,34.277376
1448.7088,34.4118000000001,1,34.123776
1483.6753,34.9665,1,34.628608
1518.3086,34.6333,1,34.127872
1552.922,34.6134,1,34.52416
1587.7221,34.8000999999999,1,34.48832
1622.544,34.8219000000001,1,34.505728
1656.9836,34.4395999999999,1,34.142208
1691.7278,34.7441999999999,1,34.464768
1726.1942,34.4664,1,34.139136
1760.9101,34.7159000000001,1,34.40128
1795.6773,34.7672,1,34.439168
1830.2887,34.6114,1,34.264064
1865.3769,35.0881999999999,1,34.696192
1899.9118,34.5349000000001,1,34.424832
1934.4536,34.5418,1,34.11968
1969.1214,34.6677999999999,1,34.390016
2003.7119,34.5905,1,34.209792
2038.6631,34.9512,1,34.617344
2073.3103,34.6472000000001,1,34.500608
2107.9318,34.6214999999997,1,34.192384
2142.6239,34.6921000000002,1,34.424832
2177.081,34.4571000000001,1,34.097152
2211.8606,34.7795999999998,1,34.512896
2246.5419,34.6813000000002,1,34.388992
2281.0706,34.5286999999998,1,34.161664
2315.7045,34.6338999999998,1,34.392064
2349.8893,34.1848,1,33.905664
2384.4045,34.5152000000003,1,34.171904
2418.5437,34.1392000000001,1,33.85344
2452.7554,34.2116999999998,1,33.929216
2487.2947,34.5392999999999,1,34.234368
2521.9568,34.6621,1,34.209792
2556.0335,34.0767000000001,1,33.85344
2590.8113,34.7777999999998,1,34.482176
2625.5351,34.7238000000002,1,34.430976
2660.178,34.6428999999998,1,34.482176
2694.6617,34.4837000000002,1,34.167808
2729.2606,34.5989,1,34.423808
2763.9622,34.7015999999999,1,34.53952
2798.0948,34.1325999999999,1,33.890304
2832.858,34.7632000000003,1,34.552832
2867.658,34.7999999999997,1,34.458624
2901.9641,34.3061000000002,1,34.207744
2936.7191,34.7549999999997,1,34.486272
2971.2925,34.5734000000002,1,34.337792
3005.9964,34.7039,1,34.499584
3040.5906,34.5942,1,34.473984
3074.9352,34.3445999999999,1,34.17088
3109.5229,34.5877,1,34.435072
3143.8265,34.3036000000002,1,34.154496
3178.2459,34.4193999999998,1,34.115584
3212.9699,34.7240000000002,1,34.485248
3247.2762,34.3062999999997,1,34.285568
3281.816,34.5398,1,34.198528
3316.6016,34.7856000000002,1,34.441216
3350.8692,34.2676000000001,1,33.9712
3385.6114,34.7421999999997,1,34.42688
3419.7536,34.1422000000002,1,33.869824
3454.0794,34.3258000000001,1,33.880064
3488.4845,34.4050999999999,1,34.221056
3522.8723,34.3878,1,34.180096
3557.4095,34.5372000000002,1,34.149376
3591.7386,34.3290999999999,1,34.19136
3626.2952,34.5565999999999,1,33.903616
3660.7667,34.4715000000001,1,34.362368
3695.0458,34.2790999999997,1,34.110464
3729.5639,34.5181000000002,1,34.18624
3764.5497,34.9857999999999,1,34.79552
3798.8226,34.2728999999999,1,34.15552
3833.403,34.5803999999998,1,34.24768
3867.869,34.4660000000003,1,34.376704
3902.2855,34.4164999999998,1,34.14528
3936.8055,34.52,1,34.418688
3971.1688,34.3633,1,34.156544
4005.9066,34.7377999999999,1,34.571264
4040.4204,34.5138000000002,1,34.363392
4074.8484,34.4279999999999,1,34.137088
4109.4638,34.6154000000006,1,34.390016
4144.1199,34.6560999999992,1,34.404352
4178.4535,34.3335999999999,1,34.158592
4213.0626,34.6091000000006,1,34.418688
4247.5263,34.4637000000002,1,34.249728
4281.9728,34.4464999999991,1,34.154496
4316.625,34.6522000000004,1,34.398208
4350.8164,34.1913999999997,1,33.936384
4385.3369,34.5205000000005,1,34.172928
4419.5504,34.2134999999998,1,33.913856
4453.714,34.1635999999999,1,33.885184
4488.1793,34.4652999999998,1,34.169856
4522.6601,34.4808000000003,1,34.157568
4557.0452,34.3850999999995,1,34.108416
4591.8558,34.8106000000007,1,34.455552
4626.1131,34.2572999999993,1,34.153472
4660.555,34.4419000000007,1,34.163712
4694.9099,34.3548999999994,1,34.14016
4729.5888,34.6789000000008,1,34.490368
4763.7283,34.1394999999993,1,33.953792
4798.3478,34.6194999999998,1,34.395136
4832.7742,34.4264000000003,1,34.176
4867.1987,34.4245000000001,1,34.16576
4901.9166,34.7178999999996,1,34.413568
4936.3966,34.4800000000005,1,34.325504
4970.7931,34.3964999999998,1,34.248704
5005.4999,34.7067999999999,1,34.47808
5039.6873,34.1873999999998,1,34.075648
5074.2266,34.5393000000004,1,34.060288
5108.6139,34.3873000000003,1,34.367488
5142.9446,34.3306999999995,1,34.107392
5177.601,34.6563999999998,1,34.423808
5213.2245,35.6235000000006,1,35.090432
5247.3085,34.0839999999998,1,34.289664
5282.3344,35.0258999999996,1,34.699264
5316.7727,34.4383000000007,1,34.131968
5351.1113,34.3385999999991,1,33.953792
5385.4749,34.3636000000006,1,34.146304
5419.8556,34.3806999999997,1,33.833984
5453.9674,34.1118000000006,1,33.913856
5488.4324,34.4649999999992,1,34.157568
5522.5804,34.1480000000001,1,33.874944
5557.006,34.4256000000005,1,34.0736
5591.3774,34.3714,1,34.192384
5626.0486,34.6711999999998,1,34.435072
5660.1999,34.1512999999995,1,33.86368
5694.957,34.7571000000007,1,34.541568
5729.5984,34.6413999999995,1,34.464768
5764.0302,34.4318000000003,1,33.949696
5798.4022,34.3720000000003,1,34.404352
5833.2775,34.8752999999997,1,34.501632
5867.7226,34.4450999999999,1,34.166784
5902.6109,34.8882999999996,1,34.42688
5937.1282,34.5173000000004,1,34.340864
5971.6729,34.5446999999995,1,34.178048
6006.2634,34.5905000000002,1,34.407424
6041.0207,34.7573000000002,1,34.394112
6075.7657,34.7449999999999,1,34.409472
6110.5632,34.7974999999997,1,34.494464
6145.0473,34.4841000000006,1,34.190336
6179.7842,34.7368999999999,1,34.398208
6215.099,35.3148000000001,1,35.03616
6249.8933,34.7942999999996,1,34.254848
6284.8337,34.9404000000004,1,34.523136
6319.131,34.2973000000002,1,34.233344
6353.9878,34.8567999999996,1,34.538496
6388.7127,34.7249000000002,1,34.515968
6423.626,34.9133000000002,1,34.461696
6458.2386,34.6125999999995,1,34.208768
6492.8211,34.5825000000004,1,34.302976
6527.5904,34.7692999999999,1,34.497536
6562.4936,34.9031999999997,1,34.557952
6597.1363,34.6427000000003,1,34.2528
6632.0275,34.8912,1,34.572288
6666.7662,34.7386999999999,1,34.610176
6701.3592,34.5929999999998,1,34.176
6736.0289,34.6697000000004,1,34.44736
6770.5504,34.5214999999998,1,34.254848
6805.7398,35.1894000000002,1,34.802688
6840.5041,34.7642999999998,1,34.492416
6874.9948,34.4907000000003,1,34.210816
6909.6948,34.6999999999998,1,34.306048
6944.1145,34.4196999999995,1,34.213888
6978.8508,34.7363000000005,1,34.527232
7013.3709,34.5200999999997,1,34.24256
7048.1211,34.7502000000004,1,34.310144
7082.3928,34.2716999999993,1,34.26304
7116.9642,34.5714000000007,1,34.253824
7151.4412,34.4769999999999,1,34.106368
7186.3543,34.9130999999998,1,34.543616
7220.616,34.2617,1,34.041856
7255.5267,34.9107000000004,1,34.26304
7290.0537,34.527,1,34.583552
7324.721,34.6672999999992,1,34.31424
7359.4772,34.7562000000007,1,34.593792
7393.9577,34.4804999999997,1,34.091008
7428.6913,34.7336000000005,1,34.673664
7463.2012,34.5099,1,34.302976
7497.6095,34.4082999999991,1,34.164736
7532.5844,34.9749000000002,1,34.76992
7567.5545,34.9701000000005,1,34.646016
7602.1275,34.5729999999994,1,34.373632
7637.0018,34.8743000000004,1,34.676736
7671.7102,34.7084000000004,1,34.492416
7706.3618,34.6515999999992,1,34.39104
7741.5777,35.2159000000001,1,34.666496
7776.2353,34.6576000000005,1,34.455552
7811.2305,34.9951999999994,1,34.834432
7846.3888,35.1583000000001,1,34.74944
7880.958,34.5691999999999,1,34.387968
7916.0852,35.1272000000008,1,35.15904
7950.7352,34.6499999999996,1,34.540544
7985.5563,34.8211000000001,1,34.489344
8020.2884,34.7321000000002,1,34.44736
8054.8591,34.5706999999993,1,34.282496
8089.7276,34.8685000000005,1,34.532352
8124.469,34.7413999999999,1,34.47808
8159.3365,34.8675000000003,1,34.476032
8194.2095,34.8730000000005,1,34.760704
8228.8071,34.5975999999991,1,34.289664
8263.7213,34.9141999999993,1,34.70848
8298.2334,34.5120999999999,1,34.408448
8333.5629,35.3295000000016,1,34.774016
8368.4478,34.8848999999991,1,34.806784
8403.3155,34.8677000000007,1,34.501632
8438.2115,34.8959999999988,1,34.52928
8472.8919,34.6804000000011,1,34.640896
8507.6087,34.7168000000001,1,34.475008
8542.2805,34.6718000000001,1,34.400256
8577.0578,34.7772999999997,1,34.67264
8612.1187,35.0609000000004,1,34.417664
8646.6271,34.5083999999988,1,34.720768
8681.3782,34.7510999999995,1,34.530304
8716.2224,34.8442000000014,1,34.64704
8751.27,35.0475999999999,1,34.715648
8785.7682,34.4982,1,34.219008
8820.643,34.8747999999996,1,34.292736
8855.561,34.9179999999997,1,34.720768
8890.4125,34.8515000000007,1,34.404352
8925.4569,35.0443999999989,1,34.782208
8960.1047,34.6478000000006,1,34.46784
8995.1717,35.0670000000009,1,34.661376
9030.0302,34.8584999999985,1,34.632704
9064.6286,34.5984000000008,1,34.300928
9100.133,35.5043999999998,1,35.062784
9134.8599,34.7268999999997,1,34.607104
9169.5969,34.737000000001,1,34.532352
9204.8239,35.226999999999,1,34.819072
9239.6768,34.8528999999999,1,34.632704
9274.7549,35.0781000000006,1,34.551808
9309.6212,34.8662999999997,1,34.848768
9344.3452,34.7240000000002,1,34.51392
9379.3724,35.0272000000004,1,34.756608
9414.3046,34.9321999999993,1,34.81088
9449.149,34.8444,1,34.556928
9483.9583,34.8093000000008,1,34.49344
9518.5077,34.5493999999999,1,34.245632
9553.2977,34.7899999999991,1,34.59584
9588.1148,34.8171000000002,1,34.424832
9622.8115,34.6967000000004,1,34.321408
9657.6415,34.8299999999999,1,34.499584
9692.8178,35.176300000001,1,34.940928
9727.4606,34.6427999999996,1,34.497536
9762.4098,34.9491999999991,1,34.496512
9798.0807,35.670900000001,1,34.789376
9832.6385,34.5577999999987,1,34.860032
9867.7864,35.1479000000018,1,34.736128
9902.5952,34.8087999999989,1,34.528256
9939.0002,36.4050000000007,1,35.595264
9974.1464,35.1461999999992,1,35.2256
10009.5513,35.4048999999995,1,34.944
10044.9768,35.4255000000012,1,35.15904
10080.7706,35.7937999999995,1,35.113984
10115.536,34.7654000000002,1,34.891776
10151.6901,36.1540999999997,1,35.8912
10186.7655,35.0753999999997,1,34.747392
10222.3326,35.5671000000002,1,35.095552
10257.2162,34.883600000001,1,34.742272
10292.5829,35.3666999999987,1,34.93376
10328.0814,35.4984999999997,1,35.192832
10363.5954,35.514000000001,1,35.18464
10399.3672,35.7718000000004,1,35.545088
10434.6934,35.3261999999995,1,34.864128
10470.3884,35.6949999999997,1,35.369984
10505.3956,35.0072,1,34.784256
10540.7136,35.3179999999993,1,35.106816
10576.313,35.599400000001,1,35.108864
10611.3407,35.0277000000006,1,34.81088
10647.0916,35.7508999999991,1,35.509248
10682.6225,35.5308999999997,1,35.207168
10717.5689,34.9464000000007,1,34.60608
10752.4338,34.8649000000005,1,34.60608
10786.8013,34.3674999999985,1,34.016256
10821.7853,34.9840000000004,1,34.52928
10856.0222,34.2368999999999,1,34.064384
10890.6813,34.6591000000008,1,34.40128
10925.6985,35.0172000000002,1,34.569216
10960.2214,34.5228999999999,1,34.562048
10994.8715,34.6500999999989,1,34.333696
11029.8051,34.9336000000003,1,34.760704
11064.4271,34.6220000000012,1,34.417664
11098.9056,34.4784999999993,1,34.276352
11133.3962,34.4905999999992,1,34.302976
11168.161,34.7648000000008,1,34.578432
11202.9231,34.7620999999999,1,34.57024
11237.3708,34.4477000000006,1,34.308096
11272.2666,34.8958000000002,1,34.637824
11306.7267,34.4600999999984,1,34.259968
11341.7835,35.0568000000003,1,34.779136
11376.2779,34.4943999999996,1,34.460672
11410.7369,34.4590000000007,1,34.272256
11445.1819,34.4449999999997,1,34.158592
11479.5108,34.3289000000004,1,34.118656
11513.9664,34.4555999999993,1,34.340864
11548.6129,34.6465000000007,1,34.336768
11582.8197,34.2067999999999,1,33.934336
11617.3921,34.5723999999991,1,34.220032
11651.9213,34.5292000000009,1,34.254848
11686.1305,34.2091999999993,1,33.886208
11720.9612,34.8307000000004,1,34.516992
11755.4831,34.5218999999997,1,34.207744
11789.7362,34.2530999999999,1,33.970176
11824.1824,34.4462000000003,1,34.169856
11858.6222,34.4398000000001,1,34.177024
11893.2294,34.6072000000004,1,34.371584
11927.6953,34.4658999999992,1,34.217984
11962.1003,34.4050000000007,1,34.182144
11996.6369,34.5365999999995,1,34.371584
12030.8694,34.2325000000001,1,33.975296
12065.4359,34.5665000000008,1,34.456576
12100.0518,34.6158999999989,1,34.37568
12134.504,34.4522000000015,1,34.128896
12169.1772,34.6731999999993,1,34.51904
12203.5977,34.4205000000002,1,34.134016
12238.0067,34.4089999999997,1,34.164736
12272.5628,34.5560999999998,1,34.47296
12307.4053,34.8425000000007,1,34.460672
12341.6284,34.2230999999992,1,34.106368
12375.9377,34.3093000000008,1,34.100224
12410.3648,34.427099999999,1,34.151424
12444.9311,34.5663000000004,1,34.388992
12479.2379,34.3068000000003,1,34.171904
12513.6935,34.4555999999993,1,34.13504
12548.2181,34.5246000000006,1,34.477056
12582.488,34.2698999999993,1,33.896448
12616.9452,34.4572000000007,1,34.172928
12651.2412,34.2960000000003,1,33.944576
12685.6465,34.4053000000004,1,34.15552
12720.1437,34.4971999999998,1,34.172928
12754.7866,34.6428999999989,1,34.167808
12788.9819,34.1953000000012,1,34.024448
12823.3678,34.3858999999993,1,34.156544
12857.9599,34.5920999999998,1,34.161664
12892.2171,34.2572,1,34.059264
12926.7167,34.499600000001,1,34.132992
12961.3203,34.6035999999986,1,34.443264
12995.6186,34.2983000000004,1,34.146304
13029.9924,34.3737999999994,1,33.958912
13064.6796,34.6872000000003,1,34.444288
13098.9155,34.2358999999997,1,34.105344
13133.3429,34.4274000000005,1,34.096128
13167.9588,34.6159000000007,1,34.47296
13202.261,34.3022000000001,1,34.157568
13236.8249,34.5638999999992,1,34.3808
13271.1548,34.3299000000006,1,34.204672
13306.0257,34.8708999999999,1,34.500608
13340.7208,34.695099999999,1,34.429952
13375.0068,34.2860000000001,1,34.168832
13410.0029,34.9961000000003,1,34.581504
13444.3769,34.3739999999998,1,34.434048
13478.7511,34.3742000000002,1,34.250752
13513.1494,34.3983000000007,1,34.134016
13547.7753,34.6258999999991,1,34.57536
13581.9182,34.1429000000007,1,33.88416
13616.4817,34.5635000000002,1,34.166784
13650.7843,34.3025999999991,1,34.044928
13685.6157,34.8314000000009,1,34.459648
13720.0332,34.4174999999996,1,34.134016
13754.2896,34.2564000000002,1,33.93536
13788.9295,34.6399000000001,1,34.323456
13823.5695,34.6399999999994,1,34.214912
13858.6685,35.0990000000002,1,34.868224
13893.2711,34.6026000000002,1,34.432
13927.4894,34.2183000000005,1,33.985536
13962.341,34.8516,1,34.504704
13996.5223,34.1813000000002,1,34.127872
14030.9497,34.4273999999987,1,33.988608
14065.8642,34.9145000000008,1,34.760704
14100.1901,34.3258999999998,1,34.156544
14134.6007,34.4106000000011,1,34.14016
14169.3197,34.7189999999991,1,34.502656
14203.6208,34.3011000000006,1,34.167808
14238.2733,34.6525000000001,1,34.44736
14272.896,34.6226999999999,1,34.469888
14307.5195,34.6234999999997,1,34.448384
14341.7798,34.2602999999999,1,34.154496
14376.2806,34.5007999999998,1,34.146304
14410.907,34.6263999999992,1,34.419712
14445.5527,34.6457000000009,1,34.37056
14480.0872,34.5344999999998,1,34.198528
14514.4702,34.3829999999998,1,34.178048
14548.9366,34.4664000000012,1,34.197504
14583.7531,34.816499999999,1,34.425856
14618.4738,34.7206999999999,1,34.428928
14652.9739,34.5001000000011,1,34.156544
14687.7766,34.8026999999984,1,34.476032
14722.5496,34.773000000001,1,34.50368
14757.0249,34.4753000000001,1,34.18624
14791.8761,34.8511999999992,1,34.47296
14826.6491,34.773000000001,1,34.494464
14861.4537,34.8045999999995,1,34.453504
14896.081,34.6273000000001,1,34.409472
14930.7172,34.636199999999,1,34.262016
14965.4722,34.755000000001,1,34.473984
15000.2995,34.827299999999,1,34.470912
15034.7073,34.4078000000009,1,34.132992
15069.4338,34.7265000000007,1,34.47296
15104.0115,34.5776999999998,1,34.213888
15138.8917,34.8801999999996,1,34.514944
15173.6208,34.7291000000005,1,34.446336
15208.5227,34.9018999999989,1,34.572288
15243.2015,34.6787999999997,1,34.485248
15278.1445,34.9430000000011,1,34.50368
15312.7648,34.6203000000005,1,34.224128
15347.6194,34.8545999999988,1,34.630656
15382.1247,34.5053000000007,1,34.24768
15417.0464,34.921699999999,1,34.4576
15451.7007,34.6543000000001,1,34.46784
15486.257,34.5563000000002,1,34.285568
15520.7908,34.5338000000011,1,34.221056
15555.3649,34.5740999999998,1,34.249728
15589.9258,34.5609000000004,1,34.296832
15624.6838,34.7579999999998,1,34.430976
15659.0135,34.3296999999984,1,34.223104
15693.5063,34.4928,1,34.158592
15728.1264,34.6201000000001,1,34.49856
15762.4864,34.3600000000006,1,34.207744
15797.0317,34.5452999999998,1,34.220032
15831.6334,34.6017000000011,1,34.453504
15866.0069,34.3734999999997,1,34.22208
15900.2393,34.232399999999,1,33.951744
15935.1649,34.9256000000005,1,34.738176
15969.6389,34.4740000000002,1,34.28864
16004.1056,34.4667000000009,1,34.207744
16038.8647,34.7590999999993,1,34.46784
16073.2083,34.3436000000002,1,34.106368
16107.5391,34.3307999999997,1,34.128896
16142.0592,34.5200999999997,1,34.417664
16176.591,34.5318000000007,1,34.166784
16210.9289,34.3379000000004,1,34.161664
16245.4695,34.5405999999984,1,34.387968
16280.1334,34.6639000000014,1,34.445312
16314.7602,34.6268,1,34.455552
16349.3325,34.5722999999998,1,34.3552
16383.5564,34.223899999999,1,33.918976
16418.139,34.5825999999997,1,34.122752
16452.4652,34.3261999999995,1,34.121728
16486.7151,34.2499000000025,1,33.92
16521.5213,34.8061999999991,1,33.860608
16555.6766,34.1552999999985,1,33.93536
16590.9942,35.3176000000021,1,35.155968
16625.8451,34.8508999999976,1,34.500608
16660.204,34.3589000000029,1,34.408448
16694.5957,34.3917000000001,1,34.203648
16729.5553,34.9595999999983,1,34.572288
16764.0817,34.5263999999988,1,34.468864
16798.5527,34.4710000000014,1,34.125824
16833.0258,34.4730999999992,1,34.163712
16867.6517,34.6258999999991,1,34.535424
16901.9894,34.3377,1,34.148352
16936.5652,34.5758000000023,1,34.134016
16970.8707,34.3054999999986,1,34.187264
17005.4348,34.5640999999996,1,34.204672
17040.0155,34.5807000000023,1,34.398208
17074.6548,34.6392999999989,1,34.348032
17109.0429,34.3881000000001,1,34.176
17143.6286,34.5856999999996,1,34.3552
17178.0682,34.4396000000015,1,34.230272
17213.3994,35.3311999999969,1,34.854912
17248.3518,34.9524000000019,1,34.569216
17283.253,34.9012000000002,1,34.582528
17317.895,34.6419999999998,1,34.434048
17353.0356,35.1405999999988,1,34.824192
17388.1419,35.1062999999995,1,34.653184
17423.4054,35.2635000000009,1,34.966528
17458.5113,35.1058999999987,1,34.93376
17493.5019,34.990600000001,1,34.520064
17528.5751,35.0731999999989,1,34.598912
17562.9011,34.3260000000009,1,34.07872
17598.1138,35.2127,1,34.97984
17633.2203,35.1065000000017,1,34.824192
17667.9119,34.6915999999983,1,34.183168
17702.4908,34.5789000000004,1,34.414592
17737.3998,34.9089999999997,1,34.131968
17771.9899,34.5901000000013,1,34.44224
17806.5635,34.5735999999997,1,34.533376
17841.5117,34.9481999999989,1,34.418688
17876.404,34.8922999999995,1,34.429952
17911.006,34.6020000000026,1,34.110464
17945.7459,34.7399000000005,1,34.444288
17980.9276,35.1816999999974,1,34.422784
18015.3277,34.4001000000026,1,34.134016
18050.2202,34.8924999999981,1,34.440192
18084.6615,34.4412999999986,1,34.430976
18119.0507,34.3892000000014,1,34.14016
18153.6708,34.6201000000001,1,34.39616
18188.6174,34.9465999999993,1,34.526208
18223.2762,34.6588000000011,1,34.444288
18258.468,35.1918000000005,1,34.4064
18292.4781,34.0100999999995,1,34.082816
18327.2271,34.7489999999998,1,34.482176
18361.6967,34.4696000000004,1,34.174976
18395.954,34.2573000000011,1,33