loaded count=804758 degree=3 decode_ms=404.3473 first_frame_ms=476.9906
pose 0.203799337148666 0.216009259223938 4.36529937466973 0.203799337148666 0.216009259223938 -0.085798978805542
interaction duration_ms=20001.8992 accepted_presents=2401 render_calls=2401 fps=120.038601134436
time_ms,interval_ms,accepted,gpu_diagnostic_ms
1.4749,1.4749,1,2.250752
8.9657,7.4908,1,2.2528
17.9549,8.9892,1,2.97472
26.9709,9.016,1,2.982912
35.0325,8.0616,1,3.01056
43.0612,8.0287,1,3.030016
50.9834,7.9222,1,3.232768
59.9277,8.9443,1,2.988032
67.9476,8.01989999999999,1,3.03104
77.0239,9.0763,1,2.97472
84.9771,7.9532,1,3.003392
92.9303,7.95320000000001,1,3.01568
101.911,8.9807,1,2.99008
110.0309,8.1199,1,3.0208
117.9468,7.91589999999999,1,3.027968
127.0999,9.15310000000001,1,2.982912
134.9224,7.82250000000001,1,3.001344
142.9904,8.06799999999998,1,3.012608
151.959,8.96860000000001,1,2.981888
159.9659,8.0069,1,3.012608
167.9595,7.99359999999999,1,3.02592
177.0161,9.0566,1,2.972672
184.9437,7.92760000000001,1,2.993152
192.9644,8.02070000000001,1,3.007488
202.0225,9.0581,1,2.994176
209.9863,7.96379999999999,1,3.007488
218.0164,8.0301,1,2.956288
225.9501,7.93369999999999,1,3.212288
234.9735,9.02340000000001,1,2.92864
242.9723,7.99879999999999,1,2.970624
251.941,8.96870000000001,1,2.934784
259.9143,7.97330000000002,1,2.951168
267.8882,7.97389999999996,1,2.968576
276.9668,9.07859999999999,1,2.929664
284.9775,8.01070000000004,1,2.951168
292.9249,7.94739999999996,1,2.971648
301.9666,9.04170000000005,1,2.942976
309.9788,8.01219999999995,1,2.955264
317.9299,7.9511,1,2.957312
326.9144,8.98450000000003,1,2.931712
334.9622,8.0478,1,2.95936
342.9447,7.98250000000002,1,2.968576
351.9361,8.9914,1,2.940928
359.9151,7.97899999999998,1,2.953216
367.9436,8.02850000000001,1,2.96448
376.9412,8.99759999999998,1,2.920448
385.0018,8.06060000000002,1,2.942976
392.9263,7.92450000000002,1,2.95936
401.9731,9.04679999999996,1,2.921472
410.0141,8.041,1,2.942976
417.957,7.94290000000001,1,2.966528
427.0987,9.14170000000001,1,2.945024
434.9899,7.89119999999997,1,2.948096
443.1261,8.13620000000003,1,2.953216
450.9748,7.84870000000001,1,2.953216
459.9999,9.02510000000001,1,2.931712
467.9272,7.9273,1,2.958336
476.9838,9.05659999999995,1,2.924544
484.9232,7.93940000000003,1,2.948096
493.0024,8.07920000000001,1,2.967552
501.1366,8.13419999999996,1,2.942976
510.0675,8.93090000000001,1,2.922496
517.9556,7.88810000000001,1,2.9696
526.9614,9.00580000000002,1,2.94912
534.9585,7.99709999999993,1,2.960384
542.9742,8.01570000000004,1,2.95936
551.9221,8.9479,1,2.93888
560.0014,8.07929999999999,1,2.961408
567.9329,7.93150000000003,1,2.972672
577.1112,9.17830000000004,1,2.942976
584.9858,7.87459999999999,1,2.941952
593.0062,8.0204,1,2.956288
600.9421,7.93589999999995,1,2.941952
610.0203,9.07820000000004,1,2.927616
618.1408,8.12049999999999,1,2.960384
625.963,7.82219999999995,1,3.21536
634.9626,8.99959999999999,1,2.917376
642.9737,8.01110000000006,1,2.955264
651.9523,8.97860000000003,1,2.93376
659.9101,7.95780000000002,1,2.958336
667.8941,7.98399999999992,1,2.961408
677.0037,9.1096,1,2.936832
685.0002,7.99649999999997,1,2.940928
692.9315,7.93130000000008,1,2.97472
701.9355,9.00400000000002,1,2.932736
709.9708,8.03530000000001,1,2.946048
717.4521,7.48129999999992,1,2.960384
726.4363,8.98419999999999,1,2.925568
734.4906,8.05430000000001,1,2.94912
742.979,8.48840000000007,1,2.934784
751.9746,8.99559999999997,1,2.940928
759.9636,7.98900000000003,1,2.94912
767.944,7.98039999999992,1,2.9696
777.3107,9.36670000000004,1,2.921472
784.9476,7.63689999999997,1,2.922496
793.2657,8.31810000000007,1,2.960384
800.9512,7.68549999999993,1,2.968576
810.0737,9.12250000000006,1,2.919424
817.9656,7.89189999999996,1,2.980864
826.9482,8.98260000000005,1,2.945024
835.0052,8.0569999999999,1,2.966528
843.0367,8.03150000000005,1,2.970624
850.9502,7.9135,1,2.948096
859.9671,9.01689999999996,1,2.92352
867.936,7.96890000000008,1,2.968576
876.9998,9.06380000000001,1,2.919424
884.9515,7.95169999999996,1,2.947072
893.007,8.05549999999994,1,2.962432
900.9617,7.9547,1,2.931712
910.0081,9.04640000000006,1,2.932736
917.935,7.92689999999993,1,2.976768
926.9512,9.01620000000003,1,2.937856
934.9426,7.9914,1,2.957312
943.0488,8.10620000000006,1,2.988032
950.9488,7.89999999999998,1,2.94912
959.9872,9.03840000000002,1,2.92352
968.0005,8.01329999999996,1,2.9696
975.9904,7.98990000000003,1,2.926592
984.9329,8.9425,1,2.926592
992.9325,7.99959999999999,1,2.961408
1002.2512,9.31870000000004,1,2.93376
1010.0095,7.75829999999996,1,2.930688
1017.9987,7.98919999999998,1,2.975744
1027.0792,9.08049999999992,1,2.931712
1034.9684,7.88920000000007,1,2.937856
1042.9705,8.00209999999993,1,2.973696
1052.0412,9.07069999999999,1,2.944
1059.9806,7.93940000000021,1,2.952192
1067.9896,8.00900000000001,1,2.970624
1077.0034,9.01379999999995,1,2.934784
1085.0072,8.00379999999996,1,2.951168
1092.9376,7.93039999999996,1,2.973696
1101.9538,9.01620000000003,1,2.940928
1109.9598,8.00600000000009,1,2.955264
1118.0107,8.05089999999996,1,2.968576
1125.9483,7.93759999999997,1,2.935808
1134.9657,9.01739999999995,1,2.932736
1142.9675,8.0018,1,2.968576
1151.976,9.00850000000014,1,2.963456
1159.9806,8.00459999999998,1,2.961408
1167.9389,7.95830000000001,1,2.965504
1177.2965,9.35759999999982,1,2.92352
1184.956,7.65949999999998,1,2.942976
1192.9844,8.02840000000015,1,2.966528
1201.9599,8.97550000000001,1,2.947072
1210.0011,8.04119999999989,1,2.970624
1217.959,7.95790000000011,1,2.981888
1226.9459,8.98689999999988,1,2.941952
1234.9496,8.00369999999998,1,2.96448
1243.003,8.05340000000001,1,2.968576
1250.9456,7.94260000000008,1,2.94912
1259.9534,9.00780000000009,1,2.927616
1267.9311,7.97769999999991,1,2.965504
1277.0159,9.08480000000009,1,2.93376
1284.974,7.95809999999983,1,2.95424
1292.9964,8.02240000000006,1,2.96448
1301.9713,8.97489999999993,1,2.950144
1310.0154,8.04410000000007,1,2.955264
1317.9626,7.94720000000007,1,2.968576
1326.9554,8.99279999999999,1,2.940928
1334.951,7.99559999999997,1,2.951168
1343.0249,8.07389999999987,1,2.967552
1350.9418,7.91690000000017,1,2.937856
1359.9625,9.02070000000003,1,2.931712
1367.9517,7.98919999999998,1,2.963456
1376.9786,9.02689999999984,1,2.929664
1384.9147,7.93610000000012,1,2.956288
1392.9413,8.02659999999992,1,2.962432
1401.966,9.02469999999994,1,2.927616
1409.9826,8.01660000000015,1,2.950144
1417.9557,7.97309999999993,1,2.971648
1427.076,9.12030000000004,1,2.93376
1435.0083,7.93229999999994,1,2.94912
1442.98,7.97170000000006,1,2.977792
1452.0399,9.05989999999997,1,2.937856
1459.9796,7.9396999999999,1,2.948096
1467.9553,7.97570000000019,1,2.973696
1477.0497,9.09439999999995,1,2.92352
1484.9346,7.88490000000002,1,2.936832
1492.9107,7.97609999999986,1,2.960384
1502.0862,9.17550000000006,1,2.932736
1510.0536,7.9674,1,2.936832
1517.9894,7.93579999999997,1,2.966528
1527.0558,9.06640000000016,1,2.927616
1534.9543,7.89850000000001,1,2.950144
1543.0019,8.04759999999987,1,2.967552
1550.9844,7.98250000000007,1,2.931712
1560.0613,9.07690000000002,1,2.92864
1567.9999,7.93859999999995,1,2.960384
1576.054,8.05410000000006,1,2.944
1585.0468,8.99279999999999,1,2.93888
1593.0152,7.96839999999997,1,2.972672
1600.9519,7.93669999999997,1,2.93376
1610.0272,9.07529999999997,1,2.927616
1617.9581,7.93090000000007,1,2.9696
1627.0579,9.09979999999996,1,2.917376
1634.9568,7.89889999999991,1,2.95424
1643.0129,8.05610000000001,1,2.937856
1651.2168,8.20389999999998,1,2.922496
1659.9864,8.76960000000008,1,2.930688
1668.0073,8.02089999999998,1,2.950144
1675.9844,7.97710000000006,1,2.926592
1684.9779,8.99350000000004,1,2.925568
1692.9931,8.01519999999982,1,2.947072
1701.9775,8.98440000000005,1,2.930688
1710.0039,8.02639999999997,1,2.93376
1717.4585,7.45460000000003,1,2.970624
1726.4412,8.98270000000002,1,2.912256
1734.5447,8.10349999999994,1,2.932736
1743.0081,8.46340000000009,1,2.927616
1751.0326,8.02449999999999,1,2.932736
1759.9593,8.92669999999998,1,2.911232
1767.9622,8.00289999999995,1,2.9696
1777.1803,9.21810000000005,1,2.927616
1784.9752,7.7949000000001,1,2.944
1793.228,8.25279999999998,1,2.955264
1800.9958,7.76779999999985,1,2.939904
1810.014,9.01819999999998,1,2.927616
1817.9973,7.9833000000001,1,2.914304
1827.069,9.07169999999996,1,2.902016
1835.0344,7.96540000000005,1,2.92352
1843.0572,8.02279999999996,1,2.939904
1850.9808,7.92360000000008,1,2.914304
1860.0195,9.03870000000006,1,2.904064
1867.9598,7.94029999999998,1,2.940928
1877.0166,9.05679999999984,1,2.898944
1884.9818,7.9652000000001,1,2.92352
1892.9823,8.00049999999987,1,2.93376
1902.0285,9.0462,1,2.900992
1910.0485,8.02000000000021,1,2.911232
1918.014,7.96549999999979,1,2.935808
1925.9789,7.96490000000017,1,2.92352
1935.1165,9.13760000000002,1,2.895872
1943.0344,7.91789999999992,1,2.925568
1951.0595,8.02510000000007,1,2.899968
1960.1614,9.10189999999989,1,2.888704
1968.0087,7.84730000000013,1,2.946048
1976.1088,8.10009999999988,1,2.89792
1985.1484,9.03960000000006,1,2.902016
1993.0223,7.87390000000005,1,2.929664
2001.0426,8.02029999999991,1,2.896896
2010.0141,8.97150000000011,1,2.884608
2018.0582,8.04409999999984,1,2.940928
2026.1076,8.04940000000011,1,2.904064
2035.0331,8.92550000000006,1,2.904064
2042.9946,7.96149999999989,1,2.92864
2052.0012,9.00660000000016,1,2.912256
2059.9654,7.96419999999989,1,2.919424
2068.095,8.12959999999975,1,2.894848
2076.0054,7.91040000000021,1,2.922496
2085.0719,9.06649999999991,1,2.889728
2093.032,7.96010000000024,1,2.941952
2100.963,7.93100000000004,1,2.920448
2109.9983,9.03530000000001,1,2.907136
2117.9641,7.96579999999994,1,2.946048
2127.073,9.10889999999972,1,2.898944
2134.9746,7.90160000000014,1,2.91328
2143.0278,8.05319999999983,1,2.926592
2151.0093,7.98150000000032,1,2.90304
2159.9846,8.97529999999961,1,2.904064
2167.976,7.99140000000034,1,2.926592
2177.0285,9.05249999999978,1,2.888704
2185.0191,7.99060000000009,1,2.910208
2193.0505,8.03139999999985,1,2.920448
2200.9807,7.93020000000024,1,2.900992
2210.082,9.10129999999981,1,2.893824
2218.0667,7.98469999999998,1,2.948096
2225.9638,7.89710000000014,1,2.916352
2235.32,9.35620000000017,1,2.900992
2243,7.67999999999984,1,2.92864
2250.9766,7.97659999999996,1,2.902016
2259.9959,9.01929999999993,1,2.906112
2267.9771,7.98120000000017,1,2.935808
2277.013,9.03589999999986,1,2.8928
2284.9804,7.9674,1,2.916352
2292.9989,8.01850000000013,1,2.926592
2302.0529,9.05400000000009,1,2.909184
2309.9995,7.94659999999976,1,2.911232
2318.0212,8.02170000000024,1,2.922496
2325.9642,7.94299999999976,1,2.904064
2335.1333,9.16910000000007,1,2.898944
2343.0069,7.8735999999999,1,2.925568
2350.9873,7.98039999999992,1,2.92864
2360.0515,9.06420000000026,1,2.90304
2367.9678,7.91629999999986,1,2.939904
2376.9606,8.99279999999999,1,2.895872
2384.9545,7.99389999999994,1,2.920448
2392.9256,7.97110000000021,1,2.929664
2402.1115,9.18589999999995,1,2.90304
2410.0389,7.92740000000003,1,2.921472
2418.0215,7.98259999999982,1,2.93888
2426.006,7.98450000000003,1,2.911232
2434.9802,8.97420000000011,1,2.895872
2443.1477,8.16750000000002,1,2.92864
2451.009,7.86130000000003,1,2.91328
2460.0615,9.05249999999978,1,2.896896
2468.008,7.94650000000001,1,2.934784
2476.0728,8.0648000000001,1,2.904064
2485.0323,8.95949999999993,1,2.886656
2493.005,7.97270000000026,1,2.93376
2501.0211,8.01609999999982,1,2.894848
2510.1288,9.10770000000002,1,2.894848
2518.0194,7.89060000000018,1,2.932736
2526.0296,8.01019999999971,1,2.893824
2535.05,9.02040000000034,1,2.90304
2543.0287,7.97869999999966,1,2.934784
2551.042,8.01330000000007,1,2.89792
2559.9884,8.94640000000027,1,2.90304
2567.9595,7.97109999999975,1,2.927616
2577.0392,9.07970000000023,1,2.89792
2585.0107,7.97149999999965,1,2.911232
2592.9759,7.9652000000001,1,2.924544
2602.0095,9.03360000000021,1,2.894848
2609.9924,7.98289999999997,1,2.914304
2618.0029,8.01049999999987,1,2.932736
2625.9792,7.97630000000026,1,2.914304
2635.0655,9.08629999999994,1,2.89792
2643.003,7.9375,1,2.932736
2651.0053,8.00229999999965,1,2.910208
2659.9562,8.95090000000027,1,2.884608
2667.9753,8.01909999999998,1,2.927616
2676.9842,9.00889999999981,1,2.89792
2685.0252,8.04100000000017,1,2.929664
2692.9636,7.9384,1,2.92864
2701.978,9.01440000000002,1,2.906112
2710.0289,8.05089999999973,1,2.912256
2717.5329,7.50400000000036,1,2.924544
2726.5383,9.00540000000001,1,2.899968
2734.4678,7.92949999999973,1,2.900992
2743.1043,8.63650000000007,1,2.859008
2751.0065,7.90219999999999,1,2.906112
2759.9497,8.94320000000016,1,2.895872
2767.9795,8.0297999999998,1,2.941952
2777.1986,9.21910000000025,1,2.8928
2785.011,7.8123999999998,1,2.916352
2793.0279,8.01690000000008,1,2.922496
2800.9887,7.96079999999984,1,2.900992
2810.0369,9.04820000000018,1,2.89792
2817.9742,7.93730000000005,1,2.931712
2826.9787,9.00450000000001,1,2.889728
2834.9817,8.0029999999997,1,2.921472
2843.0553,8.07360000000017,1,2.935808
2850.9907,7.93539999999985,1,2.899968
2860.0529,9.0622000000003,1,2.88256
2868.084,8.0310999999997,1,2.944
2876.0217,7.93769999999995,1,2.911232
2884.9461,8.92440000000033,1,2.898944
2892.9756,8.0295000000001,1,2.931712
2902.001,9.02539999999999,1,2.90816
2910.0078,8.00679999999966,1,2.910208
2918.0139,8.00610000000006,1,2.92352
2925.9908,7.97690000000011,1,2.907136
2935.0163,9.02549999999974,1,2.884608
2942.9984,7.98210000000017,1,2.930688
2951.9889,8.99049999999988,1,2.896896
2959.9933,8.00440000000026,1,2.92864
2968.0799,8.08660000000009,1,2.925568
2976.0331,7.95319999999992,1,2.90816
2985.0601,9.02700000000004,1,2.895872
2992.9826,7.92249999999967,1,2.919424
3002.0021,9.01950000000033,1,2.907136
3010.024,8.02189999999973,1,2.916352
3018.0255,8.00150000000031,1,2.930688
3026.0166,7.99109999999973,1,2.90304
3035.1208,9.10420000000022,1,2.8928
3043.1018,7.98099999999977,1,2.939904
3050.992,7.89020000000028,1,2.919424
3059.9309,8.93889999999965,1,2.894848
3067.9639,8.03300000000036,1,2.932736
3077.2259,9.26199999999972,1,2.890752
3085.0748,7.84889999999996,1,2.91328
3093.0643,7.98950000000013,1,2.92864
3101.0195,7.95519999999988,1,2.915328
3110.0152,8.99569999999994,1,2.906112
3117.971,7.95580000000018,1,2.935808
3127.0941,9.12309999999979,1,2.899968
3134.9934,7.89930000000004,1,2.915328
3143.227,8.23360000000002,1,2.926592
3151.1015,7.87450000000035,1,2.919424
3160.0424,8.9408999999996,1,2.893824
3167.9716,7.92920000000004,1,2.93888
3177.0136,9.04200000000037,1,2.891776
3184.9724,7.95879999999988,1,2.91328
3193.0474,8.07499999999982,1,2.9184
3200.9821,7.93470000000025,1,2.899968
3210.066,9.08389999999963,1,2.890752
3218.0672,8.00120000000015,1,2.929664
3225.9855,7.91829999999982,1,2.893824
3235.0413,9.05580000000009,1,2.880512
3242.9996,7.95830000000024,1,2.931712
3251.0156,8.01600000000008,1,2.919424
3259.9857,8.9701,1,2.89792
3267.9929,8.00720000000001,1,2.932736
3277.0285,9.0355999999997,1,2.89792
3284.9923,7.96379999999999,1,2.912256
3292.9654,7.97310000000016,1,2.932736
3302.0641,9.09870000000001,1,2.910208
3310.0375,7.97339999999986,1,2.914304
3318.0118,7.97430000000031,1,2.930688
3325.9726,7.96079999999984,1,2.90816
3334.9996,9.02700000000004,1,2.881536
3342.9991,7.9994999999999,1,2.921472
3352.0155,9.01639999999998,1,2.919424
3359.9952,7.97969999999987,1,2.9184
3367.9657,7.97050000000036,1,2.93888
3377.0114,9.04569999999967,1,2.891776
3385.0024,7.99099999999999,1,2.919424
3392.9911,7.98870000000034,1,2.922496
3402.1162,9.12509999999975,1,2.893824
3410.0712,7.95499999999993,1,2.916352
3417.988,7.91679999999997,1,2.932736
3426.9882,9.00019999999995,1,2.900992
3434.9643,7.97610000000032,1,2.927616
3443.0723,8.10799999999972,1,2.92864
3450.9877,7.91540000000032,1,2.900992
3460.0586,9.07089999999971,1,2.890752
3468.1291,8.07050000000027,1,2.934784
3476.107,7.97789999999986,1,2.907136
3484.9656,8.85860000000002,1,2.905088
3492.9967,8.03110000000015,1,2.93888
3502.0007,9.00399999999991,1,2.907136
3509.994,7.99330000000009,1,2.920448
3518.0104,8.01639999999998,1,2.927616
3526.0312,8.02079999999978,1,2.898944
3535.0296,8.99839999999995,1,2.902016
3543.0161,7.98649999999998,1,2.926592
3550.9924,7.97630000000026,1,2.911232
3559.9785,8.98610000000008,1,2.88768
3567.9884,8.00990000000002,1,2.926592
3576.9963,9.00789999999961,1,2.889728
3585.0779,8.08160000000044,1,2.90816
3592.9797,7.90179999999964,1,2.941952
3602.0158,9.03610000000026,1,2.88768
3610.1991,8.18329999999969,1,2.920448
3618.0159,7.81680000000006,1,2.955264
3626.1418,8.1259,1,2.93376
3634.9896,8.84780000000001,1,2.925568
3643.0383,8.04870000000028,1,2.948096
3651.0165,7.97820000000002,1,2.947072
3660.0198,9.00329999999985,1,2.904064
3667.9835,7.96369999999979,1,2.967552
3677.0095,9.02600000000029,1,2.929664
3684.9924,7.98289999999997,1,2.947072
3693.035,8.04259999999977,1,2.962432
3700.9863,7.95130000000017,1,2.922496
3710.041,9.05470000000014,1,2.90816
3717.4887,7.44769999999971,1,2.961408
3726.5045,9.01580000000013,1,2.914304
3734.0369,7.53240000000005,1,2.940928
3743.0415,9.00459999999975,1,2.921472
3751.19,8.14850000000024,1,2.937856
3760.0367,8.84670000000006,1,2.937856
3767.9737,7.9369999999999,1,2.957312
3777.051,9.07729999999992,1,2.922496
3785.0065,7.95550000000003,1,2.945024
3792.9926,7.98610000000008,1,2.963456
3802.0489,9.05629999999974,1,2.92864
3810.0225,7.97360000000026,1,2.948096
3818.0194,7.9969000000001,1,2.97472
3825.9988,7.97939999999971,1,2.932736
3835.0757,9.07690000000002,1,2.912256
3843.0104,7.93470000000025,1,2.956288
3851.0894,8.07899999999972,1,2.932736
3860.0581,8.96870000000035,1,2.927616
3868.02,7.96189999999979,1,2.958336
3876.0376,8.01760000000013,1,2.935808
3885.015,8.97739999999976,1,2.924544
3892.9957,7.98070000000007,1,2.952192
3902.0239,9.0282000000002,1,2.940928
3910.1368,8.11290000000008,1,2.940928
3918.0038,7.86699999999973,1,2.967552
3926.1389,8.13509999999997,1,2.934784
3935.0159,8.87699999999995,1,2.924544
3943.107,8.0911000000001,1,2.971648
3951.0328,7.92579999999998,1,3.017728
3960.0345,9.00170000000026,1,2.972672
3967.9927,7.95819999999958,1,3.017728
3977.1294,9.13670000000002,1,2.9184
3985.0276,7.89820000000009,1,2.934784
3993.1186,8.09099999999989,1,2.963456
4001.0357,7.91710000000012,1,2.937856
4010.1784,9.14269999999988,1,2.920448
4018.0106,7.83220000000028,1,2.963456
4026.1033,8.09270000000015,1,2.936832
4035.1301,9.02679999999964,1,2.920448
4043.0842,7.95409999999993,1,2.9696
4051.0182,7.9340000000002,1,2.941952
4060.0331,9.01490000000013,1,2.915328
4068.1804,8.14730000000009,1,2.965504
4076.0399,7.85950000000003,1,2.95424
4085.0878,9.04789999999957,1,2.92864
4093.0326,7.94480000000021,1,2.953216
4100.9819,7.94929999999977,1,2.927616
4110.0294,9.04750000000058,1,2.911232
4118.0059,7.97649999999976,1,2.958336
4126.0115,8.0055999999995,1,2.932736
4135.0447,9.03320000000076,1,2.917376
4143.0714,8.02669999999944,1,2.95424
4151.148,8.07660000000033,1,2.948096
4160.0272,8.87920000000031,1,2.927616
4168.0058,7.97859999999946,1,2.970624
4176.0393,8.03350000000046,1,2.920448
4185.0644,9.02509999999984,1,2.920448
4192.9979,7.93350000000009,1,2.973696
4202.0609,9.0630000000001,1,2.936832
4210.072,8.01109999999971,1,2.944
4218.0468,7.97479999999996,1,2.965504
4225.994,7.94719999999961,1,2.934784
4235.0589,9.06490000000031,1,2.921472
4243.0395,7.98059999999987,1,2.96448
4251.1465,8.10699999999997,1,2.937856
4260.0988,8.95229999999992,1,2.936832
4268.0169,7.91809999999987,1,2.958336
4276.1633,8.14640000000054,1,2.927616
4285.0322,8.86889999999948,1,2.921472
4292.9617,7.92950000000019,1,2.955264
4301.9955,9.03380000000016,1,2.925568
4310.0533,8.05779999999959,1,2.95936
4318.0074,7.95410000000084,1,2.968576
4326.0376,8.03019999999924,1,2.929664
4335.0199,8.98230000000058,1,2.910208
4343.0602,8.04029999999966,1,2.952192
4351.003,7.94279999999981,1,2.93376
4360.0497,9.04669999999987,1,2.919424
4367.9994,7.94970000000012,1,2.97984
4377.1,9.10060000000067,1,2.934784
4384.9981,7.89809999999943,1,2.931712
4393.0012,8.0030999999999,1,2.960384
4401.0039,8.0027,1,2.922496
4410.0605,9.05659999999989,1,2.915328
4418.025,7.96450000000004,1,2.9696
4426.08,8.05500000000029,1,2.934784
4435.1639,9.08389999999963,1,2.924544
4443.1793,8.01540000000023,1,2.962432
4451.1269,7.94760000000042,1,2.939904
4460.056,8.92909999999938,1,2.927616
4468.027,7.97100000000046,1,2.957312
4476.0377,8.01069999999982,1,2.924544
4485.0193,8.98160000000007,1,2.930688
4493.0083,7.98900000000049,1,2.955264
4501.0342,8.02589999999964,1,2.93888
4510.0474,9.01320000000032,1,2.92864
4518.0348,7.98739999999998,1,2.95936
4526.0224,7.98759999999947,1,2.93888
4535.0943,9.07189999999991,1,2.922496
4543.0524,7.95809999999983,1,2.942976
4551.04,7.98760000000038,1,2.946048
4559.9945,8.95449999999983,1,2.92352
4568.0112,8.01670000000013,1,2.966528
4576.027,8.01580000000013,1,2.926592
4585.1094,9.08240000000023,1,2.924544
4593.0032,7.89379999999983,1,2.97472
4601.0451,8.04190000000017,1,2.921472
4610.1824,9.13729999999941,1,2.921472
4618.0477,7.86530000000039,1,3.198976
4626.1934,8.14570000000003,1,2.934784
4635.1184,8.92500000000018,1,2.922496
4643.0624,7.94399999999951,1,2.955264
4651.0517,7.98930000000018,1,2.947072
4660.127,9.07530000000042,1,2.919424
4668.028,7.90099999999984,1,2.95936
4676.0623,8.03429999999935,1,2.926592
4685.0087,8.94640000000072,1,2.926592
4693.1283,8.11959999999999,1,2.944
4701.0154,7.88709999999992,1,2.945024
4710.094,9.07859999999982,1,2.930688
4717.5187,7.42469999999958,1,2.968576
4726.5424,9.02370000000064,1,2.915328
4734.01,7.46759999999995,1,2.94912
4743.0672,9.05720000000019,1,2.905088
4751.0164,7.94920000000002,1,2.934784
4760.0666,9.05019999999968,1,2.910208
4768.1461,8.07949999999983,1,2.952192
4776.1179,7.97180000000026,1,2.92352
4785.0609,8.94300000000021,1,2.927616
4793.0148,7.95389999999952,1,2.962432
4801.0101,7.9953000000005,1,2.930688
4810.0838,9.07369999999992,1,2.917376
4818.1019,8.01809999999932,1,2.968576
4826.0532,7.95130000000063,1,2.944
4835.092,9.03879999999936,1,2.921472
4843.0594,7.96740000000045,1,2.975744
4851.0605,8.0010999999995,1,2.941952
4860.0905,9.03000000000065,1,2.916352
4868.0296,7.9390999999996,1,2.963456
4876.0338,8.00420000000031,1,2.92864
4885.0452,9.01139999999941,1,2.925568
4893.0416,7.99639999999999,1,2.958336
4901.0279,7.98630000000048,1,2.944
4910.0846,9.05670000000009,1,2.932736
4918.0326,7.94799999999941,1,2.973696
4926.0925,8.0599000000002,1,2.934784
4935.0343,8.94180000000051,1,2.93376
4943.0861,8.05180000000018,1,2.961408
4951.0204,7.93429999999989,1,2.951168
4960.0651,9.04469999999947,1,2.932736
4968.0156,7.95049999999992,1,2.967552
4976.1183,8.10270000000037,1,2.916352
4985.027,8.90869999999995,1,2.93888
4993.108,8.08100000000013,1,2.951168
5001.024,7.91600000000017,1,2.951168
5010.0946,9.07060000000001,1,2.935808
5018.0779,7.98329999999987,1,2.967552
5026.1569,8.07899999999972,1,2.930688
5035.0703,8.91340000000037,1,2.926592
5043.068,7.9976999999999,1,2.95424
5051.0174,7.94939999999951,1,2.93376
5060.0215,9.00410000000011,1,2.926592
5068.0295,8.00799999999981,1,2.962432
5076.0382,8.00870000000032,1,2.922496
5085.0915,9.05330000000049,1,2.9184
5093.0306,7.9390999999996,1,2.965504
5101.1102,8.07960000000003,1,2.89792
5110.1363,9.02610000000004,1,2.926592
5118.0176,7.88130000000001,1,2.967552
5125.9765,7.95889999999963,1,2.92864
5135.0312,9.05470000000059,1,2.92352
5143.0788,8.04759999999987,1,2.955264
5151.0723,7.99349999999959,1,2.944
5160.0531,8.98080000000027,1,2.921472
5168.0312,7.97810000000027,1,2.966528
5176.0732,8.04199999999946,1,2.936832
5185.0645,8.99130000000059,1,2.922496
5193.0419,7.97739999999976,1,2.961408
5201.0181,7.97620000000006,1,2.92352
5210.1364,9.11830000000009,1,2.916352
5218.0303,7.89390000000003,1,2.970624
5226.0485,8.01819999999952,1,2.927616
5235.0143,8.96579999999994,1,2.92352
5243.0724,8.05810000000019,1,2.936832
5251.0165,7.94409999999971,1,2.926592
5260.1447,9.12820000000011,1,2.926592
5268.0834,7.93870000000061,1,2.961408
5276.0949,8.01149999999961,1,2.929664
5285.0024,8.90750000000025,1,2.915328
5293.0196,8.01719999999932,1,2.94912
5301.0099,7.99030000000039,1,2.92864
5310.0435,9.03359999999975,1,2.930688
5318.0826,8.03909999999996,1,2.960384
5326.0264,7.94380000000001,1,2.934784
5335.0733,9.04690000000028,1,2.921472
5343.0403,7.96699999999964,1,2.972672
5351.0404,8.0001000000002,1,2.92864
5360.0193,8.97890000000007,1,2.924544
5368.1063,8.08700000000044,1,2.967552
5376.0619,7.95559999999932,1,2.93888
5385.0356,8.97370000000046,1,2.924544
5393.0115,7.97589999999946,1,2.956288
5401.0509,8.03940000000057,1,2.939904
5410.0887,9.03780000000006,1,2.92864
5418.0213,7.93260000000009,1,2.9696
5426.0894,8.0680999999995,1,2.947072
5435.0678,8.97839999999997,1,2.921472
5443.0879,8.02010000000064,1,2.97472
5451.0262,7.9382999999998,1,2.939904
5460.076,9.04979999999978,1,2.929664
5468.029,7.95300000000043,1,2.97472
5476.0658,8.03679999999986,1,2.930688
5485.0587,8.99289999999928,1,2.931712
5493.0694,8.01070000000072,1,2.96448
5501.1185,8.04909999999927,1,2.939904
5510.1403,9.02180000000044,1,2.921472
5518.0978,7.95749999999953,1,2.953216
5526.124,8.02620000000024,1,2.936832
5535.0337,8.90970000000016,1,2.92864
5543.1418,8.10810000000038,1,2.97472
5551.0875,7.94569999999931,1,2.947072
5560.0739,8.98640000000069,1,2.932736
5568.0853,8.01139999999941,1,2.993152
5576.1055,8.02019999999993,1,2.924544
5585.1183,9.01280000000042,1,2.926592
5593.0852,7.96690000000035,1,2.963456
5601.0951,8.00989999999911,1,2.93888
5610.1172,9.02210000000014,1,3.163136
5618.0243,7.90710000000036,1,2.973696
5626.0442,8.01990000000023,1,2.950144
5635.1154,9.07119999999941,1,2.937856
5643.073,7.95760000000064,1,2.968576
5651.1575,8.08449999999993,1,2.932736
5660.0357,8.87820000000011,1,2.92352
5668.0367,8.00099999999929,1,2.9696
5676.0771,8.04040000000077,1,2.930688
5685.0662,8.98909999999978,1,2.925568
5693.0478,7.98160000000007,1,2.95936
5701.0344,7.98659999999927,1,2.927616
5710.153,9.1186000000007,1,2.926592
5717.5851,7.43209999999999,1,2.971648
5726.5551,8.96999999999935,1,2.920448
5734.5983,8.04320000000007,1,2.937856
5743.1937,8.59540000000015,1,2.920448
5751.1425,7.94880000000012,1,3.158016
5760.3415,9.19900000000052,1,2.940928
5768.0537,7.71219999999994,1,2.978816
5776.131,8.07729999999992,1,2.932736
5785.0942,8.96319999999923,1,2.92864
5793.0981,8.00390000000061,1,2.971648
5801.0236,7.92550000000028,1,2.940928
5810.097,9.07339999999931,1,2.937856
5818.117,8.02000000000044,1,2.961408
5826.0634,7.94639999999981,1,2.93376
5835.0597,8.99629999999979,1,2.922496
5843.1112,8.05150000000049,1,2.945024
5851.039,7.92779999999948,1,2.942976
5860.1091,9.07009999999991,1,2.922496
5868.052,7.94290000000001,1,2.956288
5876.1616,8.10960000000068,1,2.937856
5885.1696,9.00799999999981,1,2.940928
5893.0525,7.88289999999961,1,2.970624
5901.1142,8.0617000000002,1,2.922496
5910.0886,8.97440000000006,1,2.937856
5918.0514,7.96280000000024,1,2.972672
5926.0713,8.01989999999932,1,2.927616
5935.1034,9.03210000000036,1,2.914304
5943.0827,7.97929999999997,1,2.95424
5951.0666,7.98390000000018,1,2.932736
5960.0968,9.03020000000015,1,2.929664
5968.0585,7.96169999999984,1,2.963456
5976.072,8.01350000000002,1,2.92864
5985.1438,9.07179999999971,1,2.922496
5993.0509,7.90710000000036,1,2.956288
6001.138,8.08709999999974,1,2.930688
6010.1031,8.96510000000035,1,2.917376
6018.2058,8.10269999999946,1,2.937856
6026.1579,7.95210000000043,1,2.907136
6035.2189,9.06099999999969,1,2.883584
6043.2646,8.04570000000058,1,2.921472
6051.0752,7.81059999999979,1,2.91328
6060.0248,8.94959999999992,1,2.893824
6068.0865,8.0617000000002,1,2.926592
6076.084,7.99749999999949,1,2.916352
6085.1241,9.04010000000017,1,2.90304
6093.0975,7.97339999999986,1,2.93888
6101.077,7.97950000000037,1,2.910208
6110.1415,9.0644999999995,1,2.896896
6118.054,7.91250000000036,1,2.94912
6126.1452,8.09119999999984,1,2.905088
6135.0576,8.91240000000016,1,2.891776
6143.082,8.02440000000024,1,2.925568
6151.0774,7.99539999999979,1,2.900992
6160.1137,9.03629999999976,1,2.891776
6168.1903,8.07660000000033,1,3.186688
6176.0861,7.89580000000024,1,2.902016
6185.0756,8.98949999999968,1,2.89792
6193.0834,8.00780000000032,1,2.922496
6201.0635,7.98009999999977,1,2.896896
6210.1021,9.03859999999986,1,2.888704
6218.1104,8.00829999999951,1,2.932736
6226.0482,7.93780000000061,1,2.917376
6235.1113,9.06309999999939,1,2.904064
6243.0606,7.94930000000022,1,2.939904
6251.1079,8.04730000000018,1,2.899968
6260.0354,8.92749999999978,1,2.899968
6268.0925,8.05709999999999,1,2.934784
6276.1022,8.00970000000052,1,2.896896
6285.075,8.97279999999955,1,2.902016
6293.0948,8.01980000000003,1,2.9184
6301.0757,7.98090000000047,1,2.90304
6310.0906,9.01490000000013,1,2.8928
6318.1381,8.04749999999967,1,2.926592
6326.0737,7.93559999999979,1,2.925568
6335.1301,9.05640000000039,1,2.894848
6343.0856,7.95550000000003,1,2.940928
6351.0827,7.99709999999959,1,2.931712
6360.1644,9.08169999999973,1,2.902016
6368.045,7.88060000000041,1,2.946048
6376.1432,8.09820000000036,1,2.896896
6385.0703,8.92709999999988,1,2.894848
6393.1055,8.03519999999935,1,2.925568
6401.0709,7.96540000000005,1,2.89792
6410.0462,8.97530000000006,1,2.895872
6418.0833,8.03710000000046,1,2.932736
6426.0935,8.01019999999971,1,2.905088
6435.0816,8.98810000000049,1,2.8928
6443.148,8.0663999999997,1,2.927616
6451.0777,7.92969999999968,1,2.911232
6460.1065,9.02880000000005,1,2.89792
6468.0634,7.95690000000013,1,2.92864
6476.1265,8.0631000000003,1,2.8928
6485.075,8.94849999999951,1,2.894848
6493.1237,8.04870000000028,1,2.92352
6501.1721,8.04839999999967,1,2.895872
6510.1805,9.00840000000062,1,2.885632
6518.0924,7.91190000000006,1,2.935808
6526.0705,7.97809999999936,1,2.919424
6535.1198,9.04930000000058,1,2.881536
6543.1799,8.06009999999969,1,2.931712
6551.1726,7.99269999999979,1,2.925568
6560.0915,8.91890000000058,1,3.137536
6568.03,7.93849999999929,1,2.930688
6576.0661,8.03610000000026,1,2.898944
6585.0788,9.01270000000022,1,2.893824
6593.0292,7.95039999999972,1,2.934784
6601.0287,7.9994999999999,1,2.89792
6610.0987,9.06999999999971,1,2.881536
6618.0997,8.0010000000002,1,2.931712
6626.0378,7.9381000000003,1,2.90304
6635.0464,9.00860000000011,1,2.896896
6643.0603,8.01389999999992,1,2.925568
6651.1779,8.11759999999958,1,2.899968
6660.0817,8.90380000000005,1,2.896896
6668.0786,7.9969000000001,1,2.921472
6676.0756,7.9970000000003,1,2.896896
6685.0996,9.02399999999943,1,2.899968
6693.0414,7.94180000000051,1,2.934784
6701.0666,8.02520000000004,1,2.902016
6710.0928,9.02620000000024,1,2.898944
6717.6036,7.51080000000002,1,2.927616
6726.6174,9.01379999999972,1,2.896896
6734.5632,7.94579999999951,1,2.911232
6743.084,8.52080000000024,1,2.875392
6751.0811,7.9971000000005,1,2.895872
6760.1023,9.02119999999923,1,2.898944
6768.0713,7.96900000000005,1,2.934784
6776.1513,8.08000000000084,1,2.894848
6785.0819,8.93059999999969,1,2.890752
6793.0588,7.97689999999966,1,2.916352
6801.0657,8.00690000000031,1,2.910208
6810.1134,9.04770000000008,1,2.896896
6818.058,7.94459999999981,1,2.932736
6826.111,8.05299999999988,1,2.89792
6835.1115,9.0005000000001,1,2.914304
6843.1772,8.06570000000011,1,2.929664
6851.0866,7.90939999999955,1,2.90304
6860.0928,9.00620000000072,1,2.89792
6868.0705,7.97769999999946,1,2.935808
6876.1872,8.11670000000049,1,2.90304
6885.2966,9.10939999999937,1,2.89792
6893.124,7.82740000000013,1,3.1488
6901.1502,8.02620000000024,1,2.920448
6910.1263,8.97609999999986,1,2.90816
6918.0753,7.94900000000052,1,2.932736
6926.0507,7.97539999999935,1,2.900992
6935.1248,9.07409999999982,1,2.8928
6943.1124,7.98760000000038,1,2.922496
6951.0862,7.97379999999976,1,2.909184
6960.0749,8.98869999999988,1,2.900992
6968.0697,7.9948000000004,1,2.942976
6976.0826,8.01289999999972,1,2.894848
6985.0963,9.01370000000043,1,2.900992
6993.2535,8.15719999999965,1,2.931712
7001.1367,7.88320000000022,1,2.906112
7010.1551,9.01839999999993,1,2.90304
7018.0748,7.91970000000038,1,2.929664
7026.0654,7.99060000000009,1,2.89792
7035.1742,9.10879999999997,1,2.898944
7043.191,8.01679999999942,1,2.941952
7051.0811,7.89010000000053,1,2.93376
7060.1012,9.02009999999973,1,2.904064
7068.0578,7.95659999999953,1,2.931712
7076.1087,8.05090000000018,1,2.902016
7085.08,8.97130000000016,1,2.910208
7093.0991,8.01910000000044,1,2.930688
7101.0556,7.95649999999932,1,2.914304
7110.1853,9.12970000000041,1,2.907136
7118.0732,7.88789999999972,1,2.948096
7126.0772,8.00399999999991,1,2.915328
7135.1423,9.06510000000071,1,2.90816
7143.1024,7.96009999999933,1,2.940928
7151.1322,8.02980000000025,1,2.906112
7160.0729,8.94070000000011,1,2.920448
7168.0626,7.98970000000008,1,2.93376
7176.105,8.04239999999936,1,2.890752
7185.0981,8.9931000000006,1,2.91328
7193.0696,7.97149999999965,1,2.942976
7201.0741,8.00450000000001,1,2.910208
7210.1417,9.06760000000031,1,2.890752
7218.1186,7.97689999999966,1,2.937856
7226.067,7.94840000000022,1,2.898944
7235.0747,9.00770000000011,1,2.896896
7243.0889,8.01419999999962,1,2.935808
7251.0846,7.9957000000004,1,2.902016
7260.0604,8.97580000000016,1,2.88256
7268.1663,8.10589999999956,1,2.934784
7276.1381,7.97180000000026,1,2.92352
7285.1568,9.01869999999963,1,2.90816
7293.062,7.90520000000015,1,2.942976
7301.0759,8.01389999999992,1,2.916352
7310.109,9.03310000000056,1,2.890752
7318.0875,7.97849999999926,1,2.961408
7326.055,7.96750000000065,1,2.920448
7335.0934,9.03839999999946,1,2.90304
7343.2405,8.14710000000014,1,2.94912
7351.09,7.84950000000026,1,2.926592
7360.0999,9.00990000000002,1,2.91328
7368.0798,7.97990000000027,1,2.948096
7376.0939,8.01409999999942,1,2.909184
7385.0676,8.97370000000046,1,2.915328
7393.1172,8.04959999999937,1,2.956288
7401.0757,7.95850000000064,1,2.916352
7410.135,9.05929999999989,1,2.910208
7418.0592,7.92419999999947,1,2.97472
7426.0513,7.99210000000039,1,2.939904
7435.065,9.01369999999952,1,2.914304
7443.1557,8.09070000000065,1,2.958336
7451.094,7.9382999999998,1,2.940928
7460.1164,9.02239999999983,1,2.935808
7468.0614,7.94499999999971,1,2.973696
7476.1611,8.09970000000067,1,2.922496
7485.1127,8.95159999999942,1,2.945024
7493.0606,7.94790000000012,1,2.963456
7501.1947,8.13410000000022,1,2.931712
7510.1926,8.9979000000003,1,2.924544
7518.0965,7.90389999999934,1,2.970624
7526.0723,7.97580000000016,1,2.930688
7535.0154,8.94310000000041,1,2.90816
7543.0812,8.0657999999994,1,2.946048
7551.0773,7.9961000000003,1,2.92864
7560.0821,9.0047999999997,1,2.916352
7568.0786,7.9965000000002,1,2.947072
7576.0861,8.00750000000062,1,2.92864
7585.1318,9.04569999999967,1,2.934784
7593.0604,7.92860000000019,1,2.968576
7601.1354,8.07499999999982,1,2.966528
7610.0977,8.96230000000014,1,2.940928
7618.1284,8.03069999999934,1,2.98496
7626.0677,7.9393,1,2.957312
7635.0839,9.01620000000003,1,2.936832
7643.0773,7.99340000000029,1,2.988032
7651.1337,8.05640000000039,1,2.94912
7660.2761,9.14239999999972,1,2.946048
7668.1458,7.86970000000019,1,2.976768
7676.2128,8.06700000000001,1,2.947072
7685.0696,8.85679999999957,1,2.94912
7693.0655,7.99589999999989,1,2.987008
7701.0538,7.98829999999998,1,2.975744
7710.1616,9.10780000000068,1,2.947072
7717.5812,7.41959999999926,1,3.012608
7726.6249,9.04370000000017,1,2.95424
7734.0862,7.46129999999994,1,2.988032
7743.1331,9.04690000000028,1,2.955264
7751.0907,7.95759999999973,1,2.998272
7760.088,8.9973,1,2.982912
7768.0659,7.97789999999986,1,3.042304
7776.1859,8.1200000000008,1,3.01056
7785.0886,8.90269999999964,1,3.022848
7793.1017,8.01310000000012,1,3.07712
7801.0724,7.97069999999985,1,3.048448
7810.189,9.11660000000029,1,3.034112
7818.074,7.88499999999931,1,3.085312
7826.1489,8.07490000000053,1,3.062784
7835.2551,9.10620000000017,1,3.055616
7842.6769,7.42180000000008,1,3.079168
7851.123,8.44609999999921,1,3.058688
7860.6804,9.5574000000006,1,3.062784
7867.606,6.92559999999958,1,3.0464
7876.6369,9.03090000000066,1,3.055616
7884.707,8.07009999999991,1,3.083264
7892.6123,7.90529999999944,1,3.07712
7901.6464,9.03409999999985,1,3.065856
7909.6376,7.99120000000039,1,3.084288
7918.6054,8.96780000000035,1,3.06688
7926.5978,7.99239999999918,1,3.109888
7934.6292,8.03140000000076,1,3.103744
7943.6271,8.99789999999939,1,3.063808
7951.653,8.02590000000055,1,3.116032
7959.6892,8.03619999999955,1,3.108864
7967.6611,7.97190000000046,1,3.098624
7976.6984,9.03729999999996,1,3.093504
7984.6036,7.90520000000015,1,3.131392
7993.8359,9.23229999999967,1,3.091456
8001.6179,7.78200000000015,1,3.13856
8009.6207,8.00280000000021,1,3.127296
8018.609,8.98829999999998,1,3.103744
8026.7336,8.12459999999919,1,3.134464
8034.763,8.02940000000035,1,3.135488
8042.6938,7.93080000000009,1,3.141632
8051.6877,8.99390000000039,1,3.119104
8059.7891,8.10139999999956,1,3.149824
8067.6372,7.84810000000016,1,3.140608
8076.6679,9.03070000000025,1,3.13856
8084.6333,7.96540000000005,1,3.16928
8093.6388,9.0054999999993,1,3.137536
8101.6146,7.97580000000016,1,3.172352
8109.7422,8.1275999999998,1,3.163136
8117.6303,7.88810000000012,1,3.163136
8126.704,9.07369999999992,1,3.116032
8134.6098,7.90580000000045,1,3.176448
8143.6873,9.07749999999942,1,3.165184
8151.6962,8.00890000000072,1,3.191808
8159.605,7.90879999999925,1,3.196928
8168.6766,9.07160000000022,1,3.161088
8176.6648,7.98819999999978,1,3.195904
8184.6737,8.00890000000072,1,3.20512
8192.6071,7.93339999999898,1,3.180544
8201.5531,8.94599999999991,1,3.192832
8209.6498,8.09670000000006,1,3.214336
8218.6373,8.98750000000109,1,3.091456
8226.6231,7.98580000000038,1,3.1232
8234.6146,7.99150000000009,1,3.11296
8243.6342,9.01959999999963,1,3.08224
8251.6451,8.01089999999931,1,3.1232
8259.6325,7.98739999999998,1,3.1232
8268.6141,8.98160000000098,1,3.086336
8276.6453,8.03119999999944,1,3.14368
8284.6934,8.04809999999998,1,3.134464
8292.6293,7.9359000000004,1,3.136512
8301.6339,9.00460000000021,1,3.137536
8309.6315,7.99759999999878,1,3.160064
8318.6464,9.01490000000013,1,3.151872
8326.7122,8.06580000000031,1,3.16928
8334.6394,7.92720000000008,1,3.176448
8343.7519,9.11249999999927,1,3.150848
8351.6229,7.871000000001,1,3.208192
8359.5706,7.9476999999988,1,3.197952
8368.5993,9.02870000000075,1,3.185664
8376.6296,8.03030000000035,1,3.209216
8384.6119,7.98229999999967,1,3.201024
8393.617,9.00510000000031,1,3.196928
8401.6173,8.0002999999997,1,3.213312
8409.7405,8.1232,1,3.217408
8417.6572,7.91669999999976,1,3.135488
8426.6545,8.99730000000091,1,3.130368
8434.6235,7.96899999999914,1,3.172352
8443.7528,9.12930000000051,1,3.155968
8451.6507,7.89789999999994,1,3.183616
8459.6383,7.98760000000038,1,3.22048
8468.5965,8.95819999999912,1,3.2
8476.6761,8.07960000000094,1,3.217408
8484.6313,7.95519999999851,1,3.232768
8493.6075,8.97620000000097,1,3.197952
8501.7479,8.14040000000023,1,3.241984
8509.7028,7.95489999999882,1,3.232768
8517.6857,7.98290000000088,1,3.237888
8526.6382,8.95249999999942,1,3.247104
8534.6293,7.9911000000011,1,3.27168
8543.6305,9.00119999999879,1,3.248128
8551.6675,8.03700000000026,1,3.257344
8559.6715,8.00400000000081,1,3.274752
8567.6283,7.95679999999993,1,3.248128
8576.6489,9.02059999999983,1,3.260416
8584.6296,7.98070000000007,1,3.291136
8593.5901,8.96049999999923,1,3.279872
8601.6283,8.03820000000087,1,3.308544
8609.6445,8.01620000000003,1,3.31264
8618.6757,9.03119999999944,1,3.1744
8626.6806,8.00489999999991,1,3.193856
8634.6378,7.95720000000074,1,3.208192
8643.6771,9.03930000000037,1,3.186688
8651.6247,7.94759999999951,1,3.203072
8659.6298,8.00510000000031,1,3.217408
8668.7189,9.08909999999923,1,3.20512
8676.6975,7.97860000000037,1,3.218432
8684.6364,7.93889999999919,1,3.243008
8693.6417,9.00530000000072,1,3.223552
8701.6047,7.96299999999974,1,3.254272
8709.6945,8.08979999999974,1,3.260416
8717.6127,7.91820000000007,1,3.267584
8726.1971,8.58439999999973,1,3.267584
8734.6416,8.44450000000143,1,3.27168
8743.679,9.03739999999925,1,3.253248
8751.6243,7.94529999999941,1,3.28192
8759.6788,8.05450000000019,1,3.283968
8767.6249,7.94610000000102,1,3.277824
8776.7302,9.10529999999926,1,3.284992
8784.6843,7.95410000000084,1,3.278848
8792.7168,8.03249999999935,1,3.294208
8802.1035,9.38669999999911,1,3.289088
8809.6956,7.59209999999985,1,3.279872
8817.7468,8.0512000000017,1,3.140608
8826.6517,8.90489999999954,1,3.149824
8834.6603,8.00859999999921,1,3.149824
8843.678,9.01770000000033,1,3.165184
8851.659,7.98099999999977,1,3.166208
8859.6446,7.98559999999998,1,3.171328
8868.6617,9.01710000000094,1,3.15392
8876.678,8.01629999999932,1,3.176448
8884.6854,8.00740000000042,1,3.187712
8892.6576,7.97220000000016,1,3.166208
8901.7131,9.05550000000039,1,3.192832
8909.6763,7.96319999999832,1,3.191808
8917.6939,8.01760000000104,1,3.21024
8926.6475,8.95359999999891,1,3.197952
8934.6738,8.02630000000136,1,3.193856
8942.6601,7.98629999999866,1,3.190784
8951.7202,9.0601000000006,1,3.207168
8959.7352,8.01499999999942,1,3.214336
8967.6383,7.90310000000136,1,3.201024
8976.6421,9.00379999999859,1,3.2
8984.6425,8.00040000000081,1,3.207168
8993.6837,9.04119999999966,1,3.206144
9001.6434,7.95970000000125,1,3.202048
9009.7063,8.06289999999899,1,3.212288
9017.6446,7.9382999999998,1,3.141632
9026.6906,9.04600000000028,1,3.141632
9034.7445,8.05390000000079,1,3.125248
9042.7431,7.99859999999899,1,3.144704
9051.6404,8.89730000000054,1,3.140608
9059.7006,8.0601999999999,1,3.132416
9067.6354,7.93479999999909,1,3.132416
9076.6921,9.056700000001,1,3.11808
9084.6769,7.98480000000018,1,3.140608
9092.6665,7.98959999999897,1,3.1232
9101.6317,8.96520000000055,1,3.129344
9109.7062,8.07450000000063,1,3.11808
9117.6308,7.92460000000028,1,3.119104
9126.7312,9.10039999999935,1,3.084288
9134.7475,8.01629999999932,1,3.120128
9142.686,7.9385000000002,1,3.10272
9151.6456,8.95960000000014,1,3.106816
9159.6529,8.0072999999993,1,3.109888
9168.7012,9.04830000000038,1,3.085312
9176.6982,7.99700000000121,1,3.088384
9184.6713,7.97309999999925,1,3.084288
9192.631,7.95969999999943,1,3.083264
9201.6431,9.01209999999992,1,3.105792
9209.6768,8.03369999999995,1,3.08224
9217.6305,7.95370000000003,1,3.06688
9226.6202,8.98970000000008,1,3.055616
9234.7342,8.1140000000014,1,3.055616
9242.6659,7.93169999999918,1,3.065856
9251.7104,9.04449999999997,1,3.058688
9259.6576,7.94720000000052,1,3.043328
9268.6517,8.99409999999989,1,3.04128
9276.6757,8.02399999999943,1,3.044352
9284.6784,8.00270000000091,1,3.035136
9292.6346,7.95619999999872,1,3.052544
9301.6713,9.03670000000056,1,3.045376
9309.6809,8.00959999999941,1,3.021824
9317.7054,8.02450000000135,1,3.017728
9326.6686,8.96320000000014,1,3.016704
9334.6597,7.99109999999928,1,3.007488
9343.6914,9.03169999999955,1,2.997248
9351.648,7.95659999999953,1,3.001344
9359.6103,7.96230000000105,1,2.993152
9368.637,9.02670000000035,1,2.9952
9376.6731,8.03609999999935,1,2.9696
9384.65,7.97689999999966,1,2.980864
9393.6465,8.99650000000111,1,2.970624
9401.6453,7.99879999999939,1,2.962432
9409.6656,8.02030000000013,1,2.951168
9418.6256,8.95999999999913,1,2.95936
9426.6586,8.03300000000127,1,2.93888
9434.6257,7.96709999999985,1,2.92864
9443.6937,9.0679999999993,1,2.9184
9451.6356,7.94189999999981,1,2.92864
9459.7689,8.13329999999951,1,2.912256
9467.6394,7.8705000000009,1,2.926592
9476.7086,9.06919999999991,1,2.906112
9484.602,7.89340000000084,1,2.909184
9493.7589,9.15689999999995,1,2.89792
9501.7487,7.98979999999938,1,2.902016
9509.7456,7.9969000000001,1,2.884608
9517.7275,7.98190000000068,1,2.896896
9526.7218,8.99429999999847,1,2.866176
9534.6757,7.95390000000043,1,2.885632
9542.6614,7.98570000000109,1,2.88768
9551.7077,9.04629999999997,1,2.861056
9559.6468,7.9390999999996,1,2.879488
9568.7494,9.10260000000017,1,2.849792
9576.6841,7.93469999999979,1,2.842624
9584.7415,8.05739999999969,1,2.832384
9592.6517,7.91020000000026,1,2.819072
9601.6439,8.99219999999877,1,2.812928
9609.7513,8.10740000000078,1,2.7904
9617.6587,7.90740000000005,1,2.792448
9626.6831,9.02440000000024,1,2.786304
9634.6872,8.00410000000011,1,2.792448
9642.7124,8.02520000000004,1,2.804736
9651.7131,9.00070000000051,1,2.786304
9659.6748,7.96169999999984,1,2.794496
9667.6964,8.02160000000003,1,2.797568
9676.8819,9.18549999999959,1,2.778112
9684.7059,7.82400000000052,1,2.789376
9692.7685,8.06259999999929,1,2.784256
9701.7482,8.97969999999987,1,2.768896
9709.737,7.98879999999917,1,2.757632
9717.7045,7.96750000000065,1,2.772992
9726.1628,8.45830000000024,1,2.746368
9734.9239,8.76109999999971,1,2.7392
9742.7207,7.79680000000008,1,2.746368
9751.673,8.95230000000083,1,2.733056
9759.7084,8.03539999999884,1,2.73408
9767.6631,7.95470000000023,1,2.72384
9776.7379,9.07480000000032,1,2.685952
9784.685,7.94709999999941,1,2.731008
9792.7404,8.0554000000011,1,2.7392
9801.7142,8.97379999999976,1,2.722816
9809.7086,7.99439999999959,1,2.732032
9817.7016,7.99300000000039,1,2.731008
9826.6745,8.97289999999884,1,2.702336
9834.7685,8.09400000000096,1,2.705408
9842.7025,7.93399999999929,1,2.706432
9851.7774,9.07490000000143,1,2.689024
9859.7333,7.95589999999902,1,2.70848
9867.7064,7.97309999999925,1,2.712576
9876.7112,9.00480000000061,1,2.676736
9884.6998,7.98860000000059,1,2.694144
9892.7049,8.00510000000031,1,2.706432
9901.811,9.10609999999906,1,2.676736
9909.8569,8.04590000000098,1,2.699264
9917.7222,7.86529999999948,1,2.702336
9926.6968,8.97459999999955,1,2.68288
9934.6559,7.95910000000003,1,2.684928
9943.737,9.08109999999942,1,2.664448
9951.6696,7.93260000000009,1,2.683904
9959.7347,8.06510000000162,1,2.67264
9967.6914,7.95669999999882,1,2.678784
9976.7241,9.03269999999975,1,2.635776
9984.755,8.03089999999975,1,2.674688
9992.7021,7.94710000000123,1,2.634752
10001.7016,8.9994999999999,1,2.625536
10009.768,8.0663999999997,1,2.637824
10017.6789,7.91090000000077,1,2.64192
10026.7832,9.10429999999906,1,2.608128
10034.782,7.99879999999939,1,2.6368
10042.7416,7.95960000000014,1,2.637824
10051.6745,8.93289999999979,1,2.043904
10059.7331,8.0586000000003,1,2.620416
10067.6953,7.96219999999994,1,2.60096
10076.8354,9.14010000000053,1,2.033664
10084.7977,7.96229999999923,1,2.642944
10092.8237,8.02600000000166,1,2.6368
10101.6606,8.83689999999842,1,2.04288
10109.71,8.04939999999988,1,2.615296
10117.8297,8.1197000000011,1,2.610176
10126.724,8.89429999999993,1,2.023424
10134.7399,8.01590000000033,1,2.608128
10142.7165,7.97659999999996,1,2.051072
10151.7376,9.02109999999993,1,2.019328
10159.6662,7.92859999999928,1,2.6112
10167.7486,8.08240000000114,1,2.59072
10176.6942,8.9455999999991,1,2.021376
10184.7413,8.04709999999977,1,2.604032
10192.7053,7.96399999999994,1,2.601984
10201.697,8.99170000000049,1,2.010112
10209.7427,8.04570000000058,1,2.593792
10217.6956,7.95289999999841,1,2.568192
10226.6586,8.96300000000156,1,1.999872
10234.7285,8.0698999999986,1,2.586624
10242.7264,7.9979000000003,1,2.01728
10251.8028,9.07639999999992,1,1.979392
10259.7534,7.95060000000012,1,2.553856
10267.7371,7.98370000000068,1,1.99168
10276.8585,9.12139999999999,1,1.952768
10284.7147,7.85620000000017,1,2.557952
10292.8548,8.14009999999871,1,2.516992
10301.7265,8.87170000000151,1,1.957888
10309.7433,8.01679999999942,1,2.533376
10317.7168,7.97350000000006,1,1.96608
10326.7085,8.99170000000049,1,1.941504
10334.7206,8.01209999999992,1,2.516992
10342.734,8.01339999999982,1,1.958912
10351.722,8.98799999999937,1,1.934336
10359.7932,8.07120000000032,1,2.518016
10367.715,7.92180000000008,1,1.965056
10376.728,9.01299999999901,1,1.938432
10384.6644,7.9364000000005,1,2.526208
10393.6956,9.03119999999944,1,1.967104
10401.6844,7.98880000000099,1,2.52416
10409.7169,8.03249999999935,1,2.520064
10417.7307,8.01380000000063,1,1.958912
10426.7309,9.0002000000004,1,1.929216
10434.7087,7.97779999999875,1,2.52416
10442.8241,8.11540000000059,1,1.95584
10451.7784,8.95429999999942,1,1.932288
10459.6926,7.91420000000107,1,2.515968
10467.6962,8.00360000000001,1,2.491392
10476.7493,9.05309999999918,1,1.905664
10484.6956,7.94629999999961,1,2.518016
10492.6909,7.9953000000005,1,1.941504
10501.8118,9.12089999999989,1,1.916928
10509.7778,7.96600000000035,1,2.514944
10517.7428,7.96500000000015,1,1.95072
10526.7063,8.96349999999984,1,1.915904
10534.706,7.9997000000003,1,2.516992
10542.7045,7.99849999999969,1,1.948672
10551.6999,8.99539999999979,1,1.926144
10559.6622,7.96230000000105,1,2.537472
10568.8164,9.15419999999904,1,2.506752
10576.7727,7.95629999999983,1,2.525184
10584.7652,7.99250000000029,1,2.530304
10592.6721,7.90689999999995,1,1.952768
10601.6842,9.01209999999992,1,1.927168
10609.7928,8.10859999999957,1,2.499584
10617.6854,7.89260000000104,1,1.9456
10626.6385,8.95309999999881,1,1.916928
10634.7002,8.0617000000002,1,2.509824
10642.7126,8.01240000000143,1,1.943552
10651.7179,9.0052999999989,1,1.913856
10659.7237,8.00580000000082,1,2.520064
10667.6565,7.93279999999868,1,2.481152
10676.7999,9.14340000000084,1,1.913856
10684.696,7.89609999999993,1,2.505728
10692.7694,8.07339999999931,1,2.48832
10701.6843,8.91490000000158,1,1.923072
10709.7456,8.06129999999939,1,2.510848
10717.6722,7.92660000000069,1,1.938432
10726.1934,8.52119999999923,1,1.90976
10734.7082,8.51479999999901,1,1.92
10742.845,8.13680000000022,1,2.466816
10751.793,8.94800000000032,1,1.918976
10759.6987,7.90570000000116,1,2.504704
10767.7665,8.0677999999989,1,2.4832
10776.7412,8.97470000000067,1,1.912832
10784.6964,7.95520000000033,1,2.49344
10792.6783,7.98189999999886,1,2.481152
10801.7305,9.05220000000008,1,1.906688
10809.7373,8.00680000000102,1,2.49344
10817.6783,7.94099999999889,1,1.94048
10826.6886,9.01029999999992,1,1.907712
10834.7223,8.03369999999995,1,2.49856
10842.723,8.00070000000051,1,2.463744
10851.7731,9.05010000000038,1,1.907712
10859.7136,7.94049999999879,1,2.497536
10867.7225,8.00890000000072,1,2.47296
10876.7305,9.00799999999981,1,1.907712
10884.7186,7.98810000000049,1,2.510848
10892.6775,7.95889999999963,1,2.475008
10901.7369,9.0594000000001,1,1.907712
10909.7702,8.03330000000096,1,2.494464
10917.72,7.9497999999985,1,1.93536
10926.7678,9.04780000000028,1,1.908736
10934.6917,7.92389999999978,1,2.505728
10942.7997,8.10800000000017,1,2.47296
10951.6982,8.89850000000115,1,1.915904
10959.8508,8.15259999999944,1,2.49344
10967.6957,7.84490000000005,1,1.939456
10976.7473,9.05160000000069,1,1.906688
10984.7071,7.95979999999872,1,2.51392
10992.7003,7.9932000000008,1,2.481152
11001.6827,8.98239999999896,1,1.911808
11009.7658,8.08309999999983,1,2.487296
11017.6989,7.93310000000019,1,2.018304
11026.8056,9.10670000000027,1,1.998848
11034.8413,8.03570000000036,1,2.632704
11042.7941,7.95279999999912,1,2.026496
11051.6935,8.89940000000024,1,2.000896
11059.7017,8.00820000000022,1,2.634752
11067.6844,7.98270000000048,1,2.599936
11076.8127,9.12830000000031,1,1.999872
11084.7336,7.92089999999916,1,2.649088
11092.7227,7.98910000000069,1,2.01728
11101.794,9.07129999999961,1,1.9968
11109.7823,7.98830000000089,1,2.638848
11117.7453,7.96299999999974,1,2.607104
11126.7288,8.98350000000028,1,2.003968
11134.7332,8.00439999999981,1,2.633728
11142.785,8.05179999999928,1,2.015232
11151.7517,8.96670000000086,1,2.000896
11159.6851,7.93339999999989,1,2.637824
11167.7108,8.02570000000014,1,2.601984
11176.7379,9.02709999999934,1,1.995776
11184.7629,8.02499999999964,1,2.639872
11192.7245,7.96160000000054,1,2.0224
11201.7165,8.99200000000019,1,2.00192
11209.8135,8.09699999999975,1,2.630656
11217.6879,7.87440000000061,1,2.6112
11226.6801,8.99219999999877,1,2.011136
11234.6777,7.9976000000006,1,2.653184
11242.7327,8.05500000000029,1,2.614272
11251.7303,8.99759999999878,1,2.000896
11259.7228,7.99250000000029,1,2.659328
11267.7027,7.97990000000027,1,2.605056
11276.8156,9.11290000000008,1,2.00704
11284.7329,7.91730000000098,1,2.656256
11292.7344,8.00149999999849,1,2.615296
11301.7239,8.9895000000015,1,2.003968
11309.8356,8.11169999999947,1,2.646016
11317.721,7.88539999999921,1,2.03776
11326.7071,8.98610000000008,1,2.00704
11334.7303,8.02319999999963,1,2.658304
11342.7649,8.03460000000086,1,2.608128
11351.7033,8.93839999999909,1,2.004992
11359.7402,8.03690000000097,1,2.640896
11367.6968,7.95659999999953,1,2.03264
11376.7521,9.05529999999999,1,2.003968
11384.6887,7.93660000000091,1,2.656256
11392.7017,8.01299999999901,1,2.033664
11401.7663,9.0645999999997,1,2.004992
11409.7477,7.98140000000058,1,2.65216
11417.7949,8.04720000000088,1,2.625536
11426.679,8.88409999999931,1,2.031616
11434.7097,8.03069999999934,1,2.668544
11442.7201,8.01040000000103,1,2.62144
11451.6616,8.941499999999,1,2.021376
11459.6738,8.01220000000103,1,2.675712
11467.7218,8.04799999999886,1,2.045952
11476.7261,9.00430000000051,1,2.023424
11484.7259,7.9997999999996,1,2.665472
11492.6816,7.95570000000043,1,2.634752
11501.7616,9.07999999999993,1,2.018304
11509.7482,7.98660000000018,1,2.678784
11517.7732,8.02499999999964,1,2.04288
11526.7215,8.94830000000002,1,2.025472
11534.7191,7.9976000000006,1,2.674688
11542.7335,8.01440000000002,1,2.629632
11551.7362,9.00269999999909,1,2.024448
11559.7259,7.98970000000008,1,2.673664
11567.7229,7.99700000000121,1,2.634752
11576.7333,9.01039999999921,1,2.018304
11584.7867,8.05340000000069,1,2.666496
11592.6956,7.90889999999854,1,2.040832
11601.7445,9.04890000000159,1,2.025472
11609.7065,7.96199999999953,1,2.671616
11617.7096,8.0030999999999,1,2.051072
11626.7027,8.99309999999969,1,2.036736
11634.7094,8.00669999999991,1,2.690048
11642.7999,8.09050000000025,1,2.639872
11651.735,8.9351000000006,1,2.039808
11659.7155,7.98049999999967,1,2.69824
11667.678,7.96249999999964,1,2.653184
11676.7742,9.09619999999995,1,2.028544
11684.6941,7.91990000000078,1,2.697216
11692.7692,8.07510000000002,1,2.650112
11701.9027,9.13349999999991,1,2.668544
11709.8314,7.92869999999857,1,2.689024
11717.7068,7.87540000000081,1,2.68288
11726.2006,8.49380000000019,1,2.034688
11735.1993,8.9987000000001,1,2.045952
11742.7284,7.52909999999974,1,2.697216
11751.7825,9.05409999999938,1,2.035712
11759.7286,7.94610000000102,1,2.707456
11767.7401,8.01150000000052,1,2.661376
11776.7749,9.03479999999945,1,2.035712
11784.7388,7.96389999999883,1,2.700288
11792.7105,7.97170000000006,1,2.646016
11801.7359,9.02540000000045,1,2.03776
11809.7723,8.03640000000087,1,2.690048
11817.7417,7.96939999999995,1,2.701312
11826.7233,8.98159999999916,1,2.673664
11834.7508,8.02750000000015,1,2.71872
11842.843,8.09220000000096,1,2.659328
11851.7269,8.8838999999989,1,2.056192
11859.8349,8.10800000000017,1,2.704384
11867.7201,7.88520000000062,1,2.690048
11876.7956,9.07549999999901,1,2.049024
11884.7279,7.9323000000004,1,2.721792
11892.6698,7.94189999999981,1,2.676736
11901.7176,9.04780000000028,1,2.052096
11909.7984,8.08079999999973,1,2.717696
11917.7236,7.92519999999968,1,2.70336
11926.7357,9.01209999999992,1,2.671616
11934.7261,7.99040000000059,1,2.716672
11942.7937,8.06760000000031,1,2.6624
11951.7153,8.92159999999967,1,2.67776
11959.734,8.01870000000054,1,2.7136
11967.7063,7.97229999999945,1,2.689024
11976.8094,9.10310000000027,1,2.051072
11984.7324,7.92300000000068,1,2.7136
11992.7219,7.98949999999968,1,2.694144
12001.8047,9.08280000000013,1,2.669568
12009.8165,8.01180000000022,1,2.71872
12017.7882,7.97170000000006,1,2.69824
12026.8585,9.07029999999941,1,2.696192
12034.8531,7.99459999999999,1,2.733056
12042.7589,7.90580000000045,1,2.720768
12051.7603,9.00139999999919,1,2.686976
12059.7246,7.96429999999964,1,2.74432
12067.718,7.9934000000012,1,2.69312
12076.7357,9.01769999999851,1,2.68288
12084.8486,8.11290000000008,1,2.729984
12092.7219,7.87330000000111,1,2.719744
12101.7927,9.07079999999951,1,2.700288
12109.7968,8.00410000000011,1,2.735104
12117.9255,8.1286999999993,1,2.716672
12126.7454,8.81990000000042,1,2.691072
12134.8045,8.0591000000004,1,2.741248
12142.7579,7.95340000000033,1,2.71872
12151.8011,9.04320000000007,1,2.688
12159.739,7.93789999999899,1,2.7392
12167.7101,7.97110000000066,1,2.692096
12176.7367,9.02659999999923,1,2.691072
12184.729,7.99229999999989,1,2.733056
12192.7019,7.97290000000066,1,2.70336
12201.7909,9.08899999999994,1,2.691072
12209.8166,8.02570000000014,1,2.720768
12217.7192,7.90259999999944,1,2.702336
12226.7155,8.9963000000007,1,2.705408
12234.7259,8.01039999999921,1,2.72896
12242.7691,8.04320000000007,1,2.685952
12251.7418,8.97270000000026,1,2.692096
12259.7904,8.04860000000008,1,2.727936
12267.7262,7.93579999999929,1,2.707456
12276.7852,9.05900000000111,1,2.683904
12284.7127,7.92749999999978,1,2.729984
12292.7333,8.02059999999983,1,2.706432
12301.6986,8.96529999999984,1,2.696192
12309.8471,8.14850000000115,1,2.720768
12317.725,7.8778999999995,1,2.727936
12326.7383,9.01330000000053,1,2.691072
12334.7336,7.99529999999868,1,2.733056
12342.7999,8.06630000000041,1,2.709504
12351.7986,8.9987000000001,1,2.690048
12359.7196,7.92100000000028,1,2.747392
12367.8597,8.14010000000053,1,2.690048
12376.7972,8.9375,1,2.692096
12384.7994,8.00219999999899,1,2.741248
12392.7266,7.92720000000008,1,2.696192
12401.6696,8.9429999999993,1,2.707456
12409.7779,8.10829999999987,1,2.726912
12417.702,7.92410000000018,1,2.717696
12426.7416,9.03960000000006,1,2.691072
12434.7651,8.02350000000115,1,2.745344
12442.7793,8.01419999999962,1,2.691072
12451.7953,9.01599999999962,1,2.695168
12459.7611,7.96579999999994,1,2.745344
12467.7488,7.98769999999968,1,2.701312
12476.7594,9.01060000000143,1,2.697216
12484.7473,7.98790000000008,1,2.747392
12492.7131,7.96579999999994,1,2.706432
12501.7252,9.01209999999992,1,2.69824
12509.7335,8.00829999999951,1,2.727936
12517.734,8.0005000000001,1,2.69824
12526.7281,8.99409999999989,1,2.691072
12534.7834,8.05529999999999,1,2.725888
12542.7431,7.95969999999943,1,2.72384
12551.7338,8.99070000000029,1,2.706432
12559.7433,8.00950000000012,1,2.753536
12567.7,7.95670000000064,1,2.704384
12576.698,8.99799999999959,1,2.705408
12584.7241,8.02609999999913,1,2.753536
12592.7257,8.00160000000142,1,2.712576
12601.7096,8.98389999999927,1,2.69312
12609.7907,8.08109999999942,1,2.724864
12617.718,7.9273000000012,1,2.746368
12626.7184,9.00039999999899,1,2.716672
12634.7092,7.99079999999958,1,2.745344
12642.8504,8.14120000000003,1,2.715648
12651.777,8.92660000000069,1,2.732032
12659.7619,7.98489999999947,1,2.75968
12667.7183,7.95640000000094,1,2.729984
12676.7829,9.0645999999997,1,2.717696
12684.7347,7.95180000000073,1,2.753536
12692.7941,8.05939999999828,1,2.732032
12701.7152,8.92110000000139,1,2.736128
12709.8565,8.14129999999932,1,2.74432
12717.7334,7.8768999999993,1,2.74944
12726.25,8.51660000000084,1,2.70848
12734.8211,8.57109999999921,1,2.733056
12742.7856,7.96450000000004,1,2.741248
12751.795,9.00940000000082,1,2.717696
12759.774,7.97899999999936,1,2.763776
12767.731,7.95700000000033,1,2.735104
12776.7851,9.05409999999938,1,2.726912
12784.7418,7.95670000000064,1,2.75456
12792.7342,7.992400000001,1,2.725888
12801.7575,9.02329999999893,1,2.714624
12809.7566,7.99910000000091,1,2.758656
12817.7815,8.02489999999852,1,2.755584
12826.7513,8.96980000000076,1,2.7392
12834.8082,8.05689999999959,1,2.79552
12842.7657,7.95750000000044,1,2.7392
12851.7552,8.98949999999968,1,2.738176
12859.7272,7.97199999999975,1,2.776064
12867.8275,8.10030000000006,1,2.735104
12876.7876,8.96010000000024,1,2.729984
12884.7801,7.99250000000029,1,2.765824
12892.7313,7.95119999999952,1,2.73408
12901.7841,9.0528000000013,1,2.758656
12909.8537,8.0695999999989,1,2.792448
12917.7399,7.88620000000083,1,2.772992
12926.727,8.98710000000028,1,2.741248
12934.7339,8.0068999999985,1,2.782208
12942.7609,8.02700000000004,1,2.738176
12951.7404,8.97950000000128,1,2.753536
12959.7572,8.01679999999942,1,2.78016
12967.7358,7.97860000000037,1,2.756608
12976.8531,9.11729999999989,1,2.737152
12984.7872,7.9341000000004,1,2.784256
12992.7878,8.00059999999939,1,2.74432
13001.744,8.95620000000054,1,2.742272
13009.805,8.06099999999969,1,2.789376
13017.7389,7.93389999999999,1,2.767872
13026.8715,9.132599999999,1,2.745344
13034.8659,7.99440000000141,1,2.77504
13042.8233,7.95739999999932,1,2.782208
13051.7967,8.97340000000077,1,2.74944
13059.7565,7.95979999999872,1,2.774016
13067.8237,8.06720000000132,1,2.742272
13076.7617,8.93799999999828,1,2.756608
13084.9277,8.16600000000108,1,2.78528
13092.7515,7.82380000000012,1,2.772992
13101.7397,8.98819999999978,1,2.743296
13109.7738,8.03410000000076,1,2.787328
13117.722,7.94819999999891,1,2.746368
13126.7362,9.01419999999962,1,2.748416
13134.7814,8.04520000000048,1,2.776064
13142.7952,8.01380000000063,1,2.72896
13151.8125,9.01729999999952,1,2.735104
13159.7611,7.94859999999971,1,2.781184
13167.7548,7.9937000000009,1,2.747392
13176.7697,9.01490000000013,1,2.742272
13184.7529,7.98319999999876,1,2.787328
13192.7366,7.98370000000068,1,2.743296
13201.7794,9.04279999999926,1,2.748416
13209.8245,8.04510000000118,1,2.786304
13217.7688,7.9442999999992,1,2.772992
13226.7359,8.96709999999985,1,2.76992
13234.7391,8.00320000000102,1,2.807808
13242.7631,8.02399999999943,1,2.770944
13251.7535,8.99040000000059,1,2.78016
13259.8528,8.09929999999986,1,2.80576
13267.7752,7.92239999999947,1,2.788352
13276.7777,9.00250000000051,1,2.766848
13284.7792,8.00150000000031,1,2.817024
13292.7551,7.97589999999946,1,2.772992
13301.7384,8.98329999999987,1,2.765824
13309.7915,8.05309999999918,1,2.789376
13317.7812,7.98970000000008,1,2.798592
13326.7504,8.96920000000136,1,2.765824
13334.763,8.01260000000002,1,2.813952
13342.8178,8.05479999999989,1,2.7648
13351.7594,8.94160000000011,1,2.772992
13359.7669,8.00749999999971,1,2.812928
13367.7275,7.96060000000034,1,2.76992
13376.832,9.10449999999946,1,2.77504
13384.7495,7.91749999999956,1,2.809856
13392.7595,8.01000000000022,1,2.770944
13401.7475,8.98799999999937,1,2.762752
13409.8575,8.11000000000058,1,2.791424
13417.7717,7.91419999999925,1,2.793472
13426.8792,9.10750000000007,1,2.762752
13434.864,7.98480000000018,1,2.806784
13442.7835,7.91949999999997,1,2.786304
13451.8049,9.02139999999963,1,2.75968
13459.8399,8.03500000000167,1,2.806784
13467.7903,7.95039999999972,1,2.79552
13476.7848,8.99449999999888,1,2.767872
13484.7376,7.95280000000093,1,2.806784
13492.7636,8.02599999999984,1,2.781184
13501.8413,9.07769999999982,1,2.758656
13509.8708,8.02950000000055,1,2.808832
13517.7846,7.91380000000026,1,2.798592
13526.8144,9.02979999999843,1,2.751488
13534.7814,7.96700000000055,1,2.814976
13542.8442,8.0627999999997,1,2.78016
13551.778,8.9338000000007,1,2.772992
13559.7621,7.98409999999967,1,2.808832
13567.8024,8.04030000000057,1,2.766848
13576.7661,8.96370000000024,1,2.75968
13584.847,8.08089999999902,1,2.786304
13592.7478,7.90079999999944,1,2.788352
13601.7645,9.01670000000013,1,2.779136
13609.8776,8.11310000000049,1,2.80064
13617.7642,7.88659999999982,1,2.804736
13626.7503,8.98610000000008,1,2.772992
13634.7569,8.00660000000062,1,2.811904
13642.7952,8.03830000000016,1,2.779136
13651.8186,9.02340000000004,1,2.75456
13659.8047,7.98610000000008,1,2.811904
13667.779,7.97429999999986,1,2.784256
13676.8156,9.03659999999945,1,2.781184
13684.7548,7.93920000000071,1,2.811904
13692.8153,8.06049999999959,1,2.801664
13701.8047,8.98940000000039,1,2.774016
13709.8681,8.06339999999909,1,2.802688
13718.1951,8.32700000000114,1,2.792448
13726.324,8.1288999999997,1,2.784256
13734.8615,8.53750000000036,1,2.774016
13742.8039,7.94239999999991,1,2.791424
13751.7881,8.98419999999896,1,2.770944
13759.7885,8.00040000000081,1,2.809856
13767.7653,7.97679999999855,1,2.778112
13776.8398,9.07450000000063,1,2.766848
13784.8399,8.00010000000111,1,2.814976
13792.8063,7.96639999999934,1,2.793472
13801.7884,8.98209999999926,1,2.78016
13809.8123,8.02390000000014,1,2.816
13817.8392,8.02690000000075,1,2.781184
13826.7949,8.95570000000043,1,2.781184
13834.8793,8.08439999999973,1,2.801664
13842.8108,7.93149999999878,1,2.7904
13851.7931,8.98230000000149,1,2.771968
13859.7879,7.99479999999858,1,2.80576
13867.8664,8.07850000000144,1,2.78528
13876.9247,9.05829999999878,1,2.776064
13884.844,7.91929999999957,1,2.823168
13892.8455,8.00150000000031,1,2.782208
13901.8196,8.97410000000127,1,2.787328
13909.8158,7.99619999999959,1,2.817024
13917.801,7.98519999999917,1,2.786304
13926.7985,8.99750000000131,1,2.763776
13934.7715,7.97299999999996,1,2.824192
13942.8546,8.08309999999983,1,2.787328
13951.7865,8.93189999999959,1,2.786304
13959.8592,8.07270000000062,1,2.807808
13967.7608,7.90159999999923,1,2.776064
13976.8107,9.04989999999998,1,2.776064
13984.7871,7.97639999999956,1,2.80576
13992.835,8.04789999999957,1,2.787328
14001.9297,9.09470000000147,1,2.779136
14009.8398,7.91009999999915,1,2.82112
14017.8334,7.99359999999979,1,2.792448
14026.8968,9.06340000000091,1,2.7648
14034.8218,7.92499999999927,1,2.81088
14042.8354,8.01360000000022,1,2.783232
14051.8033,8.96789999999964,1,2.772992
14059.7671,7.96379999999954,1,2.807808
14067.8065,8.03940000000148,1,2.774016
14076.7844,8.97789999999986,1,2.768896
14084.8341,8.04969999999958,1,2.813952
14092.7681,7.93399999999929,1,2.791424
14101.8323,9.06420000000071,1,2.771968
14109.8784,8.04609999999957,1,2.812928
14117.8252,7.94679999999971,1,2.791424
14126.7908,8.96560000000136,1,2.779136
14134.9016,8.11079999999856,1,2.801664
14142.8556,7.95400000000154,1,2.79552
14151.9443,9.08869999999843,1,2.772992
14159.9581,8.01380000000063,1,2.811904
14167.9018,7.94369999999981,1,3.032064
14176.8388,8.9369999999999,1,2.781184
14184.802,7.96320000000014,1,2.812928
14192.7824,7.98040000000037,1,2.778112
14201.7864,9.00400000000081,1,2.77504
14209.8337,8.04729999999836,1,2.801664
14217.774,7.94030000000021,1,2.830336
14226.7819,9.00790000000052,1,2.825216
14234.8078,8.02590000000055,1,2.847744
14242.8199,8.01209999999992,1,2.83136
14251.8214,9.00150000000031,1,2.822144
14259.9092,8.08779999999933,1,2.86208
14267.7995,7.89029999999912,1,2.847744
14276.8593,9.05980000000091,1,2.811904
14284.7657,7.90639999999985,1,2.86208
14292.8162,8.05049999999937,1,2.814976
14301.8321,9.01590000000033,1,2.814976
14309.8029,7.97080000000096,1,2.863104
14317.9381,8.1351999999988,1,2.83136
14326.7774,8.83930000000146,1,2.828288
14334.8849,8.10749999999825,1,2.855936
14342.7935,7.90860000000066,1,2.845696
14351.7956,9.0020999999997,1,2.823168
14359.7876,7.99200000000019,1,2.855936
14367.7811,7.99350000000049,1,2.829312
14376.7977,9.01659999999902,1,2.825216
14384.8574,8.05970000000161,1,2.855936
14392.7938,7.93639999999868,1,2.83648
14401.8045,9.01070000000072,1,2.819072
14409.9108,8.10629999999946,1,2.849792
14417.8307,7.91990000000078,1,2.853888
14426.7943,8.96359999999913,1,2.823168
14434.8016,8.00730000000112,1,2.875392
14442.8248,8.02319999999963,1,2.825216
14451.8202,8.99539999999979,1,2.822144
14459.9836,8.16339999999946,1,2.848768
14467.8239,7.84029999999984,1,2.848768
14476.8334,9.00950000000012,1,2.813952
14484.8371,8.00370000000112,1,2.853888
14492.8027,7.96559999999954,1,2.825216
14501.8898,9.08710000000065,1,2.817024
14509.8587,7.96889999999985,1,2.85184
14517.7705,7.91179999999986,1,2.850816
14526.7939,9.02340000000004,1,2.820096
14534.7552,7.96129999999903,1,2.861056
14542.8903,8.13509999999951,1,2.82624
14551.8138,8.92350000000079,1,2.830336
14559.811,7.99719999999979,1,2.85696
14567.7519,7.9408999999996,1,2.844672
14576.8772,9.12530000000152,1,2.82624
14584.8078,7.93059999999969,1,2.865152
14592.7875,7.97969999999987,1,2.832384
14601.9325,9.14500000000044,1,2.822144
14609.8433,7.91079999999965,1,2.8672
14617.8125,7.96919999999955,1,2.839552
14626.7701,8.95759999999973,1,2.823168
14634.7634,7.99330000000009,1,2.852864
14642.7943,8.03089999999975,1,2.825216
14651.8377,9.04340000000047,1,2.82112
14659.7903,7.95260000000053,1,2.85696
14667.7988,8.00849999999991,1,2.82112
14676.8126,9.01379999999881,1,2.820096
14684.7835,7.97090000000026,1,2.865152
14692.7762,7.9927000000007,1,2.82624
14701.7777,9.00150000000031,1,2.82112
14709.8358,8.05810000000019,1,2.855936
14717.8642,8.02839999999924,1,2.8416
14726.2977,8.43349999999919,1,2.819072
14735.384,9.08630000000085,1,2.83648
14742.9441,7.5601000000006,1,2.8672
14751.7964,8.85229999999865,1,2.842624
14759.7469,7.95050000000083,1,2.870272
14767.7783,8.03139999999985,1,2.830336
14776.8358,9.0575000000008,1,2.823168
14784.8259,7.99009999999907,1,2.861056
14792.847,8.02109999999993,1,2.837504
14801.7987,8.95169999999962,1,2.814976
14809.8329,8.03420000000006,1,2.852864
14817.7873,7.95440000000053,1,2.847744
14826.8571,9.0697999999993,1,2.83136
14834.8298,7.97270000000026,1,2.866176
14842.8638,8.03399999999965,1,2.833408
14851.7905,8.92669999999998,1,2.822144
14859.8284,8.03790000000117,1,2.866176
14867.7823,7.95390000000043,1,2.839552
14876.8883,9.10599999999977,1,2.838528
14884.8327,7.94440000000031,1,2.869248
14892.8475,8.01479999999901,1,2.839552
14901.8512,9.0036999999993,1,2.813952
14909.8282,7.97700000000077,1,2.845696
14917.8265,7.99829999999929,1,2.8416
14926.8252,8.9987000000001,1,2.835456
14934.8454,8.02020000000084,1,2.864128
14942.8651,8.01970000000074,1,2.83648
14951.8582,8.99309999999969,1,2.82624
14959.8319,7.97369999999864,1,2.871296
14967.8073,7.97540000000117,1,2.838528
14976.8132,9.00590000000011,1,2.834432
14984.853,8.03979999999865,1,2.8672
14992.792,7.93900000000031,1,2.844672
15001.8208,9.02880000000005,1,2.827264
15009.8411,8.02030000000013,1,2.864128
15017.821,7.97990000000027,1,2.838528
15026.9094,9.08840000000055,1,2.833408
15034.8186,7.90920000000006,1,2.879488
15042.8195,8.00089999999909,1,2.837504
15051.8433,9.02380000000085,1,2.83648
15059.882,8.03869999999915,1,2.876416
15067.8028,7.92079999999987,1,2.845696
15076.8666,9.0637999999999,1,2.830336
15084.8556,7.9890000000014,1,2.87232
15092.8119,7.95629999999983,1,2.853888
15101.782,8.97009999999864,1,2.833408
15109.9136,8.13160000000062,1,2.87232
15117.8062,7.89260000000104,1,2.864128
15126.8446,9.03839999999946,1,2.83136
15134.7914,7.94679999999971,1,2.860032
15142.8499,8.05849999999919,1,2.830336
15151.8125,8.96260000000075,1,2.839552
15159.8808,8.06830000000082,1,2.861056
15167.7968,7.91599999999926,1,2.844672
15176.8817,9.08489999999983,1,2.835456
15184.7952,7.91350000000057,1,2.873344
15192.8308,8.03559999999925,1,2.854912
15201.852,9.02120000000104,1,2.828288
15209.8431,7.99109999999928,1,2.874368
15217.937,8.09389999999985,1,2.847744
15226.8454,8.90840000000026,1,2.827264
15234.7767,7.93130000000019,1,2.879488
15242.847,8.07029999999941,1,2.822144
15251.8132,8.96620000000075,1,2.8416
15259.7932,7.97999999999956,1,2.87232
15267.8738,8.08059999999932,1,2.835456
15276.8561,8.98230000000149,1,2.829312
15284.8024,7.94629999999961,1,2.870272
15292.7783,7.97589999999946,1,2.837504
15301.8784,9.10009999999966,1,2.829312
15309.8456,7.96720000000096,1,2.873344
15317.8093,7.96370000000024,1,2.8416
15326.7817,8.97239999999874,1,2.828288
15334.8561,8.07440000000133,1,2.861056
15342.8213,7.96519999999873,1,2.839552
15351.8294,9.00810000000092,1,2.830336
15359.8021,7.97270000000026,1,2.875392
15367.8087,8.0065999999988,1,2.828288
15376.9284,9.1197000000011,1,2.830336
15384.8538,7.92540000000008,1,2.866176
15392.8926,8.03879999999845,1,2.8416
15401.8194,8.92680000000109,1,2.820096
15409.8196,8.0002000000004,1,2.85184
15417.7974,7.97779999999875,1,2.845696
15426.7946,8.99719999999979,1,2.832384
15434.7805,7.98590000000149,1,2.861056
15442.8484,8.06790000000001,1,2.813952
15451.804,8.95559999999932,1,2.84672
15459.8316,8.02759999999944,1,2.874368
15467.7822,7.95060000000012,1,2.843648
15476.8417,9.05950000000121,1,2.82624
15484.7987,7.95699999999852,1,2.869248
15492.8327,8.03400000000147,1,2.838528
15501.8402,9.00749999999971,1,2.835456
15509.878,8.03780000000006,1,2.85696
15517.82,7.9419999999991,1,2.857984
15526.8576,9.03759999999966,1,2.837504
15534.8344,7.97680000000037,1,2.869248
15542.8338,7.99940000000061,1,2.832384
15551.8834,9.04960000000028,1,2.853888
15559.8002,7.91679999999906,1,2.864128
15567.8117,8.01150000000052,1,2.842624
15576.8212,9.00950000000012,1,2.81088
15584.8219,8.00070000000051,1,2.875392
15592.7793,7.95739999999932,1,2.843648
15601.811,9.03169999999955,1,2.834432
15609.8965,8.08550000000105,1,2.849792
15617.884,7.98749999999927,1,2.870272
15626.8153,8.93130000000019,1,2.840576
15634.8277,8.01239999999962,1,2.864128
15642.8484,8.02070000000094,1,2.8416
15651.8274,8.97899999999936,1,2.847744
15659.7986,7.97119999999995,1,2.861056
15667.8578,8.05919999999969,1,2.81088
15676.8321,8.97429999999986,1,2.839552
15684.8848,8.05270000000019,1,2.870272
15692.7981,7.91330000000016,1,2.842624
15701.8102,9.01209999999992,1,2.845696
15709.9079,8.09770000000026,1,2.864128
15717.813,7.90509999999995,1,2.863104
15726.4433,8.63030000000072,1,2.835456
15734.3254,7.8820999999989,1,2.845696
15742.9041,8.57870000000003,1,2.829312
15751.8429,8.9387999999999,1,2.839552
15759.8522,8.00929999999971,1,2.878464
15767.8224,7.97019999999975,1,2.838528
15776.9153,9.09290000000146,1,2.837504
15784.829,7.91369999999915,1,2.869248
15792.8396,8.01059999999961,1,2.837504
15801.8192,8.97960000000057,1,2.844672
15809.8658,8.04659999999967,1,2.86208
15817.8224,7.95659999999953,1,2.860032
15826.8793,9.05690000000141,1,2.842624
15834.8687,7.98940000000039,1,2.876416
15842.8649,7.99619999999959,1,2.845696
15851.8106,8.94570000000022,1,2.845696
15859.836,8.02539999999863,1,2.873344
15867.8097,7.97370000000046,1,2.839552
15876.8747,9.06500000000051,1,2.8416
15884.9614,8.08669999999984,1,2.874368
15892.8626,7.90120000000024,1,2.852864
15901.8094,8.94679999999971,1,2.845696
15909.8821,8.07270000000062,1,2.860032
15917.8005,7.91839999999866,1,2.849792
15926.8225,9.02200000000084,1,2.83136
15934.802,7.97949999999946,1,2.873344
15942.8448,8.04280000000108,1,2.83648
15951.8822,9.03739999999925,1,2.840576
15959.8453,7.96310000000085,1,2.873344
15967.821,7.97569999999905,1,2.840576
15976.8511,9.03009999999995,1,2.839552
15984.8493,7.9982,1,2.870272
15992.8188,7.96949999999924,1,2.834432
16001.8648,9.04600000000028,1,2.839552
16009.849,7.98420000000078,1,2.870272
16017.8551,8.00610000000052,1,2.898944
16026.9239,9.0687999999991,1,2.898944
16034.9402,8.01629999999932,1,2.915328
16042.973,8.03280000000086,1,2.89792
16051.8479,8.87490000000071,1,2.873344
16059.9605,8.11259999999857,1,2.916352
16067.876,7.91550000000097,1,2.888704
16076.8587,8.98270000000048,1,2.88256
16084.8387,7.97999999999956,1,2.914304
16092.8191,7.98040000000037,1,2.88256
16101.8067,8.98759999999857,1,2.890752
16109.9136,8.10690000000068,1,2.906112
16117.8392,7.92560000000049,1,2.898944
16126.8405,9.0012999999999,1,2.889728
16134.8412,8.00070000000051,1,2.910208
16142.8983,8.05709999999999,1,2.878464
16151.8506,8.95229999999901,1,2.889728
16159.9392,8.08860000000095,1,2.90816
16167.8794,7.94019999999909,1,2.8928
16176.957,9.07760000000053,1,2.88768
16184.8391,7.8820999999989,1,2.921472
16192.8437,8.00460000000021,1,2.885632
16201.8488,9.00510000000031,1,2.888704
16209.9077,8.05889999999999,1,2.916352
16217.9796,8.07190000000082,1,2.889728
16226.8556,8.8760000000002,1,3.131392
16234.8049,7.9492999999984,1,2.917376
16242.8519,8.04700000000048,1,2.879488
16251.8036,8.95169999999962,1,2.886656
16259.8192,8.01560000000063,1,2.925568
16267.8024,7.98320000000058,1,2.881536
16276.8667,9.0643,1,2.879488
16284.9201,8.05339999999887,1,2.92352
16292.8249,7.90480000000025,1,2.910208
16301.8777,9.05279999999948,1,2.889728
16309.8607,7.98300000000017,1,2.90816
16317.8216,7.96090000000004,1,2.899968
16326.8096,8.98800000000119,1,2.87744
16334.9075,8.09789999999884,1,2.91328
16342.8549,7.94740000000093,1,2.891776
16351.8309,8.97600000000057,1,2.883584
16359.8259,7.99499999999898,1,2.90816
16367.8568,8.03089999999975,1,2.88256
16376.8507,8.9939000000013,1,2.895872
16384.8912,8.04049999999734,1,2.899968
16392.8234,7.93220000000292,1,2.89792
16401.8662,9.04279999999926,1,2.906112
16409.8361,7.96990000000005,1,2.920448
16417.8439,8.00779999999941,1,2.884608
16426.8549,9.0109999999986,1,2.891776
16434.8824,8.02750000000015,1,2.917376
16442.9523,8.06990000000224,1,2.8928
16451.8626,8.91029999999955,1,2.879488
16459.8573,7.99469999999928,1,2.9184
16467.8077,7.95040000000154,1,2.891776
16476.8837,9.07599999999729,1,2.873344
16484.8193,7.9356000000007,1,2.920448
16492.9017,8.08239999999932,1,2.88768
16501.9363,9.03460000000268,1,2.881536
16509.9795,8.04320000000007,1,2.92352
16518.0668,8.08729999999923,1,2.898944
16525.848,7.78120000000126,1,2.88768
16534.835,8.98699999999735,1,2.865152
16542.8623,8.02730000000156,1,2.88256
16551.8414,8.97910000000047,1,2.899968
16559.8615,8.02009999999791,1,3.167232
16567.7931,7.93159999999989,1,2.885632
16576.8749,9.08179999999993,1,2.866176
16584.895,8.02010000000155,1,2.9184
16592.823,7.92799999999988,1,2.888704
16601.839,9.01599999999962,1,2.880512
16609.8437,8.00470000000132,1,2.91328
16617.9075,8.0637999999999,1,2.885632
16626.8309,8.92339999999967,1,2.888704
16634.8359,8.00499999999738,1,2.922496
16642.8455,8.00960000000123,1,2.881536
16651.8593,9.01380000000063,1,2.888704
16659.8776,8.01829999999973,1,2.91328
16667.8107,7.93310000000201,1,2.893824
16676.9133,9.10259999999835,1,2.8672
16684.8258,7.91249999999854,1,2.920448
16692.9464,8.12060000000201,1,2.888704
16701.8788,8.93239999999787,1,2.895872
16709.9071,8.02830000000176,1,2.912256
16717.8298,7.92269999999917,1,2.894848
16726.3643,8.53450000000157,1,2.880512
16733.8356,7.47129999999743,1,2.891776
16742.9615,9.12590000000273,1,2.868224
16751.851,8.8894999999975,1,2.883584
16759.9163,8.06530000000203,1,2.917376
16767.8558,7.93950000000041,1,2.909184
16776.9429,9.08709999999701,1,2.874368
16784.8489,7.90600000000268,1,2.93376
16792.8638,8.01489999999831,1,2.895872
16801.8856,9.02180000000226,1,2.88768
16809.9031,8.01749999999811,1,2.934784
16817.9981,8.09500000000116,1,2.899968
16826.9786,8.98049999999785,1,2.87232
16834.8944,7.91580000000249,1,2.925568
16842.9889,8.09449999999924,1,2.896896
16851.9946,9.00570000000153,1,2.873344
16859.9324,7.9377999999997,1,2.9184
16868.0244,8.09199999999691,1,2.894848
16876.0436,8.01920000000246,1,2.876416
16884.9648,8.92120000000068,1,2.87232
16892.8466,7.8817999999992,1,2.89792
16901.941,9.09439999999813,1,2.884608
16909.9,7.95900000000256,1,2.9184
16917.8817,7.98170000000027,1,2.898944
16926.843,8.96129999999903,1,2.87744
16934.8769,8.03389999999854,1,2.906112
16942.8628,7.98589999999967,1,2.884608
16951.9148,9.05199999999968,1,2.881536
16959.8939,7.97910000000047,1,2.917376
16967.8519,7.95800000000236,1,2.885632
16976.8616,9.0096999999987,1,2.878464
16984.8426,7.98099999999977,1,2.922496
16992.8259,7.98329999999987,1,2.888704
17002.0079,9.1820000000007,1,2.88256
17010.0349,8.02699999999822,1,2.915328
17017.8874,7.85250000000087,1,2.902016
17026.8998,9.01239999999962,1,2.898944
17034.9711,8.07129999999961,1,2.929664
17042.9228,7.95170000000144,1,2.911232
17051.8473,8.92450000000099,1,2.898944
17059.8877,8.04039999999804,1,2.92864
17067.8929,8.0051999999996,1,2.891776
17076.9383,9.0454000000027,1,2.884608
17084.8645,7.92619999999806,1,2.924544
17092.8514,7.98689999999988,1,2.895872
17101.8426,8.99120000000039,1,2.893824
17109.9096,8.0669999999991,1,2.917376
17117.9222,8.01260000000184,1,2.907136
17126.9917,9.06949999999779,1,2.895872
17134.8688,7.87710000000152,1,2.930688
17142.9284,8.0596000000005,1,2.889728
17151.8594,8.93100000000049,1,2.906112
17159.8656,8.00619999999981,1,2.906112
17167.8371,7.97149999999965,1,2.893824
17176.9256,9.08849999999802,1,2.875392
17184.9836,8.0580000000009,1,2.927616
17192.8773,7.89370000000054,1,2.899968
17201.9463,9.06899999999951,1,2.898944
17209.9335,7.98719999999958,1,2.915328
17217.8898,7.95630000000165,1,2.914304
17226.8416,8.95179999999891,1,2.889728
17234.8356,7.99399999999878,1,2.934784
17242.8648,8.02920000000086,1,2.895872
17251.8762,9.01139999999941,1,2.885632
17259.8566,7.98040000000037,1,2.932736
17267.8533,7.99669999999969,1,2.895872
17276.8914,9.03810000000158,1,2.87744
17284.8817,7.9903000000013,1,2.926592
17292.8909,8.00919999999678,1,2.88768
17301.9005,9.00960000000123,1,2.894848
17309.8766,7.97609999999986,1,2.926592
17317.843,7.96640000000116,1,2.889728
17326.8396,8.99659999999858,1,2.883584
17334.9773,8.13769999999931,1,2.920448
17342.9786,8.0012999999999,1,2.895872
17351.8918,8.91320000000269,1,2.886656
17359.8084,7.91660000000047,1,2.919424
17367.8822,8.0737999999983,1,2.898944
17376.9405,9.0583000000006,1,2.879488
17384.9521,8.011599999998,1,2.922496
17392.8639,7.91180000000168,1,2.910208
17401.9148,9.05089999999836,1,2.891776
17409.9212,8.00640000000203,1,2.927616
17417.8437,7.92250000000058,1,2.905088
17426.8549,9.01119999999719,1,2.873344
17434.834,7.97910000000047,1,2.935808
17442.9039,8.06990000000224,1,2.885632
17451.8359,8.93199999999706,1,2.8928
17459.8703,8.03440000000046,1,2.921472
17467.8471,7.97680000000037,1,2.883584
17476.8998,9.05270000000019,1,2.884608
17484.9459,8.04609999999957,1,2.930688
17492.8575,7.91159999999945,1,2.906112
17501.9518,9.09430000000066,1,2.889728
17509.9444,7.9926000000014,1,2.927616
17517.944,7.99959999999919,1,2.90304
17526.9345,8.99049999999988,1,2.886656
17534.8562,7.92169999999896,1,2.929664
17542.865,8.00880000000325,1,2.895872
17551.8999,9.03489999999874,1,2.87744
17559.8576,7.95769999999902,1,2.925568
17567.9372,8.07960000000094,1,2.885632
17576.904,8.96679999999833,1,2.894848
17584.9996,8.09560000000056,1,2.93376
17592.9181,7.91849999999977,1,2.910208
17601.8815,8.96340000000055,1,2.889728
17609.9308,8.04929999999877,1,2.920448
17617.9118,7.98100000000341,1,2.907136
17626.9031,8.99129999999786,1,2.885632
17634.9494,8.04630000000179,1,2.922496
17642.9746,8.02520000000004,1,2.889728
17651.9264,8.95179999999891,1,2.895872
17659.8716,7.94519999999829,1,2.930688
17667.8325,7.96090000000186,1,2.895872
17676.8826,9.05010000000038,1,2.895872
17684.8591,7.97650000000067,1,2.921472
17692.8505,7.99139999999898,1,2.884608
17701.8371,8.98660000000018,1,2.884608
17709.9545,8.11739999999918,1,2.925568
17717.891,7.9364999999998,1,2.906112
17726.3669,8.47590000000127,1,2.893824
17733.9482,7.58129999999801,1,2.884608
17742.914,8.96580000000176,1,2.87232
17751.9,8.98600000000079,1,2.888704
17759.952,8.05199999999968,1,2.932736
17767.8755,7.92349999999715,1,2.894848
17777.0062,9.13070000000153,1,2.879488
17784.9826,7.97639999999956,1,2.946048
17792.8541,7.87150000000111,1,2.907136
17801.9167,9.06260000000111,1,2.88768
17809.9082,7.99150000000009,1,2.925568
17817.8782,7.96999999999753,1,2.891776
17826.8798,9.0015999999996,1,2.881536
17834.9307,8.050900000002,1,2.936832
17842.9115,7.98079999999754,1,2.8928
17851.934,9.02250000000276,1,2.893824
17859.9446,8.01059999999779,1,2.92864
17867.8858,7.94120000000112,1,2.906112
17876.8856,8.99980000000141,1,2.885632
17884.9276,8.04199999999764,1,2.925568
17892.8625,7.9349000000002,1,2.900992
17901.9914,9.1288999999997,1,2.884608
17909.9173,7.925900000002,1,2.92352
17917.9074,7.99009999999907,1,2.90816
17926.9672,9.05979999999909,1,2.886656
17934.8962,7.92900000000009,1,2.920448
17942.9448,8.0486000000019,1,2.896896
17951.8633,8.91849999999977,1,2.8928
17959.9557,8.09239999999772,1,2.935808
17967.9386,7.9829000000027,1,2.896896
17976.9147,8.97609999999986,1,2.890752
17984.8888,7.97409999999945,1,2.9184
17992.9038,8.01499999999942,1,2.889728
18001.8664,8.96259999999893,1,2.890752
18010.0028,8.13639999999941,1,2.9184
18017.8842,7.88140000000203,1,2.919424
18026.9597,9.07549999999901,1,2.88256
18034.9756,8.01590000000215,1,2.926592
18042.9413,7.96569999999701,1,2.906112
18051.8934,8.95210000000225,1,2.894848
18059.8948,8.00139999999737,1,2.924544
18067.8912,7.99639999999999,1,2.894848
18076.9511,9.0599000000002,1,2.874368
18084.9148,7.96370000000024,1,2.929664
18092.9343,8.01950000000215,1,2.900992
18101.9553,9.02100000000064,1,2.907136
18109.8974,7.94210000000021,1,2.92352
18117.9545,8.05709999999817,1,2.896896
18126.8952,8.9406999999992,1,3.120128
18134.9676,8.07240000000093,1,2.92352
18142.9007,7.93309999999838,1,2.914304
18151.8953,8.99460000000181,1,2.889728
18159.9129,8.01759999999922,1,2.925568
18167.8684,7.95550000000003,1,2.90304
18176.8925,9.02410000000236,1,2.889728
18184.9562,8.06369999999879,1,2.931712
18192.9755,8.01929999999993,1,2.899968
18202.0173,9.04179999999906,1,2.898944
18209.9684,7.95110000000204,1,2.925568
18217.938,7.96959999999672,1,2.8928
18226.8738,8.93580000000293,1,2.886656
18234.9827,8.10889999999927,1,2.930688
18242.9111,7.92840000000069,1,2.9184
18251.9135,9.00239999999758,1,2.87744
18259.8882,7.97470000000249,1,2.926592
18267.8759,7.98769999999786,1,2.896896
18276.9073,9.03139999999985,1,2.891776
18284.8779,7.97060000000056,1,2.926592
18292.8587,7.98080000000118,1,2.896896
18301.9494,9.09070000000065,1,2.894848
18310.0103,8.0609000000004,1,2.915328
18317.9122,7.90189999999711,1,2.906112
18326.9013,8.98910000000251,1,2.886656
18334.8891,7.98779999999897,1,2.922496
18342.9302,8.04109999999855,1,2.888704
18351.911,8.98080000000118,1,2.886656
18359.9181,8.0070999999989,1,2.930688
18367.8783,7.96020000000135,1,2.902016
18376.9152,9.03689999999915,1,2.895872
18384.9152,8,1,2.934784
18392.8948,7.97959999999875,1,2.89792
18401.8809,8.9861000000019,1,2.881536
18410.0205,8.13959999999861,1,2.917376
18417.9253,7.90480000000025,1,2.912256
18426.9291,9.00380000000223,1,2.883584
18434.8776,7.9484999999986,1,2.937856
18442.9271,8.04950000000099,1,2.89792
18451.9235,8.99639999999999,1,2.885632
18459.9215,7.99799999999959,1,2.92352
18467.8568,7.93530000000101,1,2.902016
18476.9794,9.12259999999878,1,2.880512
18485.2621,8.28269999999975,1,2.936832
18492.9335,7.67139999999927,1,2.92352
18501.964,9.03050000000076,1,2.888704
18509.9431,7.97910000000047,1,2.930688
18518.0523,8.10919999999896,1,2.91328
18525.8992,7.84690000000046,1,2.881536
18534.9069,9.00770000000193,1,2.876416
18542.8933,7.98639999999796,1,2.899968
18551.8941,9.00080000000162,1,2.8928
18559.856,7.96189999999842,1,2.92864
18567.914,8.0580000000009,1,2.888704
18576.9016,8.98760000000038,1,2.884608
18584.9075,8.00590000000011,1,2.930688
18592.8739,7.96639999999752,1,2.905088
18601.9005,9.02660000000105,1,2.8928
18609.9431,8.04260000000068,1,2.920448
18617.8847,7.94159999999829,1,2.921472
18626.8579,8.97320000000036,1,2.884608
18634.9158,8.05789999999979,1,2.916352
18642.8973,7.98150000000169,1,2.895872
18651.9278,9.03050000000076,1,2.898944
18659.9253,7.99749999999767,1,2.927616
18667.86,7.93470000000161,1,2.896896
18677.0944,9.23440000000119,1,2.89792
18684.9242,7.82979999999952,1,2.925568
18692.9198,7.99559999999838,1,2.900992
18701.8646,8.94480000000112,1,2.889728
18709.9117,8.04709999999977,1,2.91328
18717.8849,7.97320000000036,1,2.91328
18726.453,8.56810000000041,1,2.889728
18733.9147,7.46169999999984,1,2.883584
18742.9718,9.05709999999817,1,2.860032
18751.8954,8.9236000000019,1,2.89792
18759.9452,8.04979999999705,1,2.926592
18767.8947,7.94950000000244,1,2.909184
18777.0034,9.10870000000068,1,2.889728
18784.9047,7.90129999999772,1,2.92352
18792.9658,8.06110000000263,1,2.89792
18801.9015,8.93569999999818,1,2.902016
18810.0143,8.11279999999897,1,2.926592
18817.9461,7.93180000000211,1,2.917376
18826.8815,8.93539999999848,1,2.888704
18834.9399,8.05840000000171,1,2.932736
18842.9162,7.97629999999845,1,2.888704
18851.8598,8.9435999999987,1,2.886656
18859.9214,8.06160000000091,1,2.934784
18867.8908,7.96940000000177,1,2.894848
18876.9199,9.02909999999974,1,2.894848
18884.9138,7.99389999999767,1,2.935808
18892.8751,7.96130000000267,1,2.900992
18901.9525,9.07739999999831,1,2.893824
18909.9496,7.9971000000005,1,2.92864
18917.9108,7.96120000000155,1,2.894848
18926.8689,8.95809999999983,1,2.894848
18934.8736,8.00469999999768,1,2.930688
18942.8995,8.02590000000055,1,2.899968
18951.9069,9.00740000000224,1,2.891776
18959.8949,7.98799999999756,1,2.924544
18967.9409,8.0460000000021,1,2.874368
18976.9783,9.03739999999743,1,2.891776
18984.9269,7.94859999999971,1,2.940928
18992.9311,8.00420000000304,1,2.902016
19001.9957,9.06459999999788,1,2.878464
19009.9411,7.94540000000052,1,2.926592
19017.8977,7.95660000000134,1,2.904064
19026.9771,9.07939999999871,1,2.899968
19034.9976,8.02049999999872,1,2.930688
19042.9749,7.97730000000229,1,2.921472
19051.8867,8.91179999999804,1,2.881536
19059.9198,8.03310000000056,1,2.931712
19067.8681,7.94830000000002,1,2.896896
19076.9941,9.1260000000002,1,2.900992
19084.922,7.92789999999877,1,2.92864
19092.8949,7.97290000000066,1,2.890752
19101.8668,8.97190000000046,1,2.896896
19109.9718,8.10499999999956,1,2.91328
19117.9017,7.92989999999918,1,2.914304
19126.8923,8.990600000001,1,2.890752
19134.9302,8.03789999999935,1,2.924544
19142.9554,8.02520000000004,1,2.907136
19151.9856,9.03020000000106,1,2.8928
19159.8851,7.89949999999953,1,2.921472
19167.9002,8.01510000000053,1,2.896896
19176.9191,9.01889999999912,1,2.902016
19185.0074,8.08829999999944,1,2.931712
19192.9076,7.90020000000004,1,2.900992
19201.9,8.99240000000282,1,2.889728
19209.9706,8.0705999999991,1,2.929664
19217.8979,7.92729999999938,1,2.911232
19226.8784,8.98050000000148,1,2.895872
19234.9119,8.03349999999773,1,2.926592
19242.9328,8.02089999999953,1,2.89792
19251.9499,9.01710000000094,1,2.888704
19259.8989,7.94900000000052,1,2.935808
19267.9959,8.09700000000157,1,2.869248
19276.9797,8.98379999999815,1,2.876416
19284.904,7.92429999999877,1,2.929664
19293.1156,8.21160000000236,1,2.904064
19300.8481,7.73249999999825,1,2.875392
19309.9366,9.08850000000166,1,2.860032
19317.8885,7.95190000000002,1,2.91328
19326.8911,9.0025999999998,1,2.888704
19334.8586,7.96749999999884,1,2.917376
19342.9534,8.09479999999894,1,2.88256
19351.8733,8.91990000000078,1,2.890752
19359.9561,8.08280000000013,1,2.920448
19367.8807,7.9246000000021,1,2.90304
19376.9429,9.06219999999666,1,2.896896
19384.8763,7.93340000000171,1,2.942976
19392.8877,8.01139999999941,1,2.889728
19401.8962,9.00849999999991,1,2.893824
19409.9766,8.08040000000256,1,2.937856
19417.8972,7.92059999999765,1,2.940928
19426.9295,9.03229999999894,1,2.930688
19434.9997,8.07020000000193,1,2.952192
19442.9199,7.92020000000048,1,2.934784
19451.8458,8.92589999999836,1,2.920448
19459.895,8.04920000000129,1,2.94912
19467.8355,7.94050000000061,1,2.917376
19476.9002,9.06469999999899,1,2.927616
19484.9095,8.00930000000153,1,2.962432
19492.8969,7.98739999999816,1,2.936832
19501.9221,9.02520000000004,1,2.925568
19509.9541,8.03199999999924,1,2.940928
19517.9499,7.9958000000006,1,2.945024
19526.9317,8.98180000000139,1,2.925568
19534.9169,7.98519999999917,1,2.95424
19542.9113,7.99439999999959,1,2.929664
19551.91,8.9987000000001,1,2.937856
19559.872,7.96199999999953,1,2.968576
19567.8834,8.01139999999941,1,2.92352
19576.9109,9.02750000000015,1,2.907136
19584.9914,8.08050000000003,1,2.955264
19592.8916,7.90020000000004,1,2.934784
19601.9095,9.01790000000256,1,2.924544
19610.1662,8.25669999999809,1,2.947072
19617.896,7.72980000000098,1,2.951168
19626.8521,8.95609999999942,1,2.932736
19634.8896,8.03749999999854,1,2.952192
19642.9422,8.05260000000271,1,2.914304
19651.9107,8.96849999999904,1,2.93376
19659.9124,8.00170000000071,1,2.955264
19667.8698,7.95739999999932,1,2.930688
19676.9291,9.0593000000008,1,2.931712
19684.8864,7.95729999999821,1,2.962432
19692.9364,8.04999999999927,1,2.916352
19701.8799,8.94350000000122,1,2.935808
19709.9657,8.08580000000075,1,2.951168
19717.8859,7.92020000000048,1,2.937856
19726.3975,8.511599999998,1,2.92352
19733.888,7.49049999999988,1,2.93376
19743.0071,9.11909999999989,1,2.90304
19750.9042,7.89710000000196,1,2.92352
19759.9335,9.02929999999833,1,2.920448
19767.994,8.06049999999959,1,2.936832
19776.9547,8.96069999999963,1,2.935808
19785.0918,8.13709999999992,1,2.965504
19792.9116,7.8198000000011