loaded count=804758 degree=3 decode_ms=361.2667 first_frame_ms=411.9504
pose 0.203799337148666 0.216009259223938 4.36529937466973 0.203799337148666 0.216009259223938 -0.085798978805542
interaction duration_ms=20000.9948 accepted_presents=2401 render_calls=2401 fps=120.044029009997
time_ms,interval_ms,accepted,gpu_diagnostic_ms
1.3732,1.3732,1,2.284544
9.0108,7.6376,1,2.279424
17.9874,8.9766,1,2.285568
27.1686,9.1812,1,2.286592
35.0178,7.8492,1,2.285568
43.0599,8.0421,1,2.286592
50.9885,7.9286,1,2.279424
59.9338,8.9453,1,2.28352
67.9709,8.0371,1,2.286592
77.064,9.09309999999999,1,2.286592
85.0169,7.95290000000001,1,2.28864
93.0536,8.0367,1,2.280448
101.0013,7.9477,1,2.28864
110.0433,9.042,1,2.328576
117.9811,7.9378,1,2.328576
126.9576,8.9765,1,2.326528
134.9718,8.0142,1,2.328576
143.0983,8.12649999999999,1,2.326528
150.992,7.8937,1,2.327552
160.0545,9.0625,1,2.325504
167.9641,7.90960000000001,1,2.320384
177.0928,9.12870000000001,1,2.327552
184.9787,7.88589999999999,1,2.326528
193.0012,8.02250000000001,1,2.332672
200.9646,7.96339999999998,1,2.325504
210.0882,9.12360000000001,1,2.323456
218.1699,8.08170000000001,1,2.31936
226.0159,7.84599999999998,1,2.326528
235.0154,8.99950000000001,1,2.325504
243.0027,7.9873,1,2.32448
251.0047,8.00200000000001,1,2.3296
259.9923,8.98759999999999,1,2.325504
268.0122,8.01990000000001,1,2.3296
276.0107,7.99849999999998,1,2.32448
284.9972,8.98650000000004,1,2.3296
292.9654,7.96819999999997,1,2.327552
301.9894,9.024,1,2.32448
310.0546,8.0652,1,2.328576
318.0056,7.95100000000002,1,2.320384
325.4702,7.46459999999996,1,2.32448
334.5273,9.05710000000005,1,2.3296
343.0577,8.53039999999999,1,2.323456
351.0179,7.96019999999999,1,2.318336
360.0813,9.0634,1,2.327552
368.0549,7.97359999999998,1,2.325504
376.0899,8.03500000000003,1,2.326528
385.0319,8.94200000000001,1,2.327552
392.9756,7.94369999999998,1,2.321408
401.9894,9.0138,1,2.326528
410.0448,8.05540000000002,1,2.326528
417.9945,7.94970000000001,1,2.327552
427.0565,9.06200000000001,1,2.328576
434.9978,7.94129999999996,1,2.323456
443.0503,8.05250000000001,1,2.325504
451.0027,7.95240000000001,1,2.323456
460.0519,9.04919999999998,1,2.323456
468.0316,7.97970000000004,1,2.32448
476.0684,8.03679999999997,1,2.325504
484.9945,8.92610000000002,1,2.330624
493.1362,8.14169999999996,1,2.327552
501.0119,7.87570000000005,1,2.326528
510.0779,9.06599999999997,1,2.326528
518.0689,7.99099999999999,1,2.322432
526.0137,7.94479999999999,1,2.321408
535.0518,9.03809999999999,1,2.328576
543.0227,7.97090000000003,1,2.32448
551.0428,8.02010000000007,1,2.326528
560.0071,8.96429999999998,1,2.325504
568.0311,8.024,1,2.32448
576.0542,8.0231,1,2.32448
585.0241,8.96989999999994,1,2.3296
593.0135,7.98940000000005,1,2.322432
601.0649,8.05139999999994,1,2.327552
610.114,9.04910000000007,1,2.318336
618.0623,7.94830000000002,1,2.326528
626.028,7.96569999999997,1,2.326528
635.0863,9.05830000000003,1,2.326528
643.0387,7.9523999999999,1,2.316288
651.0841,8.04540000000009,1,2.327552
660.1907,9.10659999999996,1,2.32448
668.0368,7.84609999999998,1,2.32448
676.1244,8.08760000000007,1,2.32448
685.0993,8.97489999999993,1,2.328576
693.0049,7.90560000000005,1,2.32448
701.039,8.03409999999997,1,2.325504
710.0751,9.03610000000003,1,2.32448
718.0254,7.95029999999997,1,2.325504
726.0311,8.00570000000005,1,2.32448
735.0169,8.98579999999993,1,2.32448
743.0611,8.04420000000005,1,2.32448
751.0021,7.94100000000003,1,2.32448
760.1225,9.1203999999999,1,2.32448
767.9998,7.8773000000001,1,2.326528
776.0935,8.0936999999999,1,2.325504
785.0575,8.96400000000006,1,2.321408
792.9995,7.94200000000001,1,2.325504
801.9559,8.95640000000003,1,2.323456
810.0495,8.09359999999992,1,2.326528
818.1536,8.10410000000002,1,2.32448
826.0328,7.87919999999997,1,2.325504
835.061,9.02820000000008,1,2.32448
843.0508,7.98979999999995,1,2.327552
851.0108,7.96000000000004,1,2.32448
859.9982,8.98739999999998,1,2.325504
868.0525,8.05430000000001,1,2.326528
876.0355,7.98299999999995,1,2.328576
885.0389,9.00340000000006,1,2.325504
892.9893,7.95039999999995,1,2.326528
902.0008,9.01150000000007,1,2.328576
910.0992,8.09839999999997,1,2.32448
918.0163,7.9171,1,2.327552
925.9966,7.98029999999994,1,2.327552
935.0544,9.05780000000004,1,2.325504
943.0291,7.97469999999998,1,2.327552
951.0076,7.97850000000005,1,2.322432
960.0362,9.02859999999998,1,2.32448
968.0142,7.97799999999995,1,2.327552
976.1324,8.1182,1,2.325504
985.0728,8.94040000000007,1,2.327552
993.1813,8.10849999999994,1,2.32448
1001.0327,7.85140000000001,1,2.325504
1010.0126,8.97990000000004,1,2.331648
1018.0311,8.01850000000002,1,2.326528
1026.0182,7.98709999999994,1,2.327552
1035.0403,9.02209999999991,1,2.322432
1043.0906,8.05030000000011,1,2.3296
1051.0445,7.95389999999998,1,2.325504
1060.06,9.01549999999997,1,2.325504
1067.9952,7.93520000000012,1,2.328576
1077.0563,9.0610999999999,1,2.327552
1084.994,7.93769999999995,1,2.331648
1093.0418,8.04780000000005,1,2.326528
1101.0255,7.9837,1,2.3296
1110.0604,9.03490000000011,1,2.3296
1118.0066,7.94619999999986,1,2.335744
1126.0096,8.00300000000016,1,2.333696
1135.0158,9.00619999999981,1,2.33472
1143.0695,8.05370000000016,1,2.342912
1151.0067,7.93719999999985,1,2.335744
1160.1086,9.10190000000011,1,2.330624
1168.0358,7.92720000000008,1,2.338816
1176.0297,7.99389999999994,1,2.336768
1185.1344,9.10469999999987,1,2.332672
1193.1242,7.98980000000006,1,2.327552
1201.1489,8.02469999999994,1,2.33472
1210.0711,8.92219999999998,1,2.333696
1218.0748,8.00370000000021,1,2.331648
1226.0093,7.93449999999984,1,2.33472
1235.0125,9.00320000000011,1,2.338816
1243.0212,8.00869999999986,1,2.333696
1251.0207,7.99950000000013,1,2.332672
1259.9987,8.97800000000007,1,2.335744
1268.0576,8.05889999999999,1,2.333696
1276.039,7.98139999999989,1,2.335744
1285.0828,9.04379999999992,1,2.335744
1292.9955,7.91270000000009,1,2.332672
1302.0112,9.01569999999992,1,2.335744
1310.0194,8.00819999999999,1,2.331648
1318.0707,8.05130000000008,1,2.336768
1325.5218,7.4511,1,2.336768
1334.7231,9.20129999999995,1,2.33472
1343.2261,8.50300000000016,1,2.341888
1351.1078,7.88169999999991,1,2.333696
1360.0847,8.97690000000011,1,2.33472
1368.0446,7.95989999999983,1,2.337792
1376.2253,8.18070000000012,1,2.333696
1385.0851,8.85979999999995,1,2.337792
1393.0498,7.96469999999999,1,2.327552
1401.0738,8.02399999999989,1,2.338816
1410.109,9.03520000000003,1,2.335744
1418.1433,8.03430000000003,1,2.333696
1426.0582,7.91489999999999,1,2.331648
1434.9988,8.94060000000013,1,2.333696
1443.1381,8.13929999999982,1,2.33472
1451.0369,7.89880000000016,1,2.335744
1460.0799,9.04299999999989,1,2.33472
1468.0498,7.96990000000005,1,2.333696
1476.0982,8.0483999999999,1,2.337792
1485.2675,9.16930000000002,1,2.333696
1493.0672,7.79970000000003,1,2.331648
1501.1715,8.10429999999997,1,2.335744
1510.079,8.90750000000003,1,2.336768
1518.0546,7.97559999999999,1,2.33472
1526.058,8.00340000000006,1,2.33472
1535.0316,8.97360000000003,1,2.337792
1543.0605,8.02890000000002,1,2.331648
1551.0902,8.02970000000005,1,2.335744
1560.0455,8.95529999999985,1,2.335744
1568.1215,8.07600000000002,1,2.333696
1576.0626,7.94110000000001,1,2.333696
1585.1427,9.08010000000013,1,2.340864
1593.0473,7.90459999999985,1,2.337792
1601.1062,8.05889999999999,1,2.331648
1610.0701,8.96389999999997,1,2.328576
1618.1691,8.09900000000016,1,2.332672
1626.1435,7.97439999999983,1,2.3296
1635.1446,9.00110000000018,1,2.343936
1643.1355,7.99090000000001,1,2.32448
1651.0819,7.94639999999981,1,2.331648
1660.4021,9.32020000000011,1,2.331648
1668.0939,7.69180000000006,1,2.325504
1676.1135,8.01959999999985,1,2.336768
1685.0298,8.91630000000009,1,2.331648
1693.0433,8.01350000000002,1,2.33472
1701.0309,7.98759999999993,1,2.330624
1710.1212,9.09030000000007,1,2.335744
1718.0616,7.94039999999995,1,2.336768
1726.0843,8.02269999999999,1,2.33472
1735.0611,8.97679999999991,1,2.33472
1743.0759,8.01480000000015,1,2.332672
1751.0593,7.98339999999985,1,2.332672
1760.0366,8.97730000000001,1,2.33472
1768.0157,7.97910000000002,1,2.337792
1776.1591,8.14340000000016,1,2.333696
1785.07,8.91089999999986,1,2.3296
1793.0873,8.01729999999998,1,2.330624
1801.022,7.93470000000002,1,2.335744
1810.0886,9.06660000000011,1,2.335744
1818.1497,8.0610999999999,1,2.336768
1826.0738,7.92409999999995,1,2.33472
1835.1523,9.07850000000008,1,2.33472
1843.0897,7.93740000000003,1,2.335744
1851.0415,7.95180000000005,1,2.336768
1860.065,9.02350000000001,1,2.33472
1868.048,7.98299999999995,1,2.337792
1876.1149,8.06690000000003,1,2.335744
1885.0678,8.9529,1,2.337792
1893.0291,7.96129999999994,1,2.332672
1901.0728,8.04369999999994,1,2.338816
1910.0832,9.01040000000012,1,2.335744
1918.0892,8.00599999999986,1,2.333696
1926.0377,7.94850000000019,1,2.337792
1935.0303,8.99259999999981,1,2.336768
1943.1005,8.07020000000011,1,2.33472
1951.0654,7.96489999999994,1,2.331648
1960.0609,8.99549999999999,1,2.336768
1968.0557,7.99479999999994,1,2.337792
1976.0438,7.98810000000003,1,2.335744
1985.0959,9.05210000000011,1,2.338816
1993.0237,7.92779999999993,1,2.333696
2001.1643,8.14059999999995,1,2.326528
2010.1615,8.99720000000002,1,2.335744
2018.0418,7.88030000000003,1,2.333696
2026.1511,8.10930000000008,1,2.333696
2035.0733,8.92219999999998,1,2.333696
2043.1351,8.06179999999995,1,2.33472
2051.0343,7.89919999999984,1,2.3296
2059.9965,8.96220000000039,1,2.336768
2068.0672,8.07069999999976,1,2.3296
2076.1096,8.04239999999982,1,2.336768
2085.0833,8.97370000000001,1,2.333696
2093.0743,7.99100000000044,1,2.337792
2101.0545,7.98019999999997,1,2.33472
2110.1357,9.08119999999963,1,2.335744
2118.0433,7.9076,1,2.337792
2126.1072,8.0639000000001,1,2.33472
2135.0389,8.93170000000009,1,2.340864
2143.1048,8.06590000000006,1,2.34496
2151.0617,7.95690000000013,1,2.338816
2160.1557,9.0939999999996,1,2.336768
2168.1425,7.98680000000013,1,2.335744
2176.0598,7.91730000000007,1,2.336768
2185.143,9.08320000000003,1,2.338816
2193.0984,7.95539999999983,1,2.33472
2201.0676,7.9692,1,2.33472
2210.0824,9.01479999999992,1,2.335744
2218.1559,8.07350000000042,1,2.333696
2226.0445,7.88859999999977,1,2.337792
2235.0902,9.04570000000012,1,2.333696
2243.0829,7.99269999999979,1,2.332672
2251.084,8.00109999999995,1,2.335744
2260.0218,8.93780000000015,1,2.33472
2268.0771,8.05529999999999,1,2.335744
2276.0612,7.98410000000013,1,2.335744
2285.0824,9.02119999999968,1,2.336768
2293.0364,7.95400000000018,1,2.335744
2301.0909,8.05450000000019,1,2.335744
2310.1429,9.05199999999968,1,2.333696
2318.085,7.94210000000021,1,2.336768
2325.7133,7.62829999999985,1,2.338816
2334.6728,8.95949999999993,1,2.337792
2342.1201,7.44730000000027,1,2.335744
2351.093,8.97289999999975,1,2.33984
2360.0604,8.9674,1,2.338816
2368.0464,7.98600000000033,1,2.336768
2376.1373,8.09089999999969,1,2.332672
2385.056,8.91870000000017,1,2.337792
2393.1517,8.09569999999985,1,2.332672
2401.0786,7.92689999999993,1,2.338816
2410.153,9.07439999999997,1,2.332672
2418.0516,7.89859999999999,1,2.332672
2426.0568,8.00520000000006,1,2.33472
2435.2449,9.1881000000003,1,2.333696
2443.1518,7.90689999999995,1,2.328576
2451.1185,7.96669999999995,1,2.330624
2460.0736,8.95510000000013,1,2.332672
2468.0497,7.97609999999986,1,2.326528
2476.0888,8.03909999999996,1,2.328576
2485.1251,9.03630000000021,1,2.33472
2493.1063,7.98119999999972,1,2.330624
2501.0726,7.96630000000005,1,2.33472
2510.1263,9.05369999999994,1,2.335744
2518.0984,7.97209999999995,1,2.336768
2526.0539,7.95550000000003,1,2.331648
2535.085,9.03110000000015,1,2.333696
2543.0898,8.00480000000016,1,2.331648
2551.1167,8.02689999999984,1,2.33472
2560.0547,8.9380000000001,1,2.33472
2568.0653,8.01060000000007,1,2.333696
2576.0764,8.01109999999971,1,2.33472
2585.0753,8.99890000000005,1,2.335744
2593.0918,8.01650000000018,1,2.332672
2601.0702,7.97839999999997,1,2.333696
2610.0818,9.01159999999982,1,2.332672
2618.1341,8.05230000000029,1,2.337792
2626.1641,8.02999999999975,1,2.33472
2635.1438,8.97969999999987,1,2.335744
2643.1461,8.0023000000001,1,2.33472
2651.0589,7.91280000000006,1,2.33472
2660.072,9.01310000000012,1,2.33472
2668.0948,8.02279999999973,1,2.336768
2676.0848,7.99000000000024,1,2.336768
2685.0556,8.97080000000005,1,2.33472
2693.139,8.08339999999998,1,2.336768
2701.0574,7.91840000000002,1,2.333696
2710.1251,9.06770000000006,1,2.338816
2718.1079,7.98279999999977,1,2.338816
2726.0807,7.97280000000001,1,2.342912
2735.0636,8.98289999999997,1,2.34496
2743.1523,8.08870000000024,1,2.340864
2751.0663,7.91399999999976,1,2.341888
2760.0746,9.00829999999996,1,2.338816
2768.0595,7.98489999999993,1,2.341888
2776.1924,8.13290000000006,1,2.342912
2785.0788,8.88639999999987,1,2.33984
2793.09,8.01120000000037,1,2.33984
2801.0545,7.96450000000004,1,2.340864
2810.1314,9.07690000000002,1,2.340864
2818.123,7.99159999999983,1,2.343936
2826.0622,7.9391999999998,1,2.34496
2835.2903,9.22810000000027,1,2.33984
2843.1514,7.86110000000008,1,2.337792
2851.0773,7.92589999999973,1,2.342912
2860.0465,8.9692,1,2.33984
2868.0581,8.01160000000027,1,2.341888
2876.11,8.05189999999993,1,2.337792
2885.1176,9.00759999999991,1,2.338816
2893.0658,7.94819999999982,1,2.340864
2901.0753,8.00950000000012,1,2.342912
2910.1007,9.02539999999999,1,2.341888
2918.0639,7.96320000000014,1,2.33984
2926.0435,7.97960000000012,1,2.338816
2935.0673,9.02379999999994,1,2.33984
2943.0873,8.01999999999998,1,2.342912
2951.1461,8.05879999999979,1,2.342912
2960.0994,8.95330000000013,1,2.338816
2968.1012,8.0018,1,2.340864
2976.1797,8.07850000000008,1,2.33472
2985.0498,8.87009999999964,1,2.342912
2993.3063,8.25650000000041,1,2.342912
3001.0734,7.76710000000003,1,2.349056
3010.1897,9.11629999999968,1,2.340864
3018.1372,7.94750000000022,1,2.343936
3026.134,7.99679999999989,1,2.338816
3035.1101,8.97609999999986,1,2.338816
3043.1869,8.07680000000028,1,2.345984
3051.1006,7.91370000000006,1,2.343936
3060.0818,8.98119999999972,1,2.342912
3068.0473,7.96550000000025,1,2.340864
3076.1058,8.05849999999964,1,2.340864
3085.0499,8.94410000000016,1,2.345984
3093.0875,8.03760000000011,1,2.335744
3101.046,7.95849999999973,1,2.340864
3110.1669,9.12090000000035,1,2.335744
3118.0615,7.89459999999963,1,2.341888
3126.0722,8.01070000000027,1,2.336768
3135.0552,8.98299999999972,1,2.343936
3143.1481,8.0929000000001,1,2.340864
3151.0574,7.90930000000026,1,2.343936
3160.0805,9.02309999999989,1,2.33984
3168.231,8.15050000000019,1,2.349056
3176.117,7.88599999999997,1,2.340864
3185.0941,8.97709999999961,1,2.342912
3193.0524,7.95830000000024,1,2.341888
3201.0893,8.03690000000006,1,2.33984
3210.0832,8.99389999999994,1,2.342912
3218.3606,8.27739999999994,1,2.335744
3226.1147,7.75410000000011,1,2.342912
3235.1142,8.9994999999999,1,2.33472
3243.0892,7.97499999999991,1,2.338816
3251.0768,7.98759999999993,1,2.341888
3260.1164,9.03960000000006,1,2.335744
3268.0436,7.92720000000008,1,2.343936
3276.2068,8.16319999999996,1,2.336768
3285.1244,8.91760000000022,1,2.340864
3293.0247,7.90029999999979,1,2.34496
3301.0595,8.0347999999999,1,2.341888
3310.1033,9.04380000000037,1,2.333696
3318.0529,7.94959999999992,1,2.338816
3325.5854,7.5324999999998,1,2.33984
3334.082,8.49659999999994,1,2.343936
3343.1942,9.11220000000003,1,2.340864
3351.0837,7.88950000000023,1,2.342912
3360.0974,9.01369999999997,1,2.343936
3368.0714,7.97399999999971,1,2.337792
3376.1481,8.07670000000007,1,2.338816
3385.0766,8.92849999999999,1,2.340864
3393.1422,8.0655999999999,1,2.338816
3401.0929,7.95070000000032,1,2.341888
3410.1602,9.0672999999997,1,2.343936
3418.078,7.91780000000017,1,2.345984
3426.0739,7.99589999999989,1,2.338816
3435.5136,9.43970000000036,1,2.345984
3443.1587,7.64509999999973,1,2.342912
3451.1533,7.99459999999999,1,2.34496
3460.0761,8.92280000000028,1,2.342912
3468.084,8.00789999999961,1,2.340864
3476.1106,8.02660000000014,1,2.336768
3485.1084,8.9978000000001,1,2.341888
3493.0727,7.96430000000009,1,2.340864
3501.1301,8.05739999999969,1,2.336768
3510.151,9.02089999999998,1,2.342912
3518.1227,7.97170000000006,1,2.345984
3526.0758,7.95310000000018,1,2.340864
3535.0989,9.02309999999989,1,2.343936
3543.1028,8.00390000000016,1,2.335744
3551.12,8.01719999999978,1,2.342912
3560.0664,8.94640000000027,1,2.343936
3568.1105,8.04409999999962,1,2.34496
3576.1006,7.99010000000044,1,2.336768
3585.0978,8.99719999999979,1,2.337792
3593.0896,7.99179999999978,1,2.341888
3601.0787,7.98910000000024,1,2.342912
3610.1813,9.10260000000017,1,2.337792
3618.1258,7.94449999999961,1,2.345984
3626.1801,8.05430000000024,1,2.342912
3635.1915,9.01139999999987,1,2.343936
3643.2043,8.01279999999997,1,2.341888
3651.2032,7.99890000000005,1,2.343936
3660.2783,9.07510000000002,1,2.33984
3668.132,7.85370000000012,1,2.335744
3676.2036,8.07159999999976,1,2.342912
3685.0885,8.88490000000002,1,2.341888
3693.1132,8.02469999999994,1,2.343936
3701.0788,7.96559999999999,1,2.341888
3710.1669,9.0881000000004,1,2.338816
3718.2375,8.07060000000001,1,2.342912
3726.1568,7.91930000000002,1,2.341888
3735.1261,8.96929999999975,1,2.34496
3743.1217,7.99560000000019,1,2.34496
3751.1023,7.98059999999987,1,2.343936
3760.0832,8.98090000000002,1,2.335744
3768.0508,7.96759999999995,1,2.336768
3776.1077,8.05690000000004,1,2.345984
3785.145,9.03729999999996,1,2.335744
3793.0827,7.93769999999995,1,2.341888
3801.1301,8.04739999999993,1,2.342912
3810.1165,8.98640000000023,1,2.341888
3818.1045,7.98799999999983,1,2.338816
3826.0907,7.98620000000028,1,2.340864
3835.1569,9.06619999999975,1,2.337792
3843.1409,7.98399999999992,1,2.342912
3851.1296,7.98870000000034,1,2.34496
3860.0757,8.94609999999966,1,2.34496
3868.0787,8.00300000000016,1,2.338816
3876.0996,8.02089999999998,1,2.340864
3885.1119,9.01229999999987,1,2.3552
3893.115,8.0030999999999,1,2.342912
3901.1255,8.01050000000032,1,2.345984
3910.1667,9.04120000000012,1,2.349056
3918.087,7.92029999999977,1,2.347008
3926.0607,7.97370000000001,1,2.35008
3935.0963,9.03560000000016,1,2.343936
3943.1212,8.02489999999989,1,2.347008
3951.0959,7.97469999999976,1,2.354176
3960.1043,9.00840000000017,1,2.349056
3968.0973,7.99299999999994,1,2.347008
3976.1641,8.06680000000006,1,2.349056
3985.0814,8.91730000000007,1,2.352128
3993.0904,8.00900000000001,1,2.347008
4001.0657,7.97530000000006,1,2.35008
4010.1849,9.11920000000009,1,2.343936
4018.0828,7.89789999999994,1,2.353152
4026.2599,8.17709999999988,1,2.348032
4035.1288,8.86889999999994,1,2.351104
4043.1441,8.01530000000002,1,2.347008
4051.0892,7.94509999999991,1,2.351104
4060.1682,9.07900000000018,1,2.351104
4068.1911,8.02289999999994,1,2.347008
4076.1331,7.94200000000001,1,2.351104
4085.0676,8.93449999999984,1,2.354176
4093.1024,8.03480000000036,1,2.35008
4101.0881,7.98569999999972,1,2.352128
4110.1209,9.03279999999995,1,2.341888
4118.1328,8.01190000000042,1,2.354176
4126.1053,7.97249999999985,1,2.343936
4135.1189,9.01360000000022,1,2.349056
4143.1177,7.99879999999939,1,2.341888
4151.2447,8.12700000000041,1,2.353152
4160.1305,8.88580000000002,1,2.354176
4168.0895,7.95899999999983,1,2.345984
4176.1517,8.0622000000003,1,2.351104
4185.1241,8.97239999999965,1,2.35008
4193.0777,7.95359999999982,1,2.352128
4201.0948,8.01710000000003,1,2.349056
4210.1272,9.03240000000005,1,2.34496
4218.2547,8.12750000000051,1,2.345984
4226.0818,7.82709999999952,1,2.348032
4235.1787,9.09690000000046,1,2.347008
4243.1315,7.95280000000002,1,2.340864
4251.145,8.01350000000002,1,2.34496
4260.155,9.00999999999931,1,2.341888
4268.072,7.91700000000037,1,2.347008
4276.215,8.14300000000003,1,2.347008
4285.1158,8.90079999999944,1,2.348032
4293.0959,7.98010000000068,1,2.342912
4301.0877,7.99179999999978,1,2.343936
4310.155,9.0672999999997,1,2.342912
4318.0922,7.9372000000003,1,2.35008
4325.6163,7.52409999999963,1,2.347008
4334.092,8.47569999999996,1,2.349056
4343.2247,9.13270000000011,1,2.349056
4351.1216,7.89690000000064,1,2.349056
4360.1386,9.01699999999983,1,2.342912
4368.0941,7.95550000000003,1,2.351104
4376.1717,8.07759999999962,1,2.347008
4385.0986,8.92690000000039,1,2.352128
4393.1305,8.03189999999995,1,2.345984
4401.0913,7.96079999999984,1,2.34496
4410.225,9.13370000000032,1,2.345984
4418.179,7.95399999999972,1,2.349056
4426.1007,7.92169999999987,1,2.352128
4435.0947,8.99399999999969,1,2.343936
4443.1374,8.04269999999997,1,2.35008
4451.1035,7.96610000000055,1,2.348032
4460.1172,9.01369999999952,1,2.348032
4468.1516,8.03440000000046,1,2.351104
4476.1386,7.98700000000008,1,2.343936
4485.1266,8.98799999999937,1,2.3552
4493.0955,7.96890000000076,1,2.338816
4501.1549,8.0594000000001,1,2.348032
4510.1448,8.98989999999958,1,2.349056
4518.122,7.97720000000027,1,2.345984
4526.2833,8.16129999999976,1,2.35008
4535.2412,8.95790000000034,1,2.347008
4543.1392,7.89799999999923,1,2.349056
4551.1273,7.98810000000049,1,2.352128
4560.0944,8.96709999999985,1,2.347008
4568.102,8.00759999999991,1,2.348032
4576.1269,8.02490000000034,1,2.351104
4585.1336,9.00669999999991,1,2.354176
4593.1858,8.05220000000008,1,2.343936
4601.0997,7.91389999999956,1,2.343936
4610.2914,9.19170000000031,1,2.345984
4618.1156,7.82420000000002,1,2.352128
4626.16,8.04439999999977,1,2.349056
4635.1919,9.03189999999995,1,2.354176
4643.162,7.97010000000046,1,2.35008
4651.1085,7.94650000000001,1,2.348032
4660.15,9.04149999999936,1,2.349056
4668.0951,7.94509999999991,1,2.343936
4676.2122,8.11710000000039,1,2.351104
4685.1162,8.90400000000045,1,2.35008
4693.1305,8.01429999999982,1,2.342912
4701.0935,7.96299999999974,1,2.343936
4710.1461,9.05259999999998,1,2.34496
4718.1162,7.97010000000046,1,2.345984
4726.1519,8.03569999999945,1,2.348032
4735.1013,8.94940000000042,1,2.342912
4743.202,8.10069999999996,1,2.347008
4751.1089,7.90689999999995,1,2.352128
4760.1139,9.00500000000011,1,2.35008
4768.2001,8.08619999999974,1,2.341888
4776.1518,7.95169999999962,1,2.351104
4785.2168,9.06500000000051,1,2.345984
4793.1195,7.90269999999964,1,2.353152
4801.162,8.04250000000047,1,2.349056
4810.1359,8.97389999999996,1,2.34496
4818.1015,7.96559999999954,1,2.351104
4826.1309,8.02940000000035,1,2.351104
4835.1488,9.01789999999983,1,2.3552
4843.1611,8.01230000000032,1,2.343936
4851.1566,7.99549999999999,1,2.347008
4860.1065,8.94989999999962,1,2.349056
4868.1146,8.00810000000001,1,2.349056
4876.1628,8.04820000000018,1,2.35008
4885.1324,8.96960000000036,1,2.343936
4893.1244,7.99199999999928,1,2.342912
4901.1914,8.06700000000001,1,2.35008
4910.1543,8.96290000000045,1,2.347008
4918.134,7.97969999999987,1,2.348032
4926.0936,7.95960000000014,1,2.354176
4935.1743,9.08069999999952,1,2.347008
4943.13,7.95570000000043,1,2.34496
4951.1374,8.00739999999951,1,2.343936
4960.1912,9.05380000000059,1,2.348032
4968.1734,7.98219999999947,1,2.351104
4976.2381,8.0646999999999,1,2.34496
4985.1139,8.87580000000071,1,2.351104
4993.0867,7.97279999999955,1,2.343936
5001.0957,8.00900000000001,1,2.349056
5010.1501,9.05439999999999,1,2.347008
5018.1551,8.00500000000011,1,2.342912
5026.2418,8.08669999999984,1,2.35008
5035.1762,8.9344000000001,1,2.34496
5043.1932,8.01699999999983,1,2.34496
5051.1463,7.95310000000063,1,2.35008
5060.1855,9.03919999999925,1,2.347008
5068.1059,7.92039999999997,1,2.348032
5076.1752,8.06930000000011,1,2.347008
5085.1005,8.92529999999988,1,2.343936
5093.148,8.04750000000058,1,2.34496
5101.1042,7.95619999999963,1,2.347008
5110.192,9.08780000000024,1,2.3552
5118.1042,7.91219999999976,1,2.349056
5126.179,8.07480000000032,1,2.3552
5135.0992,8.92019999999957,1,2.35008
5143.194,8.09480000000076,1,2.36544
5151.104,7.90999999999985,1,2.361344
5160.1863,9.08230000000003,1,2.3552
5168.1521,7.96579999999994,1,2.3552
5176.1363,7.98419999999987,1,2.352128
5185.28,9.14369999999963,1,2.356224
5193.1121,7.83210000000054,1,2.3552
5201.1164,8.0042999999996,1,2.3552
5210.1327,9.01630000000023,1,2.351104
5218.171,8.03830000000016,1,2.356224
5226.1342,7.96320000000014,1,2.353152
5235.1169,8.98269999999957,1,2.358272
5243.1509,8.03399999999965,1,2.353152
5251.1617,8.01080000000002,1,2.352128
5260.1117,8.95000000000073,1,2.353152
5268.1139,8.0021999999999,1,2.352128
5276.131,8.01710000000003,1,2.356224
5285.1657,9.03469999999925,1,2.353152
5293.0938,7.92810000000009,1,2.347008
5301.1898,8.09600000000046,1,2.351104
5310.1547,8.96489999999994,1,2.354176
5318.1315,7.97680000000037,1,2.356224
5325.6238,7.49229999999989,1,2.352128
5334.8581,9.23430000000008,1,2.36032
5343.3059,8.44779999999992,1,2.357248
5351.2174,7.91150000000016,1,2.359296
5360.1922,8.97479999999996,1,2.354176
5368.1401,7.94789999999921,1,2.358272
5376.1513,8.01120000000083,1,2.3552
5385.1422,8.99089999999978,1,2.354176
5393.1733,8.03110000000015,1,2.349056
5401.178,8.0046999999995,1,2.35008
5410.2147,9.03670000000056,1,2.356224
5418.1642,7.94949999999972,1,2.35008
5426.1471,7.98289999999997,1,2.353152
5435.145,8.9979000000003,1,2.354176
5443.3028,8.15779999999995,1,2.3552
5451.143,7.84019999999964,1,2.354176
5460.2294,9.08640000000014,1,2.3552
5468.1602,7.93080000000009,1,2.356224
5476.21,8.04979999999978,1,2.359296
5485.1956,8.98559999999998,1,2.353152
5493.1268,7.93119999999999,1,2.352128
5501.151,8.02419999999984,1,2.354176
5510.1736,9.02260000000024,1,2.352128
5518.2532,8.07960000000003,1,2.353152
5526.1731,7.91989999999987,1,2.356224
5535.1811,9.00799999999981,1,2.352128
5543.1741,7.99300000000039,1,2.353152
5551.1459,7.97180000000026,1,2.35008
5560.1179,8.97199999999975,1,2.356224
5568.1959,8.07799999999952,1,2.359296
5576.1567,7.96079999999984,1,2.352128
5585.2028,9.04610000000048,1,2.36032
5593.1544,7.95160000000033,1,2.354176
5601.1359,7.98149999999987,1,2.354176
5610.1569,9.02099999999973,1,2.356224
5618.1289,7.97199999999975,1,2.358272
5626.1801,8.05119999999988,1,2.354176
5635.2495,9.06940000000031,1,2.352128
5643.1944,7.94490000000042,1,2.354176
5651.2053,8.01089999999931,1,2.348032
5660.1484,8.94310000000041,1,2.351104
5668.2889,8.14049999999952,1,2.348032
5676.1939,7.90500000000065,1,2.352128
5685.2947,9.10080000000016,1,2.36032
5693.2778,7.98309999999947,1,2.358272
5701.1413,7.86350000000039,1,2.3552
5710.1714,9.03009999999995,1,2.356224
5718.1498,7.97839999999997,1,2.354176
5726.1617,8.01189999999951,1,2.356224
5735.1797,9.01800000000003,1,2.3552
5743.1611,7.98140000000058,1,2.354176
5751.1827,8.02160000000003,1,2.356224
5760.187,9.0042999999996,1,2.3552
5768.1392,7.95219999999972,1,2.349056
5776.2173,8.07810000000063,1,2.357248
5785.1449,8.92759999999998,1,2.349056
5793.2342,8.08929999999964,1,2.358272
5801.1328,7.89860000000044,1,2.3552
5810.203,9.07020000000011,1,2.356224
5818.1751,7.97209999999995,1,2.356224
5826.1813,8.00619999999981,1,2.359296
5835.156,8.97469999999976,1,2.359296
5843.1929,8.03690000000006,1,2.3552
5851.124,7.93109999999979,1,2.35008
5860.2627,9.13870000000043,1,2.356224
5868.2225,7.95979999999963,1,2.354176
5876.182,7.95949999999993,1,2.354176
5885.105,8.92299999999977,1,2.357248
5893.1258,8.02080000000024,1,2.3552
5901.2839,8.15810000000056,1,2.358272
5910.1938,8.90989999999965,1,2.3552
5918.2015,8.00770000000011,1,2.3552
5926.1379,7.93639999999959,1,2.352128
5935.1494,9.01150000000052,1,2.358272
5943.1584,8.00900000000001,1,2.356224
5951.1993,8.04089999999997,1,2.356224
5960.195,8.99569999999949,1,2.356224
5968.1652,7.97020000000066,1,2.351104
5976.1518,7.98659999999927,1,2.354176
5985.2221,9.07030000000032,1,2.357248
5993.1362,7.91409999999996,1,2.354176
6001.177,8.04079999999976,1,2.359296
6010.1501,8.97310000000016,1,2.353152
6018.2139,8.0637999999999,1,2.3552
6026.1712,7.95730000000003,1,2.352128
6035.2322,9.0610000000006,1,2.361344
6043.1941,7.96189999999933,1,2.354176
6051.154,7.95990000000074,1,2.351104
6060.1605,9.00649999999951,1,2.359296
6068.159,7.99849999999969,1,2.357248
6076.2925,8.13349999999991,1,2.358272
6085.2169,8.92440000000079,1,2.36032
6093.1435,7.92659999999978,1,2.351104
6101.1326,7.98909999999978,1,2.358272
6110.1866,9.05400000000009,1,2.36032
6118.1314,7.94480000000021,1,2.358272
6126.1787,8.04730000000018,1,2.356224
6135.1368,8.95809999999983,1,2.356224
6143.2143,8.07749999999942,1,2.357248
6151.1707,7.95640000000003,1,2.347008
6160.1654,8.99470000000019,1,2.357248
6168.1648,7.9993999999997,1,2.356224
6176.2091,8.04430000000048,1,2.357248
6185.1386,8.92950000000019,1,2.353152
6193.2591,8.12049999999999,1,2.359296
6201.1492,7.89009999999962,1,2.358272
6210.2058,9.05659999999989,1,2.3552
6218.1739,7.96810000000005,1,2.354176
6226.1981,8.02419999999984,1,2.358272
6235.2253,9.02720000000045,1,2.349056
6243.2096,7.98430000000008,1,2.354176
6251.1831,7.97350000000006,1,2.357248
6260.1512,8.96810000000005,1,2.358272
6268.1644,8.01319999999942,1,2.35008
6276.1665,8.00210000000061,1,2.352128
6285.1159,8.94939999999951,1,2.356224
6293.1427,8.02680000000055,1,2.3552
6301.2139,8.07119999999941,1,2.354176
6310.2284,9.01450000000023,1,2.349056
6318.2241,7.9957000000004,1,2.353152
6325.6733,7.44920000000002,1,2.3552
6334.7374,9.0640999999996,1,2.357248
6342.1798,7.44239999999991,1,2.351104
6351.224,9.04420000000027,1,2.349056
6360.1499,8.92590000000018,1,2.353152
6368.2536,8.10369999999966,1,2.3552
6376.1992,7.94560000000001,1,2.348032
6385.1786,8.97940000000017,1,2.369536
6393.1937,8.01509999999962,1,2.354176
6401.1555,7.96180000000004,1,2.352128
6410.2791,9.1235999999999,1,2.3552
6418.1658,7.88670000000002,1,2.353152
6426.1928,8.02700000000004,1,2.356224
6435.1839,8.99110000000019,1,2.354176
6443.2089,8.02499999999964,1,2.357248
6451.1528,7.94390000000021,1,2.351104
6460.1702,9.01739999999972,1,2.3552
6468.2046,8.03440000000046,1,2.356224
6476.2246,8.01999999999953,1,2.3552
6485.1678,8.94320000000062,1,2.356224
6493.1712,8.0033999999996,1,2.351104
6501.1513,7.98010000000068,1,2.356224
6510.211,9.05969999999979,1,2.357248
6518.1459,7.9349000000002,1,2.358272
6526.2358,8.08989999999994,1,2.3552
6535.17,8.93419999999969,1,2.351104
6543.2024,8.03240000000005,1,2.356224
6551.1484,7.94599999999991,1,2.349056
6560.1742,9.02580000000034,1,2.353152
6568.225,8.05079999999998,1,2.353152
6576.1772,7.95219999999972,1,2.352128
6585.2089,9.03169999999955,1,2.358272
6593.213,8.00410000000011,1,2.352128
6601.1212,7.90819999999985,1,2.354176
6610.1806,9.0594000000001,1,2.3552
6618.1617,7.98109999999997,1,2.358272
6626.1706,8.00890000000072,1,2.352128
6635.253,9.08239999999932,1,2.356224
6643.2043,7.95130000000063,1,2.354176
6651.1869,7.98259999999937,1,2.353152
6660.1808,8.99390000000039,1,2.358272
6668.1696,7.98880000000008,1,2.357248
6676.1873,8.01769999999942,1,2.3552
6685.1917,9.00440000000071,1,2.359296
6693.152,7.96029999999973,1,2.3552
6701.2405,8.08849999999984,1,2.354176
6710.2827,9.04219999999987,1,2.348032
6718.1988,7.91610000000037,1,2.357248
6726.3135,8.11470000000008,1,2.352128
6735.1501,8.83659999999963,1,2.35008
6743.2451,8.09500000000025,1,2.3552
6751.1686,7.92349999999988,1,2.36032
6760.1629,8.99430000000029,1,2.356224
6768.1525,7.98959999999988,1,2.356224
6776.1895,8.03700000000026,1,2.357248
6785.1835,8.99399999999969,1,2.3552
6793.1769,7.99340000000029,1,2.357248
6801.1772,8.0002999999997,1,2.356224
6810.2152,9.03799999999956,1,2.358272
6818.1508,7.9356000000007,1,2.3552
6826.185,8.03420000000006,1,2.3552
6835.1407,8.95569999999952,1,2.358272
6843.2254,8.08470000000034,1,2.351104
6851.1443,7.91889999999967,1,2.36032
6860.2625,9.11819999999989,1,2.3552
6868.172,7.90949999999975,1,2.35008
6876.2238,8.05180000000018,1,2.357248
6885.1471,8.92330000000038,1,2.361344
6893.194,8.04690000000028,1,2.362368
6901.1592,7.96519999999964,1,2.357248
6910.2251,9.0658999999996,1,2.357248
6918.2485,8.02340000000004,1,2.358272
6926.1935,7.94500000000062,1,2.83136
6935.2176,9.02409999999963,1,2.36032
6943.1834,7.96579999999994,1,2.354176
6951.1148,7.93140000000039,1,2.361344
6960.1553,9.04050000000007,1,2.364416
6968.1796,8.02430000000004,1,2.36032
6976.2034,8.02379999999994,1,2.3552
6985.1819,8.97849999999926,1,2.36032
6993.1477,7.96580000000085,1,2.356224
7001.1511,8.0033999999996,1,2.364416
7010.1744,9.02329999999984,1,2.36544
7018.2017,8.02729999999974,1,2.36544
7026.1596,7.95790000000034,1,2.366464
7035.3216,9.16200000000026,1,2.366464
7043.2319,7.91029999999955,1,2.36544
7051.2293,7.9974000000002,1,2.372608
7060.1471,8.91780000000017,1,2.372608
7068.1616,8.01450000000023,1,2.371584
7076.1874,8.02579999999944,1,2.373632
7085.236,9.04860000000008,1,2.379776
7093.2435,8.00749999999971,1,2.377728
7101.1677,7.92420000000038,1,2.381824
7110.1869,9.01919999999973,1,2.373632
7118.1625,7.97560000000067,1,2.382848
7126.3395,8.17699999999968,1,2.384896
7134.2661,7.92659999999978,1,2.384896
7143.264,8.9979000000003,1,2.382848
7151.1717,7.90769999999975,1,2.3808
7160.1755,9.00380000000041,1,2.390016
7168.1397,7.96419999999944,1,2.395136
7176.2797,8.14000000000033,1,2.388992
7185.1779,8.89819999999963,1,2.393088
7193.2318,8.05389999999989,1,2.390016
7201.1637,7.9319000000005,1,2.38592
7210.2496,9.08590000000004,1,2.382848
7218.2278,7.97819999999956,1,2.382848
7226.2394,8.01160000000073,1,2.37568
7235.1511,8.91169999999966,1,2.378752
7243.1961,8.04500000000007,1,2.373632
7251.2662,8.07009999999991,1,2.378752
7260.2035,8.9372999999996,1,2.845696
7268.192,7.98850000000039,1,2.376704
7276.1978,8.00579999999991,1,2.37568
7285.1539,8.95610000000033,1,2.378752
7293.1651,8.01119999999992,1,2.383872
7301.1666,8.0014999999994,1,2.384896
7310.2136,9.04700000000048,1,2.388992
7318.1946,7.98099999999977,1,2.395136
7325.6642,7.46960000000036,1,2.399232
7334.6755,9.01130000000012,1,2.404352
7342.1664,7.49089999999978,1,2.4064
7351.2169,9.05050000000028,1,2.402304
7360.1645,8.94759999999951,1,2.40128
7368.2499,8.08539999999994,1,2.399232
7376.3145,8.06460000000061,1,2.402304
7385.1905,8.87599999999929,1,2.399232
7393.212,8.02150000000074,1,2.402304
7401.1727,7.96069999999963,1,2.404352
7410.258,9.08529999999973,1,2.41152
7418.1616,7.90360000000055,1,2.414592
7426.1599,7.99829999999929,1,2.415616
7435.177,9.01710000000003,1,2.418688
7443.2325,8.05550000000039,1,2.417664
7451.1839,7.95139999999992,1,2.419712
7460.1773,8.99340000000029,1,2.419712
7468.2078,8.03049999999985,1,2.418688
7476.2969,8.08910000000014,1,2.412544
7485.1872,8.89030000000002,1,2.412544
7493.1887,8.0014999999994,1,2.408448
7501.1642,7.97550000000047,1,2.407424
7510.2589,9.09469999999965,1,2.409472
7518.1725,7.91359999999986,1,2.410496
7526.1997,8.02720000000045,1,2.412544
7535.1852,8.98549999999977,1,2.410496
7543.2785,8.09330000000045,1,2.414592
7551.1778,7.89930000000004,1,2.413568
7560.2095,9.03169999999955,1,2.415616
7568.2516,8.04209999999966,1,2.420736
7576.2143,7.96270000000004,1,2.42688
7585.198,8.98370000000068,1,2.430976
7593.1955,7.99749999999949,1,2.428928
7601.2494,8.05389999999989,1,2.435072
7610.2343,8.98490000000038,1,2.434048
7618.1923,7.95799999999963,1,2.435072
7626.1896,7.9973,1,2.433024
7635.2627,9.07310000000052,1,2.435072
7643.2124,7.94970000000012,1,2.444288
7651.2465,8.03409999999985,1,2.439168
7660.1934,8.94689999999991,1,2.448384
7668.2016,8.00820000000022,1,2.448384
7676.2022,8.00059999999939,1,2.454528
7685.1903,8.98810000000049,1,2.471936
7693.2844,8.09409999999934,1,2.459648
7701.3442,8.0598,1,2.465792
7709.5093,8.16510000000017,1,2.46784
7718.3319,8.82260000000042,1,2.47296
7726.2155,7.88360000000011,1,2.476032
7735.187,8.97149999999965,1,2.479104
7743.274,8.08700000000044,1,2.490368
7751.1982,7.92419999999947,1,2.502656
7760.2134,9.01519999999982,1,2.515968
7768.1776,7.96420000000035,1,2.527232
7776.2422,8.0645999999997,1,2.532352
7785.2132,8.97100000000046,1,2.55488
7793.1941,7.98089999999956,1,2.561024
7801.1735,7.97940000000017,1,2.567168
7810.2802,9.10670000000027,1,2.573312
7818.1802,7.89999999999964,1,2.578432
7826.2226,8.04240000000027,1,2.582528
7835.2254,9.00280000000021,1,2.578432
7843.2452,8.01980000000003,1,2.582528
7851.228,7.98279999999977,1,2.5856
7860.1916,8.96360000000004,1,2.584576
7868.2203,8.02869999999984,1,2.5856
7876.2331,8.01280000000042,1,2.588672
7885.2351,9.0019999999995,1,2.587648
7893.1815,7.94639999999981,1,2.598912
7901.1822,8.00070000000051,1,2.543616
7910.2301,9.04789999999957,1,2.546688
7918.2525,8.02239999999983,1,2.550784
7926.177,7.92450000000008,1,2.56
7935.2159,9.03890000000047,1,2.555904
7943.229,8.01310000000012,1,2.552832
7951.1743,7.94529999999941,1,2.563072
7960.1856,9.01130000000012,1,2.567168
7968.1917,8.00610000000052,1,2.56512
7976.232,8.04029999999966,1,2.567168
7985.209,8.97699999999986,1,2.576384
7993.2954,8.08640000000014,1,2.5856
8001.1944,7.89900000000034,1,2.591744
8010.2279,9.03349999999955,1,2.589696
8018.1791,7.95120000000043,1,2.594816
8026.2513,8.07219999999961,1,2.603008
8035.2022,8.95089999999982,1,2.61632
8043.2951,8.09290000000055,1,2.627584
8051.1849,7.88979999999992,1,2.635776
8060.1761,8.99119999999948,1,2.644992
8068.1595,7.98340000000007,1,2.640896
8076.2565,8.09700000000066,1,2.654208
8085.2814,9.02489999999943,1,2.658304
8093.227,7.94560000000001,1,3.145728
8101.2709,8.04390000000058,1,2.576384
8110.2159,8.94499999999971,1,2.581504
8118.1804,7.96450000000004,1,2.59072
8126.1686,7.98819999999978,1,2.59584
8135.2147,9.04610000000048,1,2.599936
8143.254,8.03929999999946,1,2.601984
8151.2128,7.95880000000034,1,2.598912
8160.1901,8.97729999999956,1,2.603008
8168.182,7.99189999999999,1,2.596864
8176.2026,8.02059999999983,1,2.609152
8185.1917,8.98910000000069,1,2.617344
8193.183,7.99130000000059,1,2.625536
8201.2333,8.05029999999897,1,2.628608
8210.3019,9.06860000000052,1,2.630656
8218.2539,7.95199999999932,1,2.633728
8226.1866,7.9327000000012,1,2.630656
8235.1925,9.00589999999829,1,2.639872
8243.2377,8.04520000000048,1,2.643968
8251.196,7.95830000000024,1,2.643968
8260.2862,9.09020000000055,1,2.654208
8268.2104,7.92419999999947,1,2.656256
8276.2642,8.05379999999968,1,2.6624
8285.1986,8.9344000000001,1,2.670592
8293.2057,8.00710000000072,1,2.686976
8301.1669,7.96119999999974,1,2.608128
8310.3061,9.13919999999962,1,2.619392
8318.1851,7.87900000000081,1,2.62656
8325.7481,7.5630000000001,1,2.638848
8334.7195,8.97139999999854,1,2.639872
8342.739,8.01950000000033,1,2.65216
8351.2806,8.54160000000047,1,2.649088
8360.2239,8.94330000000082,1,2.659328
8368.3705,8.14660000000003,1,2.6624
8376.2408,7.87029999999868,1,2.664448
8385.2321,8.99129999999968,1,2.676736
8393.2026,7.97050000000127,1,2.67264
8401.203,8.00039999999899,1,2.66752
8410.2454,9.04240000000027,1,2.67776
8418.2041,7.95870000000104,1,2.681856
8426.1893,7.98519999999917,1,2.695168
8435.3062,9.1169000000009,1,2.70848
8443.3217,8.01549999999952,1,2.720768
8451.2698,7.94809999999961,1,2.740224
8460.2155,8.94570000000022,1,2.757632
8468.2204,8.00489999999991,1,2.767872
8476.283,8.06259999999929,1,2.76992
8485.2421,8.95910000000003,1,2.781184
8493.2793,8.03720000000067,1,2.78016
8501.2043,7.92499999999927,1,2.678784
8510.2553,9.0510000000013,1,2.697216
8518.2011,7.94579999999951,1,2.701312
8526.2587,8.05760000000009,1,2.70848
8535.2322,8.97350000000006,1,2.7136
8543.2768,8.04459999999926,1,2.721792
8551.2125,7.9357,1,2.726912
8560.2195,9.00699999999961,1,2.725888
8568.1956,7.97609999999986,1,2.736128
8576.2897,8.09410000000025,1,2.732032
8585.1961,8.90639999999985,1,2.746368
8593.2313,8.03520000000026,1,2.753536
8601.1845,7.95319999999992,1,2.75456
8610.2833,9.09879999999976,1,2.76992
8618.2503,7.96700000000055,1,2.781184
8626.294,8.04370000000017,1,2.791424
8635.204,8.90999999999985,1,2.79552
8643.2446,8.04060000000027,1,2.804736
8651.229,7.98439999999937,1,2.803712
8660.2344,9.00540000000001,1,2.822144
8668.2102,7.97580000000016,1,2.82112
8676.2586,8.04839999999967,1,2.834432
8685.2338,8.97520000000077,1,2.837504
8693.211,7.97719999999936,1,2.849792
8701.2796,8.06860000000052,1,2.737152
8710.2702,8.990600000001,1,2.745344
8718.3376,8.06739999999991,1,2.752512
8726.223,7.88539999999921,1,2.756608
8735.2211,8.9981000000007,1,2.768896
8743.2366,8.01549999999952,1,2.760704
8751.2322,7.99560000000019,1,2.762752
8760.2737,9.04149999999936,1,2.762752
8768.2458,7.97210000000086,1,2.76992
8776.3001,8.05429999999978,1,2.781184
8785.2449,8.9447999999993,1,2.779136
8793.2206,7.97570000000087,1,2.77504
8801.2125,7.99189999999908,1,2.776064
8810.2509,9.03839999999946,1,2.774016
8818.2341,7.98320000000058,1,2.781184
8826.2331,7.9989999999998,1,2.784256
8835.209,8.97590000000127,1,2.782208
8843.275,8.06599999999889,1,2.789376
8851.2202,7.94520000000011,1,2.792448
8860.2031,8.98290000000088,1,2.796544
8868.1921,7.98899999999958,1,2.80064
8876.324,8.13190000000031,1,2.803712
8885.2132,8.88919999999962,1,2.813952
8893.2602,8.04700000000048,1,2.816
8901.2091,7.94889999999941,1,2.700288
8910.2761,9.0669999999991,1,2.711552
8918.1979,7.92180000000008,1,2.714624
8926.2807,8.08280000000013,1,2.71872
8935.302,9.02130000000034,1,2.71872
8943.253,7.95100000000093,1,2.712576
8951.2925,8.03949999999895,1,2.712576
8960.2583,8.96579999999994,1,2.72384
8968.226,7.96770000000106,1,2.71872
8976.2251,7.99909999999909,1,2.724864
8985.2273,9.00220000000081,1,2.724864
8993.2291,8.0018,1,2.724864
9001.1812,7.95210000000043,1,2.724864
9010.2991,9.11789999999928,1,2.722816
9018.2709,7.97179999999935,1,2.719744
9026.227,7.95610000000124,1,2.716672
9035.3337,9.10669999999845,1,2.72384
9043.2918,7.95810000000165,1,2.722816
9051.3166,8.02479999999923,1,2.717696
9060.237,8.92039999999906,1,2.71872
9068.2336,7.9966000000004,1,2.72896
9076.2294,7.9958000000006,1,2.719744
9085.2229,8.99350000000049,1,2.720768
9093.3912,8.16829999999936,1,2.711552
9101.2527,7.86149999999907,1,2.638848
9110.26,9.00730000000112,1,2.646016
9118.2084,7.94839999999931,1,2.650112
9126.2121,8.00370000000112,1,2.642944
9135.1883,8.97619999999915,1,2.6368
9143.2807,8.09239999999954,1,2.634752
9151.2402,7.95950000000084,1,2.625536
9160.2496,9.009399999999,1,2.632704
9168.1959,7.94630000000143,1,2.622464
9176.2609,8.06499999999869,1,2.622464
9185.2115,8.95060000000012,1,2.615296
9193.2163,8.00480000000061,1,2.608128
9201.1932,7.97689999999966,1,2.612224
9210.3086,9.11540000000059,1,2.608128
9218.3781,8.06949999999961,1,2.60608
9226.2287,7.85059999999976,1,2.609152
9235.2406,9.01189999999951,1,2.607104
9243.2583,8.01770000000033,1,2.605056
9251.2155,7.95720000000074,1,2.598912
9260.1994,8.98389999999927,1,2.60096
9268.2958,8.09640000000036,1,2.592768
9276.2397,7.94390000000021,1,2.59072
9285.2531,9.01339999999982,1,2.594816
9293.3054,8.05229999999938,1,2.591744
9301.2139,7.90850000000137,1,2.576384
9310.2794,9.06549999999879,1,2.57536
9318.2502,7.97080000000096,1,2.57536
9325.7443,7.49409999999989,1,2.571264
9334.4035,8.65920000000006,1,2.557952
9343.3878,8.98430000000008,1,2.551808
9351.2789,7.89109999999891,1,2.540544
9360.3385,9.0596000000005,1,2.538496
9368.2368,7.89830000000075,1,2.531328
9376.3484,8.11160000000018,1,2.523136
9384.2711,7.92269999999917,1,2.52416
9393.2691,8.99799999999959,1,2.515968
9401.2994,8.03030000000035,1,2.497536
9410.3157,9.01629999999932,1,2.499584
9418.2338,7.91810000000078,1,2.489344
9426.2996,8.06580000000031,1,2.475008
9435.5744,9.27479999999923,1,2.480128
9443.3015,7.72710000000006,1,2.465792
9451.3446,8.04310000000078,1,2.461696
9459.3218,7.97719999999936,1,2.454528
9468.2902,8.96839999999975,1,2.458624
9476.2978,8.00760000000082,1,2.451456
9485.2863,8.98849999999948,1,2.446336
9493.2677,7.98140000000058,1,2.441216
9501.2488,7.98109999999906,1,2.434048
9510.2883,9.03950000000077,1,2.432
9518.2604,7.97209999999905,1,2.422784
9526.2937,8.03330000000096,1,2.419712
9535.321,9.02729999999974,1,2.422784
9543.3526,8.03160000000025,1,2.414592
9551.2803,7.92770000000019,1,2.404352
9560.2744,8.99409999999989,1,2.39616
9568.3355,8.06109999999899,1,2.377728
9576.2979,7.96240000000034,1,2.369536
9585.3544,9.0565000000006,1,2.36544
9593.2708,7.91640000000007,1,2.347008
9601.282,8.01119999999901,1,2.33984
9610.3986,9.1166000000012,1,2.33472
9618.2548,7.85620000000017,1,2.331648
9626.4163,8.16150000000016,1,2.3296
9634.3426,7.92629999999917,1,2.330624
9643.2724,8.92979999999989,1,2.328576
9651.2984,8.02599999999984,1,2.321408
9660.3144,9.01599999999962,1,2.318336
9668.3131,7.9987000000001,1,2.320384
9676.3081,7.9950000000008,1,2.312192
9685.5008,9.1926999999996,1,2.306048
9693.4299,7.92909999999938,1,2.297856
9701.4269,7.99700000000121,1,2.28864
9709.4452,8.01829999999973,1,2.282496
9718.5294,9.08419999999933,1,2.274304
9726.4406,7.91120000000046,1,2.274304
9734.4441,8.00350000000071,1,2.308096
9743.4568,9.01269999999931,1,2.255872
9751.3772,7.92040000000088,1,2.255872
9759.4095,8.03229999999894,1,2.255872
9768.4142,9.0046999999995,1,2.24768
9776.4696,8.0554000000011,1,2.251776
9784.5372,8.06760000000031,1,2.241536
9793.3872,8.84999999999854,1,2.23744
9801.3863,7.99910000000091,1,2.236416
9809.3969,8.01059999999961,1,2.236416
9818.3737,8.97680000000037,1,2.241536
9826.3897,8.01599999999962,1,2.230272
9834.4224,8.03269999999975,1,2.226176
9843.4822,9.05980000000091,1,2.21696
9851.4563,7.97409999999945,1,2.214912
9859.4272,7.97090000000026,1,2.214912
9868.4798,9.05259999999907,1,2.210816
9876.5201,8.04030000000057,1,2.21184
9884.6488,8.12870000000112,1,2.21184
9893.3972,8.74839999999858,1,2.205696
9901.4225,8.02530000000115,1,2.199552
9909.3907,7.96819999999934,1,2.193408
9918.4302,9.03950000000077,1,2.189312
9926.3877,7.95749999999862,1,2.195456
9934.4364,8.04870000000119,1,2.193408
9943.3911,8.95470000000023,1,2.194432
9951.3966,8.0054999999993,1,2.188288
9959.4345,8.03789999999935,1,2.185216
9968.4445,9.01000000000022,1,2.177024
9976.5168,8.07229999999981,1,2.169856
9984.289,7.77220000000125,1,2.16576
9993.3918,9.10279999999875,1,2.157568
10001.31,7.91820000000007,1,2.1504
10010.3277,9.01770000000033,1,2.149376
10018.388,8.06030000000101,1,2.14528
10026.3937,8.00569999999971,1,2.142208
10034.4864,8.09269999999924,1,2.126848
10043.4083,8.92189999999937,1,2.132992
10051.3922,7.98390000000109,1,2.127872
10059.3926,8.00039999999899,1,2.120704
10068.3133,8.92070000000058,1,2.123776
10076.3484,8.03510000000097,1,2.11968
10084.3465,7.99809999999889,1,2.122752
10093.4217,9.07520000000113,1,2.116608
10101.3213,7.89959999999883,1,2.116608
10110.4144,9.09310000000005,1,2.116608
10118.3542,7.9398000000001,1,2.117632
10126.3487,7.9945000000007,1,2.108416
10134.3565,8.00779999999941,1,2.110464
10143.4115,9.05500000000029,1,2.105344
10151.3426,7.93109999999979,1,2.103296
10159.4179,8.07530000000042,1,2.105344
10168.6768,9.2588999999989,1,2.0992
10176.3728,7.69599999999991,1,2.097152
10184.7212,8.34840000000077,1,2.096128
10192.3201,7.59890000000087,1,2.097152
10201.414,9.09389999999985,1,2.098176
10209.4266,8.01260000000002,1,2.101248
10218.5105,9.08389999999963,1,2.092032
10226.3716,7.86110000000008,1,2.084864
10234.4359,8.0643,1,2.075648
10243.4073,8.97140000000036,1,2.060288
10251.3888,7.98149999999987,1,2.059264
10259.3233,7.93449999999939,1,2.045952
10268.3646,9.04130000000077,1,2.039808
10276.3854,8.02079999999842,1,2.028544
10284.4229,8.03750000000036,1,2.026496
10293.3317,8.90880000000107,1,2.0224
10301.3687,8.03700000000026,1,2.020352
10309.3766,8.0078999999987,1,2.014208
10318.4063,9.02970000000096,1,2.015232
10325.8452,7.43889999999919,1,2.01216
10334.9494,9.10419999999976,1,2.018304
10343.3979,8.44850000000042,1,2.010112
10351.3908,7.99289999999928,1,2.009088
10359.4179,8.02710000000116,1,2.00192
10368.4542,9.03629999999976,1,2.01216
10376.401,7.94679999999971,1,2.011136
10384.4063,8.00530000000072,1,2.004992
10393.4367,9.03039999999964,1,2.004992
10401.4048,7.96810000000005,1,2.01216
10409.4471,8.04229999999916,1,2.01216
10418.38,8.93289999999979,1,2.009088
10426.4223,8.04230000000098,1,2.006016
10434.4031,7.98079999999936,1,2.010112
10443.4281,9.02499999999964,1,1.9968
10451.3548,7.92669999999998,1,1.997824
10459.4334,8.07860000000073,1,1.995776
10468.417,8.98359999999957,1,1.994752
10476.4201,8.0030999999999,1,1.984512
10484.3876,7.96750000000065,1,1.989632
10493.422,9.03440000000046,1,1.985536
10501.5639,8.14189999999871,1,1.992704
10509.421,7.85710000000108,1,1.990656
10518.3599,8.93889999999919,1,1.992704
10526.3597,7.99980000000141,1,1.99168
10534.5291,8.16939999999886,1,1.997824
10543.4231,8.89400000000023,1,1.999872
10551.4124,7.98929999999928,1,2.000896
10559.3636,7.95120000000134,1,1.995776
10568.4255,9.06189999999879,1,1.998848
10576.4051,7.97960000000057,1,1.992704
10584.4441,8.03900000000067,1,1.988608
10593.3733,8.92919999999867,1,2.000896
10601.4409,8.06760000000031,1,1.994752
10609.3983,7.95740000000114,1,1.99168
10618.4085,9.0101999999988,1,1.98656
10626.4001,7.9916000000012,1,1.983488
10634.4429,8.04279999999926,1,1.98656
10643.3767,8.9338000000007,1,1.985536
10651.4162,8.03949999999895,1,1.980416
10659.3857,7.96950000000106,1,1.992704
10668.4439,9.05819999999949,1,1.987584
10676.7732,8.32929999999942,1,1.987584
10684.3936,7.62039999999979,1,1.988608
10693.4105,9.01690000000053,1,1.985536
10701.42,8.00950000000012,1,1.98144
10709.4687,8.04869999999937,1,1.97632
10718.484,9.01530000000093,1,1.983488
10726.4856,8.0015999999996,1,1.979392
10734.5285,8.04290000000037,1,1.980416
10743.4155,8.88699999999881,1,1.97632
10751.4631,8.04760000000169,1,1.9712
10759.4197,7.95659999999953,1,1.979392
10768.4594,9.03969999999936,1,1.968128
10776.3992,7.9398000000001,1,1.969152
10784.4696,8.07040000000052,1,1.97632
10793.4603,8.99070000000029,1,1.9712
10801.4129,7.95259999999871,1,1.98144
10809.454,8.04110000000037,1,1.9712
10818.4069,8.95290000000023,1,1.978368
10826.3811,7.97420000000056,1,1.97632
10834.323,7.94189999999981,1,1.980416
10843.4507,9.12769999999909,1,1.980416
10851.3628,7.91210000000137,1,1.98144
10859.4252,8.06239999999889,1,1.978368
10868.4434,9.01820000000043,1,1.972224
10876.3633,7.91990000000078,1,1.963008
10884.5737,8.21039999999994,1,1.975296
10893.4919,8.91820000000007,1,2.36544
10901.4336,7.9416999999994,1,2.070528
10909.4581,8.02449999999953,1,2.066432
10918.4543,8.99619999999959,1,2.067456
10926.4392,7.98490000000129,1,2.071552
10934.3934,7.95420000000013,1,2.070528
10943.4769,9.08349999999882,1,2.071552
10951.4405,7.96360000000095,1,2.06848
10959.4857,8.04519999999866,1,2.070528
10968.5282,9.04250000000138,1,2.06848
10976.461,7.93279999999868,1,2.071552
10984.4746,8.01360000000022,1,2.072576
10993.4825,9.00790000000052,1,2.071552
11001.4581,7.97559999999976,1,2.069504
11009.4667,8.00860000000102,1,2.070528
11018.4454,8.97869999999966,1,2.069504
11026.4957,8.05029999999897,1,2.070528
11034.51,8.01430000000073,1,2.071552
11043.4953,8.98530000000028,1,2.069504
11051.5082,8.01289999999972,1,2.072576
11059.4297,7.92150000000038,1,2.071552
11068.4982,9.0684999999994,1,2.069504
11076.5268,8.02859999999964,1,2.06848
11084.4774,7.95060000000012,1,2.074624
11093.4489,8.97149999999965,1,2.066432
11101.3824,7.933500000001,1,2.100224
11109.4145,8.03210000000036,1,2.106368
11118.4671,9.05259999999907,1,2.106368
11126.4558,7.98869999999988,1,2.10432
11134.4771,8.02130000000034,1,2.103296
11143.4663,8.98919999999998,1,2.102272
11151.4779,8.01159999999982,1,2.102272
11159.4802,8.0023000000001,1,2.107392
11168.4677,8.98749999999927,1,2.105344
11176.408,7.94030000000021,1,2.103296
11184.4581,8.05010000000038,1,2.105344
11193.5285,9.07040000000052,1,2.101248
11201.488,7.95949999999903,1,2.0992
11209.4583,7.97030000000086,1,2.105344
11218.6451,9.18679999999949,1,2.106368
11226.5388,7.89370000000054,1,2.525184
11234.44,7.90120000000024,1,2.102272
11243.4615,9.02149999999892,1,2.101248
11251.6933,8.23180000000139,1,2.103296
11259.4837,7.79039999999986,1,2.105344
11268.4506,8.96689999999944,1,2.103296
11276.485,8.03440000000046,1,2.101248
11284.44,7.95499999999993,1,2.101248
11293.5213,9.08129999999983,1,2.098176
11301.5219,8.00059999999939,1,2.108416
11309.4588,7.93690000000061,1,2.108416
11318.5708,9.11199999999917,1,2.107392
11327.1065,8.53570000000036,1,2.106368
11335.0777,7.97119999999995,1,2.107392
11343.4954,8.41769999999997,1,2.101248
11351.5363,8.04089999999997,1,2.107392
11359.5164,7.98010000000068,1,2.10944
11368.4893,8.97289999999884,1,2.106368
11376.4436,7.95430000000124,1,2.10944
11384.4766,8.03299999999945,1,2.100224
11393.4469,8.97030000000086,1,2.107392
11401.5095,8.06259999999929,1,2.106368
11409.5027,7.99319999999898,1,2.108416
11418.5196,9.01690000000053,1,2.101248
11426.5754,8.05580000000009,1,2.107392
11434.4683,7.89290000000074,1,2.105344
11443.5132,9.04489999999896,1,2.106368
11451.4928,7.97960000000057,1,2.105344
11459.4616,7.96880000000056,1,2.107392
11468.4841,9.02249999999913,1,2.107392
11476.488,8.0038999999997,1,2.107392
11484.4655,7.97750000000087,1,2.110464
11493.4827,9.01720000000023,1,2.10944
11501.4657,7.98300000000017,1,2.14016
11509.4785,8.01279999999861,1,2.138112
11518.4806,9.00210000000152,1,2.138112
11526.4869,8.0062999999991,1,2.137088
11534.473,7.98610000000008,1,2.13504
11543.4963,9.02330000000075,1,2.139136
11551.4527,7.95639999999912,1,2.139136
11559.5116,8.05889999999999,1,2.132992
11568.4013,8.88969999999972,1,2.138112
11576.4579,8.05659999999989,1,2.134016
11584.4192,7.96130000000085,1,2.143232
11593.503,9.08380000000034,1,2.139136
11601.5593,8.05630000000019,1,2.138112
11609.4844,7.92509999999857,1,2.14016
11618.492,9.00760000000082,1,2.139136
11626.4588,7.96680000000015,1,2.136064
11634.5397,8.08089999999902,1,2.138112
11643.4842,8.94450000000143,1,2.141184
11651.4482,7.96399999999994,1,2.138112
11659.5144,8.0661999999993,1,2.137088
11668.4877,8.97329999999965,1,2.138112
11676.4927,8.00500000000102,1,2.141184
11684.5141,8.02139999999963,1,2.14016
11693.462,8.94789999999921,1,2.13504
11701.4765,8.01450000000114,1,2.139136
11709.5072,8.03069999999934,1,2.138112
11718.512,9.00480000000061,1,2.14016
11726.4666,7.95459999999912,1,2.139136
11734.5182,8.05160000000069,1,2.139136
11743.4775,8.95930000000044,1,2.139136
11751.5344,8.05689999999959,1,2.137088
11759.5166,7.98220000000038,1,2.14016
11768.5053,8.98869999999988,1,2.12992
11776.7727,8.26739999999882,1,2.138112
11784.5276,7.75489999999991,1,2.132992
11793.4279,8.90030000000115,1,2.137088
11801.4716,8.04370000000017,1,2.136064
11809.4712,7.99959999999919,1,2.139136
11818.4875,9.01629999999932,1,2.139136
11826.4868,7.99930000000131,1,2.14016
11834.4882,8.00139999999919,1,2.14016
11843.5504,9.0622000000003,1,2.137088
11851.4828,7.93239999999969,1,2.139136
11859.5045,8.02169999999933,1,2.143232
11868.4955,8.9910000000018,1,2.134016
11876.5066,8.01109999999971,1,2.138112
11884.4795,7.97289999999884,1,2.138112
11893.4671,8.98760000000038,1,2.138112
11901.4275,7.96039999999994,1,2.137088
11909.4845,8.0570000000007,1,2.144256
11918.4732,8.98869999999988,1,2.141184
11926.4765,8.00330000000031,1,2.144256
11934.4302,7.95370000000003,1,2.146304
11943.4559,9.02570000000014,1,2.144256
11951.45,7.99409999999989,1,2.147328
11959.5161,8.06610000000001,1,2.147328
11968.8,9.28389999999854,1,2.146304
11976.4699,7.66990000000078,1,2.142208
11984.744,8.27410000000054,1,2.143232
11992.467,7.72299999999996,1,2.143232
12001.4537,8.98669999999947,1,2.144256
12009.4874,8.03369999999995,1,2.137088
12018.4499,8.96249999999964,1,2.14528
12026.4805,8.03060000000005,1,2.14528
12034.4751,7.99459999999999,1,2.144256
12043.4769,9.0018,1,2.144256
12051.4873,8.01040000000103,1,2.14528
12059.476,7.98869999999988,1,2.141184
12068.4799,9.0038999999997,1,2.143232
12076.4277,7.94779999999992,1,2.142208
12084.4414,8.01369999999952,1,2.144256
12093.7076,9.26620000000003,1,2.136064
12101.3773,7.66970000000038,1,2.146304
12109.483,8.10570000000007,1,2.14528
12118.4525,8.96949999999924,1,2.149376
12126.4862,8.03369999999995,1,2.1504
12134.4342,7.94800000000032,1,2.146304
12143.4195,8.98530000000028,1,2.146304
12151.4524,8.03290000000015,1,2.148352
12159.5162,8.0637999999999,1,2.146304
12168.4713,8.95509999999922,1,2.146304
12176.4773,8.00600000000122,1,2.147328
12184.4763,7.9989999999998,1,2.146304
12193.5,9.02369999999974,1,2.146304
12201.554,8.05400000000009,1,2.142208
12209.432,7.87800000000061,1,2.144256
12218.7717,9.33969999999863,1,2.147328
12226.473,7.70130000000063,1,2.1504
12234.4569,7.98389999999927,1,2.143232
12243.0605,8.60360000000037,1,2.147328
12250.7287,7.66820000000007,1,2.149376
12259.4532,8.72450000000026,1,2.144256
12268.3527,8.89949999999953,1,2.149376
12276.108,7.75530000000072,1,2.146304
12284.7626,8.65459999999985,1,2.1504
12292.2622,7.49959999999919,1,2.14528
12301.2453,8.98310000000129,1,2.174976
12310.2923,9.04699999999866,1,2.179072
12317.7977,7.50540000000001,1,2.178048
12326.4907,8.69300000000112,1,2.18112
12334.0214,7.53069999999934,1,2.18112
12343.2128,9.1913999999997,1,2.176
12351.1897,7.97690000000148,1,2.18624
12360.5286,9.33889999999883,1,2.182144
12368.5383,8.00970000000052,1,2.180096
12376.5431,8.00480000000061,1,2.184192
12384.339,7.79589999999916,1,2.174976
12393.3015,8.96249999999964,1,2.179072
12401.4354,8.13390000000072,1,2.174976
12409.5048,8.06940000000031,1,2.182144
12418.3165,8.8117000000002,1,2.176
12425.9712,7.65469999999914,1,2.177024
12434.9284,8.95720000000074,1,2.18112
12443.3503,8.42189999999937,1,2.184192
12451.6597,8.3094000000001,1,2.177024
12459.6353,7.97559999999976,1,2.18112
12468.359,8.72370000000046,1,2.182144
12476.1978,7.83879999999954,1,2.184192
12484.7173,8.51950000000033,1,2.176
12492.2887,7.5713999999989,1,2.18112
12501.3627,9.07400000000052,1,2.190336
12509.1082,7.7455000000009,1,2.19136
12517.8152,8.70699999999852,1,2.18624
12526.5625,8.74730000000091,1,2.192384
12535.0014,8.43889999999919,1,2.190336
12543.0482,8.04680000000008,1,2.188288
12550.9168,7.86860000000161,1,2.19136
12560.0458,9.128999999999,1,2.187264
12567.9442,7.89840000000004,1,2.19136
12576.9629,9.01870000000054,1,2.184192
12584.8912,7.92829999999958,1,2.18624
12592.8829,7.99170000000049,1,2.18624
12601.9318,9.04889999999978,1,2.18624
12609.9099,7.97810000000027,1,2.187264
12617.8543,7.94440000000031,1,2.183168
12626.9578,9.10349999999926,1,2.190336
12634.9155,7.95769999999902,1,2.183168
12642.9445,8.02900000000045,1,2.182144
12651.9058,8.96130000000085,1,2.190336
12660.0037,8.09789999999884,1,2.19136
12667.9913,7.98760000000038,1,2.189312
12676.9039,8.91259999999966,1,2.189312
12684.9763,8.07240000000093,1,2.197504
12692.9626,7.98630000000048,1,2.188288
12702.0575,9.09490000000005,1,2.185216
12709.9663,7.90879999999925,1,2.189312
12718.024,8.05769999999939,1,2.19136
12725.9648,7.94080000000031,1,2.190336
12734.9225,8.95770000000084,1,2.18624
12742.9488,8.02629999999954,1,2.18624
12752.0032,9.05439999999908,1,2.188288
12759.9311,7.92790000000059,1,2.189312
12767.9735,8.04240000000027,1,2.183168
12776.9064,8.93289999999979,1,2.188288
12784.949,8.04260000000068,1,2.185216
12792.969,8.01999999999862,1,2.184192
12801.96,8.99099999999999,1,2.185216
12810.481,8.52100000000064,1,2.188288
12818.2542,7.77319999999963,1,2.189312
12826.0783,7.82409999999982,1,2.188288
12835.4004,9.32210000000123,1,2.194432
12843.4113,8.01089999999931,1,2.190336
12851.4315,8.02020000000084,1,2.18624
12859.3448,7.91330000000016,1,2.189312
12868.3706,9.02579999999944,1,2.18624
12876.4142,8.04359999999906,1,2.18624
12884.037,7.62280000000101,1,2.19136
12892.6876,8.65059999999903,1,2.188288
12901.6007,8.91310000000158,1,2.208768
12909.706,8.10529999999926,1,2.21184
12918.1902,8.48419999999896,1,2.208768
12925.7035,7.51330000000053,1,2.2016
12934.3451,8.64160000000084,1,2.208768
12943.2201,8.875,1,2.207744
12951.6971,8.47699999999895,1,2.20672
12959.215,7.51790000000074,1,2.203648
12967.9142,8.69919999999911,1,2.204672
12976.7957,8.88150000000132,1,2.207744
12984.7234,7.92770000000019,1,2.207744
12992.55,7.82659999999851,1,2.204672
13001.6041,9.0541000000012,1,2.209792
13010.0426,8.4385000000002,1,2.21184
13017.5592,7.51659999999902,1,2.21184
13026.0655,8.50630000000092,1,2.205696
13034.945,8.8794999999991,1,2.21696
13042.7998,7.85480000000098,1,2.202624
13051.6244,8.82459999999992,1,2.209792
13059.582,7.95759999999973,1,2.208768
13068.2397,8.65769999999975,1,2.213888
13076.2812,8.04149999999936,1,2.209792
13085.2701,8.98890000000029,1,2.213888
13093.9279,8.65780000000086,1,2.210816
13102.0457,8.11779999999999,1,2.21184
13110.6693,8.62359999999899,1,2.215936
13117.3437,6.67439999999988,1,2.219008
13126.2594,8.91570000000138,1,2.215936
13134.9458,8.68639999999868,1,2.215936
13142.8669,7.92110000000139,1,2.217984
13151.7778,8.91089999999895,1,2.214912
13159.5841,7.80630000000019,1,2.212864
13168.7809,9.19679999999971,1,2.214912
13176.7994,8.01850000000013,1,2.214912
13185.3592,8.55980000000091,1,2.217984
13193.0984,7.73919999999998,1,2.214912
13200.5538,7.45539999999892,1,2.217984
13209.4033,8.84950000000026,1,2.214912
13218.535,9.13169999999991,1,2.219008
13226.7736,8.23860000000059,1,2.21696
13234.8396,8.06599999999889,1,2.22208
13242.8411,8.00150000000031,1,2.210816
13251.3776,8.53650000000016,1,2.214912
13259.239,7.86139999999978,1,2.214912
13268.2849,9.04590000000098,1,2.21696
13276.4244,8.13949999999932,1,2.217984
13284.0711,7.64669999999933,1,2.215936
13292.5895,8.51840000000084,1,2.214912
13301.4424,8.85289999999986,1,2.220032
13309.3214,7.87900000000081,1,2.214912
13317.8473,8.52589999999873,1,2.21184
13326.3834,8.53610000000117,1,2.21184
13334.8043,8.42089999999916,1,2.213888
13342.317,7.51269999999931,1,2.208768
13350.8397,8.52270000000135,1,2.21696
13359.4126,8.57289999999921,1,2.21184
13368.2272,8.8145999999997,1,2.210816
13375.7103,7.48310000000129,1,2.215936
13384.6102,8.89989999999852,1,2.217984
13393.9213,9.31110000000081,1,2.213888
13401.8949,7.97359999999935,1,2.213888
13409.8805,7.98559999999998,1,2.219008
13417.8169,7.9364000000005,1,2.217984
13426.7905,8.97359999999935,1,2.219008
13434.8501,8.0596000000005,1,2.214912
13442.8339,7.98379999999997,1,2.21696
13451.8266,8.9927000000007,1,2.21696
13459.7896,7.96299999999974,1,2.220032
13467.8736,8.08400000000074,1,2.217984
13476.6134,8.73979999999938,1,2.21696
13484.2143,7.60089999999946,1,2.220032
13493.2152,9.00090000000091,1,2.217984
13501.1775,7.96229999999923,1,2.22208
13510.2581,9.08059999999932,1,2.22208
13518.2395,7.98140000000058,1,2.221056
13526.2395,8,1,2.224128
13535.2086,8.96910000000025,1,2.225152
13543.229,8.02039999999943,1,2.22208
13551.1773,7.94830000000002,1,2.223104
13560.2276,9.05030000000079,1,2.217984
13567.7518,7.52419999999984,1,2.225152
13577.1799,9.42809999999918,1,2.220032
13585.0583,7.87840000000142,1,2.221056
13593.241,8.18269999999939,1,2.219008
13601.1584,7.91740000000027,1,2.224128
13610.1421,8.98369999999886,1,2.220032
13618.074,7.93190000000141,1,2.22208
13626.1211,8.04709999999977,1,2.221056
13635.1946,9.07350000000042,1,2.223104
13643.1436,7.9489999999987,1,2.2272
13651.1426,7.9989999999998,1,2.224128
13660.1265,8.98390000000109,1,2.225152
13668.1048,7.97829999999885,1,2.22208
13676.0171,7.91229999999996,1,2.224128
13685.0407,9.02360000000044,1,2.224128
13692.9591,7.91840000000047,1,2.223104
13701.9866,9.02750000000015,1,2.22208
13710.0124,8.02579999999944,1,2.225152
13717.9968,7.98440000000119,1,2.225152
13726.6132,8.61639999999898,1,2.226176
13734.1641,7.55090000000018,1,2.221056
13743.3598,9.19570000000022,1,2.221056
13751.8263,8.46650000000045,1,2.226176
13759.4317,7.60539999999855,1,2.223104
13768.4066,8.97490000000107,1,2.217984
13776.5335,8.1268999999993,1,2.220032
13784.0458,7.51230000000032,1,2.224128
13792.7865,8.74070000000029,1,2.22208
13801.1676,8.38110000000052,1,2.225152
13809.8886,8.72099999999955,1,2.21696
13817.8028,7.91419999999925,1,2.224128
13826.3948,8.59200000000055,1,2.22208
13834.3921,7.99729999999909,1,2.226176
13843.5776,9.18550000000141,1,2.228224
13851.5814,8.00379999999859,1,2.220032
13859.0989,7.51750000000175,1,2.66752
13867.6707,8.57179999999971,1,2.22208
13876.6776,9.00690000000031,1,2.224128
13884.3232,7.64559999999983,1,2.220032
13893.2848,8.96159999999873,1,2.217984
13900.949,7.66420000000107,1,2.271232
13910.0318,9.08280000000013,1,2.274304
13917.546,7.51419999999962,1,2.280448
13926.5283,8.98229999999967,1,2.279424
13934.239,7.71069999999963,1,2.2784
13942.69,8.45100000000093,1,2.269184
13951.7528,9.0627999999997,1,2.272256
13959.337,7.58419999999933,1,2.279424
13967.8733,8.53629999999976,1,2.2784
13976.4575,8.58420000000115,1,2.2784
13984.4064,7.94889999999941,1,2.282496
13992.963,8.55659999999989,1,2.279424
14001.4788,8.51580000000104,1,2.274304
14009.2266,7.74779999999919,1,2.276352
14018.2183,8.99170000000049,1,2.277376
14026.7989,8.58059999999932,1,2.276352
14034.3127,7.51380000000063,1,2.277376
14042.9004,8.58770000000004,1,2.271232
14051.8787,8.97829999999885,1,2.277376
14059.9578,8.07910000000084,1,2.275328
14067.9355,7.97769999999946,1,2.2784
14077.098,9.16250000000036,1,2.270208
14085.0139,7.91589999999997,1,2.277376
14092.642,7.6280999999999,1,2.276352
14101.6178,8.97580000000016,1,2.277376
14109.6174,7.99959999999919,1,2.27328
14118.5475,8.9301000000014,1,2.275328
14126.536,7.98849999999948,1,2.275328
14134.5998,8.0637999999999,1,2.271232
14143.5897,8.98990000000049,1,2.275328
14151.547,7.95730000000003,1,2.279424
14159.5653,8.01829999999973,1,2.277376
14168.5497,8.98439999999937,1,2.2784
14176.5726,8.02289999999994,1,2.272256
14184.6395,8.06689999999981,1,2.279424
14193.5537,8.91420000000107,1,2.277376
14201.58,8.02629999999954,1,2.27328
14209.5801,8.00009999999929,1,2.276352
14218.6631,9.08300000000054,1,2.277376
14226.5378,7.8747000000003,1,2.277376
14234.5652,8.02739999999903,1,2.2784
14243.5701,9.00490000000173,1,2.271232
14251.6396,8.06949999999961,1,2.276352
14259.575,7.9354000000003,1,2.279424
14268.5649,8.98989999999867,1,2.275328
14276.727,8.16210000000137,1,2.272256
14284.6306,7.90359999999964,1,2.27328
14293.5941,8.96349999999984,1,2.275328
14301.5452,7.95110000000022,1,2.287616
14309.6254,8.08020000000033,1,2.28864
14318.5641,8.93869999999879,1,2.285568
14326.0749,7.51080000000002,1,2.282496
14334.5677,8.49279999999999,1,2.284544
14343.6398,9.07210000000123,1,2.286592
14351.7932,8.15339999999924,1,2.285568
14359.6715,7.87830000000031,1,2.284544
14367.6234,7.95190000000002,1,2.280448
14376.6701,9.04669999999896,1,2.284544
14384.5746,7.90450000000055,1,2.281472
14393.6648,9.09020000000055,1,2.286592
14401.57,7.90519999999924,1,2.285568
14409.7218,8.15179999999964,1,2.286592
14417.6139,7.89210000000094,1,2.28352
14426.6122,8.99829999999929,1,2.282496
14434.6302,8.01800000000003,1,2.28352
14443.6586,9.02840000000106,1,2.291712
14451.621,7.96239999999852,1,2.284544
14459.6057,7.98470000000088,1,2.28352
14468.6099,9.0041999999994,1,2.28352
14476.6257,8.01580000000104,1,2.284544
14484.5738,7.94809999999961,1,2.286592
14493.5778,9.003999999999,1,2.285568
14501.6355,8.0577000000012,1,2.279424
14509.5991,7.96359999999913,1,2.28352
14518.6323,9.03319999999985,1,2.28352
14526.6693,8.03700000000026,1,2.287616
14534.6542,7.98490000000129,1,2.285568
14543.6372,8.98299999999836,1,2.28352
14551.6101,7.97290000000066,1,2.286592
14559.6311,8.02100000000064,1,2.285568
14568.6091,8.97799999999916,1,2.281472
14576.5964,7.98730000000069,1,2.284544
14584.6626,8.0661999999993,1,2.287616
14593.599,8.9364000000005,1,2.286592
14601.6215,8.02249999999913,1,2.281472
14609.588,7.96650000000045,1,2.284544
14618.5828,8.9948000000004,1,2.279424
14626.9064,8.32359999999971,1,2.28352
14634.7144,7.8080000000009,1,2.286592
14642.7011,7.98669999999947,1,2.28352
14651.5912,8.89010000000053,1,2.287616
14659.5693,7.97809999999845,1,2.285568
14668.6161,9.04680000000008,1,2.286592
14676.6493,8.03319999999985,1,2.285568
14684.6067,7.95740000000114,1,2.28352
14693.5941,8.98739999999998,1,2.28352
14701.5632,7.96910000000025,1,2.285568
14709.6717,8.10850000000028,1,2.281472
14717.5697,7.89799999999923,1,2.285568
14726.67,9.10030000000006,1,2.286592
14734.5665,7.89650000000074,1,2.286592
14743.6882,9.12169999999969,1,2.280448
14751.5983,7.91009999999915,1,2.287616
14759.6115,8.01320000000123,1,2.289664
14768.6385,9.02699999999822,1,2.284544
14776.6098,7.97130000000107,1,2.28864
14784.7004,8.09059999999954,1,2.290688
14792.5754,7.875,1,2.282496
14801.6358,9.0604000000003,1,2.279424
14809.6041,7.96830000000045,1,2.282496
14818.5397,8.93559999999889,1,2.284544
14826.5579,8.01820000000043,1,2.2784
14834.5793,8.02139999999963,1,2.287616
14843.6236,9.04430000000139,1,2.285568
14851.6756,8.05199999999968,1,2.292736
14859.6153,7.93969999999899,1,2.290688
14868.6062,8.99090000000069,1,2.286592
14876.5993,7.99309999999969,1,2.284544
14884.5969,7.9976000000006,1,2.287616
14893.6239,9.02700000000004,1,2.2784
14901.5756,7.95169999999962,1,2.28352
14909.6246,8.04899999999907,1,2.282496
14918.5829,8.95830000000024,1,2.287616
14926.5578,7.97490000000107,1,2.285568
14934.6024,8.04459999999926,1,2.286592
14943.6275,9.02510000000075,1,2.280448
14951.5697,7.9421999999995,1,2.285568
14959.5823,8.01260000000002,1,2.285568
14968.6223,9.04000000000087,1,2.2784
14976.6445,8.02219999999943,1,2.29376
14984.5786,7.9341000000004,1,2.280448
14993.5844,9.005799999999,1,2.282496
15001.5546,7.97019999999975,1,2.282496
15009.6889,8.13429999999971,1,2.285568
15017.6145,7.92560000000049,1,2.281472
15026.6813,9.06680000000051,1,2.286592
15034.627,7.94570000000022,1,2.284544
15043.6756,9.04860000000008,1,2.2784
15051.5934,7.91779999999926,1,2.290688
15059.6002,8.00680000000102,1,2.28352
15068.6422,9.04199999999946,1,2.28352
15076.6124,7.97019999999975,1,2.287616
15084.6314,8.01900000000023,1,2.28864
15093.6006,8.96919999999955,1,2.286592
15101.6375,8.03690000000097,1,2.323456
15109.6086,7.97109999999884,1,2.328576
15118.5808,8.97220000000016,1,2.330624
15126.5568,7.97600000000057,1,2.328576
15134.6311,8.07430000000022,1,2.327552
15143.8222,9.19110000000001,1,2.331648
15151.5774,7.7551999999996,1,2.331648
15159.6201,8.04269999999997,1,2.326528
15168.5639,8.9437999999991,1,2.333696
15176.6024,8.03850000000057,1,2.325504
15184.5714,7.96900000000096,1,2.330624
15193.5957,9.02429999999913,1,2.327552
15201.5711,7.97539999999935,1,2.327552
15209.6229,8.05180000000109,1,2.32448
15218.6279,9.0049999999992,1,2.3296
15226.6008,7.97290000000066,1,2.333696
15234.5892,7.98840000000018,1,2.32448
15243.6323,9.04309999999896,1,2.325504
15251.574,7.94170000000122,1,2.3296
15259.7141,8.14009999999871,1,2.327552
15267.5858,7.87170000000151,1,2.327552
15276.6613,9.07549999999901,1,2.323456
15284.5882,7.92690000000039,1,2.3296
15293.6478,9.0596000000005,1,2.3296
15301.5646,7.91679999999906,1,2.327552
15309.7043,8.13969999999972,1,2.323456
15317.669,7.96470000000045,1,2.327552
15326.1629,8.49389999999948,1,2.330624
15335.1635,9.00060000000121,1,2.331648
15343.6822,8.51869999999872,1,2.328576
15351.8064,8.1242000000002,1,2.3296
15359.7126,7.90620000000126,1,2.321408
15367.6618,7.94919999999911,1,2.330624
15376.6565,8.99469999999928,1,2.32448
15384.6721,8.01560000000063,1,2.3296
15392.5821,7.90999999999985,1,2.3296
15401.6088,9.02670000000035,1,2.321408
15409.6266,8.01779999999962,1,2.325504
15418.665,9.03840000000127,1,2.321408
15426.5964,7.93139999999948,1,2.330624
15434.6195,8.02310000000034,1,2.3296
15443.8252,9.20569999999861,1,2.328576
15451.5834,7.75820000000022,1,2.328576
15459.6242,8.04080000000067,1,2.322432
15468.596,8.97179999999935,1,2.331648
15476.6822,8.08619999999974,1,2.327552
15484.6286,7.94640000000072,1,2.320384
15493.6071,8.97849999999926,1,2.327552
15501.6086,8.00150000000031,1,2.320384
15509.626,8.01740000000063,1,2.323456
15518.5787,8.95269999999982,1,2.327552
15526.645,8.06630000000041,1,2.326528
15534.6431,7.99809999999889,1,2.3296
15543.6435,9.00040000000081,1,2.3296
15551.5923,7.94880000000012,1,2.330624
15559.5849,7.99259999999958,1,2.321408
15568.5671,8.98220000000038,1,2.322432
15576.6482,8.08109999999942,1,2.327552
15584.5767,7.92849999999999,1,2.333696
15593.6672,9.09050000000025,1,2.328576
15601.5839,7.91669999999976,1,2.325504
15609.6797,8.09580000000096,1,2.322432
15617.588,7.90829999999914,1,2.3296
15626.6818,9.09380000000056,1,2.320384
15634.6025,7.92070000000058,1,2.327552
15643.6484,9.04589999999916,1,2.323456
15651.6488,8.00040000000081,1,2.328576
15659.6127,7.96389999999883,1,2.327552
15668.5698,8.95709999999963,1,2.32448
15676.6316,8.06180000000131,1,2.325504
15684.622,7.99039999999877,1,2.326528
15693.586,8.96399999999994,1,2.32448
15701.6036,8.01760000000104,1,2.325504
15709.6264,8.02279999999882,1,2.325504
15718.6421,9.01569999999992,1,2.321408
15726.5945,7.95240000000013,1,2.328576
15734.6062,8.01170000000093,1,2.3296
15743.6079,9.00170000000071,1,2.32448
15751.6617,8.05379999999968,1,2.326528
15759.6123,7.95060000000012,1,2.328576
15768.6166,9.00429999999869,1,2.326528
15776.6215,8.00489999999991,1,2.32448
15784.6298,8.00830000000133,1,2.327552
15793.5772,8.94739999999911,1,2.325504
15801.7295,8.15229999999974,1,2.328576
15809.6852,7.95570000000043,1,2.32448
15817.7442,8.05899999999929,1,2.326528
15826.6896,8.94540000000052,1,2.326528
15834.6175,7.92790000000059,1,2.331648
15843.658,9.04049999999916,1,2.325504
15851.5844,7.92640000000029,1,2.322432
15859.6902,8.10579999999936,1,2.328576
15867.5957,7.90550000000076,1,2.327552
15876.597,9.0012999999999,1,2.328576
15884.5827,7.98570000000109,1,2.323456
15893.5854,9.00269999999909,1,2.328576
15901.5766,7.99120000000039,1,2.3296
15909.7046,8.12799999999879,1,2.323456
15917.6167,7.91210000000137,1,2.326528
15926.6184,9.00169999999889,1,2.322432
15934.5829,7.96450000000004,1,2.328576
15943.6863,9.10339999999997,1,2.32448
15951.5994,7.91309999999976,1,2.327552
15959.6103,8.01090000000113,1,2.327552
15968.5916,8.98129999999946,1,2.322432
15976.6994,8.10779999999977,1,2.32448
15984.6229,7.92350000000079,1,2.326528
15993.603,8.98009999999886,1,2.321408
16001.5714,7.96840000000157,1,2.326528
16009.6549,8.08349999999882,1,2.326528
16018.7074,9.05249999999978,1,2.316288
16026.5895,7.88210000000072,1,2.32448
16034.665,8.07550000000083,1,2.326528
16043.6645,8.9994999999999,1,2.320384
16051.5674,7.90289999999914,1,2.327552
16059.6378,8.07040000000052,1,2.323456
16068.5877,8.94989999999962,1,2.327552
16076.6104,8.02269999999953,1,2.32448
16084.6087,7.99830000000111,1,2.326528
16093.6444,9.03569999999854,1,2.325504
16101.5951,7.95070000000123,1,2.332672
16109.6272,8.03210000000036,1,2.332672
16118.653,9.02579999999944,1,2.3296
16126.5943,7.94130000000041,1,2.33472
16134.6652,8.0708999999988,1,2.336768
16143.63,8.96479999999974,1,2.332672
16151.6242,7.994200000001,1,2.33472
16159.6009,7.97669999999925,1,2.332672
16168.5861,8.98520000000099,1,2.333696
16176.6125,8.02639999999883,1,2.33472
16184.597,7.98450000000048,1,2.3296
16193.5758,8.97880000000077,1,2.3296
16201.6425,8.0666999999994,1,2.335744
16209.6773,8.03479999999945,1,2.333696
16217.6076,7.93029999999999,1,2.33472
16226.7042,9.09660000000076,1,2.328576
16234.5818,7.8775999999998,1,2.332672
16243.6521,9.07029999999941,1,2.333696
16251.5938,7.94170000000122,1,2.326528
16259.7628,8.16899999999987,1,2.331648
16267.5899,7.82710000000043,1,2.331648
16276.6351,9.04519999999866,1,2.333696
16284.637,8.00190000000111,1,2.330624
16293.6289,8.99189999999908,1,2.33472
16301.585,7.95609999999942,1,2.336768
16309.6602,8.07520000000113,1,2.333696
16318.6221,8.96190000000024,1,2.331648
16326.1491,7.52700000000004,1,2.325504
16334.6059,8.45679999999993,1,2.332672
16343.7102,9.10429999999906,1,2.331648
16351.6114,7.90120000000024,1,2.328576
16359.6568,8.04540000000088,1,2.332672
16368.608,8.95119999999952,1,2.330624
16376.7453,8.13730000000032,1,2.32448
16384.6232,7.87790000000132,1,2.33472
16393.6404,9.01719999999841,1,2.328576
16401.6806,8.04019999999946,1,2.33472
16409.6993,8.01870000000054,1,2.330624
16417.6979,7.99859999999899,1,2.327552
16426.6564,8.95850000000064,1,2.33472
16434.6773,8.02089999999953,1,2.3296
16442.6697,7.99239999999918,1,2.331648
16451.635,8.96529999999984,1,2.32448
16459.6109,7.97590000000127,1,2.330624
16468.6481,9.03719999999885,1,2.328576
16476.6424,7.99430000000211,1,2.33472
16484.6781,8.03570000000036,1,2.332672
16492.6142,7.93609999999899,1,2.332672
16501.6602,9.04599999999846,1,2.332672
16509.6983,8.03810000000158,1,2.328576
16517.6289,7.93059999999969,1,2.333696
16526.6084,8.97950000000128,1,2.327552
16534.8541,8.24569999999949,1,2.331648
16542.7112,7.85710000000108,1,2.331648
16551.6412,8.92999999999665,1,2.335744
16559.6134,7.97220000000016,1,2.332672
16568.6421,9.02870000000257,1,2.332672
16576.731,8.08889999999883,1,2.332672
16584.6684,7.93739999999889,1,2.336768
16592.6877,8.01929999999993,1,2.325504
16601.6724,8.98470000000088,1,2.332672
16609.6776,8.0051999999996,1,2.332672
16617.6701,7.99250000000029,1,2.3296
16626.6648,8.99469999999928,1,2.33472
16634.6956,8.03080000000045,1,2.3296
16642.6858,7.99020000000019,1,2.330624
16651.6222,8.93640000000232,1,2.3296
16659.6944,8.0721999999987,1,2.333696
16667.6144,7.91999999999825,1,2.333696
16676.6898,9.07540000000154,1,2.332672
16684.6136,7.92380000000048,1,2.337792
16693.6353,9.02170000000115,1,2.327552
16701.6115,7.97619999999733,1,2.331648
16709.7454,8.13390000000072,1,2.335744
16717.6315,7.88609999999971,1,2.333696
16726.6877,9.05619999999908,1,2.3296
16734.6331,7.94540000000052,1,2.325504
16743.6736,9.04049999999916,1,2.331648
16751.6077,7.93410000000222,1,2.328576
16759.6827,8.07500000000073,1,2.33472
16767.6153,7.93260000000009,1,2.331648
16776.7232,9.10789999999906,1,2.337792
16784.7325,8.00929999999789,1,2.335744
16792.622,7.88950000000114,1,2.331648
16801.6229,9.00089999999909,1,2.332672
16809.6703,8.04740000000311,1,2.3296
16817.8037,8.1333999999988,1,2.327552
16826.6389,8.83520000000135,1,2.333696
16834.5758,7.93689999999697,1,2.332672
16843.6831,9.10729999999967,1,2.331648
16851.6317,7.94860000000335,1,2.332672
16859.6114,7.97969999999987,1,2.335744
16868.7047,9.09329999999682,1,2.332672
16876.665,7.96030000000246,1,2.337792
16884.6743,8.00929999999789,1,2.328576
16892.6069,7.93260000000009,1,2.326528
16901.6186,9.01170000000275,1,2.33472
16909.651,8.03240000000005,1,2.332672
16918.6628,9.01179999999658,1,2.336768
16926.618,7.95520000000033,1,2.326528
16934.7193,8.10130000000208,1,2.332672
16942.681,7.96169999999984,1,2.333696
16951.6644,8.98340000000098,1,2.326528
16959.6308,7.96639999999752,1,2.333696
16968.6339,9.00310000000172,1,2.332672
16976.7613,8.12739999999758,1,2.330624
16984.6596,7.89830000000075,1,2.336768
16993.5936,8.93400000000111,1,2.333696
17001.6222,8.02860000000146,1,2.333696
17009.6195,7.99729999999909,1,2.331648
17018.6541,9.03459999999905,1,2.333696
17026.6688,8.01469999999972,1,2.330624
17034.6816,8.01280000000042,1,2.336768
17042.6847,8.00310000000172,1,2.331648
17051.6613,8.97659999999814,1,2.332672
17059.6543,7.99299999999857,1,2.33472
17068.6235,8.96920000000318,1,2.333696
17076.6904,8.06689999999799,1,2.332672
17084.62,7.92959999999948,1,2.33472
17093.674,9.05400000000009,1,2.332672
17101.6388,7.96480000000156,1,2.33984
17109.7098,8.07099999999991,1,2.33984
17117.6235,7.91370000000097,1,2.33984
17126.6919,9.06840000000011,1,2.33984
17134.4198,7.72789999999804,1,2.33472
17142.9083,8.48849999999948,1,2.340864
17151.4815,8.57320000000254,1,2.341888
17159.3253,7.84379999999874,1,2.33472
17168.3211,8.9958000000006,1,2.337792
17176.3932,8.07209999999759,1,2.340864
17184.3033,7.91010000000097,1,2.341888
17193.2919,8.98860000000059,1,2.331648
17201.2829,7.99099999999817,1,2.337792
17210.3198,9.03690000000279,1,2.337792
17218.3832,8.06339999999909,1,2.332672
17225.9056,7.52239999999802,1,2.336768
17234.981,9.07540000000154,1,2.33984
17242.9626,7.98159999999916,1,2.342912
17251.9403,8.97769999999946,1,2.337792
17259.9326,7.99230000000171,1,2.336768
17267.9838,8.0512000000017,1,2.338816
17277.0777,9.09389999999985,1,2.337792
17284.9564,7.87869999999748,1,2.33472
17292.9855,8.02909999999974,1,2.33472
17301.9933,9.00779999999941,1,2.340864
17309.9643,7.97100000000137,1,2.342912
17318.0051,8.04079999999885,1,2.340864
17325.4903,7.48520000000281,1,2.338816
17334.9806,9.49029999999766,1,2.337792
17343.0451,8.06450000000041,1,2.33984
17350.9513,7.90620000000126,1,2.340864
17359.9576,9.00630000000092,1,2.33984
17367.9386,7.98099999999977,1,2.341888
17377.0195,9.0808999999972,1,2.343936
17384.9871,7.96759999999995,1,2.33984
17392.9853,7.99820000000182,1,2.336768
17401.9684,8.98310000000129,1,2.341888
17410.0546,8.08619999999792,1,2.33984
17417.9433,7.88869999999952,1,2.33984
17426.9566,9.01330000000235,1,2.336768
17434.9366,7.97999999999956,1,2.341888
17443.0786,8.14199999999983,1,2.34496
17450.9555,7.8768999999993,1,2.332672
17459.9748,9.01929999999993,1,2.338816
17468.0121,8.03729999999996,1,2.338816
17475.9949,7.98280000000159,1,2.341888
17484.9919,8.99699999999939,1,2.33984
17492.962,7.97009999999864,1,2.33984
17501.9679,9.00590000000011,1,2.33984
17509.9788,8.01090000000113,1,2.33984
17517.9646,7.98579999999856,1,2.341888
17526.9409,8.97630000000208,1,2.33984
17535.0727,8.1317999999992,1,2.337792
17542.9834,7.91070000000036,1,2.336768
17552.0413,9.05789999999979,1,2.341888
17560.0084,7.96709999999803,1,2.340864
17567.9515,7.94310000000041,1,2.33984
17576.959,9.00749999999971,1,2.343936
17584.9453,7.98630000000048,1,2.343936
17592.9738,8.02850000000035,1,2.33472
17601.963,8.98919999999998,1,2.338816
17610.0215,8.05849999999919,1,2.341888
17617.9499,7.92840000000069,1,2.33984
17627.056,9.10610000000088,1,2.336768
17634.9872,7.93119999999908,1,2.343936
17643.047,8.05979999999909,1,2.343936
17650.9878,7.94080000000031,1,2.347008
17659.9737,8.98589999999967,1,2.338816
17667.9376,7.96390000000247,1,2.338816
17676.9813,9.04369999999835,1,2.336768
17684.9755,7.994200000001,1,2.341888
17692.9456,7.97009999999864,1,2.340864
17701.9618,9.01620000000185,1,2.335744
17709.9999,8.03809999999794,1,2.341888
17718.0374,8.03750000000218,1,2.33984
17725.9565,7.91909999999916,1,2.340864
17734.9711,9.01459999999861,1,2.33984
17743.0247,8.05360000000292,1,2.33984
17750.9594,7.93469999999797,1,2.337792
17759.9718,9.01239999999962,1,2.335744
17767.9586,7.9868000000024,1,2.336768
17777.0254,9.06679999999687,1,2.333696
17785.004,7.97860000000219,1,2.338816
17792.9623,7.95829999999842,1,2.341888
17801.9584,8.9961000000003,1,2.333696
17809.997,8.03859999999986,1,2.340864
17817.9479,7.95089999999982,1,2.34496
17827.0571,9.1092000000026,1,2.341888
17835.0426,7.98549999999886,1,2.337792
17843.0885,8.04590000000098,1,2.33984
17850.9762,7.88769999999931,1,2.33984
17860.0043,9.02809999999954,1,2.345984
17867.9452,7.94089999999778,1,2.337792
17877.0514,9.10620000000199,1,2.342912
17885.0936,8.04219999999987,1,2.341888
17892.9804,7.88680000000022,1,2.33984
17901.9925,9.01209999999992,1,2.34496
17910.0124,8.01989999999932,1,2.340864
17917.9888,7.97639999999956,1,2.340864
17926.9476,8.95880000000034,1,2.338816
17935.0401,8.09249999999884,1,2.341888
17943.0095,7.96940000000177,1,2.340864
17950.9981,7.98860000000059,1,2.338816
17959.9509,8.95279999999912,1,2.347008
17967.9748,8.02390000000014,1,2.332672
17976.9744,8.99959999999919,1,2.33984
17984.9696,7.9952000000012,1,2.342912
17992.9389,7.96930000000066,1,2.33472
18002.0382,9.09929999999804,1,2.341888
18010.0427,8.00450000000274,1,2.342912
18017.9524,7.90969999999652,1,2.342912
18026.9848,9.03240000000005,1,2.336768
18034.9608,7.97600000000239,1,2.336768
18043.0496,8.08879999999772,1,2.33984
18051.0311,7.98150000000169,1,2.342912
18059.9658,8.93470000000161,1,2.343936
18067.9472,7.98139999999694,1,2.336768
18077.0233,9.07610000000204,1,2.342912
18085.0007,7.97739999999976,1,2.342912
18093.0099,8.00920000000042,1,2.340864
18100.9518,7.94189999999799,1,2.347008
18110.0176,9.06580000000031,1,2.34496
18117.9497,7.93210000000181,1,2.349056
18126.9938,9.04409999999916,1,2.345984
18134.9426,7.9487999999983,1,2.345984
18143.0107,8.06810000000041,1,2.34496
18150.9437,7.9330000000009,1,2.349056
18160.0728,9.12910000000193,1,2.345984
18167.9484,7.87559999999939,1,2.345984
18177.014,9.06559999999808,1,2.345984
18185.0485,8.03450000000157,1,2.352128
18192.9531,7.90459999999803,1,2.349056
18201.9121,8.95900000000256,1,2.345984
18209.9816,8.06949999999779,1,2.343936
18218.0793,8.09770000000208,1,2.34496
18225.9587,7.87939999999799,1,2.348032
18234.9595,9.00080000000162,1,2.34496
18242.9828,8.02330000000075,1,2.340864
18251.9807,8.99789999999848,1,2.34496
18259.9563,7.97560000000158,1,2.345984
18268.0351,8.07879999999932,1,2.341888
18275.9981,7.96299999999974,1,2.34496
18285.0226,9.02449999999953,1,2.347008
18292.9442,7.92160000000149,1,2.33984
18302.0088,9.06459999999788,1,2.348032
18310.0115,8.00270000000091,1,2.345984
18317.9716,7.96010000000024,1,2.351104
18326.4539,8.48229999999967,1,2.345984
18334.6416,8.18769999999859,1,2.345984
18343.2129,8.57129999999961,1,2.33472
18351.034,7.82110000000102,1,2.348032
18359.9964,8.96240000000034,1,2.345984
18367.9811,7.98470000000088,1,2.348032
18377.057,9.07589999999982,1,2.343936
18385.0782,8.02119999999923,1,2.353152
18393.0128,7.9346000000005,1,2.345984
18401.0292,8.01640000000043,1,2.352128
18410.069,9.03979999999865,1,2.347008
18417.9869,7.91790000000037,1,2.342912
18427.0658,9.07890000000043,1,2.340864
18434.9771,7.91129999999976,1,2.35008
18443.0727,8.09560000000056,1,2.340864
18450.9818,7.90910000000076,1,2.348032
18460.0375,9.05569999999716,1,2.343936
18468.0373,7.99980000000141,1,2.345984
18476.0391,8.00180000000182,1,2.353152
18485.096,9.05689999999959,1,2.351104
18493.0331,7.93709999999919,1,2.347008
18501.0028,7.96969999999783,1,2.352128
18510.0419,9.03910000000178,1,2.343936
18517.9628,7.92090000000098,1,2.352128
18527.0308,9.0679999999993,1,2.342912
18535.0547,8.02390000000014,1,2.348032
18543.0143,7.95959999999832,1,2.347008
18551.0395,8.02520000000004,1,2.349056
18560.0187,8.97920000000158,1,2.345984
18568.093,8.07430000000022,1,2.35008
18576.0225,7.92949999999837,1,2.348032
18585.039,9.01650000000154,1,2.349056
18593.0065,7.96749999999884,1,2.349056
18601.0106,8.00410000000193,1,2.341888
18610.0478,9.03719999999885,1,2.347008
18618.0356,7.98779999999897,1,2.345984
18625.9965,7.96090000000186,1,2.35008
18635.0907,9.09419999999955,1,2.348032
18643.0862,7.9955000000009,1,2.35008
18651.0356,7.94939999999769,1,2.352128
18659.9689,8.9333000000006,1,2.345984
18668.0153,8.04639999999927,1,2.33984
18676.046,8.03069999999934,1,2.347008
18684.9983,8.95230000000083,1,2.351104
18693.0537,8.0554000000011,1,2.341888
18700.9888,7.93509999999878,1,2.347008
18710.0319,9.0431000000026,1,2.35008
18718.0792,8.04729999999836,1,2.345984
18726.0187,7.93950000000041,1,2.35008
18734.9989,8.98019999999815,1,2.352128
18743.0482,8.0493000000024,1,2.33984
18750.9897,7.94149999999718,1,2.349056
18760.0227,9.03300000000309,1,2.34496
18767.966,7.943299999999,1,2.348032
18777.1081,9.14210000000094,1,2.347008
18785.0123,7.90419999999722,1,2.351104
18793.0087,7.99639999999999,1,2.345984
18800.9794,7.97070000000167,1,2.340864
18810.0289,9.04950000000099,1,2.340864
18818.3822,8.35329999999885,1,2.347008
18825.9935,7.61130000000048,1,2.345984
18834.9956,9.00209999999788,1,2.347008
18843.0366,8.04100000000108,1,2.352128
18851.0178,7.98120000000199,1,2.341888
18859.9807,8.96289999999863,1,2.349056
18867.9788,7.9981000000007,1,2.343936
18877.0158,9.03700000000026,1,2.351104
18885.06,8.04420000000027,1,2.358272
18892.9948,7.93479999999909,1,2.35008
18902.0278,9.03299999999945,1,2.351104
18910.0487,8.02089999999953,1,2.35008
18917.9956,7.946899999999,1,2.354176
18926.9781,8.98250000000189,1,2.34496
18935.021,8.04290000000037,1,2.353152
18943.0175,7.99650000000111,1,2.35008
18951.042,8.02449999999953,1,2.34496
18959.9804,8.93839999999909,1,2.35008
18968.0341,8.05370000000039,1,2.348032
18976.0153,7.98119999999835,1,2.351104
18985.0351,9.01980000000185,1,2.354176
18993.0637,8.02859999999782,1,2.35008
19001.0206,7.95690000000104,1,2.35008
19010.0488,9.02820000000065,1,2.345984
19018.0485,7.9997000000003,1,2.351104
19026.0533,8.0047999999988,1,2.352128
19035.0345,8.98120000000199,1,2.352128
19043.054,8.01949999999852,1,2.343936
19051.0442,7.99020000000019,1,2.351104
19060.0289,8.98470000000088,1,2.348032
19067.9958,7.96689999999944,1,2.353152
19077.0619,9.06610000000001,1,2.351104
19084.9756,7.91370000000097,1,2.348032
19093.0076,8.03199999999924,1,2.352128
19100.9685,7.96089999999822,1,2.347008
19110.121,9.15250000000015,1,2.351104
19118.0021,7.88110000000233,1,2.349056
19125.991,7.98890000000029,1,2.343936
19134.9927,9.00169999999707,1,2.354176
19143.0898,8.09710000000268,1,2.352128
19150.9815,7.89170000000013,1,2.353152
19160.0019,9.02039999999761,1,2.345984
19168.0344,8.03250000000116,1,2.351104
19176.0675,8.03310000000056,1,2.348032
19185.035,8.96749999999884,1,2.354176
19192.9821,7.94710000000123,1,2.347008
19201.9444,8.96229999999923,1,2.347008
19210.0512,8.10680000000139,1,2.348032
19218.1079,8.05669999999736,1,2.35008
19226.0246,7.91670000000158,1,2.352128
19235.0205,8.99589999999807,1,2.348032
19243.0274,8.00690000000031,1,2.343936
19251.0119,7.9845000000023,1,2.343936
19259.972,8.96010000000024,1,2.349056
19268.0544,8.08239999999932,1,2.349056
19276.0272,7.97279999999955,1,2.35008
19285.0511,9.02390000000014,1,2.34496
19292.9686,7.91749999999956,1,2.33984
19302.1317,9.16310000000158,1,2.347008
19310.0706,7.93889999999737,1,2.347008
19318.0753,8.00470000000132,1,2.33984
19325.5164,7.44110000000001,1,2.347008
19334.7058,9.1893999999993,1,2.345984
19343.2274,8.52160000000003,1,2.34496
19351.0544,7.82700000000114,1,2.33984
19359.9711,8.91669999999795,1,2.340864
19367.9927,8.02160000000003,1,2.347008
19377.0946,9.10190000000148,1,2.343936
19385.0248,7.93019999999888,1,2.349056
19393.0375,8.01269999999931,1,2.349056
19401.0142,7.97670000000289,1,2.342912
19410.0933,9.07909999999902,1,2.35008
19418.0113,7.91799999999785,1,2.35008
19426.0166,8.00530000000072,1,2.341888
19434.9916,8.97500000000218,1,2.35008
19443.0807,8.08909999999742,1,2.343936
19450.9936,7.91290000000299,1,2.353152
19460.0329,9.03929999999673,1,2.351104
19468.0975,8.06460000000152,1,2.348032
19476.0448,7.94729999999981,1,2.357248
19485.0083,8.96350000000166,1,2.349056
19492.9923,7.98400000000038,1,2.352128
19502.0566,9.06429999999818,1,2.354176
19510.1017,8.04509999999937,1,2.35008
19518.0508,7.94910000000164,1,2.353152
19526.0125,7.96169999999984,1,2.352128
19535.0327,9.02019999999902,1,2.353152
19543.0245,7.99179999999978,1,2.348032
19551.0214,7.99690000000192,1,2.3552
19559.9918,8.97039999999834,1,2.353152
19568.0638,8.07200000000012,1,2.353152
19576.0418,7.97799999999916,1,2.347008
19585.0223,8.98050000000148,1,2.349056
19593.0653,8.04299999999785,1,2.351104
19601.0004,7.93510000000242,1,2.353152
19610.2387,9.23830000000089,1,2.354176
19618.0339,7.79519999999684,1,2.347008
19626.0919,8.0580000000009,1,2.351104
19635.0729,8.98099999999977,1,2.356224
19643.0245,7.95160000000033,1,2.3552
19651.0212,7.99669999999969,1,2.354176
19660.0305,9.00930000000153,1,2.354176
19667.992,7.96149999999761,1,2.353152
19677.072,9.08000000000175,1,2.3552
19684.9967,7.92469999999958,1,2.356224
19693.0367,8.04000000000087,1,2.353152
19700.9922,7.95550000000003,1,2.361344
19710.086,9.09379999999874,1,2.364416
19718.0224,7.93640000000232,1,2.36544
19726.0829,8.06049999999959,1,2.359296
19735.0155,8.93260000000009,1,2.362368
19743.0858,8.07029999999941,1,2.356224
19751.0145,7.92870000000039,1,2.363392
19760.0154,9.00089999999909,1,2.36032
19768.0564,8.04100000000108,1,2.353152
19776.0399,7.98349999999846,1,2.3552
19785.0555,9.01559999999881,1,2.363392
19793.0095,7.95400000000154,1,2.361344
19