loaded count=804758 degree=3 decode_ms=371.4185 first_frame_ms=424.8393
pose 0.203799337148666 0.216009259223938 4.36529937466973 0.203799337148666 0.216009259223938 -0.085798978805542
interaction duration_ms=20001.2107 accepted_presents=2401 render_calls=2401 fps=120.042733213145
time_ms,interval_ms,accepted,gpu_diagnostic_ms
2.9129,2.9129,1,2.8416
10.1569,7.244,1,2.14528
17.892,7.7351,1,2.149376
26.8638,8.9718,1,2.83648
35.1147,8.2509,1,2.14528
42.8578,7.7431,1,2.148352
51.8922,9.03440000000001,1,2.152448
59.803,7.91079999999999,1,2.149376
67.8389,8.0359,1,2.147328
76.8232,8.9843,1,2.146304
85.002,8.1788,1,2.143232
92.7202,7.71820000000001,1,2.149376
101.8094,9.08919999999999,1,2.152448
109.7261,7.91670000000001,1,2.148352
117.7511,8.02499999999999,1,2.149376
126.9108,9.1597,1,2.147328
134.6532,7.7424,1,2.1504
143.7,9.04679999999999,1,2.149376
151.8432,8.14320000000001,1,2.149376
159.7246,7.88140000000001,1,2.149376
167.7546,8.03,1,2.151424
176.7972,9.04259999999999,1,2.152448
184.8335,8.03629999999998,1,2.144256
192.8112,7.97770000000003,1,2.148352
201.8208,9.00959999999998,1,2.1504
209.7318,7.911,1,2.146304
217.9237,8.1919,1,2.148352
226.8593,8.93559999999999,1,2.147328
234.8799,8.0206,1,2.146304
242.8342,7.95430000000002,1,2.148352
251.8065,8.97229999999999,1,2.147328
259.7976,7.99109999999999,1,2.151424
267.8383,8.04070000000002,1,2.148352
276.7967,8.95839999999998,1,2.146304
284.8368,8.0401,1,2.147328
292.8458,8.00900000000001,1,2.148352
301.8071,8.96129999999999,1,2.148352
309.8191,8.012,1,2.151424
317.8381,8.01900000000001,1,2.149376
326.8227,8.9846,1,2.146304
334.9362,8.11349999999999,1,2.146304
342.813,7.8768,1,2.144256
351.8643,9.05130000000003,1,2.14016
359.8754,8.0111,1,2.148352
367.9113,8.03589999999997,1,2.146304
376.8287,8.91740000000004,1,2.806784
385.0829,8.25419999999997,1,2.178048
392.8407,7.75780000000003,1,2.185216
402.3051,9.46439999999996,1,2.182144
410.7313,8.42619999999999,1,2.184192
417.8783,7.14700000000005,1,2.182144
426.9375,9.05919999999998,1,2.18112
435.0382,8.10070000000002,1,2.177024
442.7962,7.75799999999998,1,2.18112
451.9299,9.13369999999998,1,2.185216
459.7867,7.85680000000002,1,2.182144
467.8654,8.07870000000003,1,2.182144
477.122,9.25659999999999,1,2.180096
484.8496,7.7276,1,2.18112
492.9954,8.14580000000001,1,2.18624
501.954,8.95859999999999,1,2.180096
509.807,7.85300000000001,1,2.18112
517.8594,8.05240000000003,1,2.183168
526.8234,8.96399999999994,1,2.183168
534.8395,8.01610000000005,1,2.182144
542.6956,7.85609999999997,1,2.176
551.8057,9.11009999999999,1,2.183168
559.875,8.0693,1,2.18112
567.8842,8.00919999999996,1,2.182144
576.951,9.06680000000006,1,2.180096
584.9174,7.96640000000002,1,2.187264
592.9048,7.98739999999998,1,2.190336
601.8562,8.95139999999992,1,2.18624
610.0532,8.197,1,2.188288
617.8678,7.81460000000004,1,2.178048
626.8126,8.94479999999999,1,2.180096
634.8553,8.04270000000008,1,2.188288
642.8521,7.99679999999989,1,2.187264
651.9196,9.0675,1,2.183168
659.901,7.98140000000001,1,2.180096
668.0153,8.11430000000007,1,2.184192
675.8156,7.80029999999999,1,2.18624
684.7836,8.96799999999996,1,2.863104
692.7357,7.95209999999997,1,2.182144
701.8314,9.09570000000008,1,2.182144
709.7575,7.92610000000002,1,2.18624
717.8952,8.1377,1,2.184192
726.9506,9.05539999999996,1,2.18624
734.7826,7.83199999999999,1,2.18112
742.9411,8.1585,1,2.187264
751.8655,8.92439999999999,1,2.182144
759.9272,8.06169999999997,1,2.180096
767.9834,8.05619999999999,1,2.187264
776.8706,8.88720000000001,1,2.189312
784.837,7.96640000000002,1,2.187264
792.8278,7.99080000000004,1,2.179072
801.8898,9.06200000000001,1,2.189312
809.9896,8.09979999999996,1,2.185216
817.9274,7.93780000000004,1,2.18112
826.9992,9.07179999999994,1,2.18112
834.7942,7.79500000000007,1,2.189312
842.9442,8.14999999999998,1,2.182144
851.8331,8.88889999999992,1,2.182144
859.839,8.00590000000011,1,2.184192
867.915,8.07599999999991,1,2.18624
876.9725,9.0575,1,2.184192
884.8221,7.84960000000001,1,2.188288
892.8662,8.04410000000007,1,2.188288
901.8473,8.98109999999997,1,2.180096
909.9586,8.11130000000003,1,2.185216
917.8883,7.92969999999991,1,2.192384
926.8012,8.91290000000004,1,2.183168
934.8205,8.01930000000004,1,2.18624
942.8992,8.07869999999991,1,2.187264
951.8911,8.9919000000001,1,2.188288
959.9945,8.10339999999997,1,2.187264
967.866,7.87149999999997,1,2.187264
976.8242,8.95820000000003,1,2.188288
984.8713,8.0471,1,2.208768
992.8738,8.00249999999994,1,2.212864
1001.8459,8.97210000000007,1,2.20672
1009.9243,8.07839999999999,1,2.209792
1017.8451,7.92079999999999,1,2.20672
1026.8455,9.0003999999999,1,2.208768
1035.0262,8.18070000000012,1,2.20672
1042.8429,7.81670000000008,1,2.650112
1051.8836,9.04069999999979,1,2.203648
1059.8627,7.97910000000002,1,2.209792
1067.8328,7.9701,1,2.207744
1077.1365,9.30370000000016,1,2.204672
1084.9363,7.7998,1,2.209792
1092.9945,8.05819999999994,1,2.20672
1101.8768,8.88229999999999,1,2.205696
1109.8917,8.0148999999999,1,2.21184
1117.9811,8.08940000000007,1,2.207744
1126.9728,8.99170000000004,1,2.907136
1134.8827,7.90990000000011,1,2.209792
1142.8933,8.01059999999984,1,2.207744
1152.046,9.1527000000001,1,2.20672
1159.9502,7.90419999999995,1,2.20672
1167.9331,7.98289999999997,1,2.202624
1176.8486,8.91550000000007,1,2.8928
1184.8962,8.04759999999987,1,2.205696
1192.946,8.0498,1,2.207744
1202.0045,9.05850000000009,1,2.208768
1209.8936,7.8891000000001,1,2.209792
1218.1085,8.21489999999994,1,2.204672
1225.8835,7.77499999999986,1,2.898944
1234.7699,8.88640000000009,1,2.90304
1242.9685,8.19859999999994,1,2.215936
1251.8729,8.90440000000012,1,2.209792
1259.8372,7.96429999999987,1,2.205696
1267.8936,8.05640000000017,1,2.210816
1277.0442,9.15059999999994,1,2.21184
1285.1052,8.06099999999992,1,2.207744
1292.9219,7.81670000000008,1,2.208768
1301.8792,8.95730000000003,1,2.208768
1309.9993,8.12009999999987,1,2.21184
1317.8141,7.8148000000001,1,2.213888
1326.784,8.96990000000005,1,2.208768
1334.9415,8.1574999999998,1,2.209792
1342.8155,7.87400000000002,1,2.209792
1351.8514,9.03590000000008,1,2.208768
1359.7813,7.92990000000009,1,2.213888
1367.8237,8.04239999999982,1,2.21184
1376.7709,8.94720000000007,1,2.210816
1384.8467,8.07580000000007,1,2.213888
1392.8548,8.00810000000001,1,2.214912
1402.2868,9.43200000000002,1,2.217984
1409.9997,7.71289999999999,1,2.21696
1417.893,7.89329999999995,1,2.217984
1426.9338,9.04079999999999,1,2.217984
1435.0432,8.10940000000005,1,2.21696
1442.8509,7.80769999999984,1,2.217984
1452.0175,9.16660000000002,1,2.21184
1459.822,7.80449999999996,1,2.21184
1467.8642,8.04220000000009,1,2.213888
1476.8416,8.97739999999999,1,2.215936
1484.851,8.00940000000014,1,2.213888
1492.864,8.01299999999992,1,2.21696
1501.8827,9.01870000000008,1,2.215936
1509.9703,8.08759999999984,1,2.215936
1518.0254,8.05510000000004,1,2.217984
1526.0008,7.97540000000004,1,2.212864
1535.0252,9.02440000000001,1,2.888704
1542.9514,7.92619999999988,1,2.213888
1552.1451,9.19370000000004,1,2.213888
1559.9278,7.78269999999998,1,2.217984
1568.0286,8.10080000000016,1,2.215936
1575.9984,7.96979999999985,1,2.21696
1584.992,8.99360000000001,1,2.910208
1593.0338,8.04179999999997,1,2.215936
1600.8858,7.85200000000009,1,2.907136
1609.9306,9.0447999999999,1,2.898944
1617.9482,8.01760000000013,1,2.214912
1626.9677,9.01949999999988,1,2.89792
1635.0889,8.12120000000004,1,2.215936
1643.1743,8.08539999999994,1,2.215936
1650.956,7.7817,1,2.214912
1659.8476,8.89160000000015,1,2.888704
1667.9097,8.06209999999987,1,2.21184
1677.1847,9.27500000000009,1,2.902016
1684.8437,7.65899999999988,1,2.217984
1693.065,8.22130000000016,1,2.217984
1701.0956,8.03060000000005,1,2.907136
1710.1162,9.02059999999983,1,2.898944
1718.0128,7.89660000000003,1,2.214912
1726.0665,8.05369999999994,1,2.88768
1735.1459,9.07940000000008,1,2.8928
1742.8802,7.73430000000008,1,2.21696
1752.1206,9.24039999999991,1,2.209792
1759.8919,7.77130000000011,1,2.213888
1767.9134,8.02149999999983,1,2.21696
1776.9411,9.0277000000001,1,2.21696
1784.9997,8.05860000000007,1,2.21696
1792.9301,7.93039999999996,1,2.214912
1801.8865,8.95640000000003,1,2.214912
1810.0247,8.13819999999987,1,2.21696
1817.8786,7.85390000000007,1,2.212864
1826.9086,9.02999999999997,1,2.214912
1834.8356,7.92700000000013,1,2.220032
1842.9675,8.13189999999986,1,2.215936
1851.9651,8.99759999999992,1,2.214912
1860.0648,8.09970000000021,1,2.219008
1867.8951,7.83029999999985,1,2.217984
1877.1312,9.23610000000008,1,2.226176
1885.0804,7.94920000000002,1,2.212864
1892.919,7.83860000000004,1,2.220032
1902.1509,9.2319,1,2.210816
1909.8615,7.71059999999989,1,2.22208
1918.0316,8.17010000000005,1,2.210816
1925.9429,7.91129999999998,1,3.301376
1934.8474,8.9045000000001,1,2.885632
1943.2019,8.35449999999992,1,2.21696
1950.9677,7.7657999999999,1,2.21696
1959.9436,8.97590000000014,1,2.900992
1967.9605,8.01689999999985,1,2.21696
1977.026,9.06550000000016,1,2.212864
1984.9306,7.90459999999985,1,2.225152
1992.9481,8.01750000000015,1,2.223104
2002.0177,9.06960000000004,1,2.912256
2009.8895,7.87179999999989,1,2.225152
2018.1619,8.27240000000006,1,2.217984
2025.969,7.80709999999999,1,2.223104
2035.1475,9.17849999999999,1,2.90304
2043.4399,8.29240000000004,1,2.220032
2051.9081,8.46820000000002,1,2.2272
2059.9481,8.03999999999996,1,2.224128
2067.9654,8.01729999999998,1,2.2272
2076.9408,8.97539999999981,1,2.226176
2085.1759,8.23510000000033,1,2.223104
2092.8915,7.71559999999999,1,2.223104
2101.956,9.06449999999995,1,2.22208
2109.904,7.94799999999987,1,2.224128
2117.987,8.08300000000008,1,2.223104
2126.9562,8.9692,1,2.907136
2134.9102,7.95399999999972,1,2.22208
2142.9235,8.01330000000007,1,2.228224
2152.1324,9.20890000000009,1,2.217984
2159.9844,7.85199999999986,1,2.221056
2167.938,7.95360000000028,1,2.219008
2177.0244,9.08639999999968,1,2.911232
2184.898,7.87360000000035,1,2.226176
2192.9611,8.06309999999985,1,2.219008
2201.8974,8.93629999999985,1,2.226176
2210.0529,8.1555000000003,1,2.224128
2218.0131,7.96019999999999,1,2.22208
2226.0166,8.0034999999998,1,2.22208
2234.8819,8.86529999999993,1,2.911232
2242.933,8.05110000000013,1,2.2272
2252.1187,9.1857,1,2.224128
2260.0269,7.90819999999985,1,2.225152
2268.0433,8.01639999999998,1,2.217984
2276.1222,8.07889999999998,1,2.217984
2284.9138,8.79160000000002,1,2.900992
2292.9751,8.0613000000003,1,2.220032
2301.9554,8.98029999999972,1,2.899968
2309.8951,7.93970000000036,1,2.224128
2317.9933,8.09819999999991,1,2.225152
2326.9922,8.99890000000005,1,2.910208
2334.8782,7.88599999999997,1,2.220032
2343.0131,8.13490000000002,1,2.217984
2351.0368,8.02369999999974,1,2.896896
2359.9738,8.93700000000035,1,2.916352
2367.8566,7.88279999999986,1,2.22208
2377.2375,9.38090000000011,1,2.22208
2384.9118,7.67429999999968,1,2.275328
2393.2248,8.3130000000001,1,2.275328
2401.4982,8.27340000000004,1,2.274304
2409.9681,8.46990000000005,1,2.275328
2417.8579,7.88979999999992,1,2.2784
2427.0633,9.20539999999983,1,2.275328
2434.9977,7.9344000000001,1,2.276352
2442.9879,7.99020000000019,1,2.27328
2451.948,8.96009999999978,1,2.272256
2460.0687,8.12069999999994,1,2.2784
2467.9891,7.92039999999997,1,2.276352
2477.0897,9.10060000000021,1,2.27328
2484.925,7.83530000000019,1,2.275328
2492.8202,7.89519999999993,1,2.277376
2501.846,9.02579999999989,1,2.274304
2509.9222,8.07619999999997,1,2.272256
2517.8909,7.9686999999999,1,2.272256
2526.9924,9.10150000000021,1,2.270208
2534.9065,7.91409999999996,1,2.27328
2542.8997,7.99319999999989,1,2.274304
2551.9523,9.05259999999998,1,2.272256
2559.848,7.89570000000003,1,2.2784
2567.828,7.98000000000002,1,2.27328
2576.6308,8.80279999999993,1,2.269184
2585.0219,8.39110000000028,1,2.280448
2592.7582,7.73630000000003,1,2.280448
2601.7925,9.0342999999998,1,2.274304
2609.9296,8.13709999999992,1,2.277376
2617.882,7.95240000000013,1,2.275328
2626.6369,8.75489999999991,1,2.2784
2634.8012,8.16429999999991,1,2.27328
2642.6885,7.88730000000032,1,2.281472
2651.7452,9.05669999999964,1,2.276352
2659.75,8.00480000000016,1,2.280448
2667.7503,8.00030000000015,1,2.275328
2676.6138,8.86349999999993,1,2.272256
2684.9513,8.33750000000009,1,2.279424
2692.6969,7.74559999999974,1,2.27328
2701.7334,9.03650000000016,1,2.2784
2709.8362,8.10280000000012,1,2.271232
2717.7983,7.96209999999974,1,2.274304
2726.7742,8.97589999999991,1,2.2784
2734.7523,7.97810000000027,1,2.276352
2742.8733,8.12100000000009,1,2.280448
2751.6313,8.75799999999981,1,2.27328
2759.6852,8.05389999999989,1,2.276352
2767.6649,7.97970000000032,1,2.274304
2776.6929,9.02799999999979,1,2.277376
2784.6672,7.97429999999986,1,2.2784
2792.6951,8.02790000000005,1,2.272256
2801.644,8.94889999999987,1,2.2784
2809.6527,8.00870000000032,1,2.279424
2818.6209,8.9681999999998,1,2.277376
2826.7685,8.14760000000024,1,2.277376
2834.6812,7.91269999999986,1,2.2784
2842.7098,8.0286000000001,1,2.279424
2851.6721,8.96229999999969,1,2.274304
2859.7984,8.12630000000036,1,2.2784
2867.6542,7.85579999999982,1,2.276352
2876.6357,8.98149999999987,1,2.282496
2884.7299,8.0942,1,2.277376
2892.7951,8.0652,1,2.280448
2901.6981,8.90300000000025,1,2.277376
2909.7872,8.08910000000014,1,2.272256
2917.8987,8.11149999999998,1,2.279424
2926.7295,8.83079999999973,1,2.2784
2934.8106,8.08109999999988,1,2.279424
2942.6612,7.85060000000021,1,2.279424
2951.7262,9.06500000000005,1,2.277376
2959.774,8.04779999999982,1,2.277376
2967.7111,7.9371000000001,1,2.279424
2976.6479,8.93679999999995,1,2.2784
2984.8535,8.20560000000023,1,2.28352
2992.6708,7.8172999999997,1,2.286592
3001.667,8.99620000000004,1,2.282496
3009.8085,8.14150000000018,1,2.286592
3017.7921,7.98360000000002,1,2.281472
3026.7808,8.98869999999988,1,2.286592
3034.7427,7.96189999999979,1,2.286592
3042.7806,8.03790000000026,1,2.284544
3051.7323,8.95170000000007,1,2.282496
3059.8247,8.0924,1,2.277376
3067.7279,7.90319999999974,1,2.286592
3076.694,8.9661000000001,1,2.2784
3084.7933,8.09929999999986,1,2.284544
3092.7504,7.95710000000008,1,2.281472
3101.6379,8.88750000000027,1,2.282496
3109.9631,8.32519999999977,1,2.285568
3117.6986,7.73550000000023,1,2.285568
3126.7111,9.01249999999982,1,2.285568
3134.7194,8.00829999999996,1,2.276352
3142.706,7.98660000000018,1,2.28352
3151.6973,8.99129999999968,1,2.284544
3159.6961,7.9988000000003,1,2.284544
3167.8944,8.19830000000002,1,2.286592
3176.7184,8.82400000000007,1,2.285568
3184.8819,8.16349999999966,1,2.28352
3192.734,7.85210000000006,1,2.287616
3201.7474,9.01340000000027,1,2.282496
3209.7305,7.98309999999992,1,2.282496
3217.8325,8.10199999999986,1,2.282496
3226.6833,8.85080000000016,1,2.28352
3234.7622,8.07889999999998,1,2.286592
3242.6716,7.90940000000001,1,2.284544
3251.8083,9.13670000000002,1,2.28352
3259.7174,7.90909999999985,1,2.287616
3267.7164,7.9989999999998,1,2.289664
3276.6743,8.95790000000034,1,2.274304
3284.9752,8.30089999999973,1,2.284544
3292.7011,7.72590000000037,1,2.276352
3301.6823,8.98119999999972,1,2.281472
3309.7287,8.04640000000018,1,2.282496
3317.7266,7.99789999999985,1,2.285568
3326.8627,9.13610000000017,1,2.282496
3334.8363,7.97359999999981,1,2.284544
3342.8255,7.98919999999998,1,2.2784
3351.7765,8.95100000000002,1,2.282496
3359.8493,8.07279999999992,1,2.285568
3367.6906,7.84130000000005,1,2.2784
3376.6908,9.00019999999995,1,2.282496
3384.7889,8.09810000000016,1,2.28352
3392.7376,7.94869999999992,1,2.284544
3401.2645,8.5269000000003,1,2.284544
3410.1876,8.92309999999998,1,2.28352
3417.6949,7.50729999999976,1,2.284544
3426.7401,9.04520000000002,1,2.286592
3434.7399,7.99980000000005,1,2.285568
3442.6931,7.95319999999992,1,2.285568
3451.6987,9.00559999999996,1,2.280448
3459.7418,8.04309999999987,1,2.28864
3467.7021,7.96030000000019,1,2.285568
3476.7107,9.00860000000011,1,2.277376
3484.8377,8.12699999999995,1,2.284544
3492.8325,7.99479999999994,1,2.279424
3501.9225,9.09000000000015,1,2.2784
3509.9236,8.00109999999995,1,2.282496
3517.8187,7.89509999999973,1,2.286592
3526.8101,8.99140000000034,1,2.284544
3534.9516,8.14149999999972,1,2.285568
3542.8486,7.89699999999993,1,2.284544
3551.8536,9.00500000000011,1,2.286592
3559.9769,8.1233000000002,1,2.282496
3567.8433,7.86639999999989,1,2.28352
3576.7945,8.95119999999997,1,2.276352
3584.9678,8.17329999999993,1,2.320384
3592.9038,7.93600000000015,1,2.323456
3601.7901,8.88630000000012,1,2.326528
3609.8189,8.02880000000005,1,2.3296
3617.8849,8.0659999999998,1,2.322432
3626.7576,8.8726999999999,1,2.31936
3634.825,8.06739999999991,1,2.32448
3642.7611,7.93610000000035,1,2.322432
3651.9748,9.21369999999979,1,2.326528
3659.6996,7.72479999999996,1,2.320384
3667.7699,8.07029999999986,1,2.326528
3676.6842,8.91430000000037,1,2.320384
3684.7326,8.04839999999967,1,2.327552
3692.7602,8.02760000000035,1,2.320384
3701.8139,9.05369999999994,1,2.325504
3709.923,8.10909999999967,1,2.327552
3718.0559,8.13290000000006,1,2.32448
3725.903,7.84709999999995,1,2.315264
3734.8531,8.95010000000002,1,3.058688
3743.0014,8.14830000000029,1,2.32448
3750.8601,7.85869999999977,1,2.320384
3759.9306,9.07050000000027,1,3.058688
3767.7351,7.80449999999973,1,2.328576
3776.9035,9.16840000000002,1,2.32448
3784.8406,7.9371000000001,1,2.323456
3792.8032,7.96259999999984,1,2.325504
3801.8603,9.05709999999999,1,2.3296
3809.9405,8.08020000000033,1,2.330624
3817.7778,7.83729999999969,1,2.31936
3826.8853,9.10750000000007,1,2.326528
3835.199,8.31370000000015,1,2.321408
3842.8907,7.69169999999986,1,2.32448
3851.9226,9.03189999999995,1,2.322432
3859.9205,7.9979000000003,1,2.328576
3867.7829,7.86239999999998,1,2.327552
3876.9319,9.14899999999989,1,2.326528
3884.9101,7.97820000000002,1,2.327552
3892.829,7.91890000000012,1,2.323456
3901.8727,9.04369999999972,1,2.325504
3909.824,7.95130000000017,1,2.326528
3917.88,8.05600000000004,1,2.327552
3926.8106,8.93059999999969,1,2.327552
3934.8122,8.00160000000005,1,2.325504
3942.9222,8.11000000000013,1,2.321408
3951.8328,8.91060000000016,1,2.32448
3959.7619,7.92909999999983,1,2.32448
3967.8168,8.05490000000009,1,2.326528
3976.8553,9.03850000000011,1,2.32448
3984.9707,8.11539999999968,1,2.32448
3992.8006,7.82990000000018,1,2.323456
4001.9444,9.14379999999983,1,2.321408
4009.9145,7.9701,1,2.327552
4017.8042,7.88970000000018,1,2.32448
4027.252,9.44779999999992,1,2.32448
4034.7817,7.52970000000005,1,2.3296
4042.8569,8.07520000000022,1,2.32448
4052.0098,9.15289999999959,1,2.325504
4059.8389,7.82910000000038,1,2.31936
4067.8643,8.02539999999999,1,2.326528
4076.927,9.06269999999995,1,2.326528
4084.7678,7.84079999999994,1,2.323456
4092.8017,8.0338999999999,1,2.323456
4101.8334,9.03170000000046,1,2.323456
4109.9956,8.16219999999976,1,2.322432
4117.8716,7.8760000000002,1,2.325504
4126.9464,9.07479999999941,1,2.328576
4134.9521,8.00570000000062,1,2.325504
4142.9305,7.97839999999997,1,2.323456
4152.0296,9.09909999999945,1,2.31936
4159.8878,7.85820000000058,1,2.325504
4168.2687,8.3808999999992,1,2.327552
4175.8642,7.59550000000036,1,2.32448
4184.8914,9.02720000000045,1,3.057664
4192.7559,7.86449999999968,1,2.328576
4201.8121,9.05619999999999,1,2.31936
4210.3607,8.54860000000008,1,2.323456
4218.8167,8.45600000000013,1,2.328576
4226.6878,7.87109999999939,1,2.320384
4234.8519,8.16409999999996,1,2.328576
4242.6899,7.83800000000065,1,2.331648
4251.7659,9.07600000000002,1,2.325504
4259.7254,7.95949999999993,1,2.328576
4267.7079,7.98250000000007,1,2.322432
4276.6847,8.97679999999946,1,2.322432
4284.8506,8.16589999999997,1,2.327552
4292.743,7.89240000000063,1,2.318336
4301.7002,8.95719999999983,1,2.323456
4309.8211,8.12089999999989,1,2.318336
4317.7065,7.88540000000012,1,2.330624
4326.6738,8.96729999999934,1,2.328576
4334.7244,8.05060000000049,1,2.326528
4342.7908,8.0663999999997,1,2.322432
4351.7357,8.94490000000042,1,2.325504
4359.8003,8.0645999999997,1,2.326528
4367.6979,7.89760000000024,1,2.323456
4376.772,9.07409999999982,1,2.325504
4384.7167,7.94470000000001,1,2.335744
4392.7731,8.05640000000039,1,2.332672
4401.3009,8.52779999999984,1,2.33472
4410.2034,8.90250000000015,1,2.33472
4417.7169,7.51350000000002,1,2.33472
4426.7923,9.07539999999972,1,2.3296
4434.7545,7.96219999999994,1,2.33472
4442.7397,7.98520000000008,1,2.332672
4451.7411,9.0014000000001,1,2.330624
4459.744,8.0028999999995,1,2.332672
4467.7544,8.01040000000012,1,2.333696
4476.6846,8.93019999999979,1,2.330624
4484.9997,8.31510000000071,1,2.335744
4492.707,7.70730000000003,1,2.33472
4501.7391,9.03209999999945,1,2.332672
4509.7866,8.04750000000058,1,2.332672
4517.7384,7.95179999999982,1,2.33472
4526.7183,8.97990000000027,1,2.332672
4534.8275,8.10919999999987,1,2.332672
4542.7271,7.89959999999974,1,2.330624
4551.7563,9.02919999999995,1,2.332672
4559.8025,8.04619999999977,1,2.330624
4567.797,7.99449999999979,1,2.335744
4576.7149,8.91790000000037,1,2.33472
4584.8658,8.15089999999964,1,2.333696
4592.7346,7.86880000000019,1,2.33472
4601.7524,9.01780000000053,1,2.33472
4609.9383,8.18589999999949,1,2.328576
4617.8477,7.90940000000046,1,2.332672
4626.8769,9.02919999999995,1,2.336768
4634.8175,7.9405999999999,1,2.325504
4642.7728,7.95529999999962,1,2.333696
4651.812,9.03920000000016,1,2.33472
4659.7611,7.94909999999982,1,2.320384
4667.7507,7.98959999999988,1,2.335744
4676.9141,9.16340000000037,1,2.335744
4684.8868,7.97270000000026,1,2.331648
4692.9002,8.01339999999982,1,2.3296
4701.8142,8.91399999999976,1,2.332672
4709.8149,8.00070000000051,1,2.33472
4717.7283,7.91339999999946,1,2.33472
4726.8343,9.10600000000068,1,2.332672
4734.8416,8.0072999999993,1,2.331648
4742.8286,7.98700000000008,1,2.3296
4751.7353,8.90670000000046,1,2.335744
4759.7868,8.05149999999958,1,2.33472
4767.7059,7.91910000000007,1,2.333696
4776.7256,9.01969999999983,1,2.323456
4784.809,8.08340000000044,1,2.331648
4792.7466,7.9376000000002,1,2.812928
4801.7276,8.98099999999977,1,2.3296
4809.7767,8.04910000000018,1,2.330624
4817.7266,7.94989999999962,1,2.330624
4826.6975,8.97090000000026,1,2.33472
4834.8508,8.15329999999994,1,2.331648
4842.7347,7.88389999999981,1,2.335744
4851.8138,9.07909999999993,1,2.331648
4859.6692,7.85540000000037,1,2.33472
4867.7732,8.10399999999936,1,2.330624
4876.6949,8.92170000000078,1,2.328576
4884.8943,8.19939999999951,1,2.332672
4892.7586,7.86430000000018,1,2.330624
4901.7723,9.01369999999952,1,2.331648
4909.7842,8.01190000000042,1,2.333696
4917.7672,7.98300000000017,1,2.328576
4927.0803,9.31309999999939,1,2.331648
4934.8411,7.76080000000002,1,2.335744
4942.8509,8.00980000000072,1,2.32448
4951.8891,9.03819999999996,1,2.332672
4959.8687,7.97959999999966,1,2.3296
4967.7032,7.83449999999993,1,2.333696
4976.7936,9.09040000000005,1,2.335744
4984.7761,7.98250000000007,1,2.332672
4992.747,7.97090000000026,1,2.33472
5001.7173,8.97029999999995,1,2.332672
5009.9269,8.20960000000014,1,2.326528
5017.7614,7.83449999999993,1,2.807808
5026.8317,9.07029999999941,1,2.325504
5034.7718,7.94010000000071,1,2.336768
5042.7928,8.02099999999973,1,2.330624
5051.6915,8.89869999999974,1,2.332672
5059.8629,8.17140000000018,1,2.331648
5067.7266,7.86369999999988,1,2.333696
5076.8648,9.13820000000032,1,2.3296
5084.8561,7.99129999999968,1,2.32448
5092.84,7.98390000000018,1,2.328576
5101.8551,9.01509999999962,1,2.331648
5110.0217,8.16660000000047,1,2.327552
5117.9107,7.88900000000012,1,2.330624
5126.8397,8.92900000000009,1,2.331648
5134.7641,7.92439999999988,1,2.331648
5142.7553,7.99119999999948,1,2.3296
5151.7482,8.99290000000019,1,2.32448
5159.7368,7.98859999999968,1,2.327552
5167.7361,7.9993000000004,1,2.331648
5176.7721,9.03600000000006,1,2.328576
5184.8868,8.11470000000008,1,2.333696
5192.7234,7.83659999999963,1,2.330624
5201.7242,9.0007999999998,1,2.330624
5209.7885,8.0643,1,2.332672
5217.7719,7.98340000000007,1,2.331648
5226.7787,9.00680000000011,1,2.330624
5234.8644,8.08570000000054,1,2.326528
5242.7548,7.89039999999932,1,2.331648
5251.8655,9.11070000000018,1,2.325504
5259.8152,7.94970000000012,1,2.331648
5267.8458,8.03060000000005,1,2.33472
5276.8126,8.96680000000015,1,2.330624
5284.8016,7.98899999999958,1,2.33984
5292.7133,7.91170000000056,1,2.330624
5301.7701,9.05679999999938,1,2.332672
5309.8359,8.06580000000031,1,2.326528
5317.832,7.9961000000003,1,2.331648
5326.6853,8.85329999999976,1,2.331648
5334.7591,8.07380000000012,1,2.333696
5342.7688,8.00969999999961,1,2.327552
5351.6693,8.90049999999974,1,2.333696
5359.8778,8.20850000000064,1,2.330624
5367.7795,7.90169999999944,1,2.326528
5377.0098,9.23030000000017,1,2.330624
5384.7575,7.7476999999999,1,2.331648
5392.7977,8.04020000000037,1,2.326528
5401.291,8.49330000000009,1,2.333696
5410.4037,9.11269999999968,1,2.326528
5417.7447,7.34100000000035,1,2.333696
5426.7578,9.01310000000012,1,2.32448
5434.7753,8.01749999999993,1,2.332672
5442.79,8.01469999999972,1,2.327552
5451.811,9.02099999999973,1,2.325504
5459.8053,7.99430000000029,1,2.330624
5468.1341,8.32880000000023,1,2.331648
5475.7846,7.65049999999974,1,2.330624
5484.8828,9.09820000000036,1,2.3296
5492.7339,7.85109999999986,1,2.330624
5501.7321,8.9982,1,2.336768
5509.7738,8.04169999999976,1,2.327552
5517.815,8.04119999999966,1,2.331648
5526.7298,8.91480000000047,1,2.328576
5534.8323,8.10249999999996,1,2.332672
5542.7436,7.91129999999976,1,2.333696
5551.8122,9.06860000000052,1,2.326528
5559.8773,8.0650999999998,1,2.326528
5567.8586,7.98129999999946,1,2.331648
5576.8136,8.95500000000084,1,2.330624
5585.0185,8.20489999999972,1,2.336768
5592.7939,7.77539999999954,1,2.331648
5601.7431,8.94920000000002,1,2.331648
5610.0124,8.26929999999993,1,2.328576
5617.8144,7.80200000000059,1,2.328576
5626.9565,9.14210000000003,1,2.330624
5634.8155,7.85899999999947,1,2.325504
5642.8373,8.02180000000044,1,2.328576
5651.7708,8.93350000000009,1,2.332672
5659.7838,8.01299999999992,1,2.331648
5667.7892,8.00540000000001,1,2.333696
5676.7434,8.95420000000013,1,2.331648
5684.8618,8.11839999999938,1,2.333696
5692.8629,8.00110000000041,1,2.3296
5701.7892,8.92630000000008,1,2.330624
5709.9713,8.18209999999999,1,2.3296
5717.7725,7.80119999999988,1,2.3296
5726.6964,8.92389999999978,1,2.331648
5734.7508,8.05439999999999,1,2.326528
5742.8662,8.11540000000059,1,2.333696
5751.7513,8.88509999999951,1,2.3296
5759.8005,8.04920000000038,1,2.330624
5767.7332,7.93269999999939,1,2.33472
5776.802,9.06880000000001,1,2.332672
5785.1111,8.3091000000004,1,2.332672
5792.7648,7.65369999999984,1,2.32448
5801.7056,8.94080000000031,1,2.326528
5809.7988,8.09319999999934,1,2.332672
5817.6847,7.88590000000022,1,2.330624
5826.7144,9.02970000000005,1,2.330624
5834.7998,8.08539999999994,1,2.327552
5842.7684,7.96860000000015,1,2.326528
5851.8328,9.06440000000021,1,2.3296
5859.7963,7.96349999999984,1,2.332672
5867.8109,8.01460000000043,1,2.330624
5876.7198,8.90889999999945,1,2.332672
5884.81,8.09020000000055,1,2.328576
5892.7262,7.91619999999966,1,2.33472
5901.7719,9.04569999999967,1,2.3296
5909.7745,8.00260000000071,1,2.332672
5917.8296,8.05509999999958,1,2.333696
5926.6806,8.85099999999966,1,2.331648
5934.8227,8.14210000000003,1,2.336768
5942.76,7.9373000000005,1,2.340864
5951.7509,8.99089999999978,1,2.3296
5959.7711,8.02019999999993,1,2.331648
5967.8632,8.09209999999985,1,2.3296
5976.9037,9.04050000000007,1,2.327552
5984.8687,7.96500000000015,1,2.341888
5992.8282,7.95949999999993,1,2.340864
6001.7779,8.94970000000012,1,2.340864
6009.8757,8.09779999999955,1,2.330624
6017.8011,7.92540000000008,1,2.340864
6026.8036,9.00250000000051,1,2.336768
6034.8536,8.05000000000018,1,2.33984
6042.7804,7.92679999999928,1,2.337792
6051.7587,8.97830000000067,1,2.342912
6059.9073,8.14859999999953,1,2.341888
6067.7392,7.83190000000013,1,2.338816
6076.8497,9.11049999999977,1,2.340864
6084.8823,8.03260000000046,1,2.336768
6092.8084,7.92609999999968,1,2.33984
6101.7259,8.91750000000047,1,2.336768
6109.8261,8.10019999999986,1,2.33472
6117.7192,7.89309999999932,1,2.336768
6126.7445,9.02530000000024,1,2.33472
6135.0093,8.26479999999992,1,2.343936
6142.7796,7.77030000000013,1,2.337792
6151.7784,8.9988000000003,1,2.336768
6159.8719,8.09349999999995,1,2.338816
6167.7874,7.91550000000007,1,2.341888
6176.7653,8.97789999999986,1,2.340864
6184.8964,8.13109999999961,1,2.341888
6192.7264,7.82999999999993,1,2.336768
6201.7392,9.01280000000042,1,2.337792
6209.8036,8.06440000000021,1,2.33472
6217.7687,7.96509999999944,1,2.338816
6226.7154,8.94670000000042,1,2.341888
6234.8724,8.15700000000015,1,2.338816
6242.7435,7.87109999999939,1,2.337792
6251.824,9.08050000000003,1,2.336768
6259.8551,8.03110000000015,1,2.338816
6267.8001,7.94500000000062,1,2.338816
6276.7895,8.98939999999948,1,2.335744
6284.8085,8.01900000000023,1,2.337792
6292.7182,7.90970000000016,1,2.33472
6301.732,9.01379999999972,1,2.330624
6309.8803,8.14829999999984,1,2.338816
6317.8572,7.97690000000057,1,2.336768
6326.7415,8.88429999999971,1,2.332672
6334.77,8.02850000000035,1,2.33984
6342.7762,8.00619999999981,1,2.340864
6351.727,8.95079999999962,1,2.33984
6359.799,8.07200000000012,1,2.336768
6367.7409,7.94189999999981,1,2.337792
6376.8333,9.09240000000045,1,2.340864
6384.7372,7.90389999999934,1,2.340864
6392.7801,8.04290000000037,1,2.335744
6401.3216,8.54150000000027,1,2.33472
6410.3116,8.98999999999978,1,2.338816
6417.7625,7.45089999999982,1,2.338816
6426.7409,8.97839999999997,1,2.337792
6434.7428,8.00190000000021,1,2.340864
6442.7919,8.04910000000018,1,2.33984
6451.8017,9.00979999999981,1,2.797568
6459.8235,8.02180000000044,1,2.337792
6467.7286,7.90509999999995,1,2.335744
6476.8579,9.1292999999996,1,2.338816
6484.8199,7.96200000000044,1,2.33472
6492.747,7.92709999999988,1,2.336768
6501.7601,9.01310000000012,1,2.337792
6509.902,8.14189999999962,1,2.331648
6517.8363,7.93429999999989,1,2.33984
6526.7395,8.90319999999974,1,2.340864
6534.8472,8.10770000000048,1,2.33472
6542.7842,7.9369999999999,1,2.337792
6551.8306,9.04640000000018,1,2.337792
6559.8118,7.98120000000017,1,2.337792
6567.7498,7.93799999999919,1,2.33984
6576.8245,9.07470000000012,1,2.340864
6584.878,8.05349999999999,1,2.336768
6592.8268,7.94880000000012,1,2.341888
6601.7592,8.9324000000006,1,2.338816
6610.0274,8.26819999999952,1,2.33472
6617.7974,7.77000000000044,1,2.333696
6626.9083,9.11089999999967,1,2.33984
6634.8759,7.96759999999995,1,2.340864
6642.8257,7.94980000000032,1,2.338816
6651.7856,8.95989999999983,1,2.340864
6659.8263,8.04069999999956,1,2.338816
6667.8113,7.98500000000058,1,2.337792
6676.8576,9.04629999999997,1,2.341888
6684.8996,8.04199999999946,1,2.337792
6692.8314,7.93180000000029,1,2.342912
6701.8154,8.98400000000038,1,2.337792
6709.9557,8.14030000000002,1,2.33984
6717.7839,7.82819999999992,1,2.341888
6726.7636,8.97969999999987,1,2.341888
6734.8047,8.04109999999946,1,2.335744
6742.9122,8.10750000000007,1,2.343936
6751.7796,8.86740000000009,1,2.341888
6759.9282,8.14860000000044,1,2.340864
6767.7401,7.8118999999997,1,2.33984
6776.7927,9.05259999999998,1,2.340864
6784.918,8.1252999999997,1,2.338816
6792.7474,7.82940000000053,1,2.340864
6801.7197,8.97229999999945,1,2.340864
6809.8419,8.1222000000007,1,2.33984
6817.7935,7.95159999999942,1,2.342912
6826.6975,8.90400000000045,1,2.341888
6834.8166,8.11909999999989,1,2.337792
6842.7872,7.97059999999965,1,2.342912
6851.9274,9.14019999999982,1,2.337792
6859.8096,7.88220000000001,1,2.343936
6867.8961,8.08650000000034,1,2.33472
6876.8108,8.91470000000027,1,2.33472
6884.828,8.01720000000023,1,2.35008
6892.7474,7.91939999999977,1,2.340864
6901.7842,9.03679999999986,1,2.343936
6909.8186,8.03439999999955,1,2.341888
6917.844,8.02540000000045,1,2.338816
6926.7014,8.85739999999987,1,2.340864
6934.7764,8.07499999999982,1,2.352128
6942.7647,7.98829999999998,1,2.341888
6951.7367,8.97200000000066,1,2.342912
6959.8585,8.12179999999989,1,2.33984
6967.8065,7.94799999999941,1,2.336768
6976.7684,8.96190000000024,1,2.342912
6984.7973,8.02890000000025,1,2.342912
6992.7784,7.98109999999997,1,2.342912
7001.6944,8.91600000000017,1,2.342912
7009.8819,8.1875,1,2.340864
7017.7615,7.8795999999993,1,2.347008
7026.8459,9.08440000000064,1,2.34496
7034.7583,7.91240000000016,1,2.343936
7042.9904,8.23209999999926,1,2.338816
7051.7755,8.78510000000006,1,2.341888
7059.8654,8.08989999999994,1,2.33984
7067.7525,7.88709999999992,1,2.333696
7076.9638,9.21130000000085,1,2.340864
7084.8556,7.89179999999942,1,2.347008
7092.8107,7.95510000000013,1,2.347008
7101.7565,8.94580000000042,1,2.347008
7109.872,8.11549999999988,1,2.348032
7117.7984,7.92639999999938,1,2.35008
7126.7714,8.97299999999996,1,2.359296
7134.9037,8.13230000000021,1,2.351104
7142.8532,7.94949999999972,1,2.353152
7151.8392,8.98600000000079,1,2.3552
7159.8686,8.02939999999944,1,2.3552
7167.7272,7.85860000000048,1,2.356224
7176.812,9.08479999999963,1,2.357248
7184.8128,8.0007999999998,1,2.37568
7192.824,8.01119999999992,1,2.372608
7201.7601,8.93610000000081,1,2.369536
7209.8201,8.05999999999949,1,2.369536
7217.8208,8.00070000000051,1,2.36032
7226.7578,8.9369999999999,1,2.36032
7234.8204,8.06259999999929,1,2.359296
7242.7737,7.95330000000013,1,2.361344
7251.8892,9.11549999999988,1,2.36032
7259.7865,7.89730000000054,1,2.361344
7267.7595,7.97299999999996,1,2.364416
7276.843,9.08349999999973,1,2.363392
7284.8594,8.01640000000043,1,2.364416
7292.7498,7.89039999999932,1,2.371584
7301.7547,9.00490000000082,1,2.371584
7309.9278,8.17309999999998,1,2.37568
7317.7704,7.84259999999995,1,2.373632
7326.7069,8.9364999999998,1,2.379776
7334.7953,8.08839999999964,1,2.383872
7342.7512,7.95589999999993,1,2.388992
7351.7092,8.95800000000054,1,2.382848
7359.8397,8.13050000000021,1,2.382848
7367.7802,7.9404999999997,1,2.377728
7376.7856,9.00540000000001,1,2.381824
7384.8268,8.04119999999966,1,2.382848
7392.8772,8.05040000000008,1,2.382848
7401.3478,8.47059999999965,1,2.39104
7409.507,8.15920000000006,1,2.386944
7418.8142,9.30720000000019,1,3.127296
7426.859,8.04480000000058,1,2.412544
7434.9348,8.07579999999962,1,2.40128
7442.8797,7.94490000000042,1,2.397184
7451.7682,8.88850000000002,1,2.399232
7459.8304,8.06219999999939,1,2.398208
7467.8457,8.01530000000002,1,2.404352
7476.7877,8.94200000000001,1,2.40128
7484.8413,8.05360000000019,1,2.395136
7492.7789,7.9376000000002,1,2.393088
7501.7787,8.9997999999996,1,2.38592
7509.8662,8.08750000000055,1,2.38592
7517.7513,7.88509999999951,1,2.388992
7526.8029,9.05159999999978,1,2.383872
7534.9168,8.11390000000029,1,2.386944
7542.8092,7.89239999999972,1,2.382848
7551.8117,9.00250000000051,1,2.392064
7559.8523,8.04059999999936,1,2.386944
7567.814,7.96170000000075,1,2.39616
7576.9374,9.12339999999949,1,2.407424
7584.8776,7.9402,1,2.404352
7592.8004,7.92280000000028,1,2.41152
7601.7557,8.95529999999962,1,2.405376
7609.9466,8.19090000000051,1,2.414592
7617.8037,7.85710000000017,1,2.415616
7626.8975,9.09379999999965,1,2.414592
7635.1024,8.20489999999972,1,2.413568
7642.9222,7.81980000000021,1,2.420736
7651.8526,8.93040000000019,1,2.419712
7659.8956,8.04299999999967,1,2.423808
7667.9182,8.02260000000024,1,2.42176
7676.8437,8.92550000000028,1,2.429952
7684.887,8.04329999999936,1,2.438144
7692.9251,8.03810000000067,1,2.432
7701.9001,8.97499999999945,1,2.440192
7709.9023,8.0021999999999,1,2.445312
7717.8043,7.90200000000004,1,2.448384
7726.8416,9.03729999999996,1,2.451456
7735.0719,8.23030000000017,1,2.455552
7742.8047,7.73279999999977,1,2.464768
7751.9097,9.10500000000047,1,2.470912
7759.8173,7.90759999999955,1,2.491392
7767.8629,8.04560000000038,1,2.502656
7776.8052,8.9422999999997,1,2.511872
7784.7772,7.97200000000066,1,2.527232
7792.771,7.99379999999928,1,2.537472
7801.7468,8.97580000000016,1,2.533376
7810.0661,8.31930000000011,1,2.551808
7817.8344,7.76829999999973,1,2.555904
7826.7831,8.94869999999992,1,2.553856
7834.8779,8.09480000000076,1,2.556928
7842.8831,8.0051999999996,1,2.555904
7851.7972,8.91409999999996,1,2.556928
7859.8217,8.02450000000044,1,2.56
7867.8426,8.02089999999953,1,2.558976
7876.7743,8.93170000000009,1,2.558976
7884.974,8.19970000000012,1,2.569216
7892.7925,7.8184999999994,1,2.563072
7901.8017,9.00920000000042,1,2.57536
7910.1058,8.30410000000029,1,2.584576
7917.7782,7.67239999999947,1,2.582528
7926.9372,9.15900000000056,1,2.578432
7934.8306,7.89339999999993,1,2.58048
7942.9175,8.08689999999933,1,2.584576
7951.7882,8.8707000000004,1,2.589696
7959.8502,8.0619999999999,1,2.592768
7967.7857,7.9355000000005,1,2.592768
7976.8353,9.04959999999937,1,2.587648
7984.8607,8.02540000000045,1,2.55488
7992.9005,8.03979999999956,1,2.56512
8001.7188,8.81829999999991,1,2.569216
8009.9601,8.24130000000059,1,2.57536
8017.8045,7.84439999999995,1,2.57024
8026.8532,9.04869999999937,1,2.574336
8034.9658,8.11260000000038,1,2.591744
8042.8156,7.84979999999996,1,2.605056
8051.8031,8.98750000000018,1,2.612224
8059.8596,8.05649999999969,1,2.622464
8067.7547,7.89510000000064,1,2.622464
8076.8649,9.11019999999917,1,2.628608
8085.0182,8.15330000000085,1,2.63168
8092.8071,7.78889999999956,1,2.633728
8101.8502,9.04309999999987,1,2.635776
8109.9053,8.05510000000049,1,2.633728
8117.8261,7.92079999999987,1,2.642944
8126.7529,8.92680000000018,1,2.649088
8134.8663,8.11339999999927,1,2.651136
8142.8342,7.96790000000055,1,2.653184
8151.8821,9.04789999999957,1,2.648064
8159.8924,8.01029999999992,1,2.658304
8167.8592,7.96680000000015,1,2.658304
8176.7857,8.92650000000049,1,2.663424
8184.8679,8.08219999999983,1,2.581504
8192.7692,7.90130000000045,1,2.574336
8202.0191,9.24989999999889,1,2.583552
8210.0054,7.98630000000048,1,2.581504
8217.8971,7.89170000000013,1,2.584576
8226.7988,8.90170000000035,1,2.59072
8234.8348,8.03600000000006,1,2.59072
8242.8608,8.02599999999984,1,2.59584
8251.7409,8.88010000000031,1,2.594816
8259.8736,8.13270000000011,1,2.60096
8267.798,7.92439999999988,1,2.613248
8276.8539,9.05589999999938,1,2.620416
8284.8551,8.00120000000061,1,2.628608
8292.8073,7.95219999999972,1,2.628608
8301.7264,8.91909999999916,1,2.634752
8310.1895,8.46310000000085,1,2.643968
8317.7829,7.59339999999975,1,2.65216
8326.764,8.98109999999906,1,2.663424
8334.8293,8.06530000000021,1,2.67264
8342.8652,8.03590000000077,1,2.679808
8351.784,8.91879999999946,1,3.095552
8359.954,8.17000000000007,1,2.689024
8367.7957,7.84170000000086,1,2.697216
8376.9235,9.12780000000021,1,2.7136
8384.8707,7.9471999999987,1,2.63168
8392.8244,7.95370000000003,1,2.627584
8401.4025,8.57810000000063,1,2.62656
8409.3331,7.93059999999969,1,2.63168
8417.8973,8.56420000000071,1,2.64192
8426.8081,8.91079999999965,1,2.654208
8434.8755,8.06739999999991,1,2.675712
8442.8878,8.01230000000032,1,2.679808
8451.8368,8.9489999999987,1,2.697216
8459.8478,8.01100000000042,1,2.715648
8467.9157,8.06790000000001,1,2.717696
8476.774,8.85829999999987,1,2.731008
8484.8874,8.11340000000018,1,2.732032
8492.7918,7.90440000000126,1,2.729984
8501.8131,9.02129999999852,1,2.73408
8509.942,8.1288999999997,1,2.752512
8517.8021,7.86010000000169,1,2.757632
8526.8127,9.01059999999961,1,2.755584
8534.9206,8.10789999999906,1,2.782208
8542.8373,7.91669999999976,1,2.776064
8551.8496,9.01230000000032,1,2.77504
8559.8084,7.95880000000034,1,2.791424
8567.7914,7.98300000000017,1,2.786304
8576.8986,9.10720000000038,1,2.798592
8584.8477,7.94909999999982,1,2.686976
8592.8515,8.00380000000041,1,2.689024
8601.9508,9.09929999999986,1,2.699264
8609.8923,7.941499999999,1,2.705408
8617.951,8.05869999999959,1,2.71872
8626.8446,8.89360000000124,1,2.714624
8634.8547,8.01009999999951,1,2.737152
8642.9079,8.05320000000029,1,2.732032
8651.8778,8.96990000000005,1,2.738176
8660.0081,8.1302999999989,1,2.751488
8667.8633,7.85520000000179,1,2.752512
8676.8705,9.00720000000001,1,2.765824
8684.9848,8.11429999999928,1,2.779136
8692.9124,7.92759999999907,1,2.781184
8701.9075,8.99510000000009,1,2.787328
8709.9817,8.07420000000093,1,2.797568
8717.8332,7.85149999999885,1,2.803712
8726.9315,9.09830000000147,1,2.797568
8734.997,8.06549999999879,1,2.807808
8742.8549,7.85790000000088,1,2.814976
8751.8392,8.98430000000008,1,2.814976
8759.9717,8.13249999999971,1,2.824192
8767.8359,7.86419999999998,1,2.825216
8776.8812,9.04529999999977,1,2.832384
8784.8962,8.01499999999942,1,2.65728
8792.8117,7.91550000000097,1,2.648064
8801.812,9.0002999999997,1,2.650112
8809.8353,8.02330000000075,1,2.65216
8817.8875,8.05220000000008,1,2.65728
8826.846,8.95849999999882,1,2.656256
8834.9012,8.0552000000007,1,2.660352
8842.8453,7.94410000000062,1,2.655232
8851.863,9.01769999999851,1,2.661376
8859.8696,8.00660000000062,1,2.670592
8867.8976,8.02800000000025,1,2.674688
8876.8192,8.92159999999967,1,2.679808
8884.9664,8.14719999999943,1,2.694144
8892.8374,7.871000000001,1,2.690048
8901.8782,9.04079999999885,1,2.691072
8910.0716,8.19340000000011,1,2.691072
8917.8187,7.7471000000005,1,2.69312
8926.9087,9.09000000000015,1,2.69824
8934.8832,7.97450000000026,1,2.700288
8942.855,7.97179999999935,1,2.69824
8951.8033,8.94830000000002,1,2.696192
8959.8768,8.07350000000042,1,2.704384
8967.8099,7.93310000000019,1,2.700288
8976.8986,9.08870000000024,1,2.705408
8984.8461,7.94750000000022,1,2.610176
8993.1259,8.27979999999843,1,2.6112
9000.8261,7.70020000000113,1,2.610176
9010.1082,9.28210000000036,1,3.213312
9017.8344,7.72619999999915,1,2.610176
9026.8401,9.00569999999971,1,2.613248
9034.8684,8.02829999999994,1,2.615296
9042.9375,8.06910000000062,1,2.610176
9051.8229,8.88539999999921,1,2.6112
9059.9003,8.07740000000013,1,2.610176
9067.8051,7.90480000000025,1,2.604032
9076.8397,9.03460000000086,1,2.613248
9084.8811,8.04140000000007,1,2.605056
9092.996,8.11489999999867,1,2.596864
9101.9045,8.90850000000137,1,2.597888
9109.9216,8.01709999999912,1,2.601984
9118.042,8.12039999999979,1,2.594816
9125.8407,7.79870000000119,1,2.586624
9134.9366,9.09590000000026,1,3.185664
9142.8632,7.92659999999887,1,2.586624
9151.8354,8.97220000000016,1,2.576384
9159.8484,8.01300000000083,1,2.579456
9167.8754,8.02700000000004,1,2.574336
9176.8145,8.9390999999996,1,2.571264
9185.0513,8.23679999999877,1,2.551808
9192.8044,7.75310000000172,1,2.547712
9201.8443,9.03989999999976,1,2.536448
9209.8844,8.04010000000017,1,2.552832
9217.9276,8.04320000000007,1,2.548736
9226.8326,8.90499999999884,1,2.542592
9234.8505,8.01790000000074,1,2.55488
9242.9929,8.14239999999882,1,2.54464
9251.826,8.83309999999983,1,2.541568
9259.84,8.01400000000103,1,2.525184
9267.8771,8.03709999999955,1,2.52928
9277.2033,9.32619999999952,1,2.531328
9284.9651,7.76180000000022,1,2.526208
9292.9905,8.02540000000045,1,2.522112
9301.8138,8.82330000000002,1,2.518016
9310.0788,8.26499999999942,1,2.511872
9317.8428,7.76400000000103,1,2.510848
9326.845,9.00219999999899,1,2.496512
9334.7968,7.95180000000073,1,2.49856
9343.0736,8.27679999999964,1,2.4832
9350.8218,7.7482,1,2.479104
9359.8695,9.04770000000099,1,3.043328
9367.8032,7.93369999999959,1,2.46784
9376.8613,9.05810000000019,1,2.461696
9384.9651,8.10379999999896,1,2.464768
9393.0587,8.09360000000015,1,2.459648
9401.3995,8.34079999999994,1,2.446336
9409.3232,7.92370000000119,1,2.429952
9417.8449,8.52169999999933,1,2.42688
9427.0125,9.16760000000068,1,2.420736
9435.1595,8.14699999999903,1,2.417664
9442.9874,7.82790000000023,1,2.410496
9451.8703,8.88290000000052,1,2.408448
9459.8884,8.01809999999932,1,2.417664
9467.823,7.9346000000005,1,2.40128
9476.837,9.01399999999921,1,2.395136
9484.9037,8.06670000000122,1,2.398208
9492.8353,7.93159999999989,1,2.39104
9501.8174,8.98209999999926,1,2.377728
9509.9158,8.09840000000077,1,2.373632
9517.861,7.94520000000011,1,2.372608
9526.8385,8.97749999999905,1,2.367488
9534.8109,7.97240000000056,1,2.367488
9542.9546,8.14369999999872,1,2.357248
9551.8707,8.91610000000037,1,2.352128
9559.784,7.91330000000016,1,2.33984
9567.9165,8.13249999999971,1,2.330624
9576.8472,8.9307000000008,1,2.322432
9584.9121,8.0648999999994,1,2.310144
9592.8169,7.90480000000025,1,2.297856
9602.0243,9.20739999999932,1,2.28352
9610.1957,8.17140000000109,1,2.282496
9617.8316,7.63589999999931,1,2.280448
9626.804,8.97240000000056,1,2.280448
9634.8386,8.03459999999905,1,2.272256
9642.851,8.01240000000143,1,2.280448
9651.8734,9.02239999999983,1,2.271232
9659.8429,7.96949999999924,1,2.265088
9667.8431,8.0002000000004,1,2.265088
9676.8952,9.05210000000079,1,2.26304
9684.8612,7.96599999999853,1,2.255872
9693.0253,8.16409999999996,1,2.248704
9700.9401,7.91480000000047,1,2.235392
9709.9639,9.02380000000085,1,2.806784
9717.8777,7.91379999999845,1,2.230272
9726.9471,9.06940000000031,1,2.22208
9734.8261,7.87900000000081,1,2.220032
9742.8994,8.07330000000002,1,2.226176
9751.9996,9.10019999999895,1,2.52928
9759.8527,7.85310000000027,1,2.200576
9767.965,8.11230000000069,1,2.200576
9776.9236,8.95859999999993,1,2.193408
9784.8728,7.94919999999911,1,2.19136
9793.0038,8.13100000000122,1,2.192384
9800.7982,7.79439999999886,1,2.183168
9809.8941,9.09590000000026,1,2.183168
9817.8886,7.9945000000007,1,2.18624
9826.7803,8.89170000000013,1,2.182144
9834.8814,8.10109999999986,1,2.172928
9843.0504,8.16899999999987,1,2.164736
9850.8394,7.78900000000067,1,2.162688
9859.8266,8.98719999999958,1,2.737152
9867.8466,8.02000000000044,1,2.154496
9876.9539,9.10729999999967,1,2.163712
9884.8946,7.9406999999992,1,2.159616
9892.877,7.98240000000078,1,2.153472
9901.7966,8.91959999999926,1,2.149376
9910.217,8.42040000000088,1,2.144256
9917.8368,7.61979999999858,1,2.14528
9926.8085,8.97170000000006,1,2.14528
9934.829,8.02050000000054,1,2.146304
9942.9496,8.12060000000019,1,2.143232
9951.8444,8.89480000000003,1,2.136064
9959.9075,8.06309999999939,1,2.13504
9967.8493,7.94180000000051,1,2.1248
9976.8728,9.02349999999933,1,2.113536
9984.8486,7.97580000000016,1,2.107392
9993.1155,8.26690000000053,1,2.098176
10000.8317,7.71620000000075,1,2.095104
10009.8783,9.04659999999967,1,2.097152
10017.8342,7.95589999999902,1,2.0992
10026.8385,9.00430000000051,1,2.085888
10034.923,8.08450000000084,1,2.07872
10042.9989,8.07589999999982,1,2.076672
10051.8375,8.83859999999913,1,2.076672
10059.9255,8.08799999999974,1,2.077696
10068.0271,8.10159999999996,1,2.077696
10075.9923,7.96520000000055,1,2.0736
10084.9758,8.98350000000028,1,2.64704
10092.9218,7.94599999999991,1,2.0736
10101.899,8.97719999999936,1,2.07872
10109.847,7.94800000000032,1,2.072576
10117.8872,8.04019999999946,1,2.067456
10126.8235,8.93630000000121,1,2.065408
10134.8747,8.05119999999988,1,2.064384
10142.9729,8.09820000000036,1,2.056192
10151.8947,8.92180000000008,1,2.059264
10159.8396,7.9448999999986,1,2.048
10167.908,8.06840000000011,1,2.05312
10176.8403,8.9323000000004,1,2.045952
10184.9907,8.15040000000045,1,2.05312
10192.8297,7.83899999999994,1,2.054144
10201.8326,9.0028999999995,1,2.052096
10209.8736,8.04100000000108,1,2.046976
10217.8835,8.00989999999911,1,2.040832
10227.1194,9.23589999999967,1,2.036736
10234.9349,7.81550000000061,1,2.024448
10242.9684,8.03349999999955,1,2.0224
10251.8375,8.86909999999989,1,2.014208
10259.9689,8.13140000000021,1,1.998848
10267.8338,7.86490000000049,1,1.995776
10276.8665,9.03269999999975,1,1.983488
10284.9423,8.07580000000053,1,1.985536
10292.8711,7.92879999999968,1,1.977344
10301.9604,9.08929999999964,1,1.9712
10309.8944,7.93399999999929,1,1.975296
10317.868,7.97360000000117,1,1.968128
10326.8482,8.98019999999997,1,1.969152
10334.8609,8.01269999999931,1,1.967104
10342.9707,8.10980000000018,1,1.967104
10351.8283,8.85759999999937,1,1.956864
10360.0139,8.1856000000007,1,1.961984
10367.8264,7.8125,1,1.961984
10376.883,9.05659999999989,1,1.964032
10384.9492,8.0661999999993,1,1.963008
10392.9081,7.95890000000145,1,1.961984
10401.4885,8.58039999999892,1,1.963008
10409.4365,7.94800000000032,1,1.958912
10417.892,8.45550000000003,1,1.958912
10426.7926,8.90060000000085,1,1.958912
10434.8591,8.066499999999,1,1.959936
10442.9681,8.10900000000038,1,1.951744
10451.9196,8.95149999999921,1,1.949696
10459.8667,7.94710000000123,1,1.951744
10467.962,8.09529999999904,1,1.946624
10476.903,8.94100000000071,1,1.937408
10484.938,8.03499999999985,1,1.946624
10492.8553,7.91729999999916,1,1.93536
10501.8643,9.00900000000001,1,1.9456
10509.9819,8.1176000000014,1,1.944576
10517.8748,7.89289999999892,1,1.946624
10526.8675,8.9927000000007,1,1.941504
10534.8734,8.00590000000011,1,1.95072
10542.9508,8.07740000000013,1,1.95072
10551.9253,8.97450000000026,1,1.951744
10559.9083,7.98299999999836,1,1.956864
10568.0526,8.14430000000175,1,1.951744
10576.0508,7.9982,1,1.951744
10584.9573,8.90649999999914,1,2.525184
10593.0109,8.05359999999928,1,1.951744
10600.8818,7.87089999999989,1,1.944576
10609.927,9.04520000000048,1,1.94048
10617.8567,7.92970000000059,1,1.942528
10626.8293,8.97259999999915,1,1.941504
10634.8233,7.9940000000006,1,1.941504
10642.8713,8.04800000000068,1,1.938432
10651.8931,9.02179999999862,1,1.928192
10660.1721,8.27900000000045,1,1.938432
10667.9147,7.74259999999958,1,1.939456
10676.9901,9.07540000000154,1,1.937408
10684.8571,7.86699999999837,1,1.94048
10692.9551,8.09799999999996,1,1.938432
10701.9595,9.00440000000162,1,1.933312
10709.9019,7.94239999999991,1,1.937408
10717.9156,8.01369999999952,1,1.936384
10726.9192,9.00360000000001,1,1.934336
10734.854,7.93479999999909,1,1.93536
10743.0599,8.20590000000084,1,1.939456
10750.8698,7.8099000000002,1,1.931264
10760.0067,9.13689999999951,1,2.497536
10768.3012,8.29449999999997,1,1.927168
10776.0558,7.75460000000021,1,1.926144
10785.0119,8.95609999999942,1,2.495488
10793.0223,8.01040000000103,1,1.927168
10800.8219,7.79960000000028,1,1.924096
10809.9086,9.08669999999984,1,1.93024
10817.8836,7.97499999999854,1,1.93024
10826.7992,8.91560000000027,1,1.931264
10835.0553,8.25610000000052,1,1.93536
10842.9752,7.91990000000078,1,1.93536
10851.8919,8.91669999999976,1,1.93536
10859.9325,8.04060000000027,1,1.932288
10867.8792,7.9466999999986,1,1.931264
10876.8886,9.00940000000082,1,1.93024
10884.9826,8.09399999999914,1,1.928192
10893.0315,8.04889999999978,1,1.923072
10900.8916,7.86010000000169,1,1.932288
10910.0663,9.17469999999958,1,1.926144
10917.8707,7.80439999999908,1,1.928192
10926.8375,8.96680000000015,1,1.926144
10934.9002,8.0627000000004,1,1.926144
10943.0651,8.16489999999976,1,1.924096
10950.8701,7.80500000000029,1,1.927168
10959.9207,9.05060000000049,1,2.500608
10968.0634,8.14269999999851,1,1.924096
10975.8766,7.81320000000051,1,1.928192
10984.9243,9.04770000000099,1,2.071552
10992.9425,8.01819999999861,1,2.071552
11001.8549,8.91240000000107,1,2.072576
11009.9298,8.07489999999962,1,2.067456
11017.8648,7.93499999999949,1,2.0736
11026.899,9.03420000000006,1,2.071552
11034.9631,8.06410000000142,1,2.065408
11042.9091,7.94599999999991,1,2.0736
11052.0379,9.12879999999859,1,2.065408
11059.9381,7.90020000000004,1,2.069504
11067.8695,7.9314000000013,1,2.071552
11076.8476,8.97809999999845,1,2.074624
11085.0174,8.16980000000149,1,2.071552
11092.9061,7.88869999999952,1,2.072576
11101.8967,8.99059999999918,1,2.067456
11109.9647,8.06800000000112,1,2.0736
11118.0024,8.03769999999895,1,2.0736
11125.8945,7.89210000000094,1,2.069504
11134.844,8.94949999999881,1,2.072576
11142.8764,8.03240000000005,1,2.070528
11151.9254,9.04900000000089,1,2.070528
11159.867,7.94160000000011,1,2.069504
11167.8806,8.01360000000022,1,2.071552
11176.8567,8.97609999999986,1,2.069504
11184.9338,8.07710000000043,1,2.077696
11192.8588,7.92499999999927,1,2.0736
11201.8563,8.99749999999949,1,2.0736
11210.0135,8.15719999999965,1,2.070528
11217.888,7.87450000000172,1,2.074624
11226.8647,8.97669999999925,1,2.077696
11234.8526,7.98790000000008,1,2.074624
11243.1884,8.33579999999893,1,2.074624
11250.8612,7.67280000000028,1,2.077696
11259.8933,9.03210000000036,1,2.701312
11268.0005,8.10720000000038,1,2.074624
11275.9466,7.94609999999921,1,2.0736
11284.9015,8.95490000000063,1,2.706432
11293.0629,8.16140000000087,1,2.074624
11300.8691,7.80619999999908,1,2.075648
11309.9029,9.03379999999925,1,2.691072
11317.8973,7.99440000000141,1,2.074624
11326.8927,8.99539999999979,1,2.0736
11334.8957,8.00299999999879,1,2.067456
11342.9954,8.09970000000067,1,2.071552
11351.8811,8.88570000000072,1,2.074624
11359.9604,8.07929999999942,1,2.069504
11367.8552,7.89480000000003,1,2.071552
11377.0562,9.20100000000093,1,2.076672
11384.9338,7.8775999999998,1,2.106368
11392.4529,7.51909999999953,1,2.102272
11401.8652,9.41229999999996,1,2.73408
11409.4488,7.58359999999993,1,2.0992
11418.0311,8.58230000000003,1,2.101248
11425.9073,7.87620000000061,1,2.10432
11434.899,8.99169999999867,1,2.747392
11442.915,8.01600000000144,1,2.101248
11452.0106,9.09559999999874,1,2.100224
11460.0727,8.06210000000101,1,2.0992
11468.0739,8.00119999999879,1,2.096128
11475.9582,7.88429999999971,1,2.101248
11484.998,9.03980000000047,1,2.743296
11492.894,7.89600000000064,1,2.098176
11501.9615,9.0674999999992,1,2.102272
11509.966,8.00450000000092,1,2.0992
11517.9268,7.96079999999893,1,2.10432
11526.9283,9.00150000000031,1,2.102272
11535.0309,8.10260000000017,1,2.103296
11543.115,8.08410000000003,1,2.102272
11551.0309,7.91589999999997,1,2.103296
11559.9912,8.96030000000064,1,2.748416
11567.9888,7.99759999999878,1,2.101248
11577.0754,9.08660000000054,1,2.098176
11585.0083,7.93289999999979,1,2.106368
11592.9153,7.90700000000106,1,2.10432
11601.8818,8.96649999999863,1,2.10432
11609.9883,8.10650000000169,1,2.101248
11617.9061,7.91779999999926,1,2.107392
11626.9557,9.04960000000028,1,2.107392
11634.9506,7.99489999999969,1,2.108416
11642.9723,8.02169999999933,1,2.105344
11651.9258,8.95350000000144,1,2.106368
11659.9369,8.01109999999971,1,2.105344
11667.9007,7.96379999999954,1,2.107392
11676.955,9.05429999999978,1,2.108416
11685.0515,8.09649999999965,1,2.108416
11692.9423,7.89080000000104,1,2.105344
11702.1432,9.20089999999982,1,2.108416
11710.0469,7.90369999999893,1,2.103296
11718.0215,7.97460000000137,1,2.107392
11725.9426,7.92109999999957,1,2.105344
11734.9973,9.05470000000059,1,2.746368
11742.8949,7.89759999999842,1,2.10944
11751.9522,9.0573000000004,1,2.108416
11759.9645,8.01230000000032,1,2.103296
11767.9436,7.97910000000047,1,2.105344
11776.9116,8.96799999999894,1,2.108416
11785.0437,8.13210000000072,1,2.139136
11793.0953,8.05160000000069,1,2.139136
11800.8978,7.80249999999978,1,2.139136
11809.9303,9.03249999999935,1,2.797568
11817.9258,7.9955000000009,1,2.13504
11827.0095,9.08369999999923,1,2.139136
11835.0489,8.03939999999966,1,2.136064
11843.09,8.04110000000037,1,2.132992
11850.9214,7.83139999999912,1,2.143232
11860.1121,9.19070000000102,1,2.78528
11868.0561,7.94399999999951,1,2.14016
11875.923,7.8669000000009,1,2.139136
11884.9613,9.03830000000016,1,2.14528
11893.0556,8.09429999999884,1,2.137088
11900.9389,7.88329999999951,1,2.138112
11910.0981,9.15920000000006,1,2.793472
11917.9595,7.86140000000159,1,2.136064
11926.9663,9.0067999999992,1,2.142208
11935.1623,8.19599999999991,1,2.14016
11943.0276,7.86529999999948,1,2.142208
11950.9084,7.88080000000082,1,2.558976
11960.0211,9.11269999999968,1,2.787328
11968.1103,8.08920000000035,1,2.14016
11975.9257,7.8153999999995,1,2.132992
11984.9288,9.0030999999999,1,2.139136
11992.929,8.0002000000004,1,2.151424
12001.9804,9.05140000000029,1,2.146304
12010.0394,8.05899999999929,1,2.13504
12018.2955,8.25610000000052,1,2.143232
12025.9174,7.6219000000001,1,2.14016
12034.977,9.0596000000005,1,2.794496
12042.9064,7.92939999999908,1,2.139136
12051.9421,9.03570000000036,1,2.138112
12059.9225,7.98040000000037,1,2.142208
12067.9507,8.02819999999883,1,2.138112
12076.9986,9.04790000000139,1,2.141184
12085.0711,8.0724999999984,1,2.14016
12092.9102,7.83910000000105,1,2.138112
12101.8744,8.96420000000035,1,2.139136
12110.0456,8.17119999999886,1,2.139136
12118.048,8.00240000000122,1,2.139136
12125.9425,7.89449999999852,1,2.141184
12135.0569,9.11440000000039,1,2.137088
12142.918,7.86110000000008,1,2.139136
12151.9424,9.02440000000024,1,2.137088
12160.022,8.07960000000094,1,2.138112
12167.9359,7.91389999999956,1,2.14016
12176.9265,8.99059999999918,1,2.14016
12184.9897,8.06320000000051,1,2.14528
12192.8588,7.86909999999989,1,2.144256
12201.8852,9.02640000000065,1,2.142208
12210.026,8.14079999999922,1,2.14016
12217.9087,7.88270000000011,1,2.14528
12226.9334,9.02469999999994,1,2.14528
12234.9687,8.03529999999955,1,2.143232
12242.9601,7.99140000000079,1,2.137088
12251.9062,8.94609999999921,1,2.142208
12259.9772,8.07099999999991,1,2.143232
12268.0705,8.09330000000045,1,2.144256
12275.94,7.8695000000007,1,2.14528
12284.9783,9.03830000000016,1,2.79552
12292.9822,8.0038999999997,1,2.141184
12301.892,8.90979999999945,1,2.14016
12309.9637,8.07170000000042,1,2.14016
12317.8912,7.92749999999978,1,2.14016
12326.854,8.96279999999933,1,2.142208
12335.2841,8.4301000000014,1,2.142208
12342.9562,7.67209999999977,1,2.143232
12351.9258,8.96960000000036,1,2.144256
12359.9383,8.01249999999891,1,2.147328
12367.9282,7.98990000000049,1,2.14528
12376.9045,8.97630000000026,1,2.143232
12384.9584,8.05389999999898,1,2.1504
12392.3993,7.4408999999996,1,2.146304
12401.6759,9.27660000000105,1,2.81088
12410.1175,8.44160000000011,1,2.148352
12417.9635,7.84599999999955,1,2.149376
12426.8425,8.87900000000081,1,2.151424
12434.9447,8.10219999999936,1,2.146304
12443.1469,8.20219999999972,1,2.148352
12450.9793,7.83240000000114,1,2.148352
12459.9445,8.96519999999873,1,2.803712
12468.1498,8.20529999999962,1,2.1504
12475.9246,7.77480000000105,1,2.148352
12485.0389,9.11429999999928,1,2.152448
12492.894,7.85510000000068,1,2.151424
12501.907,9.01299999999901,1,2.1504
12510.158,8.2510000000002,1,2.144256
12517.92,7.76200000000063,1,2.148352
12526.9282,9.00820000000022,1,2.147328
12534.9091,7.98090000000047,1,2.148352
12542.9794,8.07029999999941,1,2.151424
12551.9106,8.93119999999908,1,2.149376
12559.92,8.00940000000082,1,2.147328
12568.0813,8.16129999999976,1,2.143232
12575.9708,7.88949999999932,1,2.149376
12584.9883,9.01750000000175,1,2.857984
12593.1293,8.14099999999962,1,2.18624
12600.9029,7.77359999999862,1,2.187264
12610.0926,9.18970000000081,1,2.18112
12617.9449,7.85230000000047,1,2.18112
12627.0197,9.07480000000032,1,2.174976
12634.9078,7.88810000000012,1,2.18112
12643.169,8.26119999999901,1,2.179072
12650.9268,7.75779999999941,1,2.174976
12659.936,9.00920000000042,1,2.852864
12667.888,7.95200000000114,1,2.183168
12676.9997,9.11169999999947,1,2.188288
12684.9766,7.97689999999966,1,2.185216
12692.9724,7.9958000000006,1,2.183168
12701.9311,8.95869999999923,1,2.184192
12709.9658,8.03470000000016,1,2.183168
12717.9104,7.94460000000072,1,2.185216
12726.8913,8.98089999999866,1,2.178048
12734.9946,8.10330000000067,1,2.18112
12742.8863,7.89170000000013,1,2.182144
12751.9457,9.0594000000001,1,2.184192
12759.9202,7.97450000000026,1,2.179072
12767.9028,7.98259999999937,1,2.184192
12776.9083,9.0054999999993,1,2.183168
12784.9861,8.07780000000093,1,2.182144
12792.9052,7.91909999999916,1,2.188288
12801.9179,9.01270000000113,1,2.184192
12809.9492,8.03129999999874,1,2.180096
12817.935,7.98580000000038,1,2.183168
12826.8873,8.95230000000083,1,2.179072
12834.9315,8.04420000000027,1,2.182144
12843.0764,8.14489999999932,1,2.180096
12850.9748,7.89840000000004,1,2.182144
12860.0009,9.02609999999913,1,2.850816
12868.0141,8.01320000000123,1,2.183168
12875.9174,7.90329999999994,1,2.18112
12885.0357,9.11830000000009,1,2.185216
12893.0911,8.05539999999928,1,2.185216
12900.9631,7.87200000000121,1,2.180096
12910.0158,9.05269999999837,1,2.84672
12918.0258,8.01000000000022,1,2.183168
12925.9268,7.90099999999984,1,2.183168
12935.0244,9.09760000000097,1,2.881536
12943.1265,8.10210000000006,1,2.18624
12950.9132,7.78670000000056,1,2.18112
12960.0311,9.11789999999928,1,2.184192
12967.9333,7.90220000000045,1,2.184192
12976.9846,9.05129999999917,1,2.18112
12984.9559,7.97130000000107,1,2.189312
12992.9207,7.96479999999974,1,2.187264
13001.9571,9.03639999999905,1,2.184192
13010.2733,8.31620000000112,1,2.187264
13017.9355,7.66219999999885,1,2.187264
13026.8672,8.931700000001,1,2.187264
13034.8727,8.0054999999993,1,2.188288
13042.9387,8.06600000000071,1,2.184192
13051.9254,8.98669999999947,1,2.19136
13059.9063,7.98090000000047,1,2.18624
13067.9562,8.04989999999998,1,2.189312
13076.8983,8.94210000000021,1,2.193408
13085.0167,8.11839999999938,1,2.18624
13092.9407,7.92399999999907,1,2.183168
13101.9094,8.96870000000126,1,2.192384
13109.892,7.98259999999937,1,2.187264
13118.0842,8.1921999999995,1,2.189312
13125.9677,7.88349999999991,1,2.189312
13134.9922,9.02450000000135,1,2.183168
13143.03,8.03780000000006,1,2.187264
13150.9291,7.89909999999873,1,2.190336
13160.0633,9.13420000000042,1,2.86208
13168.0137,7.95039999999972,1,2.188288
13176.0708,8.05709999999999,1,2.189312
13185.0027,8.93189999999959,1,2.865152
13193.1029,8.10020000000077,1,2.187264
13200.9056,7.80270000000019,1,2.182144
13209.9848,9.07920000000013,1,2.190336
13217.9371,7.95229999999901,1,2.184192
13226.9061,8.96900000000096,1,2.190336
13234.8775,7.97140000000036,1,2.190336
13243.1426,8.26509999999871,1,2.18624
13250.9641,7.82150000000001,1,2.190336
13259.9914,9.02730000000156,1,2.857984
13267.8939,7.90249999999833,1,2.188288
13276.9747,9.08080000000155,1,2.189312
13285.0524,8.07769999999982,1,2.183168
13292.9013,7.84889999999905,1,2.189312
13301.8934,8.9921000000013,1,2.189312
13309.9451,8.05169999999998,1,2.188288
13317.8954,7.95029999999861,1,2.184192
13326.9038,9.00840000000062,1,2.187264
13334.9118,8.00799999999981,1,2.18624
13342.9534,8.04160000000047,1,2.180096
13351.9391,8.98569999999927,1,2.190336
13359.937,7.9979000000003,1,2.182144
13368.0584,8.12139999999999,1,2.187264
13375.9148,7.85640000000058,1,2.188288
13385.044,9.1291999999994,1,2.21184
13392.4068,7.36280000000079,1,2.207744
13401.6258,9.21899999999914,1,2.910208
13409.9785,8.35269999999946,1,2.21184
13418.0266,8.04809999999998,1,2.204672
13425.9689,7.94230000000061,1,2.212864
13434.9577,8.98880000000099,1,2.207744
13442.9536,7.99589999999989,1,2.209792
13451.9334,8.97979999999916,1,2.207744
13460.0968,8.16339999999946,1,2.205696
13468.0008,7.90400000000045,1,2.210816
13476.0619,8.06110000000081,1,2.209792
13485.119,9.05709999999999,1,2.207744
13493.0487,7.92969999999877,1,2.208768
13500.9961,7.94740000000093,1,2.20672
13510.0569,9.06079999999929,1,2.880512
13517.9383,7.88140000000021,1,2.204672
13526.9211,8.98279999999977,1,2.208768
13534.9133,7.99220000000059,1,2.204672
13543.1862,8.27289999999994,1,2.203648
13550.9239,7.73769999999968,1,2.200576
13559.9823,9.05839999999989,1,2.209792
13567.9057,7.92339999999967,1,2.208768
13577.0113,9.10560000000078,1,2.210816
13584.9794,7.96810000000005,1,2.214912
13593.1333,8.15389999999934,1,2.215936
13600.9333,7.80000000000109,1,2.219008
13610.0044,9.07109999999921,1,2.214912
13617.9842,7.97980000000098,1,2.219008
13626.994,9.00979999999981,1,2.212864
13635.0302,8.03619999999864,1,2.21696
13642.9787,7.94850000000042,1,2.210816
13651.9321,8.95340000000033,1,2.215936
13659.9622,8.03009999999995,1,2.217984
13667.9058,7.94360000000052,1,2.21696
13677.0113,9.10549999999967,1,2.21184
13684.9663,7.95499999999993,1,2.209792
13693.1225,8.15619999999944,1,2.21696
13701.0287,7.90620000000126,1,2.21184
13710.0688,9.04009999999835,1,2.88256
13718.2405,8.17170000000078,1,2.21184
13725.936,7.69549999999981,1,2.209792
13734.9812,9.04520000000048,1,2.217984
13742.9501,7.96889999999985,1,2.215936
13751.9522,9.0020999999997,1,2.212864
13759.9198,7.96759999999995,1,2.21184
13767.9646,8.04479999999967,1,2.208768
13776.9199,8.95530000000144,1,2.215936
13784.9888,8.06889999999839,1,2.220032
13792.9204,7.93160000000171,1,2.21184
13801.9606,9.04019999999946,1,2.217984
13809.9599,7.99929999999949,1,2.214912
13817.955,7.99510000000009,1,2.215936
13827.0874,9.13240000000042,1,2.219008
13834.9654,7.87799999999879,1,2.215936
13843.1936,8.22820000000138,1,2.213888
13850.9464,7.75280000000021,1,2.214912
13860.0293,9.08289999999943,1,2.900992
13868.0577,8.02839999999924,1,2.210816
13875.9474,7.88969999999972,1,2.217984
13885.0452,9.09780000000137,1,2.210816
13892.921,7.8757999999998,1,2.21696
13901.9261,9.00510000000031,1,2.213888
13910.1558,8.22969999999987,1,2.21696
13917.9369,7.78110000000015,1,2.207744
13926.9493,9.01239999999962,1,2.213888
13934.9198,7.97049999999945,1,2.210816
13943.0571,8.13730000000032,1,2.209792
13950.9408,7.88370000000032,1,2.215936
13960.0843,9.14350000000013,1,2.91328
13967.9462,7.86189999999988,1,2.215936
13976.9489,9.00269999999909,1,2.215936
13984.9678,8.01890000000094,1,2.217984
13992.936,7.96819999999934,1,2.22208
14001.954,9.01800000000003,1,2.217984
14009.9709,8.01690000000053,1,2.215936
14017.9903,8.01939999999922,1,2.221056
14027.0057,9.01540000000023,1,2.2272
14035.076,8.07029999999941,1,2.223104
14043.1172,8.04120000000148,1,2.224128
14050.906,7.78880000000026,1,2.224128
14059.9315,9.02549999999974,1,2.920448
14067.9343,8.00280000000021,1,2.214912
14076.9393,9.0049999999992,1,2.22208
14085.018,8.07870000000003,1,2.223104
14092.9491,7.93109999999979,1,2.213888
14101.9583,9.00920000000042,1,2.22208
14109.9787,8.02039999999943,1,2.219008
14118.0231,8.04440000000068,1,2.221056
14125.9465,7.92339999999967,1,2.217984
14135.0413,9.09480000000076,1,2.23744
14143.1343,8.09299999999894,1,2.21696
14150.9649,7.83060000000114,1,2.22208
14160.0046,9.03969999999936,1,2.922496
14167.9099,7.90530000000035,1,2.213888
14176.9526,9.04269999999997,1,2.221056
14184.9661,8.01349999999911,1,2.226176
14192.9815,8.01540000000023,1,2.223104
14201.8745,8.89300000000003,1,2.22208
14209.9732,8.09870000000046,1,2.224128
14217.9676,7.99439999999959,1,2.226176
14226.909,8.9413999999997,1,2.220032
14234.8983,7.98930000000109,1,2.221056
14243.0749,8.17659999999887,1,2.225152
14250.9544,7.87950000000092,1,2.226176
14260.0113,9.05689999999959,1,2.223104
14267.9084,7.89710000000014,1,2.223104
14276.9817,9.07330000000002,1,2.22208
14285.0413,8.0596000000005,1,2.21696
14292.924,7.88270000000011,1,2.22208
14301.8937,8.96969999999965,1,2.219008
14309.9434,8.04969999999958,1,2.226176
14317.8939,7.95049999999901,1,2.224128
14326.8718,8.97790000000168,1,2.223104
14334.9321,8.06029999999919,1,2.224128
14342.9706,8.03850000000057,1,2.220032
14351.9891,9.01850000000013,1,2.225152
14360.0097,8.02059999999983,1,2.220032
14367.9879,7.97819999999956,1,2.2272
14376.9741,8.98619999999937,1,2.219008
14385.0113,8.03720000000067,1,2.279424
14392.4372,7.42590000000018,1,2.275328
14401.5022,9.06500000000051,1,3.00544
14408.9584,7.45619999999872,1,2.281472
14418.0951,9.13670000000093,1,3.021824
14425.9575,7.86239999999998,1,2.279424
14434.9842,9.02670000000035,1,2.280448
14443.1308,8.14660000000003,1,2.276352
14450.9697,7.83889999999883,1,2.275328
14459.9761,9.00640000000021,1,2.996224
14467.9603,7.98420000000078,1,2.277376
14477.0583,9.09799999999996,1,2.274304
14485.0928,8.03449999999975,1,2.277376
14493.0763,7.98350000000028,1,2.271232
14500.9622,7.88589999999931,1,2.277376
14510.1846,9.22240000000056,1,2.269184
14517.9708,7.78619999999864,1,2.279424
14526.9746,9.00380000000041,1,2.274304
14534.9682,7.99359999999979,1,2.270208
14543.1955,8.22730000000047,1,2.284544
14550.9603,7.76480000000083,1,2.270208
14559.9849,9.02459999999883,1,2.270208
14568.098,8.11310000000049,1,2.275328
14576.0251,7.92710000000079,1,2.276352
14585.0595,9.03439999999864,1,2.999296
14592.9787,7.91920000000027,1,2.275328
14601.9694,8.99070000000029,1,2.277376
14610.115,8.14559999999983,1,2.26816
14617.9764,7.86139999999978,1,2.274304
14626.9317,8.95529999999962,1,2.26816
14635.0871,8.15540000000146,1,2.277376
14643.1603,8.07319999999891,1,2.276352
14651.0155,7.85519999999997,1,2.274304
14659.9745,8.95900000000074,1,2.998272
14667.9482,7.97370000000046,1,2.274304
14676.9284,8.98019999999997,1,2.27328
14685.0407,8.11229999999887,1,2.271232
14692.9849,7.94419999999991,1,2.271232
14701.9808,8.99589999999989,1,2.279424
14710.0855,8.10469999999987,1,2.271232
14718.011,7.92550000000119,1,2.2784
14725.9553,7.9442999999992,1,2.276352
14734.9712,9.01590000000033,1,2.280448
14743.2759,8.30470000000059,1,2.277376
14750.9875,7.71159999999873,1,2.280448
14760.0123,9.02480000000105,1,3.002368
14768.1126,8.10030000000006,1,2.280448
14776.1478,8.03520000000026,1,2.277376
14785.024,8.87619999999879,1,2.276352
14793.0774,8.05340000000069,1,2.275328
14800.9594,7.88199999999961,1,2.277376
14810.1641,9.20470000000023,1,2.27328
14817.9611,7.79700000000048,1,2.275328
14826.9691,9.00799999999981,1,2.276352
14834.9436,7.97450000000026,1,2.275328
14842.985,8.04140000000007,1,2.27328
14851.9644,8.97940000000017,1,2.277376
14860.1154,8.15099999999984,1,2.274304
14867.9089,7.79349999999977,1,2.2784
14877.0083,9.09939999999915,1,2.279424
14885.0071,7.99880000000121,1,2.276352
14892.9718,7.96469999999863,1,2.275328
14901.9439,8.97210000000086,1,2.274304
14910.1196,8.17569999999978,1,2.274304
14917.9828,7.86319999999978,1,2.277376
14926.9784,8.99560000000019,1,2.277376
14935.0452,8.06680000000051,1,2.272256
14943.1586,8.11340000000018,1,2.277376
14951.0023,7.84369999999944,1,2.275328
14960.0237,9.02139999999963,1,3.004416
14968.2313,8.20759999999973,1,2.276352
14975.9655,7.73420000000078,1,2.276352
14985.0723,9.10679999999957,1,2.282496
14993.1017,8.02939999999944,1,2.279424
15000.9096,7.80790000000161,1,2.284544
15010.2021,9.29249999999956,1,2.286592
15017.9692,7.76709999999912,1,2.287616
15026.9616,8.992400000001,1,2.284544
15035.1384,8.17679999999928,1,2.285568
15042.9959,7.85750000000007,1,2.285568
15051.9716,8.97570000000087,1,2.284544
15059.9668,7.99519999999939,1,2.280448
15068.1418,8.17499999999927,1,2.284544
15075.9588,7.81700000000092,1,2.290688
15085.1966,9.23779999999897,1,2.289664
15092.9982,7.80160000000069,1,2.28352
15101.9359,8.9377000000004,1,2.290688
15110.0356,8.09969999999885,1,2.285568
15118.0464,8.01080000000002,1,2.285568
15125.9885,7.94210000000021,1,2.282496
15135.0957,9.10720000000038,1,2.282496
15143.1864,8.09070000000065,1,2.28352
15150.9844,7.79799999999886,1,2.287616
15159.9957,9.01130000000012,1,3.012608
15167.941,7.94530000000123,1,2.287616
15176.9501,9.00909999999931,1,2.287616
15184.9963,8.04620000000068,1,2.286592
15193.0957,8.09939999999915,1,2.285568
15200.9519,7.85620000000017,1,2.28864
15210.0265,9.07459999999992,1,2.285568
15218.166,8.13949999999932,1,2.284544
15225.9831,7.81710000000021,1,2.285568
15234.9556,8.97249999999985,1,3.018752
15243.0038,8.04820000000109,1,2.281472
15250.9614,7.95759999999973,1,2.286592
15260.1021,9.14069999999992,1,3.009536
15267.9518,7.84970000000067,1,2.286592
15277.0059,9.05409999999938,1,2.285568
15285.0089,8.00300000000061,1,2.279424
15292.9701,7.96119999999974,1,2.284544
15301.9098,8.93969999999899,1,2.280448
15310.1268,8.21700000000055,1,2.287616
15317.9936,7.86679999999978,1,2.287616
15326.9463,8.95269999999982,1,2.286592
15335.2208,8.27449999999953,1,2.284544
15343.0007,7.77990000000136,1,2.287616
15351.0453,8.04459999999926,1,2.284544
15360.0674,9.02210000000014,1,3.008512
15367.9652,7.89780000000064,1,2.286592
15376.9627,8.99749999999949,1,2.28352
15385.0912,8.12850000000071,1,2.285568
15392.4757,7.38450000000012,1,2.286592
15401.6587,9.18299999999908,1,3.00544
15410.1968,8.53809999999976,1,2.287616
15418.1554,7.95859999999993,1,2.284544
15426.0427,7.88730000000032,1,2.285568
15435.1194,9.07669999999962,1,3.009536
15443.1287,8.00929999999971,1,2.287616
15451.0554,7.92669999999998,1,2.284544
15460.1159,9.06050000000141,1,3.006464
15468.1425,8.02659999999923,1,2.280448
15476.0306,7.88810000000012,1,2.274304
15485.1282,9.09759999999915,1,3.00032
15493.0063,7.8780999999999,1,2.279424
15501.0021,7.9958000000006,1,2.285568
15510.1888,9.1867000000002,1,3.012608
15518.1742,7.98539999999957,1,2.28352
15526.514,8.33979999999974,1,2.284544
15534.102,7.58800000000156,1,2.274304
15543.1467,9.04469999999856,1,3.018752
15551.0212,7.8744999999999,1,2.28864
15560.0653,9.04410000000098,1,3.017728
15567.9935,7.92820000000029,1,2.28864
15576.9989,9.00540000000001,1,2.284544
15585.0852,8.08629999999903,1,2.289664
15593.1085,8.02330000000075,1,2.281472
15601.0094,7.90090000000055,1,2.286592
15610.249,9.23959999999897,1,2.281472
15617.9699,7.72090000000026,1,2.292736
15627.0058,9.03590000000077,1,2.287616
15635.1455,8.13969999999972,1,2.284544
15643.1515,8.0059999999994,1,2.282496
15651.0363,7.88479999999981,1,2.286592
15660.1676,9.13130000000092,1,2.282496
15667.9862,7.8185999999987,1,2.282496
15676.9875,9.0012999999999,1,2.292736
15685.1636,8.17610000000059,1,2.282496
15693.1368,7.97320000000036,1,2.747392
15701.1432,8.00640000000021,1,2.284544
15710.128,8.98480000000018,1,2.996224
15718.1251,7.99709999999868,1,2.280448
15726.0122,7.88709999999992,1,2.281472
15735.0589,9.04670000000078,1,3.019776
15743.0176,7.95869999999923,1,2.286592
15751.038,8.02040000000125,1,2.285568
15760.0817,9.04370000000017,1,3.007488
15768.084,8.0023000000001,1,2.284544
15776.012,7.92799999999988,1,2.284544
15785.1685,9.15649999999914,1,2.281472
15792.9679,7.79939999999988,1,2.287616
15802.0094,9.04150000000118,1,2.284544
15810.1444,8.1349999999984,1,2.284544
15818.1788,8.03440000000046,1,2.286592
15826.0177,7.83890000000065,1,2.285568
15835.0307,9.01299999999901,1,3.00032
15843.1279,8.09720000000016,1,2.284544
15850.9916,7.86369999999988,1,2.286592
15860.1593,9.16769999999997,1,3.012608
15868.0101,7.85080000000016,1,2.282496
15876.1719,8.16179999999986,1,2.28352
15885.0206,8.84870000000046,1,2.284544
15892.999,7.97839999999997,1,2.284544
15901.9539,8.95490000000063,1,2.282496
15910.079,8.12509999999929,1,2.286592
15918.0016,7.92259999999987,1,2.277376
15926.0279,8.02629999999954,1,2.285568
15935.071,9.04310000000078,1,2.994176
15943.0358,7.96479999999974,1,2.287616
15950.9812,7.94540000000052,1,2.28352
15960.1337,9.15250000000015,1,3.002368
15968.0171,7.8833999999988,1,2.284544
15976.0589,8.04180000000088,1,2.29376
15985.0716,9.01269999999931,1,3.059712
15993.0589,7.98730000000069,1,2.326528
16000.988,7.92909999999938,1,2.327552
16010.2421,9.25410000000011,1,2.323456
16018.0445,7.80240000000049,1,2.326528
16026.03,7.98550000000068,1,2.325504
16035.1618,9.1317999999992,1,2.325504
16043.1029,7.94110000000001,1,2.326528
16051.0131,7.91020000000026,1,2.320384
16060.1395,9.12639999999919,1,3.078144
16068.0273,7.88780000000042,1,2.3296
16075.9746,7.94729999999981,1,2.325504
16085.0852,9.11059999999998,1,2.32448
16093.2149,8.12970000000132,1,2.321408
16101.0071,7.79219999999987,1,2.325504
16110.0587,9.05159999999887,1,3.06688
16118.0674,8.00870000000032,1,2.325504
16125.9848,7.91740000000027,1,2.32448
16135.2657,9.28089999999975,1,2.322432
16143.0027,7.73699999999917,1,2.325504
16151.1284,8.12570000000051,1,2.325504
16160.2382,9.10980000000018,1,3.067904
16167.9985,7.76029999999992,1,2.325504
16177.1625,9.16400000000067,1,2.327552
16185.0514,7.88889999999992,1,2.321408
16193.0091,7.95769999999902,1,2.326528
16200.9969,7.98780000000079,1,2.3296
16210.1565,9.15959999999905,1,3.072
16218.0578,7.90130000000136,1,2.32448
16225.9961,7.9382999999998,1,2.323456
16235.1628,9.16669999999976,1,3.064832
16243.1182,7.95540000000074,1,2.325504
16250.9936,7.87539999999899,1,2.330624
16260.0815,9.08790000000045,1,3.058688
16268.1259,8.04439999999886,1,2.322432
16276.0289,7.90300000000025,1,2.325504
16284.9958,8.96690000000126,1,2.32448
16293.0397,8.04389999999876,1,2.326528
16300.9888,7.94909999999982,1,2.31936
16310.0012,9.01240000000143,1,2.326528
16318.0406,8.03939999999966,1,2.326528
16325.9662,7.92560000000049,1,2.316288
16335.078,9.11179999999877,1,2.326528
16342.9975,7.91949999999997,1,2.327552
16352.0034,9.00590000000011,1,2.32448
16360.0522,8.04880000000048,1,2.318336
16368.1032,8.05099999999948,1,2.325504
16376.0347,7.9315000000006,1,2.325504
16385.1292,9.09449999999924,1,3.069952
16392.6956,7.5663999999997,1,2.316288
16401.7869,9.09130000000005,1,3.067904
16410.1822,8.39530000000013,1,2.322432
16418.0397,7.85750000000189,1,2.32448
16426.0593,8.01959999999963,1,2.320384
16435.0005,8.94119999999748,1,2.32448
16443.2452,8.24470000000292,1,2.323456
16451.0269,7.78169999999955,1,2.323456
16460.1636,9.13669999999911,1,2.32448
16468.0931,7.92949999999837,1,2.321408
16476.1046,8.01150000000052,1,2.328576
16485.1336,9.02900000000227,1,2.328576
16493.0416,7.90799999999945,1,2.32448
16500.9819,7.94029999999839,1,2.321408
16510.1656,9.18370000000141,1,2.325504
16518.0054,7.83979999999792,1,2.325504
16526.036,8.03060000000187,1,2.325504
16534.9809,8.9448999999986,1,2.32448
16543.1883,8.20740000000296,1,2.326528
16550.9981,7.80979999999909,1,2.32448
16560.058,9.0599000000002,1,2.325504
16568.0207,7.96270000000004,1,2.326528
16576.0317,8.0109999999986,1,2.323456
16585.1417,9.11000000000058,1,2.326528
16593.0266,7.88490000000093,1,2.31936
16601.0374,8.01080000000002,1,2.328576
16610.2366,9.19919999999911,1,2.32448
16618.0802,7.84360000000015,1,2.323456
16625.9955,7.91530000000057,1,2.325504
16635.044,9.04850000000079,1,2.31936
16643.1833,8.13929999999891,1,2.328576
16651.0845,7.90120000000024,1,2.322432
16660.0647,8.98019999999815,1,3.060736
16668.0978,8.03310000000056,1,2.325504
16676.0324,7.9346000000005,1,3.136512
16685.126,9.09360000000015,1,2.325504
16693.1907,8.06469999999899,1,2.326528
16701.1019,7.91120000000228,1,2.326528
16710.1004,8.99849999999788,1,3.057664
16718.2985,8.19810000000143,1,2.323456
16725.9998,7.70130000000063,1,2.326528
16735.0759,9.07609999999841,1,2.331648
16743.1734,8.09749999999985,1,2.325504
16751.0041,7.83069999999861,1,2.325504
16760.0466,9.0425000000032,1,3.055616
16768.0027,7.95609999999942,1,2.321408
16776.076,8.07330000000002,1,2.320384
16785.0919,9.01589999999851,1,2.325504
16792.9909,7.89900000000125,1,2.32448
16801.9845,8.99359999999797,1,2.323456
16810.1408,8.15630000000237,1,2.326528
16818.0185,7.87769999999728,1,2.326528
16826.1457,8.12720000000263,1,2.320384
16835.0852,8.93950000000041,1,3.068928
16843.1208,8.03559999999925,1,2.32448
16851.0345,7.91370000000097,1,2.32448
16860.0571,9.02260000000024,1,3.060736
16867.9953,7.93819999999687,1,2.325504
16877.0582,9.06290000000081,1,2.32448
16885.015,7.95679999999993,1,2.327552
16893.0161,8.00110000000132,1,2.331648
16901.0215,8.00539999999819,1,2.320384
16910.0727,9.0512000000017,1,2.320384
16918.0138,7.94110000000001,1,2.323456
16926.0765,8.06269999999859,1,2.325504
16935.0446,8.96810000000187,1,2.323456
16943.1747,8.13009999999849,1,2.325504
16951.1205,7.94580000000133,1,2.32448
16960.0261,8.90559999999823,1,2.326528
16968.0522,8.02609999999913,1,2.322432
16976.0309,7.9787000000033,1,2.325504
16985.1578,9.1268999999993,1,2.325504
16993.0054,7.84759999999733,1,2.317312
17001.0002,7.9948000000004,1,2.327552
17010.0323,9.03210000000036,1,2.32448
17018.0043,7.97200000000157,1,2.322432
17026.0183,8.01399999999921,1,2.322432
17035.3061,9.28780000000188,1,2.32448
17043.0379,7.73179999999775,1,2.326528
17051.0424,8.0044999999991,1,2.326528
17060.0283,8.98590000000331,1,2.328576
17068.1693,8.14099999999962,1,2.321408
17075.9991,7.82979999999952,1,2.32448
17085.2001,9.20099999999729,1,2.317312
17093.0871,7.88700000000244,1,2.323456
17101.1397,8.05259999999907,1,2.325504
17110.1258,8.9861000000019,1,3.067904
17118.1747,8.04889999999796,1,2.322432
17126.0236,7.84890000000087,1,2.3296
17135.1499,9.1262999999999,1,3.070976
17143.3804,8.23049999999785,1,2.326528
17151.112,7.7316000000028,1,2.317312
17160.1751,9.06309999999939,1,3.064832
17168.1775,8.00240000000122,1,2.321408
17176.0428,7.86529999999766,1,2.328576
17185.0838,9.04100000000108,1,2.32448
17192.977,7.89319999999861,1,2.321408
17201.986,9.00900000000183,1,2.323456
17210.2149,8.22889999999825,1,2.321408
17218.0335,7.81860000000233,1,2.32448
17226.0137,7.98019999999815,1,2.320384
17235.0041,8.99039999999877,1,2.317312
17243.1083,8.10420000000158,1,2.32448
17251.0213,7.91300000000047,1,2.322432
17260.1073,9.08599999999933,1,3.057664
17268.1047,7.9974000000002,1,2.322432
17276.0641,7.95939999999973,1,2.323456
17285.0411,8.97699999999895,1,2.325504
17293.2024,8.16129999999976,1,2.321408
17301.0066,7.80420000000231,1,2.323456
17310.1153,9.10870000000068,1,2.323456
17318.0658,7.95049999999901,1,2.327552
17325.9978,7.9320000000007,1,2.32448
17335.0364,9.03859999999986,1,2.323456
17343.028,7.99159999999756,1,2.326528
17351.0309,8.00290000000314,1,2.327552
17360.0043,8.97339999999895,1,3.064832
17368.0003,7.99599999999919,1,2.327552
17375.9975,7.99720000000161,1,2.32448
17385.2199,9.22239999999874,1,2.333696
17393.577,8.35710000000108,1,2.332672
17401.5719,7.99489999999787,1,2.3296
17409.1563,7.58439999999973,1,2.333696
17418.0843,8.92799999999988,1,3.089408
17426.0611,7.97680000000037,1,2.330624
17435.0747,9.01360000000204,1,2.330624
17443.2661,8.1913999999997,1,2.331648
17451.1413,7.87519999999859,1,2.3296
17460.0465,8.90520000000106,1,2.332672
17468.0317,7.98519999999917,1,2.330624
17476.0798,8.04809999999998,1,2.3296
17485.1112,9.03139999999985,1,2.333696
17493.081,7.96979999999894,1,2.330624
17501.0379,7.95690000000104,1,2.332672
17510.0749,9.03700000000026,1,2.328576
17518.0289,7.95400000000154,1,2.331648
17526.0736,8.04469999999856,1,2.323456
17535.0641,8.99049999999988,1,2.328576
17543.1911,8.12700000000041,1,2.33472
17551.1111,7.91999999999825,1,2.3296
17560.2593,9.14820000000327,1,3.065856
17568.0263,7.76699999999983,1,2.331648
17576.1018,8.07549999999901,1,2.327552
17585.3862,9.28440000000046,1,2.331648
17593.0822,7.69599999999991,1,2.327552
17601.0813,7.99910000000091,1,2.814976
17610.2869,9.2055999999975,1,2.326528
17618.0044,7.71750000000247,1,2.333696
17626.0254,8.020999999997,1,2.331648
17635.2703,9.24490000000151,1,2.33472
17643.2169,7.94659999999931,1,2.333696
17651.1527,7.93579999999929,1,2.331648
17660.0289,8.87620000000243,1,3.075072
17668.1496,8.12069999999949,1,2.331648
17676.0934,7.94380000000092,1,2.331648
17685.1831,9.08969999999681,1,2.333696
17693.2268,8.04370000000199,1,2.330624
17701.0673,7.84049999999843,1,2.332672
17710.2454,9.178100000001,1,2.3296
17718.2261,7.98070000000007,1,2.331648
17726.0401,7.81399999999849,1,2.3296
17735.1649,9.12480000000141,1,2.332672
17743.4655,8.30059999999867,1,2.330624
17751.0233,7.55780000000232,1,2.333696
17760.2265,9.20319999999992,1,3.076096
17768.0242,7.79769999999917,1,2.328576
17776.045,8.02079999999842,1,2.332672
17785.0686,9.02360000000044,1,2.328576
17793.044,7.97540000000299,1,2.328576
17801.052,8.00799999999799,1,2.331648
17810.0974,9.04539999999906,1,2.331648
17818.0566,7.95920000000115,1,2.335744
17826.1369,8.08030000000144,1,2.331648
17835.0269,8.88999999999942,1,3.070976
17843.2306,8.20369999999821,1,2.333696
17851.0362,7.80559999999969,1,2.330624
17860.0476,9.01140000000305,1,2.3296
17868.0024,7.95479999999952,1,2.331648
17876.1662,8.16379999999845,1,2.327552
17885.1082,8.9419999999991,1,2.331648
17893.0451,7.93690000000061,1,2.33472
17901.0365,7.99139999999898,1,2.330624
17910.0944,9.05790000000343,1,2.33472
17918.0714,7.97699999999895,1,2.330624
17926.1381,8.0666999999994,1,2.333696
17935.3519,9.21380000000136,1,3.072
17943.0602,7.70829999999842,1,2.3296
17951.0677,8.00749999999971,1,2.333696
17960.0377,8.97000000000116,1,2.332672
17968.1403,8.10259999999835,1,2.3296
17976.1206,7.98029999999926,1,2.332672
17985.1918,9.07120000000214,1,3.060736
17993.0419,7.85009999999966,1,2.331648
18001.0577,8.01580000000104,1,2.328576
18010.0624,9.00469999999768,1,2.331648
18018.0817,8.01929999999993,1,2.335744
18026.0409,7.95920000000115,1,2.332672
18035.0802,9.03930000000037,1,2.330624
18043.1885,8.10829999999987,1,2.326528
18051.1193,7.93079999999827,1,2.328576
18060.1418,9.02250000000276,1,3.073024
18068.0932,7.9513999999981,1,2.331648
18076.1267,8.03350000000137,1,2.332672
18085.1484,9.02169999999751,1,3.073024
18093.2,8.05160000000251,1,2.336768
18101.0234,7.82339999999749,1,2.333696
18110.3059,9.28250000000116,1,2.330624
18118.073,7.76710000000094,1,2.33472
18126.0067,7.93370000000141,1,2.326528
18135.1356,9.1288999999997,1,2.331648
18143.2811,8.14549999999872,1,2.327552
18151.0493,7.76819999999861,1,2.327552
18160.214,9.16470000000118,1,2.328576
18168.028,7.81399999999849,1,2.331648
18176.097,8.06900000000314,1,2.330624
18185.0936,8.99659999999858,1,2.331648
18193.0565,7.96289999999863,1,2.330624
18201.0468,7.9903000000013,1,2.335744
18210.4213,9.37450000000172,1,2.330624
18218.0658,7.64449999999852,1,2.3296
18226.1966,8.130799999999,1,2.332672
18235.0703,8.8737000000001,1,3.074048
18243.1153,8.04500000000189,1,2.332672
18251.0338,7.91849999999977,1,2.331648
18260.1652,9.13139999999839,1,2.330624
18268.2504,8.08520000000135,1,2.3296
18276.1019,7.85150000000067,1,2.326528
18285.1467,9.04479999999967,1,3.065856
18293.061,7.91430000000037,1,2.331648
18301.0432,7.98219999999856,1,2.328576
18310.1916,9.14839999999822,1,2.333696
18318.0657,7.87410000000091,1,2.332672
18325.984,7.91830000000118,1,2.331648
18335.1721,9.18809999999939,1,2.327552
18343.2669,8.09479999999894,1,2.3296
18351.0632,7.79630000000179,1,2.3296
18360.0232,8.95999999999913,1,3.073024
18368.047,8.02379999999903,1,2.331648
18376.2208,8.17380000000048,1,2.325504
18385.1562,8.93540000000212,1,3.072
18392.4954,7.33919999999853,1,2.328576
18401.6654,9.17000000000189,1,3.081216
18409.5771,7.91169999999693,1,2.333696
18418.0618,8.48470000000088,1,2.336768
18426.0848,8.02300000000105,1,2.333696
18435.0332,8.94840000000113,1,2.332672
18443.3035,8.27030000000013,1,2.333696
18451.0752,7.77169999999751,1,2.330624
18460.1703,9.09510000000228,1,2.33472
18468.1455,7.97519999999713,1,2.328576
18476.1295,7.98400000000038,1,2.332672
18485.0722,8.9426999999996,1,2.332672
18493.1349,8.06270000000222,1,2.33472
18501.0478,7.91289999999935,1,2.330624
18510.1254,9.07760000000053,1,2.335744
18518.1104,7.98500000000058,1,2.332672
18526.0825,7.97209999999905,1,2.332672
18535.2094,9.1268999999993,1,2.330624
18543.1971,7.9877000000015,1,2.331648
18551.0723,7.87519999999859,1,2.327552
18560.0307,8.95839999999953,1,2.333696
18568.1043,8.07359999999971,1,2.330624
18576.0988,7.9945000000007,1,2.33472
18585.177,9.07819999999992,1,2.338816
18593.059,7.88200000000143,1,2.338816
18601.1223,8.06329999999798,1,2.343936
18610.1147,8.99239999999918,1,2.33472
18618.1287,8.01400000000285,1,2.337792
18626.0358,7.90710000000036,1,2.338816
18635.2035,9.16769999999815,1,2.342912
18643.2173,8.01380000000063,1,2.338816
18651.1075,7.890199999998,1,2.332672
18660.1516,9.0441000000028,1,3.079168
18668.1019,7.95030000000042,1,2.33472
18676.0608,7.95889999999781,1,2.336768
18685.1987,9.13790000000154,1,2.347008
18693.2927,8.09400000000096,1,2.340864
18701.0873,7.79459999999744,1,2.338816
18710.2374,9.15010000000257,1,3.068928
18718.095,7.85759999999937,1,2.337792
18726.0875,7.99250000000029,1,2.337792
18735.1835,9.09599999999773,1,2.33472
18743.133,7.94950000000244,1,2.338816
18751.0555,7.92249999999694,1,2.33984
18760.0844,9.02890000000116,1,2.337792
18768.0323,7.94789999999921,1,2.338816
18776.1844,8.15209999999934,1,2.335744
18785.1237,8.93930000000182,1,2.337792
18793.0615,7.9377999999997,1,2.338816
18801.0399,7.97839999999997,1,2.33984
18810.1523,9.1124000000018,1,2.335744
18818.0407,7.88839999999982,1,2.342912
18826.13,8.08929999999964,1,2.343936
18835.0915,8.96149999999761,1,2.33472
18843.3212,8.22969999999987,1,2.337792
18851.1,7.77880000000005,1,2.337792
18860.1098,9.00979999999981,1,2.335744
18868.0517,7.94190000000162,1,2.336768
18876.1333,8.08160000000134,1,2.347008
18885.2384,9.10509999999704,1,2.340864
18893.0734,7.83500000000276,1,2.342912
18901.1893,8.11589999999705,1,2.340864
18910.1302,8.94090000000142,1,2.340864
18918.0245,7.89429999999993,1,2.338816
18926.048,8.02349999999933,1,2.341888
18935.054,9.00600000000122,1,2.342912
18943.0755,8.02149999999892,1,2.33984
18951.0653,7.98979999999938,1,2.341888
18960.0411,8.97580000000016,1,3.069952
18968.087,8.04590000000098,1,2.343936
18976.0598,7.97279999999955,1,2.340864
18985.2367,9.17690000000221,1,2.342912
18993.0671,7.83039999999892,1,2.341888
19001.117,8.04989999999816,1,2.341888
19010.0689,8.95190000000002,1,2.340864
19018.0655,7.99660000000222,1,2.343936
19026.0612,7.99569999999949,1,2.340864
19035.1212,9.06000000000131,1,2.336768
19043.1833,8.06209999999919,1,2.34496
19051.1138,7.93049999999857,1,2.341888
19060.154,9.04019999999946,1,3.090432
19068.1679,8.01390000000174,1,2.341888
19076.0864,7.91849999999977,1,2.33984
19085.2032,9.11679999999978,1,2.342912
19093.0747,7.87150000000111,1,2.341888
19101.1096,8.03489999999874,1,2.343936
19110.2045,9.09490000000005,1,2.33472
19118.1252,7.92069999999876,1,2.343936
19126.1194,7.994200000001,1,2.341888
19135.0723,8.95290000000023,1,2.340864
19143.2707,8.19840000000113,1,2.33984
19151.0661,7.79539999999906,1,2.335744
19160.2779,9.21180000000095,1,2.341888
19168.0692,7.79130000000077,1,2.337792
19176.1824,8.11319999999978,1,2.341888
19185.2009,9.01849999999831,1,2.33984
19193.1069,7.90599999999904,1,2.342912
19201.0912,7.98430000000008,1,2.338816
19210.1457,9.05450000000201,1,3.083264
19218.1042,7.95850000000064,1,2.341888
19226.1035,7.99929999999949,1,2.337792
19235.1305,9.02699999999822,1,2.343936
19243.2964,8.16589999999997,1,2.342912
19251.1804,7.88400000000183,1,2.338816
19260.0964,8.91599999999744,1,3.076096
19268.0972,8.00080000000162,1,2.338816
19276.0728,7.97560000000158,1,2.341888
19285.2215,9.14869999999792,1,2.337792
19293.0536,7.83209999999963,1,2.33472
19301.0747,8.02110000000175,1,2.340864
19310.1727,9.09799999999814,1,2.333696
19318.0624,7.88969999999972,1,2.337792
19326.0337,7.97130000000107,1,2.337792
19335.0451,9.01139999999941,1,2.337792
19343.2846,8.23949999999968,1,2.335744
19351.0987,7.8140999999996,1,2.335744
19360.149,9.05030000000261,1,3.089408
19368.0601,7.91109999999753,1,2.336768
19376.1715,8.11140000000159,1,2.335744
19385.1795,9.00799999999799,1,2.335744
19392.6092,7.42970000000059,1,2.340864
19401.7751,9.16589999999997,1,3.05664
19409.7204,7.94529999999941,1,2.33984
19417.1396,7.41920000000027,1,2.337792
19426.1446,9.00500000000102,1,3.145728
19435.0917,8.94710000000123,1,2.341888
19443.3214,8.22969999999987,1,2.342912
19451.1216,7.80019999999786,1,2.340864
19460.3106,9.18900000000212,1,2.338816
19468.0936,7.78299999999945,1,2.341888
19476.1222,8.02860000000146,1,2.34496
19485.0766,8.95439999999871,1,2.347008
19493.0852,8.00860000000102,1,2.348032
19501.2211,8.13589999999749,1,2.34496
19510.2689,9.04780000000028,1,2.347008
19518.2248,7.95590000000084,1,2.340864
19526.1394,7.91460000000006,1,2.345984
19535.1546,9.01520000000164,1,2.347008
19543.1117,7.95709999999963,1,2.341888
19551.1405,8.02880000000005,1,2.347008
19560.1301,8.98959999999715,1,3.089408
19568.2113,8.08120000000054,1,2.348032
19576.1663,7.95500000000175,1,2.345984
19585.291,9.1247000000003,1,3.076096
19593.1096,7.8185999999987,1,2.341888
19601.1334,8.02379999999903,1,2.349056
19610.1085,8.97509999999966,1,3.08736
19618.1293,8.02080000000205,1,2.347008
19626.1196,7.9903000000013,1,2.347008
19635.2174,9.09779999999955,1,2.348032
19643.1091,7.89170000000013,1,2.34496
19651.1266,8.01749999999811,1,2.343936
19660.2202,9.09360000000015,1,3.093504
19668.1832,7.96299999999974,1,2.341888
19676.5071,8.32389999999941,1,2.34496
19684.1061,7.59900000000198,1,2.33984
19693.3593,9.2531999999992,1,3.090432
19701.1094,7.75010000000111,1,2.33984
19710.2452,9.13580000000002,1,2.342912
19718.1028,7.85759999999937,1,2.348032
19726.1805,8.077699999998,1,2.34496
19735.255,9.07450000000244,1,2.347008
19743.3156,8.0606000000007,1,2.347008
19751.09,7.77439999999842,1,2.335744
19760.183,9.09300000000076,1,2.347008
19768.2755,8.09249999999884,1,2.342912
19776.2003,7.92480000000069,1,2.332672
19785.155,8.95469999