loaded count=22480361 degree=3 decode_ms=14141.4294 first_frame_ms=15320.9043
pose -48.8214111328125 -4.0667724609375 3586.75612233193 -48.8214111328125 -4.0667724609375 -10.4056396484375
interaction duration_ms=20014.1149 accepted_presents=580 render_calls=580 fps=28.9795478290174
time_ms,interval_ms,accepted,gpu_diagnostic_ms
34.1752,34.1752,1,33.957888
68.356,34.1808,1,33.659904
102.7576,34.4016,1,34.248704
136.908,34.1504,1,33.95072
171.0993,34.1913,1,33.968128
205.6345,34.5352,1,34.292736
239.8511,34.2166,1,33.992704
274.0198,34.1687,1,33.995776
308.4495,34.4297,1,34.269184
342.6056,34.1561,1,33.98656
376.9665,34.3609,1,34.219008
411.1757,34.2092,1,33.946624
445.4783,34.3026,1,34.23232
479.6182,34.1399,1,33.957888
513.8898,34.2716,1,33.984512
548.3333,34.4435,1,34.270208
582.3975,34.0642,1,33.938432
616.6667,34.2692,1,33.927168
650.7076,34.0409,1,33.949696
685.0216,34.3140000000001,1,33.954816
719.438,34.4164,1,34.225152
753.5366,34.0986,1,33.944576
787.8789,34.3423,1,34.2272
822.3103,34.4313999999999,1,34.265088
856.6542,34.3439,1,33.975296
891.019,34.3648000000001,1,34.233344
925.2216,34.2026,1,33.980416
959.2835,34.0619,1,33.717248
993.5514,34.2678999999999,1,33.969152
1027.6262,34.0748,1,33.73568
1061.8624,34.2362000000001,1,33.957888
1096.1334,34.271,1,33.942528
1130.1545,34.0211000000002,1,33.744896
1164.4772,34.3226999999999,1,33.936384
1198.4766,33.9993999999999,1,33.767424
1232.808,34.3314,1,34.043904
1267.2212,34.4132,1,34.193408
1301.557,34.3358000000001,1,33.961984
1335.8659,34.3089,1,34.185216
1369.8593,33.9934000000001,1,33.696768
1404.3327,34.4733999999999,1,34.24768
1438.4467,34.114,1,33.952768
1472.571,34.1242999999999,1,33.712128
1507.069,34.498,1,34.297856
1541.1244,34.0554,1,33.995776
1575.3468,34.2224000000001,1,33.644544
1609.4323,34.0854999999999,1,33.972224
1643.7351,34.3028000000002,1,33.982464
1678.1351,34.3999999999999,1,34.241536
1712.2036,34.0685000000001,1,33.946624
1746.4857,34.2820999999999,1,33.93024
1780.9322,34.4465,1,34.219008
1815.0224,34.0902000000001,1,33.9968
1849.5058,34.4833999999998,1,34.253824
1883.8849,34.3791000000001,1,34.254848
1917.9587,34.0737999999999,1,33.916928
1952.337,34.3783000000001,1,34.241536
1986.4273,34.0903000000001,1,33.95072
2020.9749,34.5475999999999,1,34.225152
2055.7122,34.7373,1,34.320384
2090.0679,34.3557000000001,1,34.008064
2124.5621,34.4942000000001,1,34.233344
2158.8101,34.248,1,33.975296
2193.4156,34.6054999999997,1,34.24256
2227.8469,34.4313000000002,1,34.22208
2262.5965,34.7496000000001,1,34.294784
2296.9359,34.3393999999998,1,34.014208
2331.5073,34.5714000000003,1,34.280448
2365.7354,34.2280999999998,1,33.970176
2400.3621,34.6266999999998,1,34.256896
2434.865,34.5029,1,34.271232
2469.3398,34.4748000000004,1,33.9968
2503.7289,34.3890999999999,1,34.23232
2538.0768,34.3478999999998,1,33.975296
2572.6063,34.5295000000001,1,34.200576
2607.1425,34.5362,1,34.049024
2641.1635,34.0210000000002,1,33.948672
2675.8131,34.6495999999997,1,34.24768
2710.0128,34.1997000000001,1,33.987584
2744.7036,34.6907999999999,1,34.23744
2779.1486,34.4450000000002,1,34.255872
2813.4912,34.3425999999999,1,33.994752
2848.0243,34.5331000000001,1,34.182144
2882.5943,34.5700000000002,1,34.313216
2916.853,34.2586999999999,1,33.985536
2951.5222,34.6691999999998,1,34.335744
2985.8679,34.3457000000003,1,33.997824
3020.4623,34.5944,1,34.284544
3054.9731,34.5108,1,34.259968
3089.2704,34.2972999999997,1,34.050048
3123.4682,34.1977999999999,1,34.080768
3157.7799,34.3117000000002,1,33.988608
3192.2142,34.4342999999999,1,34.033664
3226.3719,34.1577000000002,1,33.994752
3260.3941,34.0221999999999,1,33.754112
3294.7233,34.3292000000001,1,33.993728
3328.7199,33.9965999999999,1,33.738752
3363.0371,34.3172,1,33.9712
3397.3089,34.2718,1,34.010112
3431.4822,34.1732999999999,1,33.775616
3465.7371,34.2548999999999,1,34.016256
3499.9479,34.2108000000003,1,33.98144
3534.2727,34.3247999999999,1,33.98144
3568.5505,34.2777999999998,1,33.936384
3602.6053,34.0548000000003,1,33.750016
3636.7843,34.1789999999996,1,33.913856
3671.1871,34.4028000000003,1,34.275328
3705.5187,34.3316,1,34.05824
3739.7562,34.2374999999997,1,34.023424
3773.9472,34.1910000000003,1,33.990656
3808.3861,34.4389000000001,1,34.295808
3842.7047,34.3185999999996,1,34.02752
3876.7864,34.0817000000002,1,33.921024
3910.9966,34.2102,1,34.055168
3945.2819,34.2853,1,33.952768
3979.5943,34.3124000000003,1,33.985536
4013.9935,34.3991999999998,1,34.255872
4048.1267,34.1331999999998,1,34.008064
4082.5811,34.4544000000001,1,34.260992
4117.0019,34.4208000000003,1,34.248704
4151.1733,34.1714000000002,1,34.026496
4185.6142,34.4408999999996,1,34.259968
4219.874,34.2597999999998,1,33.984512
4254.0776,34.2035999999998,1,34.180096
4288.2077,34.1301000000003,1,33.97632
4322.4552,34.2475000000004,1,33.947648
4356.8721,34.4168999999993,1,34.264064
4390.9699,34.0978000000005,1,33.980416
4425.2973,34.3274000000001,1,34.000896
4459.5914,34.2941000000001,1,33.99168
4493.5782,33.9867999999997,1,33.700864
4527.8528,34.2745999999997,1,33.956864
4562.1,34.2472000000007,1,33.961984
4596.3839,34.2838999999994,1,33.9456
4630.3221,33.9382000000005,1,33.753088
4664.3705,34.0483999999997,1,33.682432
4698.7324,34.3618999999999,1,34.079744
4733.1389,34.4065000000001,1,34.01216
4767.3896,34.2507000000005,1,33.944576
4801.7713,34.3816999999999,1,34.18624
4835.6845,33.9132,1,33.716224
4870.1387,34.4542000000001,1,34.239488
4904.4198,34.2810999999992,1,33.97632
4938.7666,34.3468000000003,1,34.020352
4973.0812,34.3145999999997,1,34.174976
5007.2746,34.1934000000001,1,34.048
5041.4504,34.1758,1,33.734656
5075.8913,34.4409000000005,1,34.228224
5109.9289,34.0375999999997,1,33.949696
5144.4561,34.5272000000004,1,34.276352
5178.81,34.3539000000001,1,34.230272
5212.9809,34.1708999999992,1,33.997824
5247.1241,34.1432000000004,1,33.871872
5281.7152,34.5910999999996,1,34.390016
5316.1959,34.4807000000001,1,34.3296
5350.4516,34.2557000000006,1,34.092032
5384.855,34.4033999999992,1,34.101248
5419.3914,34.5364000000009,1,34.390016
5453.6375,34.2460999999994,1,34.100224
5488.2289,34.5914000000002,1,34.412544
5522.4697,34.2407999999996,1,34.077696
5557.012,34.5423000000001,1,34.19136
5591.4441,34.4321,1,34.364416
5625.9075,34.4634000000005,1,34.127872
5660.0438,34.1363000000001,1,33.842176
5694.4695,34.4256999999998,1,34.069504
5728.5723,34.1027999999997,1,33.865728
5763.0845,34.5122000000001,1,34.168832
5797.4795,34.3950000000004,1,34.080768
5831.6196,34.1400999999996,1,33.888256
5866.0157,34.3960999999999,1,34.085888
5900.275,34.2592999999997,1,33.865728
5934.8473,34.5723000000007,1,34.37056
5969.1841,34.3368,1,34.143232
6003.59,34.4058999999997,1,33.875968
6038.2182,34.6282000000001,1,34.41664
6072.5031,34.2848999999997,1,34.038784
6107.3395,34.8364000000001,1,34.541568
6142.242,34.9025000000001,1,34.537472
6176.7608,34.5187999999998,1,34.21184
6211.5681,34.8073000000004,1,34.510848
6246.4131,34.8449999999993,1,34.417664
6280.9367,34.5236000000004,1,34.234368
6315.7247,34.7879999999996,1,34.512896
6350.9506,35.2259000000004,1,34.97984
6385.5874,34.6368000000002,1,34.171904
6420.3494,34.7619999999997,1,34.424832
6454.6521,34.3027000000002,1,34.149376
6489.375,34.7228999999998,1,34.404352
6524.1522,34.7772000000004,1,34.49344
6558.6961,34.5438999999997,1,34.132992
6593.5108,34.8146999999999,1,34.440192
6627.8125,34.3017,1,34.1504
6662.2445,34.4319999999998,1,34.098176
6696.978,34.7335000000003,1,34.362368
6731.5466,34.5685999999996,1,34.2272
6766.2944,34.7478000000001,1,34.466816
6800.8551,34.5607,1,34.202624
6835.7217,34.8666000000003,1,34.692096
6870.5784,34.8567000000003,1,34.471936
6905.1418,34.5634,1,34.24256
6939.7634,34.6215999999995,1,34.3552
6974.5238,34.7604000000001,1,34.55488
7009.1794,34.6556,1,34.256896
7043.9071,34.7277000000004,1,34.526208
7078.7591,34.8519999999999,1,34.537472
7113.1754,34.4162999999999,1,34.245632
7147.9826,34.8072000000002,1,34.587648
7182.4598,34.4771999999994,1,34.35008
7217.3219,34.8621000000003,1,34.492416
7251.631,34.3091000000004,1,34.229248
7286.251,34.6199999999999,1,34.253824
7320.9708,34.7197999999999,1,34.59584
7355.4564,34.4856,1,34.290688
7390.0958,34.6394,1,34.532352
7424.5351,34.4393,1,34.335744
7459.2052,34.6701000000003,1,34.327552
7493.8153,34.6100999999999,1,34.275328
7528.4369,34.6215999999995,1,34.343936
7562.9494,34.5125000000007,1,34.106368
7597.9089,34.9594999999999,1,34.706432
7632.4084,34.4994999999999,1,34.241536
7666.821,34.4125999999997,1,34.137088
7701.8063,34.9853000000003,1,34.664448
7736.3657,34.5594000000001,1,34.417664
7771.1188,34.7530999999999,1,34.409472
7805.661,34.5421999999999,1,34.40128
7840.6097,34.9486999999999,1,34.7648
7875.2574,34.6477000000004,1,34.373632
7909.9235,34.6660999999995,1,34.476032
7945.0066,35.0830999999998,1,34.950144
7979.6051,34.5985000000001,1,34.405376
8014.4231,34.8180000000002,1,34.684928
8049.5754,35.1522999999997,1,34.871296
8084.2117,34.6363000000001,1,34.374656
8118.9386,34.7269000000006,1,34.680832
8153.5932,34.6545999999998,1,34.379776
8188.2129,34.6197000000002,1,34.439168
8223.1003,34.8873999999996,1,34.704384
8257.8307,34.7304000000004,1,34.492416
8292.4873,34.6566000000003,1,34.36032
8327.1891,34.7017999999989,1,34.445312
8361.6199,34.4308000000001,1,34.202624
8396.4277,34.8078000000005,1,34.445312
8430.876,34.4483,1,34.159616
8465.8049,34.928899999999,1,34.62656
8500.5333,34.7284,1,34.475008
8535.565,35.0317000000014,1,34.702336
8570.2372,34.6721999999991,1,34.542592
8605.0861,34.8489000000009,1,34.471936
8639.6238,34.5376999999989,1,34.382848
8674.4881,34.8643000000011,1,34.576384
8709.2607,34.7726000000002,1,34.475008
8743.8977,34.6369999999988,1,34.424832
8778.7952,34.8975000000009,1,34.755584
8813.5675,34.7722999999987,1,34.499584
8848.2932,34.7257000000009,1,34.523136
8883.3047,35.0115000000005,1,34.794496
8917.8726,34.5679,1,34.482176
8952.8557,34.9830999999995,1,34.741248
8987.3384,34.4827000000005,1,34.491392
9022.2409,34.9025000000001,1,34.481152
9057.115,34.8740999999991,1,34.725888
9091.8495,34.7345000000005,1,34.506752
9126.7511,34.9015999999992,1,34.49856
9161.5396,34.7885000000006,1,34.48832
9196.0547,34.5151000000005,1,34.292736
9231.0228,34.9681,1,34.605056
9265.8162,34.7933999999987,1,34.58048
9300.431,34.6148000000012,1,34.236416
9335.5172,35.0861999999997,1,34.772992
9370.2768,34.7595999999994,1,34.601984
9405.0743,34.7975000000006,1,34.551808
9440.2465,35.1721999999991,1,34.793472
9474.6381,34.3916000000008,1,34.454528
9509.5234,34.8852999999999,1,34.545664
9544.3957,34.8722999999991,1,34.743296
9579.0851,34.6894000000011,1,34.496512
9614.3762,35.2911000000004,1,34.782208
9648.9024,34.5262000000002,1,34.540544
9683.4349,34.5324999999993,1,34.461696
9718.2972,34.8623000000007,1,34.651136
9752.9423,34.6450999999997,1,34.4832
9787.7448,34.8024999999998,1,34.642944
9822.3597,34.6149000000005,1,34.516992
9857.3461,34.9863999999998,1,34.50368
9892.1449,34.7987999999987,1,34.665472
9926.6651,34.5202000000008,1,34.207744
9961.445,34.7798999999995,1,34.477056
9996.2416,34.7965999999997,1,34.455552
10031.0765,34.8348999999998,1,34.476032
10066.2522,35.1757000000016,1,34.8416
10101.2086,34.9563999999991,1,34.696192
10136.0141,34.8055000000004,1,34.446336
10171.1113,35.0972000000002,1,34.784256
10205.9524,34.8410999999996,1,34.49344
10241.0701,35.1177000000007,1,34.839552
10276.1152,35.0450999999994,1,34.742272
10310.8768,34.7615999999998,1,34.450432
10345.9136,35.0367999999999,1,34.762752
10380.6972,34.7836000000007,1,34.451456
10415.8056,35.1083999999992,1,34.776064
10450.8556,35.0500000000011,1,34.733056
10485.6143,34.7586999999985,1,34.407424
10520.5567,34.9423999999999,1,34.675712
10555.4829,34.9262000000017,1,34.639872
10590.4023,34.9193999999989,1,34.42688
10625.2957,34.8934000000008,1,34.66752
10660.0466,34.7508999999991,1,34.410496
10694.6871,34.6404999999995,1,34.333696
10729.4989,34.8118000000013,1,34.58048
10764.3003,34.8014000000003,1,34.387968
10799.2496,34.9492999999984,1,34.731008
10834.108,34.858400000001,1,34.567168
10868.7195,34.6114999999991,1,34.351104
10903.6628,34.9433000000008,1,34.593792
10938.2333,34.5704999999998,1,34.29888
10973.0813,34.848,1,34.45248
11008.0822,35.0009000000009,1,34.707456
11042.6845,34.6022999999986,1,34.312192
11077.5131,34.8286000000007,1,34.551808
11111.861,34.3479000000007,1,34.224128
11146.4537,34.5926999999992,1,34.253824
11181.1492,34.6954999999998,1,34.53952
11215.619,34.4698000000008,1,34.315264
11250.2512,34.6322,1,34.490368
11284.6078,34.3565999999992,1,34.209792
11319.1889,34.5810999999994,1,34.217984
11353.763,34.5741000000016,1,34.439168
11388.2717,34.5086999999985,1,34.200576
11422.575,34.3033000000014,1,34.141184
11457.2506,34.6755999999987,1,34.51392
11491.6174,34.3667999999998,1,34.176
11526.2438,34.626400000001,1,34.226176
11560.6605,34.4166999999998,1,34.157568
11595.853,35.1924999999992,1,34.853888
11630.3398,34.4868000000006,1,34.183168
11664.6131,34.2733000000007,1,33.915904
11698.8292,34.2160999999996,1,33.980416
11733.0069,34.1777000000002,1,33.835008
11767.6737,34.6667999999991,1,34.400256
11802.1739,34.5002000000004,1,34.404352
11836.3738,34.1998999999996,1,33.887232
11871.0069,34.6331000000009,1,34.393088
11905.2286,34.2217000000001,1,34.098176
11939.6281,34.3994999999995,1,33.908736
11974.1739,34.5457999999999,1,34.148352
12008.66,34.4861000000001,1,34.41664
12042.9065,34.2464999999993,1,34.116608
12077.5151,34.6086000000014,1,34.39104
12111.7453,34.2302,1,34.121728
12146.3579,34.6126000000004,1,34.412544
12180.6278,34.2698999999993,1,34.130944
12215.077,34.4491999999991,1,34.102272
12249.6048,34.5277999999998,1,34.37568
12283.9825,34.3777000000009,1,34.055168
12318.207,34.2245000000003,1,34.107392
12352.8053,34.5982999999997,1,34.37568
12387.0619,34.2566000000006,1,34.126848
12421.6886,34.6266999999989,1,34.402304
12456.156,34.4674000000014,1,34.341888
12490.551,34.3949999999986,1,34.209792
12525.2395,34.6885000000002,1,34.412544
12559.7048,34.4652999999998,1,34.128896
12593.9338,34.2290000000012,1,33.8688
12628.5792,34.6453999999994,1,34.36032
12662.7184,34.1391999999996,1,33.851392
12696.9341,34.2157000000007,1,33.89952
12731.3334,34.3992999999991,1,34.07872
12765.4939,34.1605,1,33.908736
12799.9683,34.474400000001,1,34.14016
12834.3849,34.4165999999987,1,34.098176
12868.8823,34.4974000000002,1,34.34496
12902.9722,34.0899000000009,1,33.826816
12937.5657,34.593499999999,1,34.387968
12972.072,34.5063000000009,1,34.338816
13006.5604,34.4884000000002,1,34.183168
13040.7765,34.2160999999996,1,33.95072
13075.3412,34.5647000000008,1,34.40128
13109.5896,34.2483999999986,1,34.0992
13144.2853,34.6957000000002,1,34.384896
13178.35,34.0647000000008,1,34.096128
13212.8269,34.4768999999997,1,34.110464
13247.4515,34.6245999999992,1,34.449408
13281.7503,34.2988000000005,1,34.143232
13316.2917,34.5414000000001,1,34.368512
13350.8055,34.5138000000006,1,34.39104
13385.1478,34.3423000000003,1,34.146304
13419.6699,34.5221000000001,1,34.38592
13453.9716,34.3017,1,34.1504
13488.4421,34.4704999999994,1,34.315264
13522.8983,34.4562000000005,1,34.102272
13557.5523,34.6539999999986,1,34.2528
13592.1378,34.585500000001,1,34.410496
13626.7669,34.6291000000001,1,34.398208
13660.9445,34.1775999999991,1,33.860608
13695.0827,34.1382000000012,1,33.849344
13729.2245,34.1417999999994,1,33.86368
13763.7217,34.4971999999998,1,34.164736
13798.1587,34.4369999999999,1,34.10944
13832.3602,34.2014999999992,1,33.892352
13866.7554,34.3952000000008,1,34.138112
13901.2263,34.4709000000003,1,34.137088
13935.7686,34.5422999999992,1,34.39104
13970.2424,34.4737999999998,1,34.16576
14004.5982,34.3558000000012,1,34.151424
14039.3188,34.7205999999987,1,34.489344
14073.8737,34.554900000001,1,34.16576
14108.5468,34.6731,1,34.435072
14143.295,34.7482,1,34.428928
14177.7132,34.4182000000001,1,34.15552
14212.4753,34.7620999999999,1,34.384896
14247.3009,34.8256000000001,1,34.423808
14281.7751,34.4742000000006,1,34.21696
14316.3549,34.5797999999995,1,34.38592
14351.1005,34.7456000000002,1,34.387968
14385.6155,34.5149999999994,1,34.16576
14420.3117,34.6962000000003,1,34.432
14454.7701,34.4583999999995,1,34.16064
14489.58,34.8099000000002,1,34.436096
14524.3278,34.7477999999992,1,34.490368
14558.9108,34.5830000000005,1,34.17088
14593.6035,34.6926999999996,1,34.408448
14628.26,34.656500000001,1,34.128896
14662.6771,34.4171000000006,1,34.364416
14697.1329,34.4557999999997,1,34.134016
14731.5755,34.4426000000003,1,34.117632
14766.3052,34.7296999999999,1,34.459648
14800.8125,34.5072999999993,1,34.188288
14835.5185,34.7060000000001,1,34.378752
14870.1689,34.6504000000004,1,34.378752
14904.7232,34.5542999999998,1,34.2016
14939.3678,34.6445999999996,1,34.407424
14974.1025,34.7347000000009,1,34.473984
15008.6656,34.5630999999994,1,34.195456
15043.4186,34.7530000000006,1,34.455552
15077.841,34.4223999999995,1,34.122752
15112.4362,34.5951999999997,1,34.425856
15146.6461,34.2098999999998,1,34.116608
15181.0657,34.4195999999993,1,34.066432
15215.738,34.6723000000002,1,34.510848
15250.1325,34.3945000000003,1,34.105344
15284.4352,34.3027000000002,1,34.126848
15319.0368,34.6016,1,34.42176
15353.1543,34.1175000000003,1,33.977344
15387.732,34.5776999999998,1,34.378752
15421.8788,34.1468000000004,1,34.101248
15456.4445,34.5656999999992,1,34.081792
15490.9657,34.521200000001,1,34.507776
15525.1147,34.1489999999994,1,33.856512
15559.656,34.5413000000008,1,34.1504
15594.0613,34.4052999999985,1,34.132992
15628.5221,34.4608000000007,1,34.136064
15663.0223,34.5002000000004,1,34.192384
15697.2308,34.2084999999988,1,33.911808
15731.4001,34.1693000000014,1,33.8688
15765.884,34.4838999999993,1,34.184192
15800.1676,34.2836000000007,1,33.886208
15834.8315,34.6638999999996,1,34.430976
15869.1288,34.2973000000002,1,34.141184
15903.4748,34.3459999999995,1,33.896448
15938.0779,34.6031000000003,1,34.425856
15972.3838,34.3058999999994,1,34.177024
16007.0396,34.6558000000005,1,34.161664
16041.5098,34.4701999999997,1,34.46272
16075.783,34.2731999999996,1,34.126848
16110.4249,34.6419000000005,1,34.383872
16145.0272,34.6023000000005,1,34.405376
16179.2587,34.2314999999999,1,34.125824
16213.8438,34.5851000000002,1,34.37568
16248.1622,34.3184000000001,1,34.075648
16282.7963,34.6340999999993,1,34.497536
16316.9782,34.1818999999996,1,34.071552
16351.489,34.5108,1,34.12992
16385.9867,34.4977000000017,1,34.39104
16420.3168,34.3300999999992,1,34.018304
16454.8022,34.4853999999978,1,34.429952
16489.3629,34.5607000000018,1,34.410496
16523.7525,34.3895999999986,1,34.209792
16558.4607,34.7082000000009,1,34.63168
16592.5652,34.1045000000013,1,33.851392
16627.1909,34.6257000000005,1,34.398208
16661.6837,34.4928,1,34.18624
16695.9249,34.2412000000004,1,33.902592
16730.0275,34.1025999999983,1,33.814528
16764.4403,34.4127999999982,1,34.093056
16798.7426,34.302300000003,1,33.905664
16833.067,34.3243999999977,1,34.118656
16867.7195,34.6525000000001,1,34.395136
16902.231,34.5115000000005,1,34.10944
16936.4698,34.2387999999992,1,34.100224
16971.0044,34.5346000000027,1,34.103296
17005.5356,34.5311999999976,1,34.39616
17039.988,34.4524000000019,1,34.077696
17074.1066,34.118599999998,1,33.885184
17108.6755,34.568900000002,1,34.33984
17142.947,34.2714999999989,1,34.11968
17177.6382,34.6912000000011,1,34.410496
17211.6859,34.0476999999992,1,34.097152
17246.2057,34.5197999999982,1,34.106368
17280.7367,34.5310000000027,1,34.399232
17315.0439,34.3071999999993,1,34.137088
17349.6091,34.5652000000009,1,34.405376
17384.272,34.6628999999994,1,34.374656
17418.5141,34.2420999999995,1,34.122752
17453.0527,34.5385999999999,1,34.30912
17487.5864,34.5337,1,34.409472
17521.9137,34.3273000000008,1,34.051072
17556.4595,34.5457999999999,1,34.1248
17591.0583,34.5987999999998,1,34.292736
17625.487,34.4287000000004,1,34.131968
17659.9798,34.4928,1,34.13504
17694.2611,34.2812999999987,1,33.870848
17728.4229,34.1618000000017,1,33.83296
17762.4882,34.0652999999984,1,33.806336
17796.859,34.3708000000006,1,34.136064
17831.2432,34.3842000000004,1,34.045952
17865.526,34.2828000000009,1,33.927168
17899.9298,34.4038,1,34.158592
17934.1712,34.241399999999,1,33.8432
17968.9464,34.7752,1,34.358272
18003.1044,34.1579999999994,1,34.178048
18037.6309,34.5264999999999,1,34.120704
18072.5971,34.9661999999989,1,34.774016
18107.3839,34.7868000000017,1,34.412544
18142.2359,34.851999999999,1,34.537472
18176.8137,34.5777999999991,1,34.39616
18212.0294,35.2157000000007,1,34.818048
18246.9915,34.9621000000006,1,34.542592
18282.4084,35.4169000000002,1,35.13856
18317.1624,34.7540000000008,1,34.5088
18352.7607,35.5982999999978,1,35.21536
18387.7882,35.0275000000001,1,34.770944
18422.368,34.5797999999995,1,34.16576
18457.7