loaded count=2973002 degree=3 decode_ms=2010.8595 first_frame_ms=2176.3023
pose -0.0546875 0.1002197265625 4.96898646210385 -0.0546875 0.1002197265625 -0.026123046875
interaction duration_ms=20001.8847 accepted_presents=2401 render_calls=2401 fps=120.038688154222
time_ms,interval_ms,accepted,gpu_diagnostic_ms
0.288,0.288,1,4.928512
10.1948,9.9068,1,4.39808
17.9617,7.7669,1,4.401152
26.961,8.9993,1,4.845568
34.9731,8.0121,1,4.405248
42.921,7.9479,1,4.400128
51.9663,9.0453,1,4.404224
60.0083,8.042,1,4.406272
68.0139,8.00560000000001,1,4.396032
75.9212,7.90729999999999,1,4.395008
85.0795,9.1583,1,4.931584
92.9166,7.83710000000001,1,4.666368
101.9161,8.9995,1,4.859904
110.0171,8.101,1,4.400128
117.9746,7.9575,1,4.399104
126.8963,8.9217,1,4.84352
134.9801,8.0838,1,4.388864
142.8968,7.91670000000002,1,4.404224
151.9337,9.03689999999997,1,5.12
159.9636,8.02990000000003,1,4.402176
167.9599,7.99629999999999,1,4.402176
176.9645,9.00459999999998,1,4.844544
184.9758,8.01130000000001,1,4.401152
192.9844,8.0086,1,4.404224
201.9004,8.916,1,4.402176
210.2967,8.3963,1,4.400128
217.8898,7.59310000000002,1,4.406272
227.0189,9.12909999999999,1,4.857856
234.9479,7.929,1,4.4032
242.9424,7.99449999999999,1,4.4032
251.9097,8.96729999999999,1,4.404224
259.9859,8.07620000000003,1,4.396032
267.9443,7.95839999999998,1,4.401152
276.9531,9.00880000000001,1,4.406272
284.9048,7.95170000000002,1,4.397056
292.9089,8.00409999999999,1,4.402176
301.8774,8.96850000000001,1,4.400128
310.0046,8.12719999999996,1,4.393984
317.9006,7.89600000000002,1,4.660224
326.9129,9.01229999999998,1,4.396032
334.9424,8.02950000000004,1,4.39296
342.9774,8.03499999999997,1,4.404224
351.9074,8.93000000000001,1,4.849664
359.9613,8.0539,1,4.409344
367.909,7.9477,1,4.4032
376.9505,9.04149999999998,1,4.856832
384.9506,8.00010000000003,1,4.4032
392.9575,8.00689999999997,1,4.399104
401.9904,9.03290000000004,1,4.870144
410.0145,8.02409999999998,1,4.397056
417.956,7.94150000000002,1,4.393984
426.888,8.93199999999996,1,4.819968
435.0396,8.15160000000003,1,4.399104
443.0812,8.04160000000002,1,4.396032
451.1023,8.02109999999999,1,4.820992
460.0285,8.92619999999999,1,4.886528
467.957,7.92849999999999,1,4.677632
476.9634,9.00639999999999,1,4.844544
485.0121,8.0487,1,4.39808
492.925,7.91290000000004,1,4.405248
502.1106,9.18559999999997,1,4.835328
510.1462,8.03560000000004,1,4.390912
517.9396,7.79340000000002,1,4.399104
526.9629,9.02329999999995,1,4.850688
535.0268,8.06389999999999,1,4.672512
542.9086,7.8818,1,4.38784
551.9773,9.06870000000004,1,5.023744
559.9799,8.00260000000003,1,4.397056
567.9816,8.00169999999991,1,4.411392
577.0962,9.1146,1,4.832256
585.0366,7.94040000000007,1,4.399104
592.9923,7.95569999999998,1,4.402176
601.8842,8.89189999999996,1,4.839424
610.0388,8.15460000000007,1,4.393984
617.9294,7.89059999999995,1,4.676608
627.0352,9.10580000000004,1,4.84864
634.9445,7.90929999999992,1,4.4032
642.9576,8.01310000000001,1,4.397056
651.9806,9.02300000000002,1,5.00224
659.4244,7.44380000000001,1,4.400128
667.9403,8.51589999999999,1,4.886528
677.0648,9.12450000000001,1,4.393984
684.9485,7.88369999999998,1,4.39808
692.9325,7.98400000000004,1,4.402176
701.9211,8.98860000000002,1,4.6848
710.0552,8.13409999999999,1,4.401152
717.9331,7.87789999999995,1,4.682752
727.1113,9.17820000000006,1,4.849664
734.9493,7.83799999999997,1,4.39296
742.9711,8.02179999999998,1,4.397056
752.0169,9.04579999999999,1,4.65408
759.9918,7.97490000000005,1,4.390912
768.0254,8.03359999999998,1,4.400128
775.9813,7.95590000000004,1,4.948992
785.1307,9.14940000000001,1,4.92032
792.9497,7.81899999999996,1,4.39808
801.9942,9.04449999999997,1,4.39808
810.0206,8.02639999999997,1,4.39808
818.006,7.98540000000003,1,4.661248
825.9613,7.95530000000008,1,4.850688
835.174,9.21269999999993,1,4.903936
842.9258,7.7518,1,4.397056
852.1257,9.19990000000007,1,4.850688
859.9698,7.84409999999991,1,4.400128
867.9862,8.01640000000009,1,4.39296
876.9879,9.00169999999991,1,4.851712
884.956,7.96810000000005,1,4.40832
892.903,7.947,1,4.402176
902.1116,9.20859999999993,1,4.39808
910.1269,8.01530000000002,1,4.399104
917.9953,7.86840000000007,1,4.400128
927.0131,9.01779999999997,1,4.835328
935.0042,7.99109999999996,1,4.395008
943.0376,8.03340000000003,1,4.391936
951.0063,7.96870000000001,1,4.993024
960.0774,9.0711,1,4.921344
967.9452,7.86779999999999,1,4.675584
977.071,9.12580000000003,1,4.847616
984.9587,7.8877,1,4.395008
992.9626,8.00389999999993,1,4.397056
1002.0308,9.06820000000005,1,4.849664
1010.147,8.11620000000005,1,4.397056
1017.9355,7.7885,1,4.399104
1027.0033,9.06780000000003,1,4.830208
1035.0141,8.01080000000002,1,4.402176
1042.9721,7.95799999999986,1,4.4032
1051.9864,9.01430000000005,1,5.005312
1059.9973,8.01089999999999,1,4.400128
1067.9832,7.9858999999999,1,4.400128
1077.0033,9.02010000000018,1,4.405248
1085.0923,8.08899999999994,1,4.397056
1092.9199,7.82760000000007,1,4.405248
1102.0451,9.12519999999995,1,4.846592
1109.9898,7.94470000000001,1,4.39808
1118.0195,8.02970000000005,1,4.39808
1125.9724,7.9529,1,4.859904
1135.1009,9.1284999999998,1,5.170176
1142.9365,7.83560000000011,1,4.4032
1151.9954,9.05889999999999,1,5.106688
1159.9226,7.92720000000008,1,4.402176
1168.0821,8.15949999999998,1,4.406272
1175.9805,7.89839999999981,1,4.969472
1185.2939,9.3134,1,4.918272
1193.017,7.72310000000016,1,4.401152
1200.947,7.92999999999984,1,4.80768
1210.003,9.05600000000004,1,4.93568
1217.9203,7.91730000000007,1,4.667392
1227.1525,9.23219999999992,1,4.854784
1234.9996,7.84710000000018,1,4.397056
1243.0351,8.03549999999996,1,4.401152
1251.0844,8.0492999999999,1,4.830208
1259.9959,8.91149999999993,1,4.878336
1267.9183,7.92240000000015,1,4.402176
1277.0372,9.11889999999994,1,4.85376
1284.9263,7.8891000000001,1,4.399104
1293.0112,8.08489999999983,1,4.396032
1301.0472,8.03600000000006,1,4.83328
1310.0538,9.00659999999993,1,4.888576
1317.9317,7.87790000000018,1,4.39808
1326.9228,8.99109999999996,1,4.860928
1334.9557,8.03289999999993,1,4.396032
1342.9988,8.04310000000009,1,4.400128
1352.4277,9.42889999999989,1,4.841472
1358.9426,6.51490000000013,1,4.402176
1368.071,9.12839999999983,1,4.957184
1375.9598,7.88880000000017,1,4.844544
1385.157,9.19719999999984,1,4.922368
1392.9402,7.78320000000008,1,4.397056
1402.0017,9.06150000000002,1,4.835328
1409.968,7.96630000000005,1,4.397056
1418.0373,8.06929999999988,1,4.660224
1425.9857,7.94839999999999,1,4.826112
1435.0393,9.05359999999996,1,4.92032
1443.0633,8.02400000000011,1,4.397056
1451.1178,8.05449999999996,1,4.8384
1459.9915,8.8737000000001,1,4.87424
1468.2341,8.24259999999981,1,4.400128
1475.9575,7.72340000000008,1,4.399104
1485.0289,9.07140000000004,1,5.187584
1492.936,7.9070999999999,1,4.402176
1501.9084,8.97240000000011,1,4.868096
1509.9875,8.07909999999993,1,4.4032
1517.981,7.99350000000004,1,4.405248
1526.969,8.98800000000006,1,4.84864
1535.0158,8.04679999999985,1,4.395008
1542.9883,7.97250000000008,1,4.39808
1551.9401,8.95180000000005,1,5.096448
1559.9967,8.05659999999989,1,4.391936
1567.904,7.90730000000008,1,4.402176
1576.9827,9.07870000000003,1,4.396032
1584.9864,8.00369999999998,1,4.39808
1592.876,7.88959999999997,1,4.400128
1601.9087,9.03269999999998,1,4.400128
1610.0816,8.17290000000003,1,4.402176
1617.9814,7.89979999999991,1,4.836352
1626.9773,8.99590000000012,1,4.397056
1634.9873,8.00999999999999,1,4.400128
1642.9893,8.00199999999995,1,4.404224
1651.9432,8.95389999999998,1,4.404224
1659.4547,7.51150000000007,1,4.396032
1668.4092,8.95450000000005,1,4.897792
1676.649,8.23979999999983,1,4.397056
1684.9923,8.3433,1,4.827136
1692.948,7.95570000000021,1,4.39808
1701.9726,9.02459999999996,1,4.39808
1710.0809,8.10829999999987,1,4.400128
1717.9974,7.91650000000004,1,4.401152
1726.9223,8.92489999999998,1,4.841472
1735.0091,8.08680000000004,1,4.402176
1742.9565,7.94740000000002,1,4.400128
1751.9579,9.0014000000001,1,5.103616
1760.003,8.04509999999982,1,4.391936
1767.93,7.92700000000013,1,4.396032
1777.0061,9.0761,1,4.855808
1784.9813,7.97519999999986,1,4.4032
1792.9275,7.94620000000009,1,4.390912
1801.9731,9.04559999999992,1,4.86912
1810.0347,8.0616,1,4.404224
1817.9905,7.95580000000018,1,4.665344
1826.9243,8.93379999999979,1,4.851712
1835.0114,8.08710000000019,1,4.402176
1842.9317,7.9203,1,4.399104
1851.9317,9,1,4.4032
1859.9936,8.06189999999992,1,4.390912
1867.9778,7.98419999999987,1,4.397056
1877.0322,9.05440000000021,1,4.850688
1884.9682,7.93599999999992,1,4.399104
1892.9888,8.02060000000006,1,4.395008
1901.9415,8.95269999999982,1,4.84864
1910.0448,8.10329999999999,1,4.395008
1917.9432,7.89840000000004,1,4.65408
1926.9276,8.98440000000005,1,4.847616
1935.0142,8.08660000000009,1,4.401152
1942.9707,7.95650000000001,1,4.402176
1951.9467,8.97599999999989,1,4.393984
1960.1878,8.24109999999996,1,4.39808
1968.0541,7.86630000000014,1,4.397056
1976.0333,7.97919999999999,1,4.835328
1985.0136,8.98029999999994,1,4.9152
1993.0138,8.00019999999995,1,4.397056
2000.9679,7.95410000000015,1,4.847616
2010.1432,9.17529999999988,1,4.917248
2017.9496,7.80639999999994,1,4.39296
2027.0776,9.12800000000016,1,4.836352
2035.1317,8.05409999999983,1,4.401152
2043.1482,8.01650000000018,1,4.399104
2050.9987,7.85050000000001,1,4.840448
2060.0679,9.06919999999991,1,4.911104
2068.0564,7.98849999999993,1,4.401152
2076.0326,7.97620000000006,1,4.8384
2085.042,9.00939999999991,1,4.926464
2092.9305,7.88850000000002,1,4.393984
2101.9671,9.03659999999991,1,4.402176
2110.0269,8.0598,1,4.399104
2117.9242,7.89730000000009,1,4.402176
2126.9198,8.99560000000019,1,4.846592
2135.0523,8.13249999999971,1,4.397056
2142.9323,7.88000000000011,1,4.401152
2152.0102,9.07790000000023,1,4.660224
2160.0145,8.00430000000006,1,4.404224
2167.945,7.93049999999994,1,4.401152
2176.9595,9.01449999999977,1,4.391936
2185.0808,8.12130000000025,1,4.39808
2192.9273,7.84649999999965,1,4.406272
2201.9393,9.01200000000017,1,4.389888
2210.0225,8.08320000000003,1,4.395008
2217.9409,7.91840000000002,1,4.666368
2226.991,9.05009999999993,1,4.862976
2235.0566,8.0655999999999,1,4.402176
2243.2994,8.24279999999999,1,4.397056
2251.0115,7.71210000000019,1,4.665344
2259.9545,8.94299999999976,1,4.929536
2267.9259,7.97140000000036,1,4.39808
2277.0503,9.1243999999997,1,4.391936
2285.0084,7.95810000000029,1,4.397056
2292.9371,7.92869999999994,1,4.397056
2301.9215,8.98439999999982,1,4.839424
2310.12,8.19849999999997,1,4.404224
2317.9305,7.81050000000005,1,4.401152
2326.8846,8.95409999999993,1,4.844544
2334.9645,8.07990000000018,1,4.399104
2342.9691,8.00459999999975,1,4.39296
2351.9298,8.96070000000009,1,4.397056
2360.009,8.07920000000013,1,4.402176
2367.9653,7.95629999999983,1,4.405248
2377.1647,9.19939999999997,1,4.400128
2385.0229,7.85820000000012,1,4.396032
2392.9742,7.95130000000017,1,4.396032
2401.9299,8.95569999999998,1,4.855808
2410.2286,8.29869999999983,1,4.405248
2417.9438,7.7152000000001,1,4.396032
2427.0331,9.08930000000009,1,4.829184
2435.0411,8.00799999999981,1,4.402176
2442.955,7.91390000000001,1,4.404224
2452.1326,9.17759999999998,1,4.857856
2459.9761,7.84349999999995,1,4.391936
2467.9782,8.00210000000015,1,4.393984
2477.0076,9.0293999999999,1,4.842496
2485.0194,8.01180000000022,1,4.39808
2492.9964,7.97699999999986,1,4.401152
2501.959,8.96259999999984,1,4.397056
2510.0099,8.05090000000018,1,4.402176
2517.9903,7.98039999999992,1,4.667392
2526.952,8.96170000000029,1,4.836352
2535.0032,8.05119999999988,1,4.39808
2542.9301,7.92689999999993,1,4.399104
2552.0451,9.11499999999978,1,4.658176
2560.0404,7.99530000000004,1,4.39808
2567.964,7.92360000000008,1,4.395008
2576.9552,8.99119999999994,1,4.861952
2585.0617,8.10650000000032,1,4.393984
2592.9337,7.87199999999984,1,4.399104
2601.9476,9.01389999999992,1,4.400128
2610.0332,8.08559999999989,1,4.396032
2617.9805,7.94730000000027,1,4.657152
2627.266,9.28549999999996,1,4.855808
2635.018,7.75199999999995,1,4.399104
2643.2564,8.23840000000018,1,4.397056
2650.9915,7.73509999999987,1,4.656128
2659.4278,8.43629999999985,1,4.917248
2668.8907,9.46289999999999,1,4.903936
2677.0634,8.17270000000008,1,4.397056
2685.0454,7.98199999999997,1,4.393984
2693.0619,8.01650000000018,1,4.397056
2701.0542,7.99229999999989,1,4.826112
2710.1013,9.04709999999977,1,4.901888
2717.972,7.8707000000004,1,4.402176
2726.9729,9.0009,1,4.847616
2734.9978,8.02489999999989,1,4.401152
2743.0615,8.0636999999997,1,4.390912
2751.0457,7.98420000000033,1,4.837376
2760.0798,9.03409999999985,1,4.893696
2767.9519,7.87210000000005,1,4.401152
2776.9702,9.01830000000018,1,4.404224
2784.9957,8.02549999999974,1,4.395008
2793.1053,8.10960000000023,1,4.393984
2801.0205,7.91519999999991,1,4.832256
2810.0993,9.07879999999977,1,4.936704
2818.1373,8.03800000000001,1,4.666368
2825.9809,7.84360000000015,1,4.397056
2834.9509,8.9699999999998,1,4.92544
2842.9535,8.00260000000026,1,4.400128
2851.9494,8.99589999999989,1,4.665344
2860.0027,8.05330000000004,1,4.400128
2867.9781,7.97539999999981,1,4.395008
2876.9805,9.00240000000031,1,4.400128
2885.0099,8.0293999999999,1,4.401152
2892.9559,7.94599999999991,1,4.390912
2901.9697,9.01380000000017,1,4.85888
2910.0316,8.0618999999997,1,4.404224
2918.008,7.97640000000001,1,4.662272
2926.0179,8.00990000000002,1,4.86912
2935.1032,9.08530000000019,1,4.909056
2942.9582,7.85500000000002,1,4.397056
2951.9553,8.99710000000005,1,5.121024
2960.0212,8.06590000000006,1,4.397056
2968.0436,8.02239999999983,1,4.395008
2976.1597,8.11610000000019,1,4.819968
2985.0571,8.89739999999983,1,4.868096
2993.0159,7.95879999999988,1,4.399104
3000.9928,7.97690000000011,1,4.850688
3010.1537,9.16089999999986,1,4.938752
3017.9633,7.80960000000005,1,4.400128
3027.0536,9.0903000000003,1,4.83328
3035.0207,7.96709999999985,1,4.395008
3043.032,8.01130000000012,1,4.399104
3050.9958,7.96379999999999,1,4.400128
3060.0759,9.08009999999967,1,4.9152
3067.9532,7.8773000000001,1,4.402176
3077.1949,9.24170000000004,1,4.399104
3085.0016,7.80670000000009,1,4.4032
3092.9862,7.98459999999977,1,4.399104
3101.9415,8.95530000000008,1,4.861952
3110.0663,8.12480000000005,1,4.407296
3117.9717,7.9054000000001,1,4.660224
3126.998,9.02629999999999,1,4.86912
3135.0027,8.00469999999996,1,4.400128
3143.0869,8.08419999999978,1,4.391936
3151.142,8.05510000000004,1,4.841472
3160.0511,8.90910000000031,1,4.900864
3167.9788,7.92769999999973,1,4.399104
3177.0252,9.04640000000018,1,4.854784
3185.2622,8.23700000000008,1,4.399104
3192.9656,7.70339999999987,1,4.396032
3202.0108,9.04520000000002,1,4.860928
3210.2501,8.23930000000018,1,4.4032
3218.1035,7.85339999999997,1,4.644864
3226.1961,8.09259999999995,1,4.829184
3235.335,9.13889999999992,1,4.89984
3243.1726,7.83759999999984,1,4.396032
3251.1366,7.96399999999994,1,4.818944
3260.0179,8.88130000000001,1,4.886528
3267.9985,7.98060000000032,1,4.39808
3276.9379,8.93939999999975,1,4.401152
3285.0566,8.11869999999999,1,4.401152
3292.9509,7.89429999999993,1,4.399104
3301.9415,8.99060000000009,1,4.861952
3310.0448,8.10330000000022,1,4.384768
3318.0025,7.95769999999993,1,4.661248
3326.0786,8.07609999999977,1,4.857856
3335.0225,8.94390000000021,1,4.9152
3343.0812,8.05870000000004,1,4.400128
3351.0481,7.9668999999999,1,4.841472
3360.1342,9.08609999999999,1,4.92544
3367.9918,7.85759999999982,1,4.396032
3376.981,8.98920000000044,1,4.847616
3385.0658,8.08479999999963,1,4.401152
3393.2268,8.16100000000006,1,4.399104
3401.42,8.19320000000016,1,4.829184
3409.3246,7.90459999999985,1,4.849664
3418.1726,8.84799999999996,1,4.936704
3426.1563,7.98370000000023,1,4.82304
3435.132,8.97569999999996,1,4.913152
3442.9594,7.82740000000013,1,4.402176
3452.1292,9.16979999999967,1,4.860928
3460.0111,7.88190000000031,1,4.400128
3468.0498,8.03869999999961,1,4.400128
3475.9517,7.9019000000003,1,4.841472
3485.1431,9.1913999999997,1,5.193728
3493.0154,7.87230000000045,1,4.397056
3501.01,7.99459999999999,1,4.835328
3510.0117,9.0016999999998,1,4.921344
3518.0419,8.03020000000015,1,4.399104
3525.9944,7.95249999999987,1,4.841472
3535.1085,9.11409999999978,1,4.929536
3542.9695,7.86100000000033,1,4.399104
3551.9904,9.02089999999998,1,4.660224
3560.0148,8.02439999999979,1,4.393984
3567.9835,7.9686999999999,1,4.406272
3577.2012,9.21770000000015,1,4.865024
3584.9777,7.77649999999994,1,4.395008
3593.2823,8.30459999999994,1,4.39808
3600.9359,7.6536000000001,1,4.401152
3610.0462,9.11030000000028,1,4.938752
3617.9647,7.91849999999977,1,4.660224
3626.8989,8.93420000000015,1,4.861952
3635.0212,8.1223,1,4.395008
3643.023,8.0018,1,4.39808
3651.0355,8.01249999999982,1,4.839424
3659.5138,8.47830000000022,1,4.90496
3668.0061,8.49229999999989,1,4.89472
3675.993,7.98689999999988,1,4.4032
3685.0584,9.06539999999995,1,4.929536
3693.085,8.02660000000014,1,4.397056
3701.0307,7.94569999999976,1,4.836352
3710.0997,9.06900000000041,1,4.919296
3717.977,7.87729999999965,1,4.405248
3727.0044,9.02739999999994,1,4.847616
3735.0312,8.02680000000009,1,4.39808
3743.0161,7.98489999999993,1,4.396032
3750.9976,7.98150000000032,1,4.396032
3760.1185,9.12089999999989,1,4.8896
3768.0486,7.93010000000004,1,4.395008
3776.0555,8.00689999999986,1,4.402176
3784.9957,8.9402,1,4.893696
3792.9758,7.98010000000022,1,4.402176
3802.0964,9.12059999999974,1,4.397056
3810.1064,8.01000000000022,1,4.4032
3818.0342,7.92779999999993,1,4.65408
3826.0181,7.98389999999972,1,4.857856
3835.0538,9.03570000000036,1,4.926464
3842.9832,7.92939999999999,1,4.393984
3851.9643,8.98109999999997,1,4.404224
3860.0911,8.1268,1,4.4032
3868.0374,7.94630000000006,1,4.397056
3875.985,7.94759999999997,1,4.854784
3885.0919,9.10689999999977,1,4.932608
3892.9654,7.87350000000015,1,4.39808
3902.051,9.08559999999989,1,4.401152
3910.04,7.98900000000003,1,4.391936
3918.051,8.01099999999997,1,4.400128
3926.0448,7.99380000000019,1,4.839424
3935.0471,9.00229999999965,1,4.918272
3943.0197,7.97260000000006,1,4.397056
3951.0195,7.99980000000005,1,5.133312
3960.0487,9.02919999999995,1,4.923392
3967.9892,7.94050000000016,1,4.399104
3977.221,9.23180000000002,1,4.840448
3985.0162,7.79520000000002,1,4.399104
3993.0638,8.04759999999987,1,4.397056
4001.0377,7.97389999999996,1,4.396032
4010.1167,9.07900000000018,1,4.908032
4017.9789,7.86220000000003,1,4.661248
4027.0438,9.06489999999985,1,4.861952
4035.0557,8.01189999999997,1,4.401152
4043.2718,8.2161000000001,1,4.395008
4051.3039,8.0320999999999,1,4.824064
4060.2547,8.95080000000007,1,4.852736
4068.1808,7.92610000000013,1,4.8128
4076.2348,8.05400000000009,1,4.820992
4085.1314,8.89660000000003,1,4.902912
4093.0626,7.93119999999999,1,4.393984
4101.0368,7.97419999999966,1,4.85888
4110.1139,9.07710000000043,1,4.922368
4117.9957,7.88180000000011,1,4.4032
4126.9907,8.99499999999989,1,4.839424
4135.1258,8.13509999999951,1,4.396032
4143.0266,7.90080000000034,1,4.399104
4151.2059,8.17929999999978,1,4.877312
4160.0495,8.84360000000015,1,4.892672
4167.9859,7.93639999999959,1,4.399104
4176.9934,9.00750000000062,1,4.85376
4184.9443,7.95089999999982,1,4.396032
4192.9656,8.02130000000034,1,4.400128
4202.0465,9.08089999999993,1,4.405248
4210.0502,8.0036999999993,1,4.396032
4218.0117,7.96150000000034,1,4.657152
4226.0034,7.99169999999958,1,4.845568
4235.0514,9.04800000000068,1,4.92544
4242.9872,7.93579999999929,1,4.400128
4252.1824,9.19520000000011,1,4.399104
4260.0315,7.84910000000036,1,4.399104
4268.1054,8.07390000000032,1,4.400128
4275.9944,7.88899999999921,1,4.4032
4285.0975,9.10310000000027,1,5.450752
4293.0088,7.91129999999976,1,4.822016
4301.0076,7.9988000000003,1,4.391936
4310.5111,9.5034999999998,1,4.93056
4317.9959,7.48480000000018,1,4.396032
4326.9974,9.00150000000031,1,4.839424
4335.0298,8.03240000000005,1,4.401152
4343.0472,8.01739999999972,1,4.404224
4351.0289,7.98170000000027,1,4.401152
4360.1486,9.11970000000019,1,4.924416
4367.9999,7.85129999999936,1,4.400128
4376.0277,8.02779999999984,1,4.404224
4385.042,9.01430000000073,1,4.926464
4393.0375,7.99549999999999,1,4.404224
4400.9973,7.95979999999963,1,4.849664
4410.118,9.1207000000004,1,4.924416
4417.9687,7.85069999999996,1,4.400128
4427.0204,9.05169999999998,1,4.8384
4435.1026,8.08219999999983,1,4.400128
4443.1717,8.06909999999971,1,4.400128
4451.0959,7.92420000000038,1,4.829184
4460.1523,9.05639999999948,1,4.900864
4468.0103,7.85800000000017,1,4.39808
4476.1516,8.14130000000023,1,4.849664
4485.1848,9.03319999999985,1,4.926464
4493.0492,7.86440000000039,1,4.395008
4501.0795,8.03029999999944,1,4.397056
4510.1172,9.03769999999986,1,5.067776
4518.009,7.89180000000033,1,4.402176
4526.0465,8.03750000000036,1,4.852736
4535.0253,8.97879999999986,1,4.913152
4542.9852,7.95989999999983,1,4.405248
4552.0735,9.08830000000034,1,4.667392
4560.0491,7.97559999999976,1,4.39808
4568.0209,7.97180000000026,1,4.400128
4576.0341,8.01319999999942,1,4.854784
4585.1711,9.13699999999972,1,4.912128
4592.9936,7.82250000000022,1,4.399104
4602.0814,9.08780000000024,1,4.82304
4610.1479,8.06649999999991,1,4.393984
4618.016,7.86809999999969,1,4.39808
4625.9828,7.96680000000015,1,4.840448
4635.0943,9.11149999999998,1,4.934656
4643.0257,7.93140000000039,1,4.402176
4651.1366,8.11089999999967,1,4.837376
4659.534,8.39739999999983,1,4.890624
4668.0542,8.52019999999993,1,4.885504
4676.0504,7.9962000000005,1,4.39808
4685.1304,9.07999999999993,1,4.903936
4693.0298,7.89940000000024,1,4.401152
4701.0071,7.97729999999956,1,4.847616
4710.3061,9.29899999999998,1,4.921344
4718.0306,7.72450000000026,1,4.402176
4726.0636,8.03300000000036,1,4.836352
4735.2174,9.15380000000005,1,4.928512
4743.0338,7.8163999999997,1,4.397056
4751.4629,8.42910000000029,1,4.846592
4759.0442,7.58129999999983,1,4.837376
4768.1042,9.05999999999949,1,4.958208
4776.0297,7.92550000000028,1,4.4032
4785.0819,9.05220000000008,1,4.918272
4792.997,7.91510000000017,1,4.39808
4802.2233,9.22629999999936,1,4.399104
4810.0977,7.87440000000061,1,4.395008
4818.1092,8.01149999999961,1,4.396032
4826.12,8.01080000000002,1,4.820992
4835.2718,9.15180000000055,1,4.901888
4842.9932,7.72139999999945,1,4.399104
4852.0444,9.05119999999988,1,4.837376
4860.0591,8.01470000000063,1,4.404224
4868.0369,7.97779999999966,1,4.39808
4876.0065,7.96960000000036,1,4.84864
4885.1158,9.10929999999917,1,4.937728
4893.0013,7.88550000000032,1,4.399104
4901.0507,8.04939999999988,1,4.397056
4910.2655,9.21480000000065,1,4.939776
4918.0569,7.79139999999916,1,4.400128
4926.1468,8.08990000000085,1,4.84864
4935.1127,8.96589999999924,1,4.881408
4943.0387,7.92600000000039,1,4.401152
4951.0271,7.98840000000018,1,4.84352
4960.1423,9.11520000000019,1,4.922368
4968.1023,7.95999999999913,1,4.397056
4976.1335,8.03120000000035,1,4.818944
4985.1234,8.98990000000049,1,4.891648
4993.1094,7.98599999999988,1,4.39808
5001.0235,7.91409999999996,1,4.400128
5010.1829,9.15939999999955,1,5.091328
5018.0484,7.86549999999988,1,4.402176
5026.0746,8.02620000000024,1,4.844544
5035.0609,8.98630000000048,1,4.913152
5043.141,8.08009999999922,1,4.395008
5051.0853,7.94430000000011,1,4.832256
5060.3228,9.23750000000018,1,4.914176
5067.9985,7.67569999999978,1,4.4032
5077.0757,9.07720000000063,1,4.85376
5085.1172,8.04149999999936,1,4.402176
5093.0632,7.94599999999991,1,4.385792
5101.1831,8.1199000000006,1,4.831232
5110.1731,8.98999999999978,1,5.178368
5118.0306,7.85750000000007,1,4.396032
5125.9752,7.94459999999981,1,4.82304
5135.0864,9.11120000000028,1,4.93056
5143.0095,7.92309999999998,1,4.406272
5151.0729,8.0634,1,4.855808
5160.0811,9.00820000000022,1,4.903936
5168.0867,8.0055999999995,1,4.396032
5176.051,7.96430000000055,1,4.405248
5185.1598,9.10879999999997,1,4.914176
5193.0052,7.84539999999924,1,4.399104
5201.0896,8.08440000000064,1,4.860928
5210.1456,9.05599999999959,1,4.921344
5218.0461,7.90049999999974,1,4.404224
5226.0222,7.97610000000077,1,4.82816
5235.0844,9.06219999999939,1,4.941824
5243.0235,7.93910000000051,1,4.4032
5251.0651,8.04159999999956,1,4.8384
5260.2643,9.19920000000002,1,4.897792
5268.0348,7.77050000000054,1,4.402176
5276.1346,8.09979999999996,1,4.864
5285.2103,9.07569999999942,1,4.907008
5293.0409,7.83060000000023,1,4.399104
5301.0476,8.00669999999991,1,4.850688
5310.1626,9.11499999999978,1,4.911104
5318.0173,7.85470000000078,1,4.400128
5326.0515,8.03419999999915,1,4.835328
5335.0694,9.01790000000074,1,4.924416
5343.0233,7.95389999999952,1,4.402176
5351.0789,8.0556000000006,1,4.402176
5360.1303,9.05139999999938,1,4.905984
5368.0413,7.91100000000006,1,4.400128
5376.1737,8.13240000000042,1,4.849664
5385.1034,8.92969999999968,1,4.908032
5393.0307,7.92730000000029,1,4.4032
5401.0236,7.99290000000019,1,4.849664
5410.1491,9.12549999999919,1,4.927488
5418.0427,7.89360000000033,1,4.399104
5426.2241,8.18140000000039,1,4.820992
5435.3103,9.08619999999974,1,4.8896
5443.1408,7.83050000000003,1,4.397056
5451.2307,8.08989999999994,1,4.844544
5460.0681,8.83740000000034,1,4.877312
5468.0309,7.96279999999933,1,4.396032
5476.014,7.98310000000038,1,4.404224
5485.1518,9.13779999999952,1,4.927488
5493.0235,7.8717000000006,1,4.388864
5501.0464,8.02289999999994,1,4.4032
5510.0447,8.9983000000002,1,4.927488
5518.0275,7.98279999999977,1,4.66432
5526.0325,8.00500000000011,1,4.847616
5535.2267,9.19419999999991,1,4.932608
5543.0229,7.79619999999977,1,4.393984
5551.1314,8.10850000000028,1,5.105664
5560.1724,9.04100000000017,1,4.914176
5568.0485,7.8760999999995,1,4.390912
5576.0328,7.98430000000008,1,4.837376
5585.1381,9.10530000000017,1,5.177344
5593.0831,7.94499999999971,1,4.390912
5601.0572,7.97410000000036,1,4.837376
5610.2383,9.18109999999979,1,4.905984
5618.0288,7.79050000000007,1,4.663296
5626.0699,8.04110000000037,1,4.857856
5635.0571,8.98719999999958,1,4.918272
5642.9899,7.93279999999959,1,4.4032
5652.0128,9.02290000000085,1,4.395008
5659.5442,7.53139999999985,1,4.39808
5668.0682,8.52399999999943,1,4.867072
5676.1281,8.0599000000002,1,4.391936
5685.1462,9.01810000000023,1,4.913152
5693.0173,7.8711000000003,1,4.396032
5701.0213,8.00399999999991,1,4.396032
5710.2248,9.20349999999962,1,4.919296
5718.0297,7.80490000000009,1,4.401152
5726.1006,8.07089999999971,1,4.859904
5735.0841,8.98350000000028,1,4.927488
5743.0546,7.97050000000036,1,4.396032
5751.054,7.9993999999997,1,4.4032
5760.1352,9.08119999999963,1,4.89984
5768.1392,8.00399999999991,1,4.395008
5776.0855,7.94630000000052,1,4.399104
5785.083,8.99749999999949,1,4.908032
5793.0485,7.96550000000025,1,4.39808
5801.1196,8.07110000000011,1,4.405248
5810.116,8.99639999999999,1,4.898816
5818.102,7.98599999999988,1,4.397056
5826.1046,8.0025999999998,1,4.837376
5835.2091,9.10450000000037,1,4.931584
5843.0249,7.81580000000031,1,4.39808
5851.0532,8.02829999999994,1,4.670464
5860.1181,9.0648999999994,1,4.93568
5868.1197,8.00160000000051,1,4.396032
5876.0315,7.91179999999986,1,4.854784
5885.154,9.1225000000004,1,5.18656
5892.9867,7.83269999999993,1,4.400128
5901.9469,8.96019999999953,1,4.867072
5910.1262,8.17929999999978,1,4.39808
5918.0182,7.89200000000073,1,4.397056
5926.1336,8.11539999999968,1,4.862976
5935.0866,8.95299999999952,1,4.895744
5943.0858,7.9992000000002,1,4.400128
5951.0427,7.95690000000013,1,4.400128
5960.1654,9.1226999999999,1,4.900864
5968.1009,7.9355000000005,1,4.399104
5976.0819,7.98099999999977,1,4.84864
5985.1937,9.11179999999968,1,4.934656
5993.0755,7.88180000000011,1,4.391936
6001.1837,8.10819999999967,1,4.857856
6010.053,8.86930000000029,1,4.905984
6018.0379,7.98490000000038,1,4.400128
6026.0454,8.00749999999971,1,4.84352
6035.1251,9.07970000000023,1,4.909056
6043.0446,7.91949999999997,1,4.39808
6051.1413,8.09670000000006,1,4.39296
6060.079,8.9376999999995,1,4.907008
6068.1021,8.02310000000034,1,4.396032
6076.0277,7.92559999999958,1,4.402176
6085.2556,9.22790000000077,1,5.187584
6092.9986,7.74299999999948,1,4.396032
6102.2648,9.26620000000003,1,4.856832
6110.1279,7.86310000000049,1,4.402176
6118.0847,7.95679999999993,1,4.665344
6126.043,7.95829999999933,1,4.844544
6135.1051,9.0621000000001,1,4.922368
6143.159,8.05389999999989,1,4.39808
6151.0925,7.93350000000009,1,4.84352
6160.0772,8.98469999999998,1,4.909056
6168.0643,7.98710000000028,1,4.400128
6176.074,8.00969999999961,1,4.396032
6185.0833,9.00930000000062,1,5.188608
6192.9693,7.88599999999951,1,4.393984
6201.9956,9.02630000000045,1,4.870144
6210.2132,8.21759999999995,1,4.397056
6218.0208,7.80760000000009,1,4.401152
6226.071,8.05019999999968,1,4.840448
6235.07,8.9989999999998,1,4.92032
6243.1022,8.03220000000056,1,4.399104
6251.0713,7.96909999999934,1,4.399104
6260.1001,9.02880000000005,1,4.886528
6268.0069,7.90680000000066,1,4.402176
6276.1346,8.1277,1,4.401152
6285.1162,8.98160000000007,1,4.931584
6293.0885,7.97229999999945,1,4.404224
6301.0327,7.94419999999991,1,4.401152
6310.2307,9.19800000000032,1,4.93568
6318.0365,7.80580000000009,1,4.40832
6326.0616,8.02509999999984,1,4.8384
6335.1757,9.11409999999978,1,4.932608
6343.0317,7.85599999999977,1,4.399104
6351.2436,8.21190000000024,1,4.405248
6360.0808,8.83719999999994,1,4.89472
6368.0226,7.94180000000051,1,4.402176
6376.0377,8.01509999999962,1,4.397056
6385.1341,9.09640000000036,1,4.93568
6393.0328,7.89869999999974,1,4.399104
6401.064,8.03120000000035,1,4.871168
6410.0844,9.02039999999943,1,4.926464
6418.0812,7.99679999999989,1,4.657152
6425.9968,7.91560000000027,1,4.844544
6435.3396,9.34280000000035,1,4.93568
6443.0487,7.70910000000003,1,4.400128
6451.1253,8.07659999999942,1,4.676608
6460.0734,8.94810000000052,1,4.919296
6468.1179,8.04449999999997,1,4.399104
6476.0337,7.91579999999976,1,4.399104
6485.3621,9.32840000000033,1,5.172224
6493.037,7.67489999999998,1,4.400128
6501.1199,8.08289999999943,1,4.866048
6510.0953,8.97540000000026,1,4.916224
6518.0788,7.98350000000028,1,4.657152
6525.9992,7.92039999999997,1,4.849664
6535.102,9.10279999999966,1,4.922368
6543.2043,8.10230000000047,1,4.384768
6551.1974,7.99309999999969,1,4.82816
6560.1573,8.95989999999983,1,4.893696
6568.0453,7.88799999999992,1,4.66432
6576.0448,7.9994999999999,1,4.861952
6585.1018,9.0570000000007,1,5.194752
6593.0236,7.92180000000008,1,4.405248
6601.0451,8.02149999999983,1,4.402176
6610.1604,9.11529999999948,1,4.938752
6618.042,7.88160000000062,1,4.402176
6626.0627,8.02070000000003,1,4.829184
6635.0383,8.97559999999976,1,4.93056
6643.0482,8.00990000000002,1,4.39808
6651.0498,8.0015999999996,1,4.866048
6659.6506,8.60080000000016,1,4.921344
6668.6393,8.98869999999988,1,4.867072
6676.638,7.9987000000001,1,4.404224
6684.0877,7.44970000000012,1,4.657152
6693.0667,8.97900000000027,1,4.941824
6701.0477,7.98099999999977,1,4.397056
6710.269,9.22130000000016,1,4.921344
6718.355,8.08599999999933,1,4.397056
6726.1159,7.76090000000022,1,4.4032
6735.1096,8.99369999999999,1,4.9152
6743.051,7.94140000000061,1,4.391936
6751.1115,8.06049999999959,1,4.401152
6760.1162,9.00470000000041,1,4.892672
6768.1201,8.0038999999997,1,4.406272
6776.0962,7.97609999999986,1,4.815872
6785.2848,9.18860000000041,1,5.161984
6793.0333,7.74849999999969,1,4.409344
6801.0516,8.01829999999973,1,4.4032
6810.1642,9.11260000000038,1,4.929536
6818.1864,8.02219999999943,1,4.397056
6826.1027,7.91630000000077,1,4.84352
6835.18,9.07729999999992,1,4.916224
6843.0725,7.89249999999993,1,4.39296
6851.1047,8.03219999999965,1,5.108736
6860.0987,8.99399999999969,1,4.911104
6868.0881,7.98940000000039,1,4.402176
6876.0465,7.95840000000044,1,4.851712
6885.1654,9.11889999999948,1,4.92032
6892.9981,7.83269999999993,1,4.402176
6901.9708,8.97270000000026,1,4.850688
6910.135,8.16420000000016,1,4.400128
6918.0456,7.91060000000016,1,4.396032
6926.0817,8.03609999999935,1,4.839424
6935.0947,9.01299999999992,1,4.931584
6943.1681,8.07340000000022,1,4.401152
6951.1204,7.95229999999992,1,4.829184
6960.1619,9.04150000000027,1,4.89472
6968.1212,7.95929999999953,1,4.396032
6976.0916,7.97040000000015,1,4.829184
6985.1164,9.02480000000014,1,4.93056
6993.1192,8.00280000000021,1,4.400128
7001.0723,7.95309999999972,1,4.862976
7010.1833,9.11099999999988,1,4.93568
7018.0464,7.86310000000049,1,4.39808
7026.0942,8.04779999999937,1,4.8384
7035.1887,9.09450000000015,1,4.927488
7043.0878,7.89910000000054,1,4.400128
7051.2018,8.11399999999958,1,4.862976
7060.1468,8.94500000000062,1,4.89472
7068.0616,7.91479999999956,1,4.390912
7076.0665,8.00489999999991,1,4.85888
7085.1975,9.13100000000031,1,4.938752
7093.0293,7.83179999999993,1,4.395008
7101.0715,8.04219999999987,1,4.859904
7110.1879,9.11639999999989,1,4.907008
7118.0987,7.91079999999965,1,4.660224
7126.0674,7.96870000000035,1,4.852736
7135.1165,9.04910000000018,1,4.933632
7143.0353,7.91879999999946,1,4.4032
7151.1054,8.07010000000082,1,4.651008
7160.0908,8.98539999999957,1,4.914176
7168.0911,8.0002999999997,1,4.397056
7176.0967,8.00560000000041,1,4.396032
7185.266,9.16929999999957,1,5.173248
7193.0306,7.76460000000043,1,4.396032
7201.0669,8.03629999999976,1,4.850688
7210.1186,9.05169999999998,1,4.923392
7218.0848,7.96619999999984,1,4.401152
7226.0887,8.00390000000061,1,4.846592
7235.0801,8.99139999999989,1,4.924416
7243.148,8.06790000000001,1,4.396032
7251.0793,7.93130000000019,1,5.092352
7260.127,9.04770000000008,1,4.919296
7268.0484,7.92139999999927,1,4.396032
7276.1968,8.14840000000004,1,4.406272
7285.1194,8.92259999999987,1,4.893696
7293.0855,7.96610000000055,1,4.39808
7301.1154,8.02989999999954,1,4.39808
7310.1844,9.06900000000041,1,4.90496
7318.0608,7.8764000000001,1,4.399104
7326.2129,8.15210000000025,1,4.83328
7335.1491,8.93619999999919,1,4.890624
7343.1093,7.96020000000044,1,4.390912
7351.1259,8.01659999999993,1,4.673536
7360.2093,9.08340000000044,1,4.923392
7368.1286,7.91929999999957,1,4.400128
7376.1051,7.97649999999976,1,4.396032
7385.1412,9.03610000000026,1,5.188608
7393.1614,8.02019999999993,1,4.401152
7401.1605,7.9991,1,4.834304
7410.3206,9.16010000000006,1,4.92032
7418.0273,7.70669999999973,1,4.400128
7426.1356,8.10829999999987,1,4.830208
7435.0999,8.96430000000055,1,4.922368
7443.039,7.9390999999996,1,4.402176
7451.1821,8.14310000000023,1,4.39808
7460.0967,8.91460000000006,1,4.890624
7468.0781,7.98139999999967,1,4.402176
7476.0733,7.9952000000003,1,4.402176
7485.1675,9.09419999999955,1,5.190656
7493.1009,7.9334000000008,1,4.384768
7501.1863,8.08539999999994,1,4.39808
7510.1662,8.97989999999936,1,4.8896
7518.0846,7.91840000000047,1,4.656128
7526.0683,7.98369999999977,1,4.841472
7535.1177,9.04939999999988,1,4.931584
7543.0339,7.91620000000057,1,4.39808
7551.1509,8.11699999999928,1,4.39808
7560.1768,9.02590000000055,1,4.931584
7568.0874,7.91060000000016,1,4.41344
7576.0753,7.98790000000008,1,4.847616
7585.1478,9.07249999999931,1,4.933632
7593.0899,7.94210000000021,1,4.39808
7601.0729,7.98300000000017,1,4.855808
7610.11,9.03709999999955,1,4.933632
7618.0611,7.95110000000022,1,4.401152
7626.1127,8.05159999999978,1,4.850688
7635.2063,9.09360000000015,1,4.931584
7643.0839,7.8775999999998,1,4.405248
7651.0779,7.9940000000006,1,4.404224
7659.675,8.59709999999995,1,4.918272
7667.0619,7.38689999999951,1,4.872192
7676.1558,9.09390000000076,1,4.954112
7685.2303,9.07449999999972,1,5.16096
7693.0652,7.83489999999983,1,4.397056
7701.0591,7.99390000000039,1,4.850688
7710.1939,9.13479999999981,1,4.928512
7718.0715,7.8775999999998,1,4.400128
7726.1636,8.09209999999985,1,4.404224
7735.2868,9.1232,1,4.936704
7743.1319,7.84510000000046,1,4.395008
7751.2445,8.11259999999947,1,4.830208
7760.1477,8.90320000000065,1,4.873216
7768.0749,7.92719999999917,1,4.401152
7776.064,7.98910000000069,1,4.854784
7785.1789,9.11489999999958,1,4.929536
7793.0827,7.90380000000005,1,4.404224
7801.11,8.02729999999974,1,4.400128
7810.1746,9.06460000000061,1,4.929536
7818.1961,8.02149999999983,1,4.655104
7826.104,7.90790000000015,1,4.837376
7835.2132,9.10919999999987,1,4.928512
7843.1021,7.88889999999992,1,4.401152
7851.201,8.09889999999996,1,4.672512
7860.1251,8.92410000000018,1,4.90496
7868.1207,7.99560000000019,1,4.402176
7876.0673,7.94659999999931,1,4.4032
7885.1597,9.09240000000045,1,5.18656
7893.1059,7.94619999999941,1,4.39808
7901.0843,7.97840000000087,1,4.405248
7910.1569,9.07259999999951,1,4.932608
7918.0892,7.9323000000004,1,4.399104
7926.0658,7.97659999999996,1,4.859904
7935.1502,9.08439999999973,1,4.93568
7943.1709,8.02070000000003,1,4.4032
7951.1653,7.99439999999959,1,4.84864
7960.169,9.00370000000021,1,4.886528
7968.0713,7.90229999999974,1,4.393984
7976.3327,8.26140000000032,1,4.39808
7984.0801,7.7474000000002,1,4.864
7993.1225,9.04240000000027,1,4.962304
8001.086,7.96349999999984,1,4.402176
8010.4708,9.38479999999981,1,4.933632
8018.0804,7.60959999999977,1,4.399104
8026.1314,8.05100000000039,1,4.846592
8035.1467,9.01530000000002,1,4.912128
8043.1194,7.97269999999935,1,4.397056
8051.1165,7.9971000000005,1,4.4032
8060.1957,9.07920000000013,1,4.911104
8068.0507,7.85499999999956,1,4.400128
8076.1516,8.10090000000037,1,4.401152
8085.1292,8.97760000000017,1,4.9152
8093.201,8.07179999999971,1,4.396032
8101.098,7.89699999999993,1,4.834304
8110.3004,9.20240000000013,1,4.921344
8118.2567,7.95629999999983,1,4.401152
8126.2041,7.94740000000002,1,4.8128
8135.1225,8.91840000000047,1,4.905984
8143.097,7.97449999999935,1,4.393984
8151.1634,8.06640000000061,1,4.847616
8160.1292,8.96579999999994,1,4.907008
8168.1341,8.00489999999991,1,4.402176
8176.1539,8.01980000000003,1,4.82816
8185.2462,9.09229999999934,1,5.163008
8193.0671,7.82090000000062,1,4.405248
8201.1133,8.04620000000068,1,4.854784
8210.1568,9.04349999999977,1,4.926464
8218.0826,7.92579999999907,1,4.66432
8226.0856,8.00300000000061,1,4.850688
8235.1565,9.0708999999988,1,4.937728
8243.1131,7.95660000000134,1,4.399104
8251.1812,8.06810000000041,1,4.668416
8260.1957,9.01449999999932,1,4.900864
8268.0727,7.87700000000041,1,4.397056
8276.2009,8.1281999999992,1,4.854784
8285.1973,8.99639999999999,1,5.189632
8293.1031,7.90580000000045,1,4.406272
8301.0884,7.98530000000028,1,4.856832
8310.2077,9.11930000000029,1,4.927488
8318.0676,7.85989999999947,1,4.402176
8326.0921,8.02449999999953,1,4.829184
8335.108,9.01590000000033,1,4.921344
8343.188,8.07999999999993,1,4.402176
8351.1944,8.00640000000021,1,4.844544
8360.2936,9.09920000000056,1,4.876288
8368.1025,7.80889999999999,1,4.404224
8376.079,7.97649999999885,1,4.857856
8385.1699,9.09090000000106,1,4.926464
8393.0881,7.91820000000007,1,4.402176
8401.1571,8.06899999999951,1,4.850688
8410.1717,9.01460000000043,1,4.905984
8418.0943,7.92259999999987,1,4.652032
8426.0872,7.99289999999928,1,4.846592
8435.2098,9.1226000000006,1,4.919296
8443.3737,8.16389999999956,1,4.401152
8451.2319,7.85820000000058,1,4.824064
8460.2,8.96810000000005,1,4.877312
8468.1004,7.90039999999863,1,4.835328
8476.123,8.02260000000024,1,4.847616
8485.1422,9.01920000000064,1,4.923392
8493.1254,7.98320000000058,1,4.406272
8501.0811,7.95569999999861,1,4.852736
8510.3519,9.27080000000024,1,5.083136
8518.1491,7.79720000000088,1,4.39808
8526.1735,8.02440000000024,1,4.840448
8535.1821,9.00859999999921,1,4.90496
8543.0571,7.875,1,4.404224
8551.1986,8.14149999999972,1,4.842496
8560.259,9.0604000000003,1,4.876288
8568.0994,7.84039999999914,1,4.396032
8576.1267,8.02730000000156,1,4.837376
8585.1992,9.0724999999984,1,5.175296
8593.1005,7.90130000000136,1,4.391936
8601.1161,8.01559999999881,1,4.82816
8610.1743,9.05820000000131,1,4.903936
8618.1712,7.9969000000001,1,4.384768
8626.2396,8.06840000000011,1,4.816896
8635.2911,9.05149999999958,1,4.850688
8643.1233,7.83219999999892,1,4.36224
8651.1576,8.03430000000117,1,4.35712
8659.5831,8.42549999999937,1,4.85376
8668.94,9.35690000000068,1,4.830208
8677.11,8.17000000000007,1,4.347904
8685.2407,8.13069999999971,1,4.337664
8693.0743,7.83359999999993,1,4.334592
8701.1033,8.02900000000045,1,4.765696
8710.1891,9.08579999999893,1,4.85376
8718.0988,7.90970000000016,1,4.610048
8726.1954,8.09660000000076,1,4.775936
8735.2044,9.00900000000001,1,4.80768
8743.3298,8.12539999999899,1,4.314112
8751.1702,7.84040000000095,1,4.306944
8760.1664,8.99619999999959,1,4.788224
8768.0933,7.92690000000039,1,4.28032
8776.2787,8.1854000000003,1,4.28544
8785.1801,8.90139999999883,1,4.765696
8793.1755,7.99539999999979,1,4.261888
8801.1425,7.96700000000055,1,4.712448
8810.2241,9.08159999999953,1,4.747264
8818.2337,8.00960000000123,1,4.250624
8826.1231,7.88940000000002,1,4.655104
8835.3342,9.21109999999862,1,4.75136
8843.12,7.78580000000147,1,4.770816
8851.2636,8.14359999999942,1,4.668416
8860.1993,8.9357,1,4.68992
8868.1364,7.93709999999919,1,4.206592
8876.0938,7.95740000000114,1,4.655104
8885.1746,9.08079999999973,1,4.883456
8893.0859,7.91129999999976,1,4.204544
8901.1416,8.0557000000008,1,4.452352
8910.168,9.02639999999883,1,4.71552
8918.1158,7.94779999999992,1,4.18304
8926.1125,7.99669999999969,1,4.619264
8935.2049,9.09240000000136,1,4.694016
8943.0959,7.89099999999962,1,4.1984
8951.1546,8.05869999999959,1,4.621312
8960.219,9.0643999999993,1,4.67456
8968.2139,7.99490000000151,1,4.190208
8976.0868,7.87289999999848,1,4.627456
8985.1572,9.07040000000052,1,4.70528
8993.1184,7.96119999999974,1,4.18816
9001.0902,7.97180000000117,1,4.621312
9010.2924,9.20219999999972,1,4.860928
9018.0978,7.80539999999928,1,4.189184
9026.2572,8.15940000000046,1,4.625408
9035.1303,8.8731000000007,1,4.651008
9043.1825,8.05220000000008,1,4.185088
9051.1251,7.94259999999849,1,4.7872
9060.4636,9.33849999999984,1,4.70016
9068.5561,8.09250000000065,1,4.191232
9076.1295,7.57339999999931,1,4.185088
9085.1606,9.03110000000015,1,4.707328
9093.0891,7.92849999999999,1,4.192256
9101.1355,8.04640000000109,1,4.6336
9110.215,9.07949999999983,1,4.708352
9118.1048,7.88979999999901,1,4.196352
9126.164,8.05920000000151,1,4.62848
9135.288,9.1239999999998,1,4.992
9143.0865,7.79849999999897,1,4.220928
9151.1657,8.07920000000013,1,4.948992
9160.1427,8.97700000000077,1,4.742144
9168.1305,7.98779999999897,1,4.220928
9176.1103,7.97980000000098,1,4.22912
9185.3187,9.20839999999953,1,4.743168
9193.0994,7.78069999999934,1,4.23424
9201.1376,8.03820000000087,1,4.678656
9210.1173,8.97969999999987,1,4.763648
9218.1485,8.03119999999944,1,4.800512
9226.1054,7.95690000000104,1,4.722688
9235.3196,9.21420000000035,1,5.066752
9243.2444,7.92479999999887,1,4.288512
9251.1411,7.89670000000115,1,4.554752
9260.1798,9.03869999999915,1,4.81792
9268.0996,7.91979999999967,1,4.297728
9276.1062,8.00660000000062,1,4.765696
9285.1716,9.0653999999995,1,4.824064
9293.1842,8.01260000000002,1,4.325376
9301.1848,8.00060000000121,1,4.758528
9310.3088,9.1239999999998,1,4.826112
9318.0948,7.78600000000006,1,4.335616
9326.1255,8.03069999999934,1,4.77696
9335.1286,9.0030999999999,1,4.860928
9343.1488,8.02020000000084,1,4.343808
9351.1766,8.02779999999984,1,4.80256
9360.2971,9.12049999999908,1,4.845568
9368.1193,7.82220000000052,1,4.358144
9376.1248,8.0054999999993,1,4.8128
9385.2889,9.16409999999996,1,4.895744
9393.2509,7.96199999999953,1,4.615168
9401.3197,8.06880000000092,1,4.814848
9410.3297,9.01000000000022,1,4.865024
9418.1098,7.78009999999995,1,4.389888
9426.1445,8.03470000000016,1,4.827136
9435.334,9.18950000000041,1,4.913152
9443.2159,7.8818999999985,1,4.400128
9451.3398,8.1239000000005,1,4.825088
9459.217,7.87720000000081,1,4.872192
9468.2041,8.98710000000028,1,4.95616
9476.1261,7.92199999999866,1,4.409344
9485.193,9.06689999999981,1,4.909056
9493.187,7.9940000000006,1,4.40832
9501.1128,7.92580000000089,1,4.840448
9510.1435,9.03069999999934,1,4.931584
9518.2319,8.08840000000055,1,4.406272
9526.2188,7.98689999999988,1,4.830208
9535.1454,8.92659999999887,1,4.905984
9543.2113,8.06590000000142,1,4.402176
9551.1725,7.96119999999974,1,5.088256
9560.1577,8.98519999999917,1,4.91008
9568.0807,7.92300000000068,1,4.402176
9576.1594,8.07870000000003,1,4.870144
9585.1751,9.01569999999992,1,4.893696
9593.1565,7.98139999999876,1,4.393984
9601.0963,7.9398000000001,1,4.402176
9610.2162,9.11990000000151,1,4.9152
9618.1155,7.89929999999913,1,4.404224
9626.2605,8.14500000000044,1,4.839424
9635.125,8.86449999999968,1,4.877312
9643.2011,8.07610000000022,1,4.402176
9651.1649,7.96379999999954,1,4.839424
9659.633,8.46810000000005,1,4.90496
9668.6695,9.03650000000016,1,4.876288
9676.8129,8.14340000000084,1,4.397056
9685.143,8.33009999999922,1,4.404224
9693.1698,8.02679999999964,1,4.397056
9701.0947,7.92489999999998,1,4.399104
9710.1885,9.09380000000056,1,4.931584
9718.167,7.97849999999926,1,4.390912
9726.1074,7.94040000000132,1,4.84352
9735.1826,9.07519999999931,1,4.918272
9743.1295,7.946899999999,1,4.399104
9751.1719,8.04240000000027,1,4.391936
9760.1952,9.02330000000075,1,4.89984
9768.1272,7.9320000000007,1,4.396032
9776.1162,7.98899999999958,1,4.402176
9785.2259,9.10969999999907,1,5.17632
9793.0955,7.86959999999999,1,4.407296
9801.2442,8.14869999999974,1,4.4032
9810.2278,8.98360000000139,1,4.891648
9818.1253,7.89749999999913,1,4.667392
9826.1083,7.98300000000017,1,4.849664
9835.2044,9.09610000000066,1,4.914176
9843.163,7.95859999999993,1,4.395008
9851.2889,8.12589999999909,1,4.399104
9860.2261,8.9372000000003,1,4.868096
9868.2046,7.97849999999926,1,4.399104
9876.1746,7.97000000000116,1,4.401152
9885.1996,9.02499999999964,1,5.182464
9893.1231,7.92350000000079,1,4.397056
9901.099,7.97589999999946,1,4.857856
9910.1439,9.04489999999896,1,4.921344
9918.1005,7.95660000000134,1,4.405248
9926.0657,7.96519999999873,1,4.865024
9935.1581,9.09240000000136,1,4.932608
9943.0941,7.93599999999969,1,4.39808
9951.1403,8.04619999999886,1,4.400128
9960.3467,9.20640000000094,1,4.88448
9968.2314,7.88470000000052,1,4.399104
9976.2488,8.01739999999882,1,4.836352
9985.307,9.05820000000131,1,4.917248
9993.2097,7.90269999999873,1,4.400128
10001.118,7.90830000000096,1,4.850688
10010.3036,9.18559999999889,1,4.922368
10018.1597,7.85610000000088,1,4.399104
10026.3216,8.16189999999915,1,4.82816
10035.2648,8.94320000000153,1,4.871168
10043.2377,7.97289999999884,1,4.402176
10051.371,8.13329999999951,1,4.839424
10059.2024,7.83140000000094,1,4.867072
10068.4551,9.25269999999909,1,4.936704
10076.3118,7.85670000000027,1,4.819968
10085.3447,9.03290000000015,1,4.88448
10093.1493,7.80459999999948,1,4.39808
10101.2364,8.08710000000065,1,4.842496
10110.2359,8.9994999999999,1,4.902912
10118.2773,8.04140000000007,1,4.4032
10126.2129,7.9356000000007,1,4.825088
10135.413,9.20010000000002,1,4.91008
10143.1948,7.78179999999884,1,4.396032
10151.3695,8.17470000000139,1,5.102592
10159.274,7.90449999999873,1,4.890624
10168.2647,8.99070000000029,1,4.954112
10176.3962,8.13149999999951,1,4.81792
10184.2914,7.89520000000084,1,5.024768
10193.2484,8.95700000000033,1,4.946944
10201.2174,7.96899999999914,1,4.832256
10210.2803,9.06290000000081,1,4.907008
10218.1595,7.8791999999994,1,4.655104
10226.2868,8.1273000000001,1,4.835328
10235.2943,9.00749999999971,1,4.895744
10243.2775,7.98320000000058,1,4.395008
10251.2306,7.95310000000063,1,4.811776
10260.2931,9.0625,1,4.882432
10268.1433,7.85019999999895,1,4.39808
10276.2349,8.09159999999974,1,4.84352
10285.3389,9.10400000000118,1,4.912128
10293.2282,7.88929999999891,1,4.401152
10301.1816,7.95340000000033,1,4.851712
10310.3738,9.1921999999995,1,4.93056
10318.0992,7.72540000000117,1,4.397056
10326.126,8.02679999999964,1,4.842496
10335.2091,9.08309999999983,1,4.922368
10343.1109,7.90179999999964,1,4.404224
10351.4112,8.30030000000079,1,4.402176
10359.1586,7.7474000000002,1,4.873216
10368.2051,9.04649999999856,1,4.938752
10376.1482,7.94310000000041,1,4.8384
10385.1364,8.98819999999978,1,4.928512
10393.0978,7.96140000000014,1,4.399104
10401.3538,8.25600000000122,1,4.396032
10409.1287,7.77489999999852,1,4.865024
10418.1813,9.05260000000089,1,4.955136
10426.1708,7.98949999999968,1,4.404224
10435.203,9.03219999999965,1,4.929536
10443.1279,7.92489999999998,1,4.405248
10451.2,8.07210000000123,1,4.39808
10460.1637,8.96369999999843,1,4.881408
10468.1897,8.02600000000166,1,4.393984
10476.1705,7.98079999999936,1,4.827136
10485.2255,9.05500000000029,1,5.142528
10493.1111,7.88559999999961,1,4.399104
10501.1196,8.00849999999991,1,4.868096
10510.1654,9.04579999999987,1,4.927488
10518.1913,8.02590000000055,1,4.393984
10526.166,7.97469999999885,1,4.839424
10535.3942,9.22820000000138,1,4.918272
10543.2963,7.90209999999934,1,4.404224
10551.1618,7.86549999999988,1,5.08928
10560.2325,9.07070000000022,1,4.924416
10568.0946,7.86210000000028,1,4.399104
10576.1468,8.05220000000008,1,4.857856
10585.1947,9.04789999999957,1,4.89984
10593.1814,7.98669999999947,1,4.402176
10601.1386,7.95720000000074,1,4.401152
10610.2017,9.06309999999939,1,4.929536
10618.1121,7.91040000000066,1,4.404224
10626.2076,8.09549999999945,1,4.834304
10635.1562,8.94859999999971,1,4.922368
10643.14,7.98379999999997,1,4.4032
10651.1588,8.01879999999983,1,4.400128
10659.6522,8.4934000000012,1,4.91008
10668.6262,8.97400000000016,1,4.892672
10676.6852,8.05899999999929,1,4.397056
10684.1301,7.44490000000042,1,4.400128
10693.2286,9.09850000000006,1,4.941824
10701.2619,8.03329999999914,1,4.842496
10710.1542,8.89230000000134,1,4.90496
10718.091,7.93679999999949,1,4.391936
10726.1276,8.03659999999945,1,4.84352
10735.1891,9.0614999999998,1,4.916224
10743.1863,7.99719999999979,1,4.402176
10751.2402,8.05390000000079,1,4.397056
10760.1554,8.91519999999946,1,4.888576
10768.2167,8.06130000000121,1,4.397056
10776.1397,7.92299999999886,1,4.393984
10785.2359,9.09619999999995,1,5.190656
10793.1122,7.8762999999999,1,4.831232
10801.2515,8.13930000000073,1,4.401152
10810.2425,8.99099999999999,1,4.883456
10818.1503,7.90779999999904,1,4.665344
10826.129,7.97870000000148,1,4.849664
10835.2825,9.15349999999853,1,4.92544
10843.1909,7.90840000000026,1,4.4032
10851.2545,8.0635999999995,1,4.861952
10860.186,8.9315000000006,1,4.88448
10868.365,8.17900000000009,1,4.400128
10876.137,7.77200000000084,1,4.399104
10885.2268,9.08979999999974,1,5.16608
10893.2412,8.01440000000002,1,4.397056
10901.2348,7.99359999999979,1,4.402176
10910.2721,9.03729999999996,1,4.927488
10918.1253,7.85319999999956,1,4.39808
10926.1477,8.02239999999983,1,4.882432
10935.2005,9.0528000000013,1,4.924416
10943.1056,7.90509999999995,1,4.402176
10951.1582,8.05259999999907,1,4.400128
10960.3396,9.18139999999948,1,4.914176
10968.2392,7.89960000000065,1,4.395008
10976.2304,7.99120000000039,1,4.816896
10985.3677,9.13730000000032,1,4.916224
10993.1838,7.81610000000001,1,4.401152
11001.1354,7.95159999999851,1,4.847616
11010.1998,9.06440000000111,1,4.926464
11018.1169,7.91710000000057,1,4.396032
11026.2455,8.12860000000001,1,4.839424
11035.2074,8.96189999999842,1,4.922368
11043.1814,7.97400000000016,1,4.39808
11051.1535,7.97210000000086,1,4.397056
11060.2268,9.07330000000002,1,4.913152
11068.2648,8.03800000000047,1,4.401152
11076.1826,7.91779999999926,1,4.825088
11085.2696,9.08699999999953,1,4.912128
11093.1221,7.85250000000087,1,4.391936
11101.283,8.16089999999895,1,4.397056
11110.2506,8.96759999999995,1,4.931584
11118.1928,7.94220000000132,1,4.66432
11126.1621,7.96929999999884,1,4.859904
11135.4412,9.27909999999974,1,4.927488
11143.1799,7.73869999999988,1,4.402176
11151.2036,8.02370000000155,1,4.660224
11160.1735,8.96990000000005,1,4.909056
11168.198,8.02449999999953,1,4.402176
11176.1572,7.95919999999933,1,4.873216
11185.2974,9.14019999999982,1,4.926464
11193.1433,7.84590000000026,1,4.397056
11201.1589,8.01560000000063,1,4.399104
11210.2086,9.04969999999958,1,4.934656
11218.1425,7.93389999999999,1,4.651008
11226.1464,8.0038999999997,1,4.854784
11235.1781,9.03169999999955,1,4.936704
11243.3582,8.1801000000014,1,4.399104
11251.2683,7.91009999999915,1,4.81792
11260.3134,9.04509999999937,1,4.896768
11268.2008,7.88740000000143,1,4.4032
11276.1235,7.92269999999917,1,4.856832
11285.1579,9.03440000000046,1,5.193728
11293.1208,7.96290000000045,1,4.397056
11301.1941,8.07330000000002,1,4.859904
11310.2736,9.07949999999983,1,4.901888
11318.1479,7.87429999999949,1,4.402176
11326.2194,8.07150000000001,1,4.835328
11335.202,8.98259999999937,1,4.92032
11343.1924,7.99040000000059,1,4.400128
11351.2438,8.05140000000029,1,4.402176
11360.3265,9.08269999999902,1,4.893696
11368.196,7.8695000000007,1,4.399104
11376.1986,8.0025999999998,1,4.864
11385.2607,9.06210000000101,1,4.916224
11393.1796,7.91889999999876,1,4.39808
11401.1588,7.97919999999976,1,4.864
11410.5219,9.36310000000049,1,4.922368
11418.2238,7.70190000000002,1,4.400128
11426.1988,7.97500000000036,1,4.860928
11435.3507,9.15190000000075,1,4.922368
11443.1308,7.78009999999995,1,4.399104
11451.3346,8.20379999999932,1,5.131264
11459.1071,7.77249999999913,1,4.87936
11468.1563,9.04920000000129,1,4.953088
11476.1995,8.04320000000007,1,4.39808
11485.3782,9.17869999999857,1,5.178368
11493.143,7.76480000000083,1,4.402176
11501.1544,8.01139999999941,1,4.864
11510.1805,9.02610000000095,1,4.933632
11518.1697,7.98919999999998,1,4.396032
11526.1477,7.97799999999916,1,4.860928
11535.2918,9.14410000000134,1,4.92544
11543.1537,7.86189999999988,1,4.402176
11551.2591,8.10539999999855,1,5.38624
11560.2266,8.96750000000065,1,4.909056
11568.1466,7.92000000000007,1,4.407296
11576.1593,8.01269999999931,1,4.84864
11585.3003,9.14100000000144,1,4.923392
11593.1689,7.86859999999979,1,4.400128
11601.1524,7.98350000000028,1,4.4032
11610.229,9.07659999999851,1,4.927488
11618.1375,7.90850000000137,1,4.655104
11626.1712,8.03369999999995,1,4.855808
11635.2017,9.03049999999894,1,4.932608
11643.1928,7.9911000000011,1,4.401152
11651.2531,8.06029999999919,1,4.829184
11659.6758,8.42270000000099,1,4.875264
11667.1144,7.4385999999995,1,4.8896
11676.1784,9.06400000000031,1,4.916224
11685.2397,9.06129999999939,1,4.928512
11693.1975,7.95780000000013,1,4.39808
11701.1766,7.97910000000047,1,4.850688
11710.233,9.05639999999948,1,4.92544
11718.1377,7.90469999999914,1,4.40832
11726.2198,8.08210000000145,1,4.844544
11735.3159,9.09609999999884,1,4.922368
11743.2091,7.89320000000043,1,4.397056
11751.317,8.10789999999906,1,4.851712
11760.2127,8.89570000000094,1,4.885504
11768.2164,8.0036999999993,1,4.399104
11776.251,8.03460000000086,1,4.840448
11785.2663,9.01529999999912,1,4.921344
11793.1393,7.87300000000141,1,4.4032
11801.1681,8.02880000000005,1,4.39808
11810.2552,9.08709999999883,1,4.913152
11818.1875,7.9323000000004,1,4.661248
11826.1686,7.98110000000088,1,4.852736
11835.2494,9.08079999999973,1,4.926464
11843.1325,7.8830999999991,1,4.391936
11851.2159,8.08339999999953,1,4.661248
11860.205,8.98910000000069,1,4.918272
11868.2319,8.02690000000075,1,4.402176
11876.1926,7.96069999999963,1,4.835328
11885.3482,9.15560000000005,1,5.190656
11893.1665,7.818299999999,1,4.405248
11901.1921,8.02560000000085,1,4.395008
11910.2256,9.03349999999955,1,4.929536
11918.167,7.9413999999997,1,4.399104
11926.1666,7.99960000000101,1,4.855808
11935.4607,9.29409999999916,1,4.916224
11943.2464,7.78570000000036,1,4.4032
11951.175,7.92859999999928,1,4.399104
11960.2667,9.09170000000086,1,4.919296
11968.1576,7.89090000000033,1,4.393984
11976.3446,8.1869999999999,1,4.850688
11984.1652,7.8205999999991,1,4.881408
11993.214,9.04880000000048,1,4.96128
12001.2332,8.01920000000064,1,4.401152
12010.2776,9.04439999999886,1,4.909056
12018.1354,7.85779999999977,1,4.397056
12026.2149,8.07950000000164,1,4.836352
12035.2277,9.01279999999861,1,4.929536
12043.1966,7.96889999999985,1,4.404224
12051.2365,8.03990000000158,1,4.660224
12060.2485,9.01199999999881,1,4.907008
12068.1235,7.875,1,4.397056
12076.181,8.0575000000008,1,4.399104
12085.2145,9.03349999999955,1,4.92032
12093.1811,7.96659999999974,1,4.402176
12101.2354,8.05429999999978,1,4.855808
12110.4605,9.22509999999966,1,4.917248
12118.1536,7.69310000000041,1,4.399104
12126.2124,8.0588000000007,1,4.824064
12135.3694,9.15699999999924,1,4.9152
12143.2313,7.86189999999988,1,4.404224
12151.334,8.10270000000128,1,4.851712
12159.3939,8.05989999999838,1,4.891648
12168.2664,8.87250000000131,1,4.939776
12176.2496,7.98319999999876,1,4.836352
12185.2998,9.0502000000015,1,4.917248
12193.1356,7.83579999999893,1,4.396032
12201.166,8.03039999999964,1,4.854784
12210.2357,9.06970000000001,1,4.919296
12218.1775,7.94180000000051,1,4.658176
12226.168,7.99049999999988,1,4.850688
12235.1801,9.01209999999992,1,4.928512
12243.1751,7.9950000000008,1,4.39808
12251.244,8.06890000000021,1,4.400128
12260.2087,8.96469999999863,1,4.932608
12268.282,8.07330000000002,1,4.402176
12276.2117,7.92970000000059,1,4.399104
12285.2269,9.01519999999982,1,4.922368
12293.1954,7.96850000000086,1,4.401152
12301.1926,7.99719999999979,1,4.397056
12310.2565,9.06389999999919,1,4.933632
12318.2408,7.98430000000008,1,4.400128
12326.1799,7.9390999999996,1,4.840448
12335.2478,9.06790000000001,1,4.921344
12343.215,7.96720000000096,1,4.396032
12351.1771,7.96210000000065,1,5.102592
12360.2938,9.11669999999867,1,4.926464
12368.1757,7.88190000000031,1,4.399104
12376.2343,8.0586000000003,1,4.847616
12385.218,8.98370000000068,1,4.9152
12393.1549,7.93689999999879,1,4.400128
12401.1665,8.01159999999982,1,4.383744
12410.3173,9.15080000000125,1,4.934656
12418.1463,7.82899999999972,1,4.395008
12426.1903,8.04399999999987,1,4.832256
12435.2405,9.05019999999968,1,4.911104
12443.311,8.07049999999981,1,4.404224
12451.2656,7.95460000000094,1,4.82816
12460.3343,9.06869999999981,1,4.89984
12468.1667,7.83239999999932,1,4.401152
12476.2289,8.0622000000003,1,4.825088
12485.3028,9.07389999999941,1,4.923392
12493.1996,7.89680000000044,1,4.401152
12501.1807,7.98110000000088,1,4.395008
12510.2449,9.06419999999889,1,4.932608
12518.1409,7.89600000000064,1,4.399104
12526.248,8.10709999999926,1,4.831232
12535.3553,9.10729999999967,1,4.913152
12543.2257,7.87040000000161,1,4.4032
12551.4688,8.24309999999969,1,5.108736
12559.1739,7.70509999999922,1,4.870144
12568.2348,9.0609000000004,1,5.211136
12576.1716,7.93679999999949,1,4.842496
12585.5563,9.38470000000052,1,5.199872
12593.1661,7.60980000000018,1,4.388864
12601.2313,8.06519999999909,1,4.842496
12610.2614,9.03009999999995,1,4.9152
12618.1915,7.9301000000014,1,4.401152
12626.163,7.97149999999965,1,4.8384
12635.2658,9.10279999999875,1,5.088256
12643.152,7.88620000000083,1,4.400128
12651.3647,8.21270000000004,1,4.670464
12659.7367,8.37199999999939,1,4.885504
12667.6685,7.93180000000029,1,4.870144
12676.2411,8.57259999999951,1,4.94592
12685.303,9.06190000000061,1,4.901888
12693.1746,7.8716000000004,1,4.39808
12701.3369,8.16229999999996,1,4.825088
12709.2051,7.86819999999898,1,4.890624
12718.2832,9.07810000000063,1,4.964352
12726.2167,7.933500000001,1,4.830208
12735.2844,9.0676999999996,1,4.919296
12743.1521,7.86769999999888,1,4.39808
12751.1937,8.04160000000047,1,4.388864
12760.23,9.03629999999976,1,4.9152
12768.169,7.93900000000031,1,4.399104
12776.2491,8.08010000000104,1,4.665344
12785.2293,8.98019999999997,1,4.92032
12793.1861,7.95679999999993,1,4.393984
12801.1791,7.99299999999857,1,4.842496
12810.5329,9.35380000000077,1,4.917248
12818.1687,7.63580000000002,1,4.393984
12826.2465,8.07779999999912,1,4.839424
12835.2488,9.0023000000001,1,4.931584
12843.2462,7.9974000000002,1,4.393984
12851.1883,7.94210000000021,1,4.83328
12860.2832,9.09490000000005,1,4.916224
12868.1954,7.91220000000067,1,4.397056
12876.2808,8.08539999999994,1,4.393984
12885.2154,8.93459999999868,1,4.905984
12893.2279,8.01250000000073,1,4.399104
12901.1964,7.96850000000086,1,4.4032
12910.2905,9.09409999999843,1,4.900864
12918.2219,7.9314000000013,1,4.395008
12926.2072,7.98530000000028,1,4.829184
12935.3109,9.10369999999966,1,4.90496
12943.1811,7.87019999999939,1,4.39808
12951.2116,8.03050000000076,1,4.840448
12960.3171,9.10549999999967,1,4.901888
12968.2661,7.94900000000052,1,4.401152
12976.1854,7.91929999999957,1,4.831232
12985.2831,9.09770000000026,1,4.923392
12993.1849,7.90179999999964,1,4.404224
13001.2071,8.02219999999943,1,4.405248
13010.2922,9.08510000000024,1,4.926464
13018.2327,7.94050000000061,1,4.39296
13026.1896,7.95689999999922,1,4.84864
13035.4773,9.28770000000077,1,4.914176
13043.1817,7.70439999999871,1,4.400128
13051.3397,8.15800000000127,1,4.673536
13059.2074,7.86769999999888,1,4.886528
13068.2518,9.04440000000068,1,5.206016
13076.206,7.95420000000013,1,4.837376
13085.3061,9.10009999999966,1,5.180416
13093.3283,8.02219999999943,1,4.83328
13101.2261,7.89780000000064,1,4.400128
13110.3171,9.09100000000035,1,4.93056
13118.1974,7.8802999999989,1,4.399104
13126.2235,8.02610000000095,1,4.841472
13135.2657,9.04219999999987,1,4.92544
13143.2464,7.98070000000007,1,4.400128
13151.2421,7.99569999999949,1,4.84864
13160.2817,9.03960000000006,1,4.903936
13168.2219,7.94020000000091,1,4.39808
13176.2331,8.01119999999901,1,4.402176
13185.2972,9.06410000000142,1,4.903936
13193.196,7.89879999999903,1,4.391936
13201.1836,7.98760000000038,1,4.840448
13210.4475,9.26389999999992,1,4.917248
13218.1782,7.73070000000007,1,4.397056
13226.2165,8.03830000000016,1,4.844544
13235.2583,9.04179999999906,1,4.921344
13243.2224,7.96410000000105,1,4.39808
13251.1978,7.97539999999935,1,4.405248
13260.2947,9.09690000000046,1,4.912128
13268.1745,7.8797999999988,1,4.399104
13276.2429,8.06840000000011,1,4.390912
13285.3057,9.06280000000152,1,4.912128
13293.1721,7.86639999999898,1,4.399104
13301.3365,8.16439999999966,1,4.860928
13309.1776,7.84110000000146,1,4.896768
13318.2514,9.0737999999983,1,4.947968
13326.2856,8.03420000000006,1,4.82304
13335.2091,8.92350000000079,1,4.905984
13343.224,8.01490000000013,1,4.391936
13351.2397,8.01569999999992,1,4.667392
13360.2298,8.99009999999907,1,4.905984
13368.3668,8.13700000000063,1,4.396032
13376.2379,7.8711000000003,1,4.826112
13385.3657,9.12780000000021,1,5.175296
13393.1751,7.8094000000001,1,4.399104
13401.2095,8.03440000000046,1,4.866048
13410.4246,9.21509999999944,1,4.92032
13418.198,7.77340000000004,1,4.657152
13426.3422,8.14419999999882,1,4.84864
13434.2489,7.90670000000136,1,4.89984
13443.3501,9.10119999999915,1,4.958208
13451.2497,7.89960000000065,1,4.820992
13460.2164,8.96669999999904,1,4.905984
13468.1626,7.94620000000032,1,4.402176
13476.2082,8.04559999999947,1,4.410368
13485.2876,9.07940000000053,1,4.933632
13493.2359,7.94830000000002,1,4.396032
13501.2056,7.96969999999965,1,4.849664
13510.2622,9.05659999999989,1,4.922368
13518.1584,7.89620000000104,1,4.39808
13526.2286,8.07020000000011,1,4.856832
13535.2341,9.0054999999993,1,4.932608
13543.3377,8.10360000000037,1,4.399104
13551.2566,7.91890000000058,1,4.841472
13560.4116,9.15499999999884,1,4.895744
13568.3416,7.93000000000029,1,4.399104
13576.206,7.86440000000039,1,4.840448
13585.2224,9.01640000000043,1,4.922368
13593.1553,7.93289999999979,1,4.404224
13601.2607,8.10540000000037,1,4.401152
13610.2439,8.98319999999876,1,4.91008
13618.2214,7.97750000000087,1,4.652032
13626.2035,7.98209999999926,1,4.849664
13635.2236,9.02009999999973,1,4.914176
13643.1549,7.93130000000019,1,4.399104
13651.3282,8.17330000000038,1,4.406272
13659.7064,8.3781999999992,1,4.9152
13667.6981,7.99170000000049,1,4.908032
13676.2457,8.54759999999987,1,4.958208
13685.2879,9.04219999999987,1,4.928512
13693.1795,7.89160000000084,1,4.39808
13701.1864,8.00690000000031,1,4.4032
13710.4434,9.25699999999961,1,4.926464
13718.1967,7.75330000000031,1,4.404224
13726.2222,8.02549999999974,1,4.851712
13735.2229,9.00070000000051,1,4.916224
13743.2614,8.03849999999875,1,4.404224
13751.2206,7.95920000000115,1,4.391936
13760.3189,9.09829999999965,1,4.89472
13768.1905,7.8716000000004,1,4.39808
13776.2225,8.03199999999924,1,4.393984
13785.3031,9.08059999999932,1,4.917248
13793.2121,7.90900000000147,1,4.395008
13801.1899,7.97779999999875,1,4.857856
13810.3581,9.16820000000007,1,4.921344
13818.1828,7.82470000000103,1,4.396032
13826.3068,8.1239999999998,1,4.841472
13835.2401,8.9333000000006,1,4.92032
13843.2753,8.03519999999844,1,4.66432
13851.2353,7.96000000000095,1,4.850688
13860.3104,9.07510000000002,1,4.8896
13868.3326,8.02219999999943,1,4.400128
13876.2386,7.90600000000086,1,4.39296
13885.319,9.08039999999892,1,4.916224
13893.2116,7.89260000000104,1,4.39808
13901.2342,8.02260000000024,1,4.389888
13910.2721,9.03789999999935,1,4.912128
13918.193,7.92089999999916,1,4.662272
13926.1845,7.99150000000009,1,4.857856
13935.3038,9.11930000000029,1,4.928512
13943.175,7.87119999999959,1,4.4032
13951.2174,8.04240000000027,1,4.397056
13960.268,9.05060000000049,1,4.924416
13968.2408,7.97279999999955,1,4.400128
13976.3155,8.07470000000103,1,4.839424
13985.5418,9.22630000000026,1,4.892672
13993.3317,7.78989999999976,1,4.406272
14001.2329,7.90120000000024,1,4.399104
14010.2834,9.05049999999937,1,4.923392
14018.1905,7.90710000000036,1,4.665344
14026.2368,8.04629999999997,1,4.865024
14035.2366,8.9997999999996,1,4.908032
14043.2656,8.02900000000045,1,4.407296
14051.3347,8.0690999999988,1,4.830208
14059.3,7.96529999999984,1,4.897792
14068.3637,9.06370000000061,1,4.9408
14076.2895,7.92580000000089,1,4.850688
14085.2628,8.97329999999965,1,4.913152
14093.2612,7.9984000000004,1,4.402176
14101.2386,7.97739999999976,1,4.852736
14110.3506,9.11199999999917,1,4.913152
14118.1958,7.84519999999975,1,4.397056
14126.2178,8.02200000000084,1,4.84864
14135.2902,9.07239999999911,1,4.908032
14143.1851,7.89490000000114,1,4.399104
14151.4746,8.28949999999895,1,4.866048
14159.2165,7.7419000000009,1,4.878336
14168.2067,8.99020000000019,1,4.959232
14176.1976,7.99089999999887,1,4.401152
14185.371,9.17339999999967,1,4.9408
14193.2634,7.89240000000063,1,4.395008
14201.3848,8.12139999999999,1,4.831232
14209.2065,7.82170000000042,1,4.905984
14218.309,9.10249999999905,1,4.944896
14226.26,7.95100000000093,1,4.837376
14235.2637,9.0036999999993,1,4.912128
14243.2305,7.96680000000015,1,4.402176
14251.2481,8.01760000000104,1,4.395008
14260.2577,9.00959999999941,1,4.900864
14268.4697,8.21199999999953,1,4.4032
14276.2372,7.76749999999993,1,4.39808
14285.4399,9.20269999999982,1,5.180416
14293.1798,7.73990000000049,1,4.395008
14301.2144,8.03460000000086,1,4.837376
14310.6172,9.40279999999984,1,4.93056
14318.2184,7.60119999999915,1,4.395008
14326.3104,8.09200000000055,1,4.84352
14335.2365,8.92610000000059,1,4.914176
14343.2113,7.97479999999996,1,4.399104
14351.2462,8.03489999999874,1,4.39808
14360.2877,9.04150000000118,1,4.89984
14368.3133,8.02559999999903,1,4.401152
14376.2528,7.93950000000041,1,4.39808
14385.2879,9.03509999999915,1,4.916224
14393.2288,7.94090000000142,1,4.39808
14401.2265,7.9976999999999,1,4.854784
14410.3663,9.13979999999901,1,4.926464
14418.1813,7.81500000000051,1,4.653056
14426.2105,8.02919999999904,1,4.862976
14435.2764,9.06590000000142,1,4.921344
14443.2743,7.99789999999848,1,4.401152
14451.2601,7.98580000000038,1,4.834304
14460.3371,9.07700000000114,1,4.8896
14468.1883,7.85119999999915,1,4.400128
14476.3038,8.11549999999988,1,4.406272
14485.2713,8.96750000000065,1,4.897792
14493.2475,7.97619999999915,1,4.400128
14501.2122,7.96470000000045,1,4.871168
14510.2654,9.05320000000029,1,4.928512
14518.3484,8.08300000000054,1,4.393984
14526.214,7.86559999999918,1,4.822016
14535.249,9.03499999999985,1,4.93568
14543.2237,7.97470000000067,1,4.401152
14551.4025,8.17879999999968,1,4.402176
14559.2559,7.85339999999997,1,4.870144
14568.4485,9.19260000000031,1,4.95104
14576.3626,7.91409999999996,1,4.820992
14584.1777,7.8150999999998,1,5.1712
14593.2093,9.03160000000025,1,4.947968
14601.3196,8.11030000000028,1,4.4032
14610.3073,8.98769999999968,1,4.919296
14618.2821,7.97479999999996,1,4.401152
14626.2068,7.92469999999958,1,4.831232
14635.2458,9.03900000000067,1,4.926464
14643.1746,7.92879999999968,1,4.397056
14651.2577,8.08309999999983,1,4.401152
14659.7035,8.44579999999951,1,4.898816
14667.7469,8.04340000000047,1,4.900864
14676.254,8.50710000000072,1,4.952064
14685.4608,9.20679999999993,1,5.177344
14693.2858,7.82499999999891,1,4.404224
14701.2607,7.97490000000107,1,4.846592
14710.4719,9.21119999999974,1,4.902912
14718.1977,7.72580000000016,1,4.401152
14726.1996,8.0018999999993,1,4.82816
14735.2991,9.09950000000026,1,4.92032
14743.3655,8.0663999999997,1,4.406272
14751.2778,7.91229999999996,1,4.836352
14760.3282,9.05040000000008,1,4.903936
14768.1996,7.87139999999999,1,4.397056
14776.2928,8.09319999999934,1,4.402176
14785.2973,9.00450000000092,1,4.878336
14793.2772,7.97990000000027,1,4.409344
14801.2129,7.9357,1,4.400128
14810.3673,9.15439999999944,1,4.931584
14818.1902,7.82289999999921,1,4.399104
14826.2865,8.09630000000107,1,4.826112
14835.2676,8.98109999999906,1,4.914176
14843.2451,7.97750000000087,1,4.399104
14851.225,7.97990000000027,1,4.667392
14860.325,9.10000000000036,1,4.913152
14868.472,8.14699999999903,1,4.396032
14876.254,7.78200000000106,1,4.827136
14885.4106,9.15659999999843,1,4.926464
14893.2219,7.81130000000121,1,4.397056
14901.2379,8.01599999999962,1,4.395008
14910.245,9.00710000000072,1,4.923392
14918.2067,7.96169999999984,1,4.656128
14926.2048,7.99809999999889,1,4.852736
14935.4042,9.19940000000133,1,4.93056
14943.2201,7.8158999999996,1,4.396032
14951.2756,8.05550000000039,1,4.397056
14960.279,9.0033999999996,1,4.921344
14968.2447,7.96569999999883,1,4.405248
14976.3581,8.11340000000018,1,4.857856
14984.3033,7.94520000000011,1,4.885504
14993.2441,8.94080000000031,1,4.964352
15001.352,8.10790000000088,1,4.401152
15009.2046,7.85259999999835,1,4.893696
15018.3203,9.11570000000029,1,5.202944
15026.2345,7.91420000000107,1,4.397056
15035.2982,9.06369999999879,1,4.934656
15043.4467,8.14850000000115,1,4.395008
15051.3099,7.86319999999978,1,4.829184
15060.3294,9.01950000000033,1,4.900864
15068.2692,7.9398000000001,1,4.402176
15076.2327,7.96349999999984,1,4.401152
15085.2933,9.06059999999889,1,5.190656
15093.1928,7.89950000000135,1,4.400128
15101.2084,8.01559999999881,1,4.401152
15110.4061,9.19770000000062,1,4.933632
15118.2358,7.82970000000023,1,4.39808
15126.2324,7.9966000000004,1,4.837376
15135.2481,9.01569999999992,1,4.926464
15143.2452,7.99709999999868,1,4.399104
15151.2252,7.98000000000138,1,4.850688
15160.335,9.10979999999836,1,4.908032
15168.1967,7.86170000000129,1,4.397056
15176.2854,8.08870000000024,1,4.399104
15185.3263,9.04089999999997,1,4.924416
15193.2115,7.8851999999988,1,4.397056
15201.2105,7.9989999999998,1,4.842496
15210.3255,9.1150000000016,1,4.939776
15218.2065,7.8809999999994,1,4.397056
15226.3205,8.11399999999958,1,4.835328
15235.3787,9.05819999999949,1,4.914176
15243.2344,7.85570000000007,1,4.400128
15251.3378,8.10339999999997,1,4.4032
15259.1767,7.83890000000065,1,4.89472
15268.2401,9.06340000000091,1,4.955136
15276.2242,7.98409999999967,1,4.39808
15285.3576,9.1333999999988,1,4.928512
15293.1908,7.83320000000094,1,4.400128
15301.1936,8.00280000000021,1,4.395008
15310.3141,9.12049999999908,1,4.931584
15318.2398,7.92569999999978,1,4.668416
15326.223,7.98320000000058,1,4.850688
15335.3481,9.12509999999929,1,4.929536
15343.2059,7.85780000000159,1,4.395008
15351.2527,8.04679999999826,1,4.397056
15360.2791,9.02640000000065,1,4.91008
15368.3562,8.07710000000043,1,4.39808
15376.2575,7.90129999999954,1,4.8384
15385.4751,9.21759999999995,1,4.911104
15393.2174,7.74229999999989,1,4.39296
15401.2464,8.02900000000045,1,4.846592
15410.2625,9.01610000000073,1,4.936704
15418.2441,7.98159999999916,1,4.660224
15426.2162,7.97210000000086,1,4.846592
15435.254,9.03780000000006,1,4.92032
15443.3293,8.07529999999861,1,4.400128
15451.326,7.99669999999969,1,4.847616
15460.2123,8.88630000000012,1,4.887552
15468.3985,8.1862000000001,1,4.401152
15476.3624,7.96390000000065,1,4.401152
15484.1976,7.83519999999953,1,5.039104
15493.4299,9.23229999999967,1,4.953088
15501.2337,7.8038000000015,1,4.406272
15510.2934,9.05969999999979,1,4.923392
15518.2209,7.92749999999978,1,4.401152
15526.2567,8.03579999999965,1,4.839424
15535.2464,8.98970000000008,1,4.932608
15543.2188,7.97240000000056,1,4.400128
15551.2331,8.01429999999891,1,4.401152
15560.3839,9.15080000000125,1,4.917248
15568.2219,7.83799999999974,1,4.397056
15576.2999,8.07799999999952,1,4.400128
15585.2788,8.97890000000007,1,4.907008
15593.2267,7.94789999999921,1,4.400128
15601.2204,7.9937000000009,1,4.860928
15610.3717,9.15129999999954,1,4.932608
15618.225,7.85330000000067,1,4.4032
15626.2722,8.04719999999907,1,4.836352
15635.3811,9.10890000000109,1,4.927488
15643.2125,7.83139999999912,1,4.397056
15651.3954,8.18289999999979,1,4.866048
15659.7622,8.36679999999978,1,4.892672
15667.6742,7.91200000000026,1,4.890624
15677.2865,9.61230000000069,1,4.9408
15685.3274,8.04089999999997,1,4.39808
15693.232,7.90459999999985,1,4.399104
15701.2478,8.01579999999922,1,4.395008
15710.4176,9.16980000000149,1,4.934656
15718.2725,7.85489999999845,1,4.39808
15726.2851,8.01260000000002,1,4.82816
15735.315,9.02990000000136,1,4.926464
15743.2457,7.93069999999898,1,4.397056
15751.3364,8.09070000000065,1,4.857856
15759.2753,7.93889999999919,1,4.891648
15768.2622,8.98689999999988,1,4.946944
15776.2311,7.96890000000167,1,4.397056
15785.3747,9.14359999999942,1,4.92032
15793.2173,7.84259999999995,1,4.4032
15801.254,8.03670000000056,1,4.402176
15810.3171,9.06309999999939,1,4.929536
15818.2211,7.90400000000045,1,4.658176
15826.3218,8.10069999999905,1,4.856832
15835.2906,8.96880000000056,1,4.913152
15843.2871,7.99649999999929,1,4.397056
15851.2836,7.99650000000111,1,4.8384
15860.3908,9.10719999999856,1,4.909056
15868.2964,7.90560000000005,1,4.405248
15876.2511,7.95470000000023,1,4.4032
15885.2942,9.04310000000078,1,4.932608
15893.3097,8.01549999999952,1,4.401152
15901.2628,7.95310000000063,1,4.857856
15910.3144,9.05159999999887,1,4.92032
15918.2226,7.90819999999985,1,4.390912
15926.2632,8.04060000000027,1,4.830208
15935.2813,9.01810000000114,1,4.927488
15943.2473,7.96600000000035,1,4.399104
15951.3096,8.0622999999996,1,4.39808
15960.3375,9.02789999999914,1,4.898816
15968.3914,8.05390000000079,1,4.4032
15976.2587,7.86729999999989,1,4.831232
15985.3106,9.05190000000039,1,4.927488
15993.2554,7.9447999999993,1,4.399104
16001.3048,8.04939999999988,1,4.39808
16010.3432,9.03839999999946,1,4.90496
16018.2432,7.90000000000146,1,4.653056
16026.2589,8.01569999999992,1,4.860928
16035.2828,9.02390000000014,1,4.93056
16043.2139,7.93109999999979,1,4.399104
16051.3492,8.13529999999992,1,4.402176
16059.2705,7.92129999999997,1,4.919296
16068.312,9.04149999999936,1,4.957184
16076.2777,7.96570000000065,1,4.406272
16085.3542,9.07649999999921,1,4.92032
16093.2241,7.86989999999969,1,4.404224
16101.2415,8.01740000000063,1,4.399104
16110.3902,9.14869999999974,1,4.924416
16118.336,7.94579999999951,1,4.407296
16126.2521,7.91610000000037,1,4.825088
16135.3568,9.10469999999987,1,4.929536
16143.5362,8.1794000000009,1,4.395008
16151.2683,7.73209999999926,1,4.404224
16160.4074,9.13910000000033,1,4.92032
16168.231,7.82359999999971,1,4.401152
16176.414,8.1830000000009,1,4.393984
16184.2535,7.83950000000004,1,4.872192
16193.2439,8.99039999999877,1,4.944896
16201.2461,8.00220000000081,1,4.849664
16210.4666,9.22049999999945,1,4.929536
16218.2862,7.81960000000072,1,4.397056
16226.5131,8.22689999999966,1,4.836352
16234.2454,7.73229999999967,1,4.857856
16243.4798,9.23439999999937,1,4.952064
16251.2654,7.78560000000107,1,4.4032
16260.3084,9.04299999999967,1,4.90496
16268.2495,7.94110000000001,1,4.397056
16276.3948,8.14530000000013,1,4.401152
16284.2645,7.86969999999928,1,4.928512
16293.3,9.03549999999996,1,4.953088
16301.245,7.94500000000153,1,4.396032
16310.3626,9.11759999999958,1,4.954112
16318.2098,7.84720000000016,1,4.39808
16326.2494,8.03960000000006,1,4.850688
16335.4112,9.16179999999986,1,4.93056
16343.2619,7.85069999999905,1,4.396032
16351.455,8.19310000000041,1,4.85376
16359.2338,7.77880000000005,1,4.892672
16368.235,9.00120000000061,1,4.953088
16376.2724,8.03739999999925,1,4.399104
16385.3929,9.12049999999908,1,4.931584
16393.2214,7.82849999999962,1,4.396032
16401.354,8.13260000000082,1,4.857856
16409.2093,7.85529999999926,1,4.903936
16418.3157,9.10640000000058,1,5.195776
16426.2542,7.9385000000002,1,4.8384
16435.334,9.07979999999952,1,4.927488
16443.383,8.04900000000271,1,4.393984
16451.422,8.03899999999703,1,4.824064
16459.2442,7.82220000000234,1,4.881408
16468.3481,9.10389999999825,1,4.944896
16476.2563,7.90820000000167,1,4.842496
16485.3702,9.11390000000029,1,4.924416
16493.2809,7.91070000000036,1,4.404224
16501.3124,8.03149999999732,1,4.85376
16510.4221,9.10970000000088,1,4.89984
16518.2755,7.85339999999997,1,4.67968
16526.3131,8.03759999999966,1,4.83328
16535.3166,9.00349999999889,1,4.908032
16543.1958,7.87920000000304,1,4.405248
16551.3197,8.12389999999868,1,4.67456
16560.4135,9.09379999999874,1,4.912128
16568.2364,7.82290000000285,1,4.397056
16576.2827,8.04629999999815,1,4.841472
16585.353,9.07029999999941,1,4.92544
16593.2767,7.92369999999937,1,4.399104
16601.2612,7.9845000000023,1,4.837376
16610.346,9.08480000000054,1,4.926464
16618.2662,7.92019999999684,1,4.397056
16626.4551,8.18890000000101,1,4.835328
16634.2355,7.78039999999964,1,4.913152
16643.3256,9.09010000000126,1,4.957184
16651.366,8.04040000000168,1,4.404224
16658.7677,7.40169999999853,1,4.907008
16667.7159,8.94819999999891,1,4.941824
16676.8843,9.16840000000229,1,4.944896
16684.3085,7.42419999999765,1,4.39808
16693.3952,9.08669999999984,1,4.954112
16701.2869,7.89170000000013,1,4.39808
16710.3357,9.04880000000048,1,4.922368
16718.2887,7.95300000000134,1,4.683776
16726.2471,7.95839999999953,1,4.844544
16735.3961,9.14900000000125,1,5.200896
16743.2849,7.88879999999699,1,4.397056
16751.3011,8.01620000000185,1,4.657152
16760.3235,9.02239999999802,1,4.917248
16768.2927,7.96920000000318,1,4.402176
16776.8553,8.56259999999747,1,4.844544
16784.2995,7.44420000000173,1,4.393984
16792.8697,8.57019999999829,1,4.954112
16801.8832,9.01350000000093,1,4.948992
16809.8133,7.9301000000014,1,4.38272
16817.8321,8.01879999999801,1,4.897792
16826.8358,9.00370000000112,1,4.93568
16834.8555,8.01970000000074,1,4.402176
16842.8373,7.98179999999775,1,4.877312
16851.9054,9.06810000000041,1,4.943872
16859.9454,8.04000000000087,1,4.401152
16867.8072,7.86179999999877,1,4.822016
16876.8783,9.07110000000102,1,4.94592
16884.7989,7.92060000000129,1,4.66944
16892.9245,8.12559999999939,1,4.888576
16901.8622,8.93769999999859,1,4.93056
16909.8216,7.95939999999973,1,4.835328
16917.8113,7.9897000000019,1,4.87936
16926.8742,9.06289999999717,1,4.950016
16934.8022,7.92799999999988,1,4.400128
16942.7935,7.9913000000015,1,4.892672
16951.914,9.1205000000009,1,4.946944
16959.8145,7.90049999999974,1,4.393984
16967.9034,8.08889999999883,1,4.864
16977.0034,9.10000000000218,1,4.914176
16984.7852,7.78179999999702,1,4.39808
16992.8085,8.02330000000075,1,4.862976
17001.819,9.01050000000032,1,4.948992
17009.8663,8.047300000002,1,4.671488
17017.8224,7.95609999999942,1,4.890624
17026.9194,9.09699999999793,1,4.954112
17034.7771,7.85770000000048,1,4.396032
17042.7852,8.0080999999991,1,4.886528
17051.8535,9.06830000000264,1,4.937728
17059.8189,7.96539999999732,1,4.391936
17067.8296,8.01070000000254,1,4.883456
17076.8558,9.02620000000024,1,4.950016
17084.8331,7.97729999999865,1,4.66432
17092.7917,7.95860000000175,1,4.885504
17101.8678,9.07609999999841,1,4.937728
17109.8098,7.9419999999991,1,4.397056
17118.0338,8.22400000000198,1,4.872192
17125.8069,7.77309999999852,1,4.908032
17134.9009,9.09400000000096,1,4.948992
17142.7703,7.86939999999959,1,4.85888
17151.8913,9.12099999999919,1,4.923392
17159.7737,7.88240000000224,1,4.400128
17167.7974,8.02369999999792,1,4.873216
17176.9048,9.10740000000078,1,5.097472
17184.8646,7.95980000000054,1,4.406272
17192.8379,7.97329999999783,1,4.865024
17202.0276,9.18970000000263,1,4.934656
17209.7788,7.75119999999879,1,4.399104
17217.8298,8.05099999999948,1,5.04832
17227.0801,9.2502999999997,1,4.947968
17234.8064,7.72630000000208,1,4.67456
17242.8719,8.06549999999697,1,4.897792
17251.8968,9.02490000000034,1,5.206016
17259.7906,7.89380000000165,1,4.397056
17267.7891,7.99850000000151,1,4.866048
17276.8717,9.08259999999791,1,4.939776
17284.7838,7.91210000000137,1,4.391936
17292.7984,8.01459999999861,1,4.861952
17301.906,9.10759999999937,1,4.93568
17309.8416,7.9356000000007,1,4.400128
17317.7883,7.94670000000042,1,4.892672
17326.8675,9.07920000000013,1,4.931584
17334.7708,7.90329999999813,1,4.405248
17342.8591,8.08830000000307,1,4.882432
17351.9418,9.08269999999902,1,4.95104
17359.9423,8.00049999999828,1,4.401152
17367.825,7.88270000000193,1,4.868096
17376.9411,9.11609999999928,1,4.958208
17384.8294,7.88829999999871,1,4.402176
17392.8692,8.03980000000229,1,4.859904
17401.9887,9.1195000000007,1,4.948992
17409.8049,7.81619999999748,1,4.400128
17417.9146,8.10970000000088,1,4.871168
17426.919,9.00440000000162,1,4.923392
17434.8254,7.90639999999985,1,4.4032
17442.8985,8.07309999999779,1,4.87424
17452.0903,9.19180000000051,1,4.932608
17459.8168,7.72650000000067,1,4.404224
17467.8308,8.01399999999921,1,4.893696
17477.0073,9.1765000000014,1,4.950016
17484.8317,7.82439999999769,1,4.4032
17492.8048,7.97310000000289,1,4.867072
17501.8588,9.05400000000009,1,4.944896
17509.7639,7.90509999999995,1,4.400128
17517.8884,8.12449999999808,1,4.886528
17526.8412,8.95279999999912,1,4.93056
17534.8002,7.95900000000256,1,4.400128
17542.7737,7.97350000000006,1,4.88448
17551.8303,9.05659999999989,1,5.209088
17559.9684,8.13810000000012,1,4.401152
17567.807,7.83859999999913,1,4.873216
17576.9074,9.10039999999935,1,5.213184
17584.7976,7.89020000000164,1,4.401152
17592.7135,7.91589999999997,1,4.876288
17601.8273,9.11379999999917,1,4.944896
17609.7475,7.92020000000048,1,4.401152
17617.8119,8.0643999999993,1,4.897792
17627.0443,9.23240000000078,1,4.959232
17634.7851,7.74079999999958,1,4.399104
17642.9552,8.17009999999937,1,4.883456
17651.8863,8.93109999999797,1,4.931584
17659.3299,7.44360000000233,1,4.405248
17668.3169,8.98700000000099,1,4.963328
17676.471,8.15409999999974,1,4.4032
17684.8676,8.39660000000003,1,4.888576
17692.8092,7.94159999999829,1,4.854784
17701.8611,9.05189999999857,1,4.93056
17709.8316,7.97050000000309,1,4.400128
17717.8022,7.97059999999692,1,4.89984
17726.9307,9.12850000000253,1,4.93568
17734.921,7.99029999999766,1,4.401152
17742.8295,7.90850000000137,1,4.878336
17752.1384,9.30889999999999,1,4.942848
17759.8417,7.70330000000104,1,4.393984
17767.7687,7.92699999999968,1,4.885504
17776.8863,9.11759999999776,1,4.95104
17784.8471,7.96080000000075,1,4.4032
17792.8095,7.96240000000034,1,4.864
17801.9417,9.13220000000001,1,4.948992
17809.8219,7.8801999999996,1,4.402176
17817.9611,8.13920000000144,1,5.037056
17826.8284,8.86729999999807,1,4.93056
17834.8072,7.97880000000077,1,4.399104
17842.7797,7.97249999999985,1,4.872192
17851.9689,9.18920000000071,1,5.213184
17859.7998,7.83090000000084,1,4.397056
17867.9986,8.1987999999983,1,4.860928
17876.8934,8.89480000000185,1,4.936704
17884.7988,7.90539999999964,1,4.66944
17892.8129,8.01410000000033,1,4.883456
17901.8389,9.02599999999802,1,4.942848
17909.8527,8.01380000000063,1,4.402176
17917.871,8.01829999999973,1,4.865024
17926.991,9.12000000000262,1,4.939776
17934.8345,7.84349999999904,1,4.400128
17942.7965,7.96199999999953,1,4.87424
17951.9118,9.1153000000013,1,4.957184
17959.8486,7.93679999999949,1,4.399104
17967.8947,8.04609999999957,1,4.856832
17976.9599,9.06520000000091,1,4.933632
17984.798,7.83809999999721,1,4.397056
17992.8316,8.03360000000248,1,4.867072
18001.9102,9.0785999999971,1,4.944896
18009.8309,7.9207000000024,1,4.401152
18018.0078,8.17689999999857,1,4.888576
18025.8062,7.79839999999967,1,4.92544
18034.8331,9.02690000000075,1,4.934656
18042.9208,8.08770000000004,1,4.866048
18051.9204,8.99959999999919,1,4.948992
18059.8037,7.88330000000133,1,4.399104
18067.8549,8.05119999999806,1,4.888576
18076.8662,9.01130000000194,1,4.932608
18084.8432,7.97699999999895,1,4.645888
18092.7836,7.9403999999995,1,4.866048
18101.8354,9.05180000000109,1,4.95616
18109.7847,7.94930000000022,1,4.399104
18117.8813,8.09660000000076,1,4.89472
18127.0582,9.17689999999857,1,4.964352
18134.8188,7.76060000000143,1,4.401152
18142.9095,8.09070000000065,1,4.868096
18152.0161,9.10659999999916,1,5.208064
18159.7937,7.77759999999762,1,4.402176
18167.7821,7.988400000002,1,4.886528
18176.9016,9.1195000000007,1,4.942848
18184.8723,7.97069999999803,1,4.401152
18192.8137,7.9413999999997,1,4.855808
18201.8703,9.05659999999989,1,4.9408
18209.8073,7.93700000000172,1,4.407296
18217.81,8.00270000000091,1,4.882432
18226.9225,9.11249999999927,1,4.948992
18234.7959,7.8734000000004,1,4.396032
18242.9481,8.15220000000045,1,4.885504
18251.9899,9.04179999999906,1,4.946944
18259.9795,7.98960000000079,1,4.400128
18267.8106,7.83109999999942,1,4.872192
18276.898,9.08740000000034,1,4.980736
18284.8041,7.90610000000015,1,4.406272
18292.8714,8.0672999999988,1,4.87424
18301.8803,9.00890000000072,1,4.943872
18309.8296,7.94930000000022,1,4.39808
18317.9215,8.09189999999944,1,4.885504
18326.8728,8.95130000000063,1,4.92544
18334.8035,7.9307000000008,1,4.400128
18342.8126,8.00909999999931,1,4.888576
18351.9681,9.15549999999712,1,4.95104
18359.827,7.8589000000029,1,4.390912
18367.933,8.10599999999977,1,4.891648
18376.9807,9.04769999999917,1,4.957184
18384.8157,7.83499999999913,1,4.397056
18392.7919,7.97620000000097,1,4.870144
18401.9063,9.11439999999857,1,4.9408
18409.8018,7.89550000000236,1,4.39808
18417.8753,8.0734999999986,1,5.151744
18426.8175,8.94220000000132,1,4.94592
18434.8496,8.03210000000036,1,4.837376
18442.7716,7.92199999999866,1,4.885504
18451.889,9.11739999999918,1,4.938752
18459.8142,7.9252000000015,1,4.405248
18467.8662,8.05199999999968,1,4.887552
18476.9971,9.13090000000011,1,4.938752
18484.8161,7.81899999999951,1,4.64896
18492.8991,8.08299999999872,1,4.896768
18501.8703,8.97119999999995,1,4.95616
18509.8479,7.97760000000198,1,4.4032
18517.82,7.97209999999905,1,4.873216
18526.9499,9.12989999999991,1,4.943872
18534.8076,7.85770000000048,1,4.390912
18542.914,8.10640000000058,1,4.8896
18551.9244,9.01039999999921,1,4.921344
18559.8893,7.96489999999903,1,4.390912
18567.7994,7.91010000000097,1,4.873216
18577.006,9.20660000000134,1,4.948992
18584.8275,7.8214999999982,1,4.400128
18592.818,7.99049999999988,1,4.876288
18601.9637,9.14570000000094,1,4.950016
18609.7959,7.83220000000074,1,4.399104
18617.8953,8.09939999999915,1,4.897792
18626.8506,8.95530000000144,1,4.94592
18634.8253,7.97469999999885,1,4.395008
18642.8102,7.98489999999947,1,4.872192
18652.1345,9.32430000000022,1,5.213184
18660.3412,8.20669999999882,1,4.399104
18668.3749,8.03369999999995,1,4.393984
18675.8117,7.43679999999949,1,4.391936
18684.9644,9.15270000000237,1,4.942848
18692.8759,7.91149999999834,1,4.837376
18702.0058,9.12989999999991,1,4.947968
18709.8106,7.80480000000171,1,4.396032
18717.8683,8.05769999999757,1,5.15072
18726.8431,8.97479999999996,1,4.950016
18734.8318,7.9887000000017,1,4.401152
18742.8263,7.9945000000007,1,4.887552
18752.0352,9.20889999999781,1,4.926464
18759.9391,7.90390000000116,1,4.400128
18767.9239,7.984800000002,1,4.86912
18776.8803,8.95639999999912,1,4.934656
18784.8274,7.94709999999759,1,4.661248
18792.8926,8.06520000000091,1,4.886528
18801.9052,9.01260000000184,1,4.933632
18809.9727,8.06749999999738,1,4.830208
18817.9173,7.94460000000254,1,4.851712
18826.9202,9.0028999999995,1,4.934656
18834.8303,7.91010000000097,1,4.405248
18842.8154,7.98509999999806,1,4.885504
18851.9183,9.10290000000168,1,4.959232
18859.9176,7.99929999999949,1,4.395008
18867.8555,7.93790000000081,1,4.861952
18876.9628,9.10729999999967,1,4.944896
18884.8371,7.87429999999949,1,4.396032
18892.8284,7.99129999999786,1,4.864
18901.8528,9.02440000000206,1,4.950016
18910.005,8.15220000000045,1,4.41344
18917.8689,7.86390000000029,1,4.85888
18926.9322,9.06329999999798,1,4.936704
18934.9263,7.99409999999989,1,4.406272
18942.8229,7.89660000000003,1,4.864
18951.958,9.13509999999951,1,5.209088
18959.8381,7.88010000000213,1,4.4032
18967.9428,8.10469999999987,1,5.138432
18976.8857,8.94289999999819,1,4.934656
18984.8062,7.92050000000017,1,4.655104
18992.8354,8.02920000000086,1,4.88448
19001.8574,9.02200000000084,1,4.937728
19009.8176,7.96019999999771,1,4.402176
19017.8625,8.04490000000078,1,4.888576
19026.8648,9.0023000000001,1,4.953088
19034.8686,8.00380000000223,1,4.39296
19042.819,7.9503999999979,1,4.87936
19051.9067,9.08770000000004,1,5.194752
19059.8375,7.93080000000191,1,4.401152
19067.8321,7.99459999999817,1,4.893696
19076.8597,9.02760000000126,1,4.955136
19084.9113,8.05159999999887,1,4.395008
19092.8475,7.9362000000001,1,4.851712
19102.0111,9.16359999999986,1,4.955136
19109.9999,7.98879999999917,1,4.396032
19117.8509,7.85100000000239,1,5.124096
19126.8782,9.02729999999792,1,4.95616
19134.815,7.93679999999949,1,4.404224
19142.9156,8.10060000000158,1,4.891648
19151.9246,9.0089999999982,1,4.92032
19159.7912,7.8666000000012,1,4.402176
19167.8045,8.01329999999871,1,4.886528
19176.945,9.14050000000134,1,4.953088
19184.878,7.9330000000009,1,4.830208
19192.8962,8.01819999999861,1,4.86912
19201.8524,8.95620000000054,1,4.95104
19209.8385,7.9861000000019,1,4.397056
19217.8188,7.98029999999926,1,4.888576
19226.9623,9.14349999999831,1,4.948992
19234.8261,7.86379999999917,1,4.4032
19243.0055,8.1794000000009,1,4.891648
19250.8757,7.8702000000012,1,4.934656
19259.8743,8.99859999999899,1,4.958208
19267.834,7.95969999999943,1,4.88448
19276.8987,9.06470000000263,1,4.95616
19284.8563,7.95759999999791,1,4.653056
19292.8173,7.96099999999933,1,4.886528
19301.8758,9.05850000000282,1,4.944896
19309.859,7.98319999999876,1,4.397056
19317.9718,8.11279999999897,1,4.88448
19326.8929,8.92109999999957,1,4.923392
19334.8419,7.94900000000052,1,4.396032
19342.8086,7.96670000000086,1,4.893696
19352.1579,9.34929999999804,1,5.219328
19359.8641,7.70620000000054,1,4.682752
19367.8969,8.03280000000086,1,4.88448
19376.8686,8.97170000000187,1,4.942848
19384.9345,8.06589999999778,1,4.400128
19392.8409,7.90639999999985,1,4.881408
19401.8644,9.02349999999933,1,4.958208
19409.8207,7.95630000000165,1,4.393984
19418.0003,8.17959999999948,1,4.89984
19425.8359,7.83559999999852,1,4.927488
19434.8808,9.04490000000078,1,4.9408
19442.9525,8.07170000000042,1,4.892672
19451.9281,8.97560000000158,1,5.190656
19459.8449,7.91679999999906,1,4.399104
19467.8116,7.96670000000086,1,4.8896
19476.9499,9.13829999999871,1,4.944896
19484.8303,7.88040000000183,1,4.4032
19492.7858,7.95550000000003,1,4.876288
19501.8591,9.07330000000002,1,4.952064
19509.948,8.08889999999883,1,4.404224
19517.8495,7.90149999999994,1,4.866048
19527.0101,9.16059999999925,1,4.954112
19534.8314,7.82129999999961,1,4.4032
19542.8088,7.97739999999976,1,4.892672
19551.9365,9.12770000000091,1,4.942848
19559.9521,8.01559999999881,1,4.400128
19567.8441,7.89199999999983,1,4.866048
19576.9652,9.1211000000003,1,4.942848
19584.8434,7.87820000000283,1,4.401152
19592.8603,8.01689999999871,1,4.873216
19601.9816,9.12129999999888,1,4.965376
19609.933,7.95140000000174,1,4.389888
19617.9766,8.04360000000088,1,4.875264
19626.9007,8.92409999999654,1,4.933632
19634.8229,7.92220000000088,1,4.39808
19642.8374,8.01450000000114,1,4.86912
19652.0451,9.20769999999902,1,5.198848
19660.406,8.36089999999967,1,4.399104
19668.3981,7.99209999999948,1,4.399104
19675.8549,7.45679999999993,1,4.399104
19684.9404,9.08550000000105,1,4.948992
19692.8372,7.89680000000226,1,4.878336
19702.1001,9.2628999999979,1,4.939776
19709.8452,7.74510000000009,1,4.400128
19717.8743,8.02909999999974,1,5.147648
19726.9214,9.04709999999977,1,4.953088
19734.8548,7.93340000000171,1,4.399104
19743.1112,8.25639999999839,1,4.88448
19750.9056,7.79439999999886,1,5.203968
19759.8998,8.994200000001,1,4.958208
19767.8394,7.93960000000152,1,4.883456
19776.9355,9.09609999999884,1,4.9408
19784.8526,7.91709999999875,1,4.656128
19792.8383,7.98570000000109,1,4.882432
19801.9355,9.09720000000016,1,4.955136
1980