loaded count=2973002 degree=3 decode_ms=1907.171 first_frame_ms=2071.0199
pose -0.0546875 0.1002197265625 4.96898646210385 -0.0546875 0.1002197265625 -0.026123046875
interaction duration_ms=20002.0677 accepted_presents=2401 render_calls=2401 fps=120.037589913767
time_ms,interval_ms,accepted,gpu_diagnostic_ms
0.2572,0.2572,1,4.37248
9.9718,9.7146,1,4.804608
17.9282,7.9564,1,4.369408
26.9353,9.0071,1,4.376576
34.9335,7.9982,1,4.378624
42.9053,7.97179999999999,1,4.380672
51.9026,8.9973,1,4.3776
59.9689,8.0663,1,4.369408
67.8921,7.9232,1,4.370432
76.8882,8.9961,1,4.376576
84.901,8.0128,1,4.374528
92.892,7.991,1,4.3776
101.8821,8.9901,1,4.3776
109.9084,8.02630000000001,1,4.374528
117.8999,7.9915,1,4.375552
126.9796,9.0797,1,4.386816
134.9173,7.93770000000001,1,4.369408
142.8859,7.96859999999998,1,4.368384
151.9413,9.05540000000002,1,4.373504
159.8898,7.9485,1,4.381696
167.8547,7.9649,1,4.369408
176.8817,9.02699999999999,1,4.373504
184.9676,8.08590000000001,1,4.3776
192.8771,7.90950000000001,1,4.363264
201.8891,9.012,1,4.378624
209.8651,7.976,1,4.373504
217.9175,8.05239999999998,1,4.37248
226.8693,8.95180000000002,1,4.376576
234.9499,8.0806,1,4.3776
242.8861,7.93619999999999,1,4.379648
251.9574,9.07130000000001,1,4.36736
259.8999,7.9425,1,4.373504
267.997,8.09710000000001,1,4.36736
276.8957,8.89869999999996,1,4.370432
284.9713,8.07560000000001,1,4.37248
292.9822,8.01089999999999,1,4.373504
301.9231,8.9409,1,4.371456
309.9302,8.00710000000004,1,4.373504
317.9083,7.97809999999998,1,4.378624
326.903,8.99470000000002,1,4.374528
334.8956,7.99259999999998,1,4.370432
342.9549,8.05930000000001,1,4.371456
351.9204,8.96549999999996,1,4.369408
359.9071,7.98670000000004,1,4.380672
367.869,7.96190000000001,1,4.36736
376.9472,9.07819999999998,1,4.374528
384.8885,7.94130000000001,1,4.371456
392.9778,8.08929999999998,1,4.375552
401.9241,8.94630000000001,1,4.378624
409.9597,8.03559999999999,1,4.381696
417.9042,7.94450000000001,1,4.376576
426.9437,9.03949999999998,1,4.373504
434.9379,7.99420000000003,1,4.371456
442.8944,7.95650000000001,1,4.3776
451.9699,9.07549999999998,1,4.371456
459.9015,7.9316,1,4.376576
467.8671,7.96559999999999,1,4.368384
476.8684,9.00130000000001,1,4.374528
484.9458,8.07740000000001,1,4.366336
492.8709,7.92509999999999,1,4.379648
501.9948,9.12389999999999,1,4.36736
509.8833,7.88850000000002,1,4.378624
518.0094,8.12610000000001,1,4.365312
525.8924,7.88299999999992,1,4.374528
534.8814,8.98900000000003,1,4.375552
542.8598,7.97839999999997,1,4.371456
551.959,9.0992,1,4.37248
560.0256,8.06660000000011,1,4.375552
567.9191,7.8934999999999,1,4.365312
576.8589,8.93979999999999,1,4.3776
584.9564,8.09750000000008,1,4.369408
592.9422,7.98579999999993,1,4.378624
601.8805,8.93830000000003,1,4.376576
609.9061,8.02560000000005,1,4.37248
617.9125,8.00639999999999,1,4.369408
626.9687,9.05619999999999,1,4.374528
634.91,7.94129999999996,1,4.37248
642.9376,8.02760000000001,1,4.37248
651.9181,8.98050000000001,1,4.370432
659.9045,7.9864,1,4.375552
667.8813,7.97680000000003,1,4.3776
676.9418,9.06049999999993,1,4.375552
684.9386,7.99680000000001,1,4.375552
692.4021,7.46350000000007,1,4.380672
701.4483,9.0462,1,4.376576
709.4174,7.96910000000003,1,4.375552
717.9501,8.53269999999998,1,4.378624
726.9183,8.96820000000002,1,4.374528
734.9119,7.9935999999999,1,4.371456
742.903,7.99110000000007,1,4.375552
751.9616,9.05859999999996,1,4.379648
759.8912,7.92960000000005,1,4.376576
767.9154,8.02419999999995,1,4.37248
776.8828,8.9674,1,4.370432
785.0624,8.17960000000005,1,4.365312
792.8652,7.80279999999993,1,4.3776
801.9355,9.07030000000009,1,4.370432
809.9031,7.96759999999995,1,4.376576
817.9688,8.06569999999999,1,4.366336
826.8882,8.9194,1,4.373504
834.908,8.01980000000003,1,4.366336
842.8895,7.98149999999998,1,4.376576
852.0253,9.13580000000002,1,4.36736
859.9879,7.96259999999995,1,4.374528
867.9245,7.9366,1,4.369408
876.9629,9.03840000000002,1,4.379648
884.9224,7.95950000000005,1,4.37248
892.9138,7.9914,1,4.376576
901.926,9.01220000000001,1,4.370432
909.9251,7.9991,1,4.3776
917.8914,7.96629999999993,1,4.36736
926.9285,9.03710000000001,1,4.374528
934.9401,8.01160000000004,1,4.374528
942.9064,7.96629999999993,1,4.36224
951.9121,9.00570000000005,1,4.374528
959.9756,8.06349999999998,1,4.381696
967.9087,7.93309999999997,1,4.374528
976.8931,8.98440000000005,1,4.37248
984.9177,8.02459999999996,1,4.368384
992.9123,7.99459999999999,1,4.380672
1002.1517,9.23940000000005,1,4.379648
1010.1087,7.95699999999999,1,4.3776
1017.9361,7.82740000000001,1,4.379648
1026.9041,8.96799999999996,1,4.373504
1034.9036,7.99950000000013,1,4.366336
1042.8907,7.98709999999983,1,4.380672
1051.9624,9.07169999999996,1,4.365312
1059.9238,7.96140000000014,1,4.379648
1067.9921,8.06829999999991,1,4.371456
1076.8916,8.89949999999999,1,4.3776
1084.9699,8.07830000000013,1,4.36736
1092.8875,7.91759999999999,1,4.3776
1101.9198,9.03229999999985,1,4.37248
1110.0233,8.10350000000017,1,4.378624
1117.9366,7.91329999999994,1,4.37248
1126.9974,9.06079999999997,1,4.378624
1134.9089,7.91149999999993,1,4.373504
1142.86,7.9511,1,4.373504
1151.9361,9.0761,1,4.3776
1160.0194,8.08330000000001,1,4.375552
1167.9033,7.88390000000004,1,4.37248
1176.9127,9.00940000000014,1,4.373504
1184.9555,8.04279999999994,1,4.378624
1192.92,7.96450000000004,1,4.374528
1201.887,8.96699999999987,1,4.365312
1209.9107,8.02369999999996,1,4.371456
1217.9049,7.99420000000009,1,4.3776
1226.9024,8.99749999999995,1,4.370432
1234.9047,8.0023000000001,1,4.373504
1242.9572,8.05250000000001,1,4.380672
1251.9509,8.99369999999999,1,4.371456
1259.9094,7.95849999999996,1,4.376576
1267.8887,7.97929999999997,1,4.375552
1276.9286,9.03989999999999,1,4.368384
1284.9233,7.99469999999997,1,4.3776
1292.9767,8.05340000000001,1,4.368384
1301.9581,8.98140000000012,1,4.37248
1309.9365,7.97839999999997,1,4.3776
1317.9588,8.02230000000009,1,4.369408
1326.9095,8.95069999999987,1,4.37248
1334.9107,8.00119999999993,1,4.371456
1342.8966,7.98590000000013,1,4.373504
1351.9757,9.07909999999993,1,4.36736
1359.9193,7.94360000000006,1,4.369408
1367.9065,7.98720000000003,1,4.368384
1376.9069,9.0003999999999,1,4.368384
1384.971,8.06410000000005,1,4.379648
1392.8879,7.91689999999994,1,4.375552
1401.9811,9.09320000000002,1,4.375552
1409.8968,7.91570000000002,1,4.3776
1417.9743,8.0775000000001,1,4.369408
1426.8907,8.91639999999984,1,4.37248
1434.9693,8.07860000000005,1,4.368384
1442.9119,7.94260000000008,1,4.374528
1451.9713,9.05939999999987,1,4.373504
1460.0595,8.08820000000014,1,4.376576
1467.9508,7.8913,1,4.375552
1476.9277,8.97689999999989,1,4.3776
1484.9407,8.01300000000015,1,4.373504
1492.8651,7.92439999999988,1,4.378624
1501.9168,9.05169999999998,1,4.373504
1509.9274,8.01060000000007,1,4.3776
1517.948,8.02060000000006,1,4.379648
1526.9135,8.96550000000002,1,4.37248
1534.9125,7.9989999999998,1,4.369408
1542.9014,7.98890000000006,1,4.371456
1551.9416,9.04020000000014,1,4.370432
1560.0578,8.11619999999994,1,4.3776
1567.9575,7.89969999999994,1,4.369408
1577.0254,9.06790000000001,1,4.371456
1584.9656,7.9402,1,4.3776
1592.9644,7.99880000000007,1,4.369408
1601.8934,8.92899999999986,1,4.370432
1609.9995,8.10609999999997,1,4.374528
1617.9213,7.92180000000008,1,4.373504
1627.0498,9.12850000000003,1,4.368384
1634.9363,7.88650000000007,1,4.374528
1642.9877,8.05139999999983,1,4.371456
1652.0369,9.04920000000016,1,4.375552
1659.9297,7.89279999999985,1,4.370432
1667.981,8.05130000000008,1,4.36736
1676.9042,8.92319999999995,1,4.376576
1685.0344,8.13020000000006,1,4.371456
1692.4237,7.38930000000005,1,4.37248
1701.4666,9.04289999999992,1,4.369408
1709.929,8.46240000000012,1,4.371456
1717.9736,8.04459999999995,1,4.365312
1726.9147,8.94110000000001,1,4.376576
1734.9945,8.07979999999998,1,4.373504
1742.906,7.91149999999993,1,4.371456
1752.0655,9.15949999999998,1,4.378624
1759.9657,7.90020000000004,1,4.375552
1767.9281,7.96240000000012,1,4.36736
1776.9197,8.99159999999983,1,4.369408
1784.9578,8.03809999999999,1,4.373504
1792.912,7.95420000000013,1,4.379648
1801.9916,9.07960000000003,1,4.365312
1810.0278,8.03620000000001,1,4.371456
1817.928,7.90020000000004,1,4.3776
1826.947,9.01899999999978,1,4.37248
1834.9243,7.97730000000001,1,4.37248
1843.1754,8.25110000000018,1,4.366336
1850.9364,7.76099999999997,1,4.3776
1859.934,8.99759999999992,1,4.374528
1867.9282,7.99420000000009,1,4.369408
1876.973,9.0447999999999,1,4.375552
1884.9551,7.98209999999995,1,4.366336
1892.9506,7.99549999999999,1,4.368384
1901.9232,8.97260000000006,1,4.370432
1910.0714,8.14820000000009,1,4.376576
1917.9101,7.83870000000002,1,4.37248
1926.9617,9.05160000000001,1,4.371456
1934.9401,7.97839999999997,1,4.376576
1942.934,7.99389999999994,1,4.37248
1951.9454,9.01140000000009,1,4.376576
1959.9779,8.03250000000003,1,4.37248
1967.9213,7.94339999999988,1,4.37248
1976.9182,8.9969000000001,1,4.375552
1985.0127,8.09449999999993,1,4.37248
1992.9367,7.92399999999998,1,4.376576
2002.0046,9.06790000000001,1,4.371456
2010.0045,7.99990000000003,1,4.378624
2017.9718,7.96730000000002,1,4.378624
2026.9317,8.95990000000006,1,4.370432
2034.9356,8.00389999999993,1,4.374528
2042.9133,7.97769999999991,1,4.369408
2051.9859,9.07260000000019,1,4.375552
2059.961,7.97509999999966,1,4.375552
2067.9601,7.9991,1,4.365312
2076.9109,8.95080000000007,1,4.368384
2085.0398,8.12890000000016,1,4.375552
2092.931,7.89120000000003,1,4.379648
2101.9437,9.01269999999977,1,4.371456
2109.9073,7.96360000000004,1,4.370432
2117.9857,8.07840000000033,1,4.3776
2126.9526,8.9668999999999,1,4.378624
2135.0465,8.09389999999985,1,4.374528
2142.987,7.94050000000016,1,4.371456
2152.005,9.01800000000003,1,4.373504
2160.0255,8.02050000000008,1,4.364288
2167.936,7.91049999999996,1,4.37248
2176.9285,8.99249999999984,1,4.375552
2184.9756,8.04710000000023,1,4.374528
2192.9453,7.96969999999965,1,4.373504
2201.9091,8.96379999999999,1,4.375552
2209.9581,8.04899999999998,1,4.373504
2217.9474,7.98930000000018,1,4.375552
2226.9407,8.99330000000009,1,4.374528
2234.9231,7.98239999999987,1,4.371456
2242.9509,8.02779999999984,1,4.373504
2252.0032,9.05230000000029,1,4.371456
2259.9374,7.93419999999969,1,4.376576
2267.9372,7.99980000000005,1,4.371456
2277.018,9.08080000000018,1,4.37248
2284.9677,7.94970000000012,1,4.376576
2293.0052,8.03749999999991,1,4.374528
2300.9315,7.92630000000008,1,4.366336
2309.9597,9.02819999999974,1,4.374528
2317.9478,7.98810000000003,1,4.371456
2326.932,8.98419999999987,1,4.37248
2334.9735,8.04150000000027,1,4.373504
2342.9172,7.94369999999981,1,4.369408
2352.0281,9.11090000000013,1,4.37248
2359.958,7.92990000000009,1,4.3776
2367.9496,7.99159999999983,1,4.364288
2376.9288,8.97920000000022,1,4.375552
2384.9832,8.05439999999999,1,4.374528
2392.9509,7.9676999999997,1,4.38272
2401.978,9.02710000000025,1,4.373504
2409.9226,7.94459999999981,1,4.3776
2418.02,8.09740000000011,1,4.3776
2425.9959,7.97589999999991,1,4.37248
2434.975,8.97910000000002,1,4.380672
2442.9001,7.92509999999993,1,4.373504
2451.9599,9.0598,1,4.371456
2459.9693,8.00940000000037,1,4.376576
2467.9321,7.96279999999979,1,4.37248
2476.9413,9.00919999999996,1,4.375552
2484.9496,8.00829999999996,1,4.376576
2492.9514,8.0018,1,4.371456
2501.9308,8.97940000000017,1,4.37248
2509.9595,8.02869999999984,1,4.378624
2517.9448,7.98530000000028,1,4.37248
2527.0107,9.0658999999996,1,4.373504
2534.9182,7.90750000000025,1,4.378624
2543.0151,8.09690000000001,1,4.369408
2550.9089,7.89379999999983,1,4.376576
2559.9554,9.04649999999992,1,4.38272
2567.9076,7.95220000000018,1,4.379648
2577.024,9.11639999999989,1,4.381696
2585.0858,8.06179999999995,1,4.3776
2592.9683,7.88250000000016,1,4.380672
2601.8818,8.91350000000011,1,4.370432
2609.911,8.02919999999995,1,4.370432
2618.0416,8.13059999999996,1,4.371456
2625.9466,7.9050000000002,1,4.381696
2634.9814,9.0347999999999,1,4.375552
2642.9348,7.95339999999987,1,4.373504
2652.0047,9.06989999999996,1,4.375552
2659.9424,7.93769999999995,1,4.364288
2667.9607,8.01830000000018,1,4.369408
2676.9125,8.95179999999982,1,4.378624
2685.0172,8.10469999999987,1,4.3776
2692.4406,7.42340000000013,1,4.370432
2701.479,9.03839999999991,1,4.375552
2708.9733,7.49430000000029,1,4.374528
2718.0274,9.05409999999983,1,4.370432
2725.9416,7.91420000000016,1,4.378624
2734.9552,9.01359999999977,1,4.370432
2743.0233,8.06809999999996,1,4.375552
2751.0386,8.01530000000002,1,4.374528
2759.9664,8.92779999999993,1,4.379648
2767.9405,7.97410000000036,1,4.369408
2776.956,9.01549999999997,1,4.373504
2784.9786,8.02259999999978,1,4.359168
2792.9536,7.97499999999991,1,4.369408
2801.945,8.99140000000034,1,4.369408
2810.0425,8.09749999999985,1,4.373504
2817.9783,7.9358000000002,1,4.380672
2826.9593,8.98099999999977,1,4.37248
2834.9343,7.97499999999991,1,4.3776
2842.9959,8.0616,1,4.37248
2851.9768,8.98090000000002,1,4.368384
2859.9933,8.01650000000018,1,4.371456
2867.9483,7.95499999999993,1,4.383744
2876.9827,9.03440000000001,1,4.388864
2885.0488,8.06610000000001,1,4.375552
2892.9622,7.91339999999991,1,4.375552
2902.0066,9.04440000000022,1,4.376576
2910.0841,8.07749999999987,1,4.374528
2918.0408,7.95670000000018,1,4.375552
2925.9555,7.91469999999981,1,4.376576
2934.9909,9.03539999999975,1,4.3776
2942.9489,7.95800000000008,1,4.374528
2952.0252,9.07630000000017,1,4.374528
2959.9433,7.91809999999987,1,4.366336
2968.0054,8.0621000000001,1,4.375552
2975.9802,7.97479999999996,1,4.368384
2985.0275,9.04730000000018,1,4.375552
2993.0041,7.97659999999996,1,4.3776
3001.069,8.06489999999985,1,4.369408
3010.0152,8.94619999999986,1,4.649984
3018.0315,8.01630000000023,1,4.369408
3025.953,7.92149999999992,1,4.375552
3035.0192,9.06620000000021,1,4.379648
3043.0931,8.07389999999987,1,4.371456
3050.9983,7.90520000000015,1,4.380672
3059.9806,8.98229999999967,1,4.371456
3067.9467,7.9661000000001,1,4.375552
3076.9896,9.04289999999992,1,4.376576
3084.9682,7.97859999999991,1,4.375552
3092.9744,8.00620000000026,1,4.374528
3101.9814,9.00700000000006,1,4.373504
3109.9922,8.01080000000002,1,4.371456
3117.9952,8.0029999999997,1,4.37248
3127.0303,9.03510000000006,1,4.376576
3134.9643,7.9340000000002,1,4.36736
3143.0645,8.10019999999986,1,4.37248
3150.992,7.92750000000024,1,4.370432
3159.9719,8.97989999999982,1,4.380672
3167.9799,8.00799999999981,1,4.3776
3177.0207,9.04080000000022,1,4.369408
3185.0076,7.98689999999988,1,4.3776
3192.9719,7.96430000000009,1,4.3776
3202.0545,9.08260000000018,1,4.375552
3209.9994,7.94489999999996,1,4.378624
3218.0541,8.05469999999968,1,4.374528
3225.9907,7.9366,1,4.375552
3234.9294,8.93870000000015,1,4.375552
3242.9916,8.06219999999985,1,4.375552
3252.0152,9.02359999999999,1,4.37248
3259.9489,7.93370000000004,1,4.374528
3268.0347,8.08580000000029,1,4.370432
3275.9696,7.93489999999974,1,4.368384
3285.0366,9.06700000000001,1,4.369408
3292.9911,7.95450000000028,1,4.371456
3302.0019,9.01080000000002,1,4.371456
3310.0413,8.03939999999966,1,4.371456
3318.024,7.98270000000002,1,4.373504
3325.9723,7.94830000000002,1,4.37248
3334.9958,9.02350000000024,1,4.378624
3342.9421,7.94630000000006,1,4.371456
3352.0659,9.12379999999985,1,4.375552
3359.9488,7.88290000000006,1,4.375552
3368.0295,8.08069999999998,1,4.370432
3375.9722,7.94270000000006,1,4.370432
3385.0082,9.03600000000006,1,4.371456
3393.0488,8.04059999999981,1,4.374528
3400.9541,7.9052999999999,1,4.368384
3409.9991,9.04500000000007,1,4.371456
3418.0252,8.02610000000004,1,4.379648
3426.0534,8.02819999999974,1,4.371456
3435.0584,9.00500000000011,1,4.368384
3442.9872,7.92880000000014,1,4.371456
3451.981,8.99380000000019,1,4.3776
3459.9942,8.01319999999987,1,4.378624
3467.9376,7.94340000000011,1,4.37248
3477.055,9.11739999999963,1,4.376576
3484.9819,7.92690000000039,1,4.379648
3493.0325,8.05059999999958,1,4.378624
3500.9733,7.94080000000031,1,4.371456
3509.9741,9.0007999999998,1,4.378624
3518.0027,8.0286000000001,1,4.376576
3526.0077,8.00500000000011,1,4.374528
3535.1017,9.09400000000005,1,4.3776
3542.9552,7.85349999999971,1,4.37248
3552.0014,9.04620000000023,1,4.3776
3560.0072,8.00579999999991,1,4.378624
3567.9903,7.98309999999992,1,4.370432
3576.9961,9.00579999999991,1,4.369408
3585.0402,8.04410000000007,1,4.376576
3593.0907,8.05050000000028,1,4.369408
3601.0646,7.97389999999996,1,4.374528
3610.0016,8.9369999999999,1,4.3776
3617.9876,7.98599999999988,1,4.37248
3626.9782,8.99060000000009,1,4.370432
3634.9886,8.01040000000012,1,4.376576
3642.9784,7.98979999999983,1,4.379648
3652.0593,9.08089999999993,1,4.378624
3659.9802,7.92090000000007,1,4.368384
3667.9865,8.00630000000001,1,4.381696
3676.9519,8.96540000000005,1,4.375552
3685.0793,8.12739999999985,1,4.371456
3692.4087,7.32940000000008,1,4.370432
3701.5793,9.17059999999992,1,4.378624
3709.0129,7.4336000000003,1,4.375552
3718.0619,9.04899999999998,1,4.383744
3726.0877,8.02579999999989,1,4.369408
3734.9838,8.89609999999993,1,4.374528
3742.9836,7.99980000000005,1,4.374528
3752.085,9.10140000000001,1,4.371456
3759.9952,7.9101999999998,1,4.378624
3768.0409,8.04570000000012,1,4.369408
3775.9925,7.95159999999987,1,4.37248
3785.0439,9.05140000000029,1,4.368384
3792.9885,7.94459999999981,1,4.374528
3801.9715,8.98300000000017,1,4.376576
3810.0556,8.08410000000003,1,4.374528
3817.9989,7.94329999999991,1,4.374528
3827.0161,9.01719999999978,1,4.378624
3834.9655,7.94939999999997,1,4.3776
3843.062,8.09650000000011,1,4.368384
3851.1052,8.04320000000007,1,4.370432
3860.013,8.90779999999995,1,4.371456
3867.9916,7.97859999999991,1,4.369408
3876.9794,8.98780000000033,1,4.37248
3884.9822,8.00279999999975,1,4.373504
3892.9957,8.01350000000002,1,4.375552
3902.0558,9.06010000000015,1,4.374528
3910.1309,8.07510000000002,1,4.369408
3918.0852,7.95429999999988,1,4.379648
3926.014,7.92880000000014,1,4.373504
3935.0056,8.99159999999983,1,4.373504
3942.9556,7.94999999999982,1,4.375552
3952.0489,9.0933,1,4.379648
3959.9804,7.93150000000014,1,4.373504
3967.9871,8.00669999999991,1,4.376576
3977.0973,9.11020000000008,1,4.378624
3985.001,7.9037000000003,1,4.3776
3993.0236,8.02259999999978,1,4.376576
4001.0636,8.03999999999996,1,4.374528
4010.0658,9.0021999999999,1,4.376576
4018.0156,7.94980000000032,1,4.375552
4025.9972,7.98159999999962,1,4.379648
4034.9583,8.96109999999999,1,4.370432
4043.0204,8.0621000000001,1,4.378624
4050.9515,7.93110000000024,1,4.3776
4060.0163,9.06479999999965,1,4.369408
4067.9603,7.94400000000041,1,4.374528
4076.9866,9.02629999999999,1,4.370432
4084.9895,8.00289999999995,1,4.380672
4093.04,8.05049999999983,1,4.374528
4100.9854,7.94539999999961,1,4.37248
4109.9766,8.99120000000039,1,4.375552
4118.1402,8.16359999999986,1,4.375552
4126.0043,7.86409999999978,1,4.3776
4134.9354,8.9311000000007,1,4.37248
4142.989,8.05359999999928,1,4.380672
4152.0341,9.04510000000028,1,4.378624
4159.965,7.93090000000029,1,4.375552
4167.9823,8.01729999999952,1,4.371456
4176.9769,8.99459999999999,1,4.37248
4185.0349,8.05799999999999,1,4.370432
4192.963,7.92810000000009,1,4.374528
4201.9795,9.01650000000063,1,4.374528
4209.9565,7.97699999999986,1,4.371456
4218.0308,8.07430000000022,1,4.371456
4225.9616,7.93079999999918,1,4.379648
4235.0192,9.05760000000009,1,4.371456
4242.9705,7.95130000000063,1,4.374528
4252.1064,9.13589999999931,1,4.3776
4259.9644,7.85800000000017,1,4.37248
4268.0043,8.03989999999976,1,4.370432
4276.0305,8.02620000000024,1,4.360192
4285.0112,8.98070000000007,1,4.369408
4292.9522,7.9409999999998,1,4.370432
4301.9693,9.01710000000003,1,4.369408
4310.0902,8.12089999999989,1,4.37248
4318.0157,7.92550000000028,1,4.374528
4325.9987,7.98300000000017,1,4.378624
4334.974,8.97530000000006,1,4.374528
4342.9986,8.02459999999974,1,4.378624
4351.989,8.99039999999968,1,4.375552
4360.0053,8.01630000000023,1,4.378624
4367.9636,7.95830000000024,1,4.374528
4377.103,9.13940000000002,1,4.371456
4385.0301,7.92709999999988,1,4.376576
4393.0225,7.99240000000009,1,4.366336
4400.9395,7.91700000000037,1,4.373504
4410.0049,9.0653999999995,1,4.390912
4418.0996,8.09469999999965,1,4.379648
4426.0222,7.92260000000078,1,4.37248
4435.0285,9.00630000000001,1,4.380672
4442.9819,7.95339999999942,1,4.36736
4452.0089,9.02700000000004,1,4.375552
4459.9637,7.95480000000043,1,4.371456
4468.0058,8.04209999999966,1,4.373504
4475.9297,7.92389999999978,1,4.380672
4485.0225,9.09280000000035,1,4.365312
4492.9682,7.94570000000022,1,4.376576
4502.0394,9.07119999999941,1,4.375552
4509.96,7.92060000000038,1,4.376576
4518.0256,8.0655999999999,1,4.381696
4525.975,7.94940000000042,1,4.371456
4535.0395,9.0644999999995,1,4.375552
4542.9667,7.92720000000008,1,4.374528
4552.038,9.07129999999961,1,4.371456
4559.9753,7.9373000000005,1,4.37248
4567.9831,8.00780000000032,1,4.369408
4576.9522,8.96909999999934,1,4.3776
4585.0296,8.07740000000013,1,4.36736
4592.9845,7.95489999999972,1,4.379648
4602.0313,9.04680000000008,1,4.374528
4610.0646,8.03330000000005,1,4.371456
4618.0244,7.95980000000054,1,4.369408
4626.0033,7.97890000000007,1,4.376576
4634.9836,8.98029999999926,1,4.378624
4643.0345,8.05090000000018,1,4.371456
4650.958,7.92349999999988,1,4.374528
4660.0077,9.04970000000048,1,4.374528
4667.9955,7.98779999999988,1,4.37248
4676.9721,8.97659999999996,1,4.3776
4685.0461,8.07399999999961,1,4.368384
4692.5574,7.51130000000012,1,4.37248
4701.4894,8.9320000000007,1,4.3776
4709.4991,8.00969999999961,1,4.376576
4718.0234,8.52430000000004,1,4.374528
4726.039,8.01559999999972,1,4.3776
4734.9871,8.94810000000052,1,4.3776
4742.9863,7.99919999999929,1,4.373504
4752.051,9.06470000000081,1,4.373504
4760.0828,8.03179999999975,1,4.37248
4768.0053,7.92249999999967,1,4.374528
4776.0139,8.00860000000011,1,4.369408
4785.1025,9.08860000000004,1,4.371456
4793.0118,7.90930000000026,1,4.37248
4801.0646,8.05279999999948,1,4.369408
4810.0008,8.9362000000001,1,4.371456
4818.0896,8.08880000000045,1,4.376576
4826.0191,7.92950000000019,1,4.374528
4835.0118,8.99269999999979,1,4.371456
4843.0077,7.99589999999989,1,4.371456
4851.0563,8.04860000000008,1,4.374528
4859.9872,8.93089999999938,1,4.373504
4868.0643,8.07710000000043,1,4.369408
4876.0115,7.94719999999961,1,4.376576
4885.0683,9.05680000000029,1,4.376576
4892.9746,7.90629999999965,1,4.373504
4902.0041,9.02950000000055,1,4.370432
4909.9716,7.96749999999975,1,4.376576
4918.0803,8.10869999999977,1,4.3776
4926.0017,7.92140000000018,1,4.376576
4935.1183,9.11660000000029,1,4.375552
4942.9934,7.8751000000002,1,4.376576
4952.1009,9.10750000000007,1,4.371456
4960.0494,7.94849999999951,1,4.374528
4967.9866,7.9372000000003,1,4.3776
4977.1144,9.12780000000021,1,4.374528
4985.012,7.89759999999933,1,4.371456
4993.0462,8.03420000000006,1,4.378624
5001.0987,8.05249999999978,1,4.373504
5010.0246,8.92590000000018,1,4.641792
5017.9852,7.96060000000034,1,4.374528
5027.0075,9.02229999999963,1,4.379648
5035.0247,8.01720000000023,1,4.376576
5043.0154,7.99070000000029,1,4.369408
5050.9789,7.96349999999984,1,4.3776
5060.0444,9.0654999999997,1,4.379648
5068.0932,8.04880000000048,1,4.379648
5076.01,7.91679999999997,1,4.38784
5085.0462,9.03619999999955,1,4.3776
5093.0666,8.02040000000034,1,4.3776
5101.0267,7.96010000000024,1,4.380672
5110.0308,9.00410000000011,1,4.371456
5118.1232,8.09239999999954,1,4.375552
5126.0167,7.89350000000013,1,4.36736
5134.9954,8.97869999999966,1,4.375552
5143.0097,8.01429999999982,1,4.383744
5151.0456,8.03590000000077,1,4.3776
5160.0023,8.95669999999973,1,4.3776
5168.0198,8.01749999999993,1,4.370432
5175.9751,7.95529999999962,1,4.373504
5185.0682,9.09310000000005,1,4.375552
5192.9872,7.91899999999987,1,4.374528
5202.0407,9.05349999999999,1,4.38272
5209.9823,7.94160000000011,1,4.3776
5218.0584,8.07610000000022,1,4.376576
5225.9844,7.92600000000039,1,4.3776
5235.0305,9.04609999999957,1,4.374528
5242.985,7.95449999999983,1,4.373504
5252.0631,9.07810000000063,1,4.370432
5260.0341,7.97099999999955,1,4.371456
5267.9928,7.95870000000014,1,4.375552
5277.1837,9.1908999999996,1,4.36736
5285.104,7.92030000000068,1,4.366336
5293.0627,7.95870000000014,1,4.369408
5301.1338,8.07109999999921,1,4.371456
5310.1256,8.99180000000069,1,4.374528
5318.0844,7.95879999999943,1,4.379648
5326.0277,7.94329999999991,1,4.378624
5335.0036,8.97590000000037,1,4.375552
5343.02,8.01640000000043,1,4.369408
5351.0116,7.99159999999938,1,4.365312
5360.0062,8.99459999999999,1,4.375552
5367.9781,7.97190000000046,1,4.370432
5377.1296,9.15149999999994,1,4.37248
5385.0193,7.88969999999972,1,4.361216
5393.0467,8.02739999999994,1,4.373504
5400.9929,7.94620000000032,1,4.37248
5409.9948,9.00190000000021,1,4.368384
5418.0393,8.04449999999997,1,4.366336
5426.0126,7.97329999999965,1,4.376576
5435.032,9.01940000000013,1,4.370432
5442.9892,7.95719999999983,1,4.369408
5452.117,9.12780000000021,1,4.368384
5460.0061,7.88909999999942,1,4.3776
5467.9985,7.99240000000009,1,4.36736
5476.9759,8.97740000000067,1,4.370432
5485.1163,8.14039999999932,1,4.376576
5492.9437,7.82740000000013,1,4.37248
5502.0512,9.10750000000007,1,4.371456
5510.0129,7.96169999999984,1,4.3776
5518.0272,8.01430000000073,1,4.370432
5525.973,7.94579999999951,1,4.378624
5535.0218,9.04880000000048,1,4.370432
5542.9747,7.95289999999932,1,4.365312
5552.108,9.13330000000042,1,4.37248
5560.0123,7.90430000000015,1,4.369408
5568.0266,8.01429999999982,1,4.386816
5576.0342,8.00759999999991,1,4.36736
5585.0364,9.0021999999999,1,4.379648
5593.0624,8.02599999999984,1,4.371456
5600.9836,7.92119999999977,1,4.375552
5610.1566,9.17300000000068,1,4.37248
5618.0681,7.91150000000016,1,4.37248
5626.1397,8.07159999999931,1,4.371456
5635.0926,8.95290000000023,1,4.373504
5643.0486,7.95600000000013,1,4.373504
5650.9756,7.92699999999968,1,4.376576
5660.1259,9.15030000000024,1,4.371456
5668.001,7.8751000000002,1,4.3776
5676.0273,8.02629999999954,1,4.37248
5685.0417,9.01440000000002,1,4.381696
5692.5128,7.47110000000066,1,4.36736
5701.4987,8.98589999999967,1,4.368384
5709.6055,8.10679999999957,1,4.37248
5718.1175,8.51200000000063,1,4.379648
5726.0252,7.90769999999975,1,4.375552
5734.9893,8.96410000000014,1,4.380672
5743.0022,8.01289999999972,1,4.361216
5751.0392,8.03700000000026,1,4.366336
5760.0279,8.98869999999988,1,4.376576
5768.0334,8.00550000000021,1,4.374528
5776.0763,8.04289999999946,1,4.375552
5785.0759,8.9996000000001,1,4.376576
5793.0086,7.9327000000003,1,4.371456
5801.033,8.02440000000024,1,4.368384
5810.0166,8.98359999999957,1,4.369408
5818.1291,8.11250000000018,1,4.371456
5826.0172,7.88810000000012,1,4.3776
5835.0406,9.02340000000004,1,4.37248
5843.0041,7.96349999999984,1,4.374528
5851.0634,8.05929999999989,1,4.37248
5860.0097,8.94629999999961,1,4.3776
5868.0409,8.03120000000035,1,4.379648
5876.0216,7.98070000000007,1,4.379648
5885.1196,9.09799999999996,1,4.369408
5893.022,7.90239999999994,1,4.37248
5901.0657,8.04370000000017,1,4.368384
5910.0663,9.0006000000003,1,4.374528
5918.0567,7.99039999999968,1,4.376576
5926.0775,8.02080000000024,1,4.38272
5935.1035,9.02599999999984,1,4.374528
5943.1315,8.02800000000025,1,4.36736
5951.0318,7.90029999999933,1,4.373504
5960.0352,9.00340000000051,1,4.36224
5968.0182,7.98300000000017,1,4.376576
5976.0036,7.98539999999957,1,4.370432
5985.0556,9.05199999999968,1,4.378624
5993.0829,8.02730000000065,1,4.375552
6001.1395,8.05659999999989,1,4.37248
6010.1114,8.97189999999955,1,4.6336
6018.0458,7.9344000000001,1,4.379648
6026.0383,7.99250000000029,1,4.369408
6035.0018,8.96349999999984,1,4.363264
6043.0649,8.0631000000003,1,4.376576
6050.9996,7.93469999999979,1,4.379648
6060.0829,9.08330000000024,1,4.37248
6068.0047,7.92180000000008,1,4.3776
6076.0167,8.01199999999972,1,4.375552
6085.0396,9.02289999999994,1,4.376576
6093.0309,7.99129999999968,1,4.371456
6100.9981,7.96720000000005,1,4.370432
6110.0652,9.06710000000021,1,4.376576
6118.1556,8.09040000000005,1,4.375552
6126.0384,7.88280000000032,1,4.369408
6135.0145,8.97609999999986,1,4.374528
6142.9974,7.98289999999997,1,4.376576
6152.0948,9.09739999999965,1,4.375552
6160.0183,7.92349999999988,1,4.379648
6168.0505,8.03220000000056,1,4.368384
6176.0011,7.95060000000012,1,4.369408
6185.1175,9.11639999999989,1,4.371456
6193.0343,7.91679999999997,1,4.374528
6201.0601,8.02579999999944,1,4.371456
6210.0295,8.96939999999995,1,4.371456
6218.0958,8.06630000000041,1,4.379648
6226.0128,7.91700000000037,1,4.376576
6235.0304,9.01759999999922,1,4.375552
6242.9998,7.96939999999995,1,4.370432
6251.0898,8.09000000000015,1,4.375552
6260.0092,8.91940000000068,1,4.375552
6268.0885,8.07929999999942,1,4.3776
6276.0232,7.93469999999979,1,4.376576
6285.0898,9.06660000000011,1,4.376576
6293.0066,7.91679999999997,1,4.38272
6301.0276,8.02100000000064,1,4.373504
6310.1336,9.10599999999977,1,4.374528
6318.0832,7.94959999999992,1,4.376576
6326.1087,8.02549999999974,1,4.37248
6335.0493,8.9405999999999,1,4.373504
6342.9884,7.93910000000051,1,4.37248
6352.0417,9.05329999999958,1,4.375552
6360.0275,7.98580000000038,1,4.368384
6368.0462,8.01869999999963,1,4.37248
6376.0958,8.04960000000028,1,4.37248
6385.1123,9.01649999999972,1,4.379648
6393.0966,7.98430000000008,1,4.375552
6401.0351,7.9385000000002,1,4.374528
6410.0621,9.02700000000004,1,4.3776
6418.0304,7.96829999999954,1,4.374528
6426.0632,8.03279999999995,1,4.373504
6435.0296,8.96640000000025,1,4.36736
6443.0892,8.0596000000005,1,4.374528
6451.0383,7.94909999999982,1,4.373504
6460.0443,9.0059999999994,1,4.374528
6468.0186,7.97430000000077,1,4.37248
6476.0547,8.03609999999935,1,4.374528
6485.0373,8.98260000000028,1,4.369408
6493.0931,8.05580000000009,1,4.37248
6501.0402,7.94710000000032,1,4.370432
6510.0318,8.99159999999938,1,4.36736
6518.0865,8.05470000000059,1,4.379648
6526.0142,7.92769999999928,1,4.3776
6535.0282,9.01400000000012,1,4.37248
6542.9974,7.96920000000046,1,4.379648
6552.0817,9.08429999999953,1,4.371456
6560.0356,7.95390000000043,1,4.375552
6567.9913,7.95569999999952,1,4.369408
6577.0077,9.01640000000043,1,4.375552
6585.0793,8.07160000000022,1,4.374528
6593.0383,7.95899999999983,1,4.365312
6601.0361,7.9978000000001,1,4.375552
6609.9902,8.95409999999993,1,4.381696
6618.1089,8.11869999999999,1,4.374528
6626.0094,7.90049999999974,1,4.373504
6635.0586,9.04920000000038,1,4.37248
6643.0138,7.95519999999942,1,4.373504
6651.0556,8.04179999999997,1,4.376576
6660.0116,8.95600000000013,1,4.376576
6668.1031,8.09150000000045,1,4.371456
6676.0611,7.95799999999963,1,4.3776
6685.1045,9.04340000000047,1,4.375552
6692.4999,7.39539999999943,1,4.383744
6701.5214,9.02149999999983,1,4.378624
6709.614,8.09259999999995,1,4.380672
6718.072,8.45800000000054,1,4.373504
6726.1227,8.05069999999978,1,4.376576
6735.0363,8.91359999999986,1,4.374528
6743.0733,8.03700000000026,1,4.379648
6751.0757,8.00240000000031,1,4.370432
6760.1357,9.05999999999949,1,4.374528
6768.0379,7.90220000000045,1,4.38272
6776.0905,8.05259999999998,1,4.378624
6785.0742,8.98369999999977,1,4.38272
6793.0631,7.98890000000029,1,4.368384
6801.0283,7.96519999999964,1,4.373504
6810.0589,9.03060000000005,1,4.375552
6818.1648,8.10589999999956,1,4.379648
6826.0691,7.90430000000015,1,4.378624
6835.0543,8.98520000000008,1,4.374528
6843.044,7.98970000000008,1,4.3776
6851.078,8.03400000000056,1,4.370432
6860.028,8.94999999999982,1,4.371456
6868.0717,8.04370000000017,1,4.375552
6876.0463,7.97459999999955,1,4.375552
6885.142,9.09569999999985,1,4.3776
6893.054,7.91200000000026,1,4.37248
6901.1467,8.09270000000015,1,4.381696
6910.1862,9.03949999999986,1,4.380672
6918.1059,7.91969999999947,1,4.3776
6926.1199,8.01400000000012,1,4.3776
6935.1112,8.99130000000059,1,4.376576
6943.0918,7.98059999999987,1,4.371456
6951.1361,8.04429999999957,1,4.370432
6960.0408,8.90470000000005,1,4.376576
6968.1263,8.08550000000014,1,4.373504
6976.1084,7.98210000000017,1,4.378624
6985.0984,8.98999999999978,1,4.369408
6993.1915,8.09310000000005,1,4.373504
7001.1547,7.96320000000014,1,4.36736
7010.1164,8.96169999999984,1,4.641792
7018.0526,7.9362000000001,1,4.364288
7026.0844,8.03179999999975,1,4.370432
7035.0349,8.95049999999992,1,4.37248
7043.0628,8.02790000000005,1,4.379648
7051.0768,8.01400000000012,1,4.376576
7060.1094,9.03260000000046,1,4.3776
7068.0226,7.91319999999996,1,4.36736
7076.0509,8.02829999999994,1,4.37248
7085.0642,9.01329999999962,1,4.3776
7093.1133,8.04910000000018,1,4.374528
7101.03,7.91669999999976,1,4.370432
7110.18,9.15000000000055,1,4.371456
7118.0764,7.89639999999963,1,4.376576
7126.0312,7.95480000000043,1,4.375552
7135.0719,9.04069999999956,1,4.380672
7143.044,7.97209999999995,1,4.375552
7151.0067,7.96270000000004,1,4.374528
7160.0636,9.0569000000005,1,4.376576
7168.139,8.07539999999972,1,4.371456
7176.0748,7.9358000000002,1,4.37248
7185.1412,9.0663999999997,1,4.369408
7193.087,7.94580000000042,1,4.370432
7201.0366,7.94959999999992,1,4.376576
7210.0422,9.0055999999995,1,4.378624
7218.1129,8.07070000000022,1,4.37248
7226.0341,7.92119999999977,1,4.370432
7235.098,9.0639000000001,1,4.376576
7243.0344,7.93639999999959,1,4.371456
7251.0566,8.02220000000034,1,4.379648
7260.0605,9.0038999999997,1,4.369408
7268.0507,7.99020000000019,1,4.375552
7276.0061,7.95539999999983,1,4.378624
7285.1506,9.14450000000033,1,4.374528
7293.0536,7.90300000000025,1,4.376576
7301.113,8.0594000000001,1,4.370432
7310.058,8.94499999999971,1,4.373504
7318.1506,8.09259999999995,1,4.3776
7326.0429,7.89230000000043,1,4.375552
7335.0952,9.05229999999938,1,4.3776
7343.0786,7.98340000000007,1,4.375552
7351.0869,8.00830000000042,1,4.373504
7360.1287,9.04179999999997,1,4.373504
7368.0476,7.91889999999967,1,4.3776
7376.1172,8.06959999999981,1,4.3776
7385.1723,9.05510000000049,1,4.376576
7393.1408,7.96849999999995,1,4.376576
7401.1079,7.96709999999985,1,4.366336
7410.1179,9.01000000000022,1,4.37248
7418.0878,7.96990000000005,1,4.371456
7426.0997,8.01189999999951,1,4.38272
7435.059,8.95930000000044,1,4.374528
7443.1553,8.09630000000016,1,4.376576
7451.0793,7.92399999999998,1,4.375552
7460.0844,9.0050999999994,1,4.37248
7468.0608,7.97640000000047,1,4.376576
7476.0611,8.0002999999997,1,4.3776
7485.0913,9.03020000000015,1,4.373504
7493.0717,7.98040000000037,1,4.375552
7501.0529,7.98119999999926,1,4.37248
7510.1419,9.08899999999994,1,4.374528
7518.064,7.92210000000068,1,4.379648
7526.096,8.03199999999924,1,4.37248
7535.0365,8.94050000000061,1,4.378624
7543.0445,8.00799999999981,1,4.3776
7551.0287,7.98419999999987,1,4.37248
7560.1298,9.10109999999986,1,4.381696
7568.199,8.06919999999991,1,4.371456
7576.0044,7.80540000000019,1,4.379648
7585.0889,9.08449999999993,1,4.371456
7593.062,7.97310000000016,1,4.37248
7601.1103,8.04830000000038,1,4.375552
7610.1549,9.04460000000017,1,4.37248
7618.0951,7.94019999999909,1,4.380672
7626.0089,7.91380000000026,1,4.3776
7635.1747,9.16579999999976,1,4.379648
7643.0577,7.88300000000072,1,4.371456
7651.1389,8.08119999999963,1,4.37248
7660.0933,8.95440000000053,1,4.371456
7668.143,8.04969999999958,1,4.381696
7676.0314,7.88839999999982,1,4.374528
7685.1855,9.15409999999974,1,4.374528
7692.6108,7.42530000000079,1,4.36736
7701.6205,9.00969999999961,1,4.366336
7709.0804,7.45989999999983,1,4.374528
7718.1221,9.04169999999976,1,4.380672
7726.1548,8.03270000000066,1,4.368384
7735.1585,9.0036999999993,1,4.371456
7743.0387,7.88020000000051,1,4.37248
7751.1157,8.07700000000023,1,4.3776
7760.1196,9.0038999999997,1,4.378624
7768.0645,7.94490000000042,1,4.378624
7776.1265,8.0619999999999,1,4.378624
7785.1089,8.98239999999987,1,4.375552
7793.1249,8.01599999999962,1,4.376576
7801.0904,7.96550000000025,1,4.370432
7810.1095,9.01909999999953,1,4.376576
7818.0912,7.98170000000027,1,4.378624
7826.0797,7.98850000000039,1,4.374528
7835.0579,8.97819999999956,1,4.3776
7843.182,8.1241,1,4.38272
7851.1262,7.94419999999991,1,4.37248
7860.0794,8.95319999999992,1,4.378624
7868.087,8.00760000000082,1,4.379648
7876.1637,8.07669999999962,1,4.3776
7885.1814,9.01770000000033,1,4.36736
7893.1409,7.95949999999993,1,4.3776
7901.3797,8.23880000000008,1,4.371456
7909.1436,7.76389999999992,1,4.64384
7918.1114,8.96779999999944,1,4.379648
7926.0707,7.95930000000044,1,4.383744
7935.1169,9.04619999999977,1,4.376576
7943.0575,7.9405999999999,1,4.374528
7951.1646,8.10710000000017,1,4.380672
7960.0739,8.90930000000026,1,4.368384
7968.1257,8.05179999999928,1,4.373504
7976.0606,7.9349000000002,1,4.378624
7985.1447,9.08410000000003,1,4.379648
7993.0601,7.91539999999986,1,4.369408
8001.2761,8.21600000000035,1,4.378624
8010.1404,8.86430000000018,1,4.376576
8018.1301,7.98970000000008,1,4.373504
8026.0964,7.96630000000005,1,4.38272
8035.094,8.99759999999969,1,4.380672
8043.0513,7.95730000000003,1,4.375552
8051.1111,8.0598,1,4.376576
8060.2272,9.11610000000019,1,4.384768
8068.1156,7.88839999999982,1,4.374528
8076.1297,8.01410000000033,1,4.375552
8085.0944,8.96469999999954,1,4.376576
8093.0564,7.96200000000044,1,4.379648
8101.0529,7.99649999999929,1,4.37248
8110.0798,9.02690000000075,1,4.375552
8118.098,8.01819999999952,1,4.373504
8126.0961,7.99809999999979,1,4.374528
8135.0636,8.96750000000065,1,4.380672
8143.0543,7.99069999999938,1,4.378624
8151.0305,7.97620000000006,1,4.375552
8160.1172,9.08669999999984,1,4.376576
8168.0553,7.9381000000003,1,4.37248
8176.1291,8.07380000000012,1,4.374528
8185.1219,8.99279999999999,1,4.380672
8193.0885,7.96659999999974,1,4.378624
8201.0519,7.96340000000055,1,4.374528
8210.1373,9.08539999999994,1,4.390912
8218.1825,8.04520000000048,1,4.383744
8226.0828,7.90029999999933,1,4.378624
8235.0953,9.01250000000073,1,4.375552
8243.0612,7.96589999999924,1,4.373504
8251.0957,8.03449999999975,1,4.380672
8260.0733,8.97760000000017,1,4.374528
8268.0608,7.98749999999927,1,4.378624
8276.0933,8.03250000000116,1,4.375552
8285.1863,9.09299999999894,1,4.3776
8293.0774,7.89110000000073,1,4.385792
8301.0793,8.0018999999993,1,4.368384
8310.0709,8.9916000000012,1,4.379648
8318.1801,8.10919999999896,1,4.376576
8326.0582,7.8780999999999,1,4.369408
8335.1256,9.06739999999991,1,4.375552
8343.0718,7.94620000000032,1,4.381696
8351.1376,8.06580000000031,1,4.37248
8360.0535,8.91589999999997,1,4.380672
8368.0673,8.01380000000063,1,4.3776
8376.1302,8.06289999999899,1,4.380672
8385.1036,8.97340000000077,1,4.374528
8393.1553,8.05169999999998,1,4.38272
8401.1181,7.96279999999933,1,4.3776
8410.1273,9.00920000000042,1,4.378624
8418.093,7.96570000000065,1,4.381696
8426.1394,8.04639999999927,1,4.381696
8435.0816,8.9421999999995,1,4.375552
8443.0734,7.99179999999978,1,4.376576
8451.0781,8.00470000000132,1,4.376576
8460.119,9.04089999999997,1,4.3776
8468.0576,7.9385999999995,1,4.378624
8476.1004,8.04279999999926,1,4.370432
8485.095,8.99459999999999,1,4.375552
8493.083,7.98800000000119,1,4.37248
8501.1079,8.02490000000034,1,4.378624
8510.2083,9.10039999999935,1,4.373504
8518.1577,7.94939999999951,1,4.38784
8526.0672,7.90949999999975,1,4.379648
8535.067,8.9997999999996,1,4.369408
8543.0529,7.98590000000149,1,4.381696
8551.0998,8.04689999999937,1,4.384768
8560.0895,8.98970000000008,1,4.379648
8568.0681,7.97860000000037,1,4.375552
8576.0191,7.95099999999911,1,4.37248
8585.1028,9.08370000000104,1,4.360192
8593.0739,7.97109999999884,1,4.364288
8601.0387,7.96479999999974,1,4.363264
8610.0484,9.00970000000052,1,4.352
8618.1395,8.09109999999964,1,4.344832
8626.0919,7.95240000000013,1,4.347904
8635.1036,9.01170000000093,1,4.342784
8643.0683,7.96470000000045,1,4.34176
8651.0862,8.01789999999892,1,4.334592
8660.0745,8.98830000000089,1,4.330496
8668.0846,8.01009999999951,1,4.334592
8676.1365,8.05190000000039,1,4.319232
8685.185,9.04849999999897,1,4.31616
8692.5891,7.40409999999974,1,4.315136
8701.5802,8.9911000000011,1,4.303872
8709.593,8.01280000000042,1,4.313088
8718.1414,8.54839999999967,1,4.287488
8726.2185,8.07710000000043,1,4.282368
8735.0923,8.87379999999939,1,4.286464
8743.1009,8.00859999999921,1,4.288512
8751.1206,8.01970000000074,1,4.276224
8760.1556,9.03499999999985,1,4.274176
8768.0815,7.92590000000018,1,4.271104
8776.1064,8.02490000000034,1,4.2496
8785.1131,9.00669999999991,1,4.252672
8793.1616,8.04849999999897,1,4.242432
8801.1279,7.96630000000005,1,4.228096
8810.1346,9.00669999999991,1,4.238336
8818.1285,7.9939000000013,1,4.228096
8826.0937,7.96519999999873,1,4.222976
8835.139,9.04529999999977,1,4.217856
8843.1306,7.9916000000012,1,4.201472
8851.184,8.05339999999887,1,4.212736
8860.0961,8.91210000000137,1,4.210688
8868.1041,8.00799999999981,1,4.200448
8876.0934,7.98929999999928,1,4.192256
8885.1756,9.08220000000074,1,4.18816
8893.0853,7.90970000000016,1,4.178944
8901.1602,8.07489999999962,1,4.185088
8910.0902,8.93000000000029,1,4.18304
8918.2126,8.1224000000002,1,4.419584
8926.164,7.95139999999992,1,4.168704
8935.1259,8.96189999999842,1,4.173824
8943.3349,8.20900000000074,1,4.170752
8951.1452,7.81030000000101,1,4.176896
8960.1734,9.02819999999883,1,4.15232
8968.1404,7.96700000000055,1,4.170752
8976.1708,8.03039999999964,1,4.150272
8985.1373,8.96650000000045,1,4.160512
8993.1287,7.99139999999898,1,4.156416
9001.2019,8.07320000000072,1,4.166656
9010.171,8.96910000000025,1,4.161536
9018.1166,7.9455999999991,1,4.149248
9026.1797,8.06310000000121,1,4.163584
9035.0997,8.92000000000007,1,4.156416
9043.0989,7.9992000000002,1,4.160512
9051.1123,8.01339999999982,1,4.168704
9060.1359,9.02359999999862,1,4.176896
9068.1345,7.99860000000081,1,4.165632
9076.1299,7.99539999999979,1,4.165632
9085.1365,9.00660000000062,1,4.1728
9093.0886,7.95209999999861,1,4.176896
9101.1057,8.01710000000094,1,4.176896
9110.0886,8.98289999999906,1,4.179968
9118.1859,8.09730000000127,1,4.184064
9126.1042,7.91829999999936,1,4.179968
9135.1578,9.0536000000011,1,4.192256
9143.0816,7.92379999999866,1,4.195328
9151.0995,8.01790000000074,1,4.204544
9160.0817,8.98220000000038,1,4.210688
9168.1307,8.04899999999907,1,4.210688
9176.1218,7.9911000000011,1,4.20352
9185.1939,9.07209999999941,1,4.220928
9193.081,7.88709999999992,1,4.221952
9201.0928,8.01180000000022,1,4.237312
9210.1047,9.01189999999951,1,4.230144
9218.1159,8.01120000000083,1,4.242432
9226.1043,7.98840000000018,1,4.242432
9235.0859,8.98159999999916,1,4.256768
9243.0866,8.00070000000051,1,4.261888
9251.11,8.02340000000004,1,4.252672
9260.1178,9.00779999999941,1,4.277248
9268.1364,8.01859999999942,1,4.278272
9276.0966,7.96020000000135,1,4.283392
9285.1719,9.07529999999861,1,4.293632
9293.1318,7.95989999999983,1,4.294656
9301.1166,7.98480000000018,1,4.307968
9310.1103,8.9937000000009,1,4.302848
9318.1404,8.03009999999995,1,4.303872
9326.0962,7.95579999999973,1,4.302848
9335.0922,8.99599999999919,1,4.31616
9343.0746,7.98240000000078,1,4.314112
9351.1892,8.11460000000079,1,4.32128
9360.1064,8.91719999999987,1,4.3264
9368.1117,8.0052999999989,1,4.339712
9376.1067,7.9950000000008,1,4.338688
9385.1436,9.03689999999915,1,4.340736
9393.0978,7.95420000000013,1,4.349952
9401.1951,8.09730000000127,1,4.360192
9410.1199,8.92479999999887,1,4.358144
9418.1673,8.04739999999947,1,4.368384
9426.1424,7.97510000000148,1,4.370432
9435.125,8.98259999999937,1,4.37248
9443.0952,7.97019999999975,1,4.376576
9451.1148,8.01959999999963,1,4.368384
9460.1707,9.0559000000012,1,4.374528
9468.0854,7.91469999999936,1,4.38272
9476.1198,8.03440000000046,1,4.385792
9485.1198,9,1,4.38272
9493.0982,7.97839999999997,1,4.373504
9501.0948,7.9966000000004,1,4.371456
9510.1567,9.06189999999879,1,4.3776
9518.1188,7.96210000000065,1,4.378624
9526.0959,7.97710000000006,1,4.380672
9535.1325,9.03659999999945,1,4.368384
9543.1028,7.97030000000086,1,4.3776
9551.1603,8.05749999999898,1,4.371456
9560.1115,8.95120000000134,1,4.379648
9568.159,8.04749999999876,1,4.371456
9576.0824,7.92339999999967,1,4.373504
9585.1494,9.06700000000092,1,4.375552
9593.0922,7.9427999999989,1,4.38272
9601.1133,8.02110000000175,1,4.374528
9610.0759,8.96259999999893,1,4.370432
9618.1177,8.04180000000088,1,4.37248
9626.1031,7.98539999999957,1,4.375552
9635.2415,9.13839999999982,1,4.368384
9643.0928,7.85130000000026,1,4.368384
9651.1079,8.01510000000053,1,4.375552
9660.1119,9.003999999999,1,4.379648
9668.2497,8.13780000000042,1,4.384768
9676.153,7.90329999999994,1,4.38272
9685.2631,9.11009999999987,1,4.3776
9692.6502,7.38709999999992,1,4.378624
9701.6158,8.96559999999954,1,4.373504
9709.1183,7.50250000000051,1,4.373504
9718.1542,9.03590000000077,1,4.3776
9726.1747,8.02049999999872,1,4.375552
9735.1518,8.97710000000006,1,4.380672
9743.1534,8.0015999999996,1,4.3776
9751.1121,7.95870000000104,1,4.379648
9760.152,9.03989999999976,1,4.380672
9768.1042,7.95219999999972,1,4.375552
9776.1386,8.03440000000046,1,4.369408
9785.1396,9.0010000000002,1,4.384768
9793.1725,8.03290000000015,1,4.3776
9801.131,7.95849999999882,1,4.37248
9810.152,9.02100000000064,1,4.380672
9817.6812,7.52920000000086,1,4.376576
9826.159,8.47779999999875,1,4.37248
9834.6588,8.4997999999996,1,4.3776
9843.6531,8.99430000000029,1,4.374528
9851.8035,8.15040000000045,1,4.378624
9859.71,7.90649999999914,1,4.3776
9867.6508,7.94080000000031,1,4.371456
9876.6602,9.00940000000082,1,4.380672
9884.6784,8.01820000000043,1,4.376576
9892.6437,7.96529999999984,1,4.373504
9901.7278,9.08410000000003,1,4.37248
9909.5992,7.87139999999999,1,4.379648
9918.7345,9.13529999999992,1,4.378624
9926.645,7.91049999999996,1,4.373504
9934.702,8.05699999999888,1,4.378624
9942.6327,7.9307000000008,1,4.37248
9951.7307,9.09799999999996,1,4.373504
9959.6552,7.92449999999917,1,4.376576
9968.7529,9.09770000000026,1,4.386816
9976.6491,7.89620000000104,1,4.369408
9984.659,8.00989999999911,1,4.37248
9993.7083,9.04930000000058,1,4.380672
10001.8092,8.10089999999946,1,4.374528
10009.7692,7.96000000000095,1,4.376576
10017.6487,7.8794999999991,1,4.3776
10026.6335,8.98480000000018,1,4.380672
10034.6495,8.01599999999962,1,4.37248
10043.6552,9.00569999999971,1,4.373504
10051.6761,8.02090000000135,1,4.37248
10059.6906,8.01449999999932,1,4.384768
10067.5844,7.89379999999983,1,4.376576
10076.6778,9.09339999999975,1,4.370432
10084.6982,8.02040000000125,1,4.3776
10092.6709,7.97269999999844,1,4.38272
10101.6388,8.96790000000146,1,4.379648
10109.6519,8.01310000000012,1,4.371456
10118.6634,9.0114999999987,1,4.374528
10126.7306,8.06720000000132,1,4.376576
10134.6436,7.91299999999865,1,4.378624
10143.6963,9.05270000000019,1,4.373504
10151.7106,8.01430000000073,1,4.371456
10159.724,8.01339999999982,1,4.376576
10167.6305,7.90649999999914,1,4.3776
10176.6416,9.01110000000153,1,4.378624
10184.8264,8.18479999999909,1,4.373504
10192.6807,7.85430000000088,1,4.3776
10201.617,8.93629999999939,1,4.375552
10209.6483,8.03130000000056,1,4.375552
10218.6984,9.05009999999857,1,4.379648
10226.6443,7.94590000000062,1,4.373504
10234.6628,8.01850000000013,1,4.371456
10243.6278,8.96500000000015,1,4.361216
10251.7895,8.16170000000056,1,4.368384
10259.6606,7.87109999999848,1,4.374528
10268.6686,9.00800000000163,1,4.381696
10276.6341,7.96549999999843,1,4.371456
10284.7087,8.07459999999992,1,4.375552
10292.6363,7.92760000000089,1,4.371456
10301.725,9.08870000000024,1,4.376576
10309.7101,7.98509999999987,1,4.376576
10317.7044,7.99430000000029,1,4.374528
10326.6357,8.93130000000019,1,4.370432
10334.6823,8.04659999999967,1,4.369408
10342.6299,7.94759999999951,1,4.375552
10351.7709,9.14099999999962,1,4.36736
10359.7267,7.95579999999973,1,4.3776
10367.6513,7.92460000000028,1,4.375552
10376.6728,9.02150000000074,1,4.373504
10384.7003,8.02750000000015,1,4.378624
10392.6595,7.95919999999933,1,4.3776
10401.6958,9.03629999999976,1,4.380672
10409.7294,8.03360000000066,1,4.376576
10417.7019,7.97249999999985,1,4.374528
10426.7121,9.01020000000062,1,4.369408
10434.6604,7.94830000000002,1,4.368384
10443.6581,8.9976999999999,1,4.379648
10451.6681,8.01000000000022,1,4.3776
10459.6905,8.02239999999983,1,4.37248
10467.6388,7.94830000000002,1,4.378624
10476.7112,9.07239999999911,1,4.366336
10484.6331,7.92189999999937,1,4.376576
10493.6652,9.03210000000036,1,4.36736
10501.6531,7.98790000000008,1,4.378624
10509.6502,7.9971000000005,1,4.3776
10518.6985,9.04830000000038,1,4.3776
10526.7578,8.05929999999898,1,4.37248
10534.6819,7.92410000000018,1,4.374528
10542.6466,7.96470000000045,1,4.376576
10551.7774,9.13080000000082,1,4.36736
10559.6769,7.89949999999953,1,4.370432
10567.6992,8.02229999999872,1,4.3776
10576.6846,8.98540000000139,1,4.376576
10584.6454,7.96079999999893,1,4.373504
10593.6734,9.02800000000025,1,4.378624
10601.6045,7.93109999999979,1,4.378624
10609.6601,8.05559999999969,1,4.371456
10618.6913,9.03120000000126,1,4.371456
10626.6601,7.96879999999874,1,4.37248
10634.7188,8.05870000000141,1,4.373504
10642.6396,7.92079999999987,1,4.370432
10651.7083,9.06869999999981,1,4.368384
10659.6637,7.95539999999892,1,4.38272
10668.6885,9.02480000000105,1,4.368384
10676.6326,7.94410000000062,1,4.378624
10684.7699,8.1372999999985,1,4.370432
10692.1473,7.37740000000122,1,4.378624
10701.1781,9.03079999999864,1,4.374528
10709.6389,8.46080000000075,1,4.374528
10718.6984,9.05949999999939,1,4.365312
10726.7009,8.00250000000051,1,4.380672
10734.6703,7.96939999999995,1,4.379648
10742.6829,8.01260000000002,1,4.376576
10751.7237,9.04080000000067,1,4.37248
10759.7316,8.0078999999987,1,4.381696
10767.6582,7.92660000000069,1,4.376576
10776.703,9.04479999999967,1,4.378624
10784.7016,7.99860000000081,1,4.3776
10792.6898,7.98819999999978,1,4.374528
10801.6539,8.96409999999923,1,4.37248
10809.7417,8.08780000000115,1,4.371456
10817.6796,7.93789999999899,1,4.373504
10826.7497,9.07010000000082,1,4.383744
10834.7175,7.96780000000035,1,4.374528
10842.6915,7.97400000000016,1,4.376576
10851.6945,9.00299999999879,1,4.375552
10859.7082,8.01369999999952,1,4.374528
10867.688,7.97980000000098,1,4.371456
10876.6815,8.99350000000049,1,4.376576
10884.7188,8.03729999999996,1,4.374528
10892.67,7.95119999999952,1,4.379648
10901.8942,9.22420000000056,1,4.366336
10909.845,7.95079999999871,1,4.376576
10917.7785,7.933500000001,1,4.368384
10926.7315,8.95299999999952,1,4.380672
10934.7353,8.00380000000041,1,4.368384
10942.7607,8.02540000000045,1,4.380672
10951.7292,8.96849999999904,1,4.376576
10959.7743,8.04509999999937,1,4.375552
10967.6959,7.92160000000149,1,4.378624
10976.6674,8.97149999999965,1,4.371456
10984.6997,8.03229999999894,1,4.36736
10992.6715,7.97180000000117,1,4.378624
11001.8012,9.1296999999995,1,4.373504
11009.7432,7.94200000000092,1,4.376576
11017.6553,7.91209999999955,1,4.374528
11026.7747,9.11939999999959,1,4.370432
11034.6238,7.84909999999945,1,4.378624
11043.7007,9.07690000000002,1,4.375552
11051.7063,8.00560000000041,1,4.374528
11059.7249,8.01859999999942,1,4.374528
11067.6631,7.93820000000051,1,4.37248
11076.8322,9.16910000000098,1,4.370432
11084.7982,7.96599999999853,1,4.370432
11092.6825,7.88430000000153,1,4.376576
11101.7216,9.03909999999996,1,4.376576
11109.7105,7.98889999999847,1,4.376576
11117.6745,7.96399999999994,1,4.378624
11126.6876,9.01310000000012,1,4.373504
11134.7393,8.05169999999998,1,4.373504
11142.678,7.93870000000061,1,4.381696
11151.6831,9.00510000000031,1,4.36736
11159.6726,7.98949999999968,1,4.374528
11167.6904,8.01779999999962,1,4.369408
11176.6939,9.00350000000071,1,4.368384
11184.7513,8.05739999999969,1,4.368384
11192.6696,7.91829999999936,1,4.374528
11201.7856,9.11599999999999,1,4.37248
11209.7344,7.94880000000012,1,4.375552
11217.7012,7.96680000000015,1,4.376576
11226.6915,8.9903000000013,1,4.373504
11234.7481,8.05659999999989,1,4.368384
11242.7149,7.96680000000015,1,4.373504
11251.7372,9.02229999999872,1,4.381696
11259.8669,8.12970000000132,1,4.381696
11267.6943,7.82739999999831,1,4.368384
11276.673,8.97870000000148,1,4.370432
11284.7267,8.05369999999857,1,4.368384
11292.8049,8.07819999999992,1,4.376576
11301.761,8.95610000000124,1,4.376576
11309.7344,7.97339999999895,1,4.376576
11317.7149,7.98050000000148,1,4.376576
11326.6969,8.98199999999997,1,4.371456
11334.67,7.97309999999925,1,4.366336
11342.7614,8.09139999999934,1,4.3776
11351.7049,8.94350000000122,1,4.376576
11359.8145,8.10959999999977,1,4.37248
11367.6848,7.8703000000005,1,4.378624
11376.7057,9.02089999999953,1,4.36736
11384.7296,8.02390000000014,1,4.373504
11392.6938,7.96419999999853,1,4.379648
11401.7147,9.02090000000135,1,4.37248
11409.7253,8.01059999999961,1,4.38784
11417.6976,7.97229999999945,1,4.376576
11426.806,9.10840000000098,1,4.36736
11434.7807,7.97469999999885,1,4.375552
11442.6994,7.91870000000017,1,4.376576
11451.7242,9.02480000000105,1,4.36736
11459.6699,7.94570000000022,1,4.371456
11467.7141,8.04419999999845,1,4.373504
11476.6767,8.96260000000075,1,4.375552
11484.7029,8.02620000000024,1,4.376576
11492.6461,7.94319999999971,1,4.36736
11501.7253,9.07920000000013,1,4.374528
11509.6977,7.97240000000056,1,4.366336
11517.7253,8.02759999999944,1,4.371456
11526.7292,9.0038999999997,1,4.373504
11534.7411,8.01189999999951,1,4.376576
11542.6753,7.93420000000151,1,4.374528
11551.7527,9.07739999999831,1,4.376576
11559.6883,7.9356000000007,1,4.373504
11567.6738,7.98550000000068,1,4.371456
11576.6641,8.99029999999948,1,4.378624
11584.8272,8.16309999999976,1,4.376576
11592.6964,7.869200000001,1,4.37248
11601.7196,9.02319999999963,1,4.366336
11609.6586,7.93900000000031,1,4.37248
11618.7683,9.10969999999907,1,4.384768
11626.8359,8.06760000000031,1,4.376576
11634.7513,7.91539999999986,1,4.375552
11642.8347,8.08339999999953,1,4.370432
11651.7677,8.9330000000009,1,4.378624
11659.7029,7.9351999999999,1,4.380672
11667.6989,7.99599999999919,1,4.371456
11676.7389,9.04000000000087,1,4.376576
11684.7303,7.99139999999898,1,4.373504
11692.2662,7.53590000000077,1,4.3776
11701.2811,9.01490000000013,1,4.374528
11710.3305,9.04939999999988,1,4.376576
11717.7376,7.40710000000036,1,4.376576
11726.7484,9.01080000000002,1,4.378624
11734.754,8.00560000000041,1,4.373504
11742.8057,8.05169999999998,1,4.370432
11751.747,8.94129999999859,1,4.376576
11759.8041,8.05709999999999,1,4.373504
11767.7094,7.90530000000035,1,4.379648
11776.8185,9.10909999999967,1,4.36736
11784.8074,7.98890000000029,1,4.375552
11792.7235,7.91610000000037,1,4.37248
11801.698,8.97450000000026,1,4.373504
11809.7835,8.08549999999923,1,4.371456
11817.7238,7.94030000000021,1,4.376576
11826.7122,8.98840000000018,1,4.375552
11834.7245,8.01230000000032,1,4.37248
11842.7051,7.98059999999896,1,4.384768
11851.7646,9.05950000000121,1,4.366336
11859.7354,7.97079999999914,1,4.3776
11867.8141,8.07870000000003,1,4.3776
11876.7496,8.93549999999959,1,4.371456
11884.7727,8.02310000000034,1,4.368384
11892.7307,7.95800000000054,1,4.378624
11901.907,9.17629999999917,1,4.369408
11909.7864,7.87940000000162,1,4.652032
11917.7922,8.005799999999,1,4.371456
11926.7588,8.96659999999974,1,4.374528
11934.8049,8.04609999999957,1,4.374528
11942.7179,7.91300000000047,1,4.374528
11951.7916,9.07370000000083,1,4.371456
11959.8853,8.09369999999944,1,4.3776
11967.7182,7.83289999999943,1,4.378624
11976.7982,9.07999999999993,1,4.370432
11984.7354,7.9372000000003,1,4.371456
11992.7718,8.03640000000087,1,4.369408
12001.8766,9.10479999999916,1,4.3776
12009.7263,7.84970000000067,1,4.374528
12017.6979,7.97159999999894,1,4.366336
12026.7282,9.03030000000035,1,4.376576
12034.7141,7.98589999999967,1,4.370432
12042.7284,8.01430000000073,1,4.370432
12051.7557,9.02729999999974,1,4.37248
12059.7354,7.97969999999987,1,4.375552
12067.7051,7.96969999999965,1,4.369408
12076.714,9.00890000000072,1,4.384768
12084.7222,8.00820000000022,1,4.374528
12092.774,8.05179999999928,1,4.37248
12101.7559,8.98190000000068,1,4.376576
12109.7155,7.95960000000014,1,4.376576
12117.8043,8.08879999999954,1,4.36736
12126.7393,8.93499999999949,1,4.373504
12134.8461,8.10680000000139,1,4.37248
12142.7022,7.85609999999906,1,4.373504
12151.7218,9.01959999999963,1,4.37248
12159.7033,7.98149999999987,1,4.374528
12167.7102,8.00690000000031,1,4.373504
12176.6872,8.97700000000077,1,4.371456
12184.8316,8.14439999999922,1,4.380672
12192.6986,7.86700000000019,1,4.370432
12201.7846,9.08600000000115,1,4.373504
12209.6987,7.91409999999996,1,4.376576
12217.7357,8.03699999999844,1,4.381696
12226.7072,8.97150000000147,1,4.378624
12234.6984,7.99119999999857,1,4.379648
12242.6996,8.00120000000061,1,4.3776
12251.7878,9.08820000000014,1,4.3776
12259.7716,7.98379999999997,1,4.36736
12267.7098,7.93820000000051,1,4.376576
12276.645,8.9351999999999,1,4.371456
12284.7414,8.09640000000036,1,4.373504
12292.6797,7.9382999999998,1,4.37248
12301.7019,9.02219999999943,1,4.378624
12309.737,8.03509999999915,1,4.37248
12317.7373,8.00030000000152,1,4.37248
12326.7439,9.0065999999988,1,4.36736
12334.7001,7.95620000000054,1,4.371456
12342.766,8.0658999999996,1,4.37248
12351.7317,8.96570000000065,1,4.376576
12359.7267,7.99499999999898,1,4.373504
12367.6995,7.97280000000137,1,4.380672
12376.7926,9.09310000000005,1,4.373504
12384.7328,7.94019999999909,1,4.3776
12392.7638,8.03100000000086,1,4.369408
12401.7591,8.99529999999868,1,4.371456
12409.795,8.03590000000077,1,4.36736
12417.7144,7.91940000000068,1,4.375552
12426.8312,9.11679999999978,1,4.376576
12434.7853,7.95409999999902,1,4.373504
12442.7385,7.95319999999992,1,4.363264
12451.7205,8.98199999999997,1,4.369408
12459.7007,7.98019999999997,1,4.378624
12467.7734,8.07270000000062,1,4.3776
12476.7248,8.95139999999992,1,4.378624
12484.7875,8.0627000000004,1,4.365312
12492.7085,7.92100000000028,1,4.378624
12501.7312,9.02269999999953,1,4.378624
12509.6959,7.96470000000045,1,4.371456
12517.7819,8.08599999999933,1,4.379648
12526.6952,8.91330000000016,1,4.379648
12534.7261,8.03089999999975,1,4.371456
12542.6822,7.95609999999942,1,4.370432
12551.7923,9.11009999999987,1,4.375552
12559.7641,7.97180000000117,1,4.378624
12567.7142,7.95010000000002,1,4.379648
12576.6825,8.96830000000045,1,4.374528
12584.7704,8.08789999999863,1,4.371456
12592.6983,7.92790000000059,1,4.36736
12601.7573,9.05899999999929,1,4.369408
12609.738,7.98070000000007,1,4.370432
12617.7167,7.97870000000148,1,4.375552
12626.6851,8.96839999999975,1,4.376576
12634.7192,8.03409999999894,1,4.379648
12642.7262,8.00699999999961,1,4.37248
12651.7403,9.01410000000033,1,4.370432
12659.7837,8.04340000000047,1,4.376576
12667.7298,7.94609999999921,1,4.36736
12676.7242,8.99440000000141,1,4.374528
12684.7544,8.03019999999924,1,4.375552
12692.2311,7.47670000000107,1,4.375552
12701.1995,8.96839999999975,1,4.371456
12710.3251,9.12559999999939,1,4.374528
12717.7076,7.38249999999971,1,4.379648
12726.8042,9.09660000000076,1,4.376576
12734.7179,7.91369999999915,1,4.3776
12742.7482,8.03030000000035,1,4.373504
12751.9455,9.19729999999981,1,4.373504
12759.7839,7.83840000000055,1,4.37248
12767.8001,8.01620000000003,1,4.371456
12776.7317,8.93159999999989,1,4.374528
12784.7394,8.00770000000011,1,4.371456
12792.7137,7.97429999999986,1,4.375552
12801.7252,9.01150000000052,1,4.373504
12809.7475,8.02229999999872,1,4.370432
12817.772,8.02450000000135,1,4.37248
12826.7331,8.96109999999862,1,4.378624
12834.7389,8.00580000000082,1,4.375552
12842.7112,7.97229999999945,1,4.3776
12851.816,9.10480000000098,1,4.369408
12859.7436,7.92759999999907,1,4.374528
12867.7926,8.04900000000089,1,4.374528
12876.75,8.95739999999932,1,4.381696
12884.8598,8.10980000000018,1,4.370432
12892.7289,7.86909999999989,1,4.374528
12901.7213,8.99239999999918,1,4.378624
12909.7025,7.98120000000017,1,4.3776
12917.8467,8.14420000000064,1,4.375552
12926.8603,9.01360000000022,1,4.371456
12934.856,7.99569999999949,1,4.375552
12942.7649,7.90890000000036,1,4.37248
12951.7824,9.01749999999993,1,4.37248
12959.7228,7.9403999999995,1,4.36736
12967.7155,7.9927000000007,1,4.37248
12976.7702,9.05470000000059,1,4.376576
12984.768,7.99779999999919,1,4.371456
12992.7672,7.9992000000002,1,4.369408
13001.8987,9.13149999999951,1,4.380672
13009.8092,7.91049999999996,1,4.375552
13017.7504,7.94120000000112,1,4.37248
13026.8036,9.05319999999847,1,4.3776
13034.7151,7.91150000000016,1,4.375552
13042.8087,8.09360000000015,1,4.374528
13051.7589,8.95020000000113,1,4.375552
13059.7655,8.0065999999988,1,4.378624
13067.7093,7.94380000000092,1,4.37248
13076.7376,9.02829999999994,1,4.393984
13084.7188,7.98120000000017,1,4.374528
13092.7979,8.07909999999902,1,4.376576
13101.7613,8.96340000000055,1,4.371456
13109.7074,7.94609999999921,1,4.376576
13117.7307,8.02330000000075,1,4.375552
13126.7505,9.01980000000003,1,4.373504
13134.69,7.93950000000041,1,4.373504
13142.7151,8.02509999999893,1,4.370432
13151.7789,9.0637999999999,1,4.375552
13159.7552,7.97630000000026,1,4.370432
13167.7381,7.98290000000088,1,4.378624
13176.7319,8.99380000000019,1,4.37248
13184.8339,8.10199999999895,1,4.371456
13192.7375,7.90359999999964,1,4.378624
13201.721,8.98350000000028,1,4.374528
13209.7014,7.98040000000037,1,4.380672
13217.7906,8.08920000000035,1,4.374528
13226.728,8.93739999999889,1,4.37248
13234.7548,8.02680000000146,1,4.371456
13242.7046,7.9497999999985,1,4.376576
13251.803,9.09840000000077,1,4.379648
13259.7112,7.90819999999985,1,4.3776
13267.7426,8.03139999999985,1,4.369408
13276.7551,9.01250000000073,1,4.369408
13284.756,8.00089999999909,1,4.37248
13292.7684,8.01240000000143,1,4.373504
13301.7515,8.98309999999947,1,4.373504
13309.778,8.02649999999994,1,4.371456
13317.7109,7.93289999999979,1,4.379648
13326.7489,9.03800000000047,1,4.379648
13334.7148,7.96589999999924,1,4.37248
13342.7208,8.0059999999994,1,4.373504
13351.7462,9.02540000000045,1,4.371456
13359.8087,8.0625,1,4.38272
13367.7112,7.90250000000015,1,4.374528
13376.8113,9.10009999999966,1,4.3776
13384.8302,8.01890000000094,1,4.379648
13392.7315,7.90129999999954,1,4.378624
13401.6881,8.95659999999953,1,4.371456
13409.7048,8.01670000000013,1,4.37248
13417.7806,8.07580000000053,1,4.378624
13426.7299,8.94930000000022,1,4.373504
13434.7624,8.03249999999935,1,4.37248
13442.7069,7.94449999999961,1,4.378624
13451.8297,9.12280000000101,1,4.378624
13459.7598,7.93009999999958,1,4.374528
13467.7564,7.9966000000004,1,4.376576
13476.7026,8.94620000000032,1,4.3776
13484.8298,8.12719999999899,1,4.3776
13492.7233,7.89350000000013,1,4.369408
13501.7626,9.03930000000037,1,4.379648
13509.7022,7.9395999999997,1,4.37248
13517.7683,8.06610000000001,1,4.378624
13526.7143,8.94599999999991,1,4.37248
13534.7663,8.05199999999968,1,4.375552
13542.7245,7.95820000000094,1,4.376576
13551.8407,9.11620000000039,1,4.376576
13559.8278,7.98709999999846,1,4.369408
13567.6791,7.85130000000026,1,4.373504
13576.7288,9.04970000000139,1,4.374528
13584.7149,7.98610000000008,1,4.3776
13592.7779,8.06299999999828,1,4.373504
13601.747,8.96910000000025,1,4.376576
13609.7819,8.03490000000056,1,4.3776
13617.708,7.92610000000059,1,4.379648
13626.7476,9.03960000000006,1,4.3776
13634.7086,7.96099999999933,1,4.369408
13642.7365,8.02790000000095,1,4.371456
13651.7499,9.01339999999982,1,4.375552
13659.7901,8.04019999999946,1,4.3776
13667.7139,7.92380000000048,1,4.374528
13676.769,9.05509999999958,1,4.380672
13684.7364,7.96739999999954,1,4.380672
13692.2619,7.52549999999974,1,4.373504
13701.2182,8.95629999999983,1,4.378624
13710.3315,9.11330000000089,1,4.383744
13717.7365,7.40500000000065,1,4.374528
13726.8913,9.15479999999843,1,4.373504
13735.1049,8.21360000000095,1,4.376576
13742.8673,7.76239999999962,1,4.37248
13751.8415,8.97420000000056,1,4.379648
13759.7779,7.93639999999868,1,4.374528
13767.8646,8.08670000000166,1,4.371456
13776.7675,8.90289999999914,1,4.379648
13784.7912,8.02369999999974,1,4.375552
13792.754,7.96280000000115,1,4.373504
13801.7492,8.99519999999939,1,4.376576
13809.748,7.99879999999939,1,4.37248
13817.8316,8.08359999999993,1,4.376576
13826.7478,8.91619999999966,1,4.373504
13834.7902,8.04240000000027,1,4.378624
13842.7331,7.94290000000001,1,4.38272
13851.8652,9.13210000000072,1,4.376576
13859.7491,7.88390000000072,1,4.3776
13867.7833,8.03419999999824,1,4.373504
13876.7877,9.00440000000162,1,4.378624
13884.85,8.0622999999996,1,4.373504
13892.7464,7.89639999999963,1,4.38272
13901.7639,9.01749999999993,1,4.3776
13909.7561,7.99220000000059,1,4.368384
13917.8113,8.05519999999888,1,4.38272
13926.8094,8.9981000000007,1,4.373504
13934.7778,7.96839999999975,1,4.374528
13942.7518,7.97400000000016,1,4.374528
13951.7616,9.00979999999981,1,4.371456
13959.7782,8.01660000000084,1,4.383744
13967.733,7.95479999999952,1,4.376576
13976.7467,9.01369999999952,1,4.373504
13984.781,8.03430000000117,1,4.373504
13992.9296,8.14859999999862,1,4.37248
14001.8428,8.91320000000087,1,4.378624
14009.7873,7.94449999999961,1,4.385792
14017.7805,7.9932000000008,1,4.375552
14026.8154,9.03489999999874,1,4.378624
14034.7389,7.92350000000079,1,4.380672
14042.8133,8.07439999999951,1,4.37248
14051.834,9.02070000000094,1,4.37248
14059.8272,7.99319999999898,1,4.376576
14067.7955,7.96830000000045,1,4.3776
14076.7398,8.9442999999992,1,4.374528
14084.7817,8.04190000000017,1,4.376576
14092.7451,7.96340000000055,1,4.376576
14101.7811,9.03600000000006,1,4.374528
14109.7506,7.96949999999924,1,4.378624
14117.8264,8.07580000000053,1,4.379648
14126.7738,8.94740000000093,1,4.371456
14134.7743,8.00049999999828,1,4.378624
14142.7256,7.95130000000063,1,4.369408
14151.8253,9.09970000000067,1,4.37248
14159.7352,7.90989999999874,1,4.37248
14167.8067,8.07150000000001,1,4.371456
14176.7651,8.95840000000135,1,4.374528
14184.848,8.08289999999943,1,4.371456
14192.7339,7.88589999999931,1,4.378624
14201.7451,9.01120000000083,1,4.376576
14209.8622,8.11709999999948,1,4.381696
14217.7725,7.91029999999955,1,4.371456
14226.7681,8.99560000000019,1,4.370432
14234.7348,7.96670000000086,1,4.38272
14242.6937,7.95889999999963,1,4.3776
14251.7995,9.10579999999936,1,4.366336
14259.7612,7.96170000000166,1,4.37248
14267.7302,7.96899999999914,1,4.378624
14276.761,9.03080000000045,1,4.373504
14284.8333,8.07229999999981,1,4.374528
14292.7559,7.92259999999987,1,4.3776
14301.7348,8.97890000000007,1,4.378624
14309.8692,8.134399999999,1,4.376576
14317.734,7.8648000000012,1,4.373504
14326.8308,9.09679999999935,1,4.371456
14334.7429,7.91209999999955,1,4.376576
14342.7754,8.03250000000116,1,4.379648
14351.8402,9.0648000000001,1,4.375552
14359.7681,7.92789999999877,1,4.3776
14367.9209,8.15279999999984,1,4.375552
14376.8517,8.93080000000009,1,4.376576
14384.8091,7.95740000000114,1,4.374528
14392.7306,7.92150000000038,1,4.374528
14401.7852,9.05459999999948,1,4.373504
14409.7622,7.97699999999895,1,4.378624
14417.7841,8.02190000000155,1,4.3776
14426.7742,8.99009999999907,1,4.374528
14434.8707,8.09649999999965,1,4.373504
14442.775,7.90430000000015,1,4.374528
14451.8216,9.04659999999967,1,4.373504
14459.7455,7.92390000000159,1,4.3776
14467.8074,8.06189999999879,1,4.376576
14476.7498,8.94239999999991,1,4.376576
14484.8265,8.07669999999962,1,4.379648
14492.7442,7.91769999999997,1,4.3776
14501.8344,9.09020000000055,1,4.385792
14509.7655,7.93109999999979,1,4.378624
14517.8201,8.0546000000013,1,4.3776
14526.7251,8.90499999999884,1,4.374528
14534.7316,8.00649999999951,1,4.376576
14542.7231,7.99150000000009,1,4.369408
14551.7685,9.04540000000088,1,4.368384
14559.8158,8.04730000000018,1,4.376576
14567.7254,7.90959999999905,1,4.379648
14576.8029,9.07750000000124,1,4.381696
14584.7963,7.99339999999938,1,4.376576
14592.7737,7.97739999999976,1,4.373504
14601.8078,9.03410000000076,1,4.37248
14609.77,7.96219999999994,1,4.379648
14617.8325,8.0625,1,4.370432
14626.7791,8.94659999999931,1,4.37248
14634.7012,7.92209999999977,1,4.373504
14642.7327,8.03150000000096,1,4.371456
14651.8185,9.08579999999893,1,4.364288
14659.7658,7.94729999999981,1,4.379648
14667.8005,8.03470000000016,1,4.375552
14676.7371,8.93660000000091,1,4.370432
14684.7697,8.03260000000046,1,4.364288
14692.2582,7.48849999999948,1,4.3776
14701.3072,9.04899999999907,1,4.379648
14709.7652,8.45800000000054,1,4.374528
14717.8237,8.058500000001,1,4.375552
14726.8107,8.98699999999917,1,4.379648
14734.7997,7.98899999999958,1,4.37248
14742.7321,7.93239999999969,1,4.3776
14751.8122,9.08010000000104,1,4.376576
14759.798,7.98580000000038,1,4.378624
14767.7582,7.96019999999953,1,4.379648
14776.8907,9.13249999999971,1,4.374528
14784.7582,7.86750000000029,1,4.374528
14792.7826,8.02440000000024,1,4.37248
14801.7618,8.97919999999976,1,4.375552
14809.8227,8.0609000000004,1,4.374528
14817.7305,7.90779999999904,1,4.373504
14826.8691,9.13860000000022,1,4.376576
14834.7667,7.89760000000024,1,4.374528
14842.8228,8.05609999999979,1,4.374528
14851.79,8.96720000000096,1,4.375552
14859.7755,7.98549999999886,1,4.375552
14867.7517,7.97620000000097,1,4.37248
14876.8315,9.07979999999952,1,4.380672
14884.9225,8.09100000000035,1,4.371456
14892.8017,7.8791999999994,1,4.369408
14901.7401,8.93840000000091,1,4.373504
14909.8395,8.09939999999915,1,4.371456
14917.8732,8.03369999999995,1,4.371456
14926.8199,8.94670000000042,1,4.37248
14934.8665,8.04659999999967,1,4.370432
14942.8107,7.94419999999991,1,4.37248
14951.8686,9.05789999999979,1,4.3776
14959.8344,7.96579999999994,1,4.375552
14967.8182,7.98379999999997,1,4.37248
14976.8246,9.00640000000021,1,4.3776
14984.8368,8.01219999999921,1,4.375552
14992.7994,7.96260000000075,1,4.374528
15001.9266,9.12720000000081,1,4.379648
15009.8046,7.87799999999879,1,4.375552
15017.8346,8.03000000000065,1,4.376576
15026.7649,8.93029999999999,1,4.378624
15034.8137,8.04880000000048,1,4.366336
15042.7878,7.97409999999945,1,4.374528
15051.881,9.09319999999934,1,4.3776
15059.8358,7.95480000000134,1,4.3776
15067.8052,7.96939999999995,1,4.375552
15076.7957,8.99049999999988,1,4.3776
15084.7875,7.99179999999978,1,4.371456
15092.783,7.99549999999908,1,4.376576
15101.8502,9.06720000000132,1,4.375552
15109.8796,8.02939999999944,1,4.376576
15117.8008,7.92120000000068,1,4.38272
15126.817,9.01619999999821,1,4.378624
15134.7617,7.94470000000001,1,4.371456
15142.8177,8.05600000000049,1,4.368384
15151.8035,8.98580000000038,1,4.371456
15159.8159,8.01239999999962,1,4.37248
15167.7498,7.93389999999999,1,4.371456
15176.8386,9.08879999999954,1,4.364288
15184.8649,8.02630000000136,1,4.37248
15192.8,7.93509999999878,1,4.3776
15201.7902,8.99020000000019,1,4.373504
15209.7924,8.00220000000081,1,4.378624
15217.7386,7.94620000000032,1,4.376576
15226.8848,9.14619999999923,1,4.36224
15234.8603,7.97550000000047,1,4.37248
15242.7572,7.89689999999973,1,4.373504
15251.8575,9.10030000000006,1,4.374528
15259.8267,7.96919999999955,1,4.373504
15267.7791,7.95240000000013,1,4.381696
15276.7782,8.99910000000091,1,4.384768
15284.8653,8.08709999999883,1,4.36736
15292.7696,7.90430000000015,1,4.375552
15301.7912,9.02160000000003,1,4.380672
15309.8328,8.04160000000047,1,4.380672
15317.7784,7.9455999999991,1,4.376576
15326.7695,8.9911000000011,1,4.373504
15334.9129,8.14339999999902,1,4.369408
15342.7224,7.80950000000121,1,4.375552
15351.8396,9.11719999999877,1,4.3776
15359.7614,7.92180000000008,1,4.371456
15367.786,8.02460000000065,1,4.366336
15376.8311,9.04509999999937,1,4.378624
15384.8761,8.04500000000007,1,4.371456
15392.7636,7.88750000000073,1,4.375552
15401.8192,9.05559999999969,1,4.369408
15409.8707,8.05149999999958,1,4.3776
15417.838,7.96730000000025,1,4.376576
15426.7483,8.91029999999955,1,4.3776
15434.8294,8.08110000000124,1,4.374528
15442.8069,7.97749999999905,1,4.379648
15451.8129,9.00600000000122,1,4.379648
15459.816,8.0030999999999,1,4.375552
15467.7696,7.95359999999891,1,4.376576
15476.8708,9.10120000000097,1,4.36736
15484.8616,7.99079999999958,1,4.3776
15492.8295,7.96789999999964,1,4.374528
15501.7877,8.95820000000094,1,4.375552
15509.8489,8.0612000000001,1,4.366336
15517.7645,7.91559999999845,1,4.373504
15526.8367,9.07220000000052,1,4.37248
15534.807,7.97030000000086,1,4.373504
15542.7942,7.98719999999958,1,4.375552
15551.8167,9.02249999999913,1,4.36224
15559.9176,8.10090000000127,1,4.376576
15567.7732,7.85559999999896,1,4.374528
15576.8391,9.0658999999996,1,4.36736
15584.7856,7.94650000000001,1,4.379648
15592.8446,8.05900000000111,1,4.371456
15601.8857,9.04110000000037,1,4.374528
15609.8073,7.92159999999967,1,4.3776
15617.8706,8.0632999999998,1,4.374528
15626.8163,8.94570000000022,1,4.374528
15634.7829,7.96659999999974,1,4.369408
15642.7676,7.98469999999907,1,4.37248
15651.8199,9.0523000000012,1,4.375552
15659.7735,7.95359999999891,1,4.376576
15667.8013,8.02779999999984,1,4.374528
15676.7945,8.9932000000008,1,4.370432
15684.8343,8.03980000000047,1,4.368384
15692.2301,7.39580000000024,1,4.376576
15701.3805,9.15039999999863,1,4.381696
15708.7953,7.41480000000047,1,4.37248
15717.8078,9.01250000000073,1,4.37248
15726.8115,9.0036999999993,1,4.375552
15734.8688,8.0573000000004,1,4.383744
15742.7805,7.91170000000056,1,4.370432
15751.9531,9.17259999999987,1,4.366336
15760.2004,8.24729999999909,1,4.368384
15767.8653,7.66489999999976,1,4.371456
15776.9001,9.03480000000127,1,4.370432
15784.8407,7.9405999999999,1,4.376576
15792.9258,8.08510000000024,1,4.373504
15801.981,9.05519999999888,1,4.368384
15809.8652,7.88420000000042,1,4.373504
15817.7759,7.91070000000036,1,4.373504
15826.8234,9.04749999999876,1,4.374528
15834.8445,8.02109999999993,1,4.379648
15842.8352,7.99070000000029,1,4.378624
15851.8545,9.01929999999993,1,4.38272
15859.8449,7.99040000000059,1,4.376576
15867.7909,7.94599999999991,1,4.369408
15876.8751,9.08419999999933,1,4.370432
15884.7984,7.92330000000038,1,4.37248
15892.8553,8.05689999999959,1,4.378624
15901.8158,8.96050000000105,1,4.376576
15909.9757,8.15990000000056,1,4.366336
15917.8536,7.8778999999995,1,4.37248
15926.8895,9.03589999999895,1,4.370432
15934.8717,7.98220000000038,1,4.370432
15942.7749,7.90320000000065,1,4.378624
15951.8867,9.11179999999877,1,4.375552
15959.7987,7.91200000000026,1,4.379648
15967.8007,8.00200000000041,1,4.375552
15976.8043,9.00360000000001,1,4.368384
15984.8503,8.04600000000028,1,4.368384
15992.8041,7.95379999999932,1,4.379648
16001.9163,9.11220000000139,1,4.369408
16009.9653,8.04899999999907,1,4.378624
16017.8846,7.91929999999957,1,4.636672
16026.7996,8.91500000000087,1,4.374528
16034.7986,7.9989999999998,1,4.376576
16042.7765,7.97789999999986,1,4.370432
16051.8865,9.11000000000058,1,4.374528
16059.8277,7.9411999999993,1,4.373504
16067.8793,8.05160000000069,1,4.373504
16076.816,8.9367000000002,1,4.378624
16084.8924,8.07639999999992,1,4.366336
16092.773,7.88059999999859,1,4.3776
16101.7911,9.01810000000114,1,4.378624
16109.7952,8.00410000000011,1,4.373504
16117.8719,8.07669999999962,1,4.369408
16126.81,8.93809999999939,1,4.376576
16134.7865,7.97650000000067,1,4.376576
16142.7657,7.97919999999976,1,4.375552
16151.8189,9.05320000000029,1,4.37248
16159.9361,8.11720000000059,1,4.371456
16167.8,7.86389999999847,1,4.376576
16176.8257,9.02570000000014,1,4.376576
16184.7973,7.97160000000076,1,4.375552
16192.7894,7.99209999999948,1,4.376576
16201.7858,8.99639999999999,1,4.37248
16209.826,8.04019999999946,1,4.378624
16217.7829,7.95690000000104,1,4.376576
16226.8592,9.07630000000063,1,4.378624
16234.8068,7.94759999999951,1,4.37248
16242.799,7.99220000000059,1,4.364288
16251.828,9.02899999999863,1,4.379648
16259.8027,7.97470000000067,1,4.3776
16267.7683,7.96559999999954,1,4.3776
16276.7933,9.02499999999964,1,4.379648
16284.836,8.04269999999997,1,4.373504
16292.7841,7.94810000000143,1,4.375552
16301.8037,9.01959999999963,1,4.380672
16309.8183,8.01460000000043,1,4.381696
16317.7966,7.97829999999885,1,4.373504
16326.7927,8.9961000000003,1,4.374528
16334.8033,8.01059999999961,1,4.3776
16342.742,7.93870000000061,1,4.373504
16351.8518,9.10980000000018,1,4.378624
16359.7972,7.94540000000052,1,4.366336
16367.8484,8.05119999999988,1,4.378624
16376.8175,8.96909999999843,1,4.369408
16384.9051,8.08760000000075,1,4.376576
16392.8196,7.91449999999895,1,4.379648
16401.8953,9.07570000000123,1,4.379648
16409.8145,7.91920000000027,1,4.375552
16417.8557,8.04119999999966,1,4.376576
16426.8166,8.96089999999822,1,4.370432
16434.8388,8.02220000000307,1,4.378624
16442.7763,7.9375,1,4.374528
16451.9033,9.12700000000041,1,4.373504
16459.8303,7.92699999999968,1,4.376576
16467.8727,8.04239999999845,1,4.370432
16476.8938,9.02110000000175,1,4.375552
16484.8646,7.97079999999914,1,4.3776
16492.7625,7.89789999999994,1,4.3776
16501.8016,9.03909999999814,1,4.370432
16509.8043,8.00270000000091,1,4.376576
16517.8447,8.04040000000168,1,4.378624
16526.8118,8.96709999999803,1,4.37248
16534.8149,8.00310000000172,1,4.37248
16542.8121,7.99719999999797,1,4.37248
16551.8093,8.99720000000161,1,4.3776
16559.8747,8.0653999999995,1,4.381696
16567.7881,7.91340000000127,1,4.373504
16576.8129,9.02479999999923,1,4.375552
16584.8325,8.01959999999963,1,4.3776
16592.8647,8.03219999999783,1,4.368384
16601.7815,8.9168000000027,1,4.368384
16609.8347,8.05319999999847,1,4.378624
16617.7922,7.95750000000044,1,4.369408
16626.8987,9.10650000000169,1,4.37248
16634.9005,8.00179999999818,1,4.38272
16642.7906,7.89010000000053,1,4.380672
16651.8282,9.03759999999966,1,4.375552
16659.7869,7.95869999999923,1,4.373504
16667.9005,8.11360000000059,1,4.379648
16676.8534,8.95290000000023,1,4.373504
16684.8962,8.04279999999926,1,4.370432
16692.3004,7.40420000000086,1,4.3776
16701.3481,9.04769999999917,1,4.371456
16708.8073,7.45920000000115,1,4.371456
16717.8486,9.04130000000077,1,4.378624
16726.8046,8.95599999999831,1,4.373504
16734.954,8.14940000000206,1,4.374528
16742.8334,7.87939999999799,1,4.373504
16751.8974,9.06400000000212,1,4.378624
16759.8559,7.958499999997,1,4.374528
16767.8714,8.01550000000134,1,4.376576
16776.7992,8.9278000000013,1,4.374528
16784.9154,8.11620000000039,1,4.373504
16792.8191,7.90369999999893,1,4.381696
16801.8441,9.02499999999782,1,4.380672
16809.9049,8.06080000000293,1,4.368384
16817.8092,7.90429999999833,1,4.371456
16826.8393,9.03009999999995,1,4.371456
16834.8391,7.99980000000141,1,4.373504
16842.8226,7.98349999999846,1,4.37248
16851.8528,9.03020000000106,1,4.383744
16859.8392,7.98639999999796,1,4.370432
16867.8039,7.96470000000045,1,4.373504
16876.8368,9.03290000000197,1,4.375552
16884.8391,8.0023000000001,1,4.376576
16892.8225,7.98339999999735,1,4.37248
16901.8186,8.9961000000003,1,4.378624
16909.9839,8.16530000000057,1,4.37248
16917.8233,7.83940000000075,1,4.37248
16926.8724,9.04910000000018,1,4.369408
16934.8344,7.96199999999953,1,4.371456
16942.8301,7.99569999999949,1,4.374528
16951.8389,9.00879999999961,1,4.369408
16959.8949,8.05600000000049,1,4.379648
16967.8111,7.91619999999966,1,4.370432
16976.8272,9.01610000000073,1,4.374528
16984.9361,8.10889999999927,1,4.3776
16992.814,7.8778999999995,1,4.380672
17001.9186,9.10460000000239,1,4.371456
17009.9353,8.01670000000013,1,4.376576
17017.8512,7.91589999999997,1,4.62848
17026.8157,8.96449999999822,1,4.368384
17034.8687,8.05299999999988,1,4.376576
17042.8185,7.94980000000214,1,4.37248
17051.8942,9.0756999999976,1,4.37248
17059.8828,7.98860000000059,1,4.3776
17067.8719,7.98909999999887,1,4.38272
17076.7911,8.91920000000027,1,4.36736
17084.8831,8.09200000000055,1,4.380672
17092.8109,7.9278000000013,1,4.373504
17101.8218,9.01090000000113,1,4.374528
17109.793,7.97119999999995,1,4.381696
17117.8788,8.08579999999711,1,4.3776
17126.8305,8.95170000000144,1,4.375552
17134.9659,8.13539999999921,1,4.375552
17142.8119,7.84600000000137,1,4.3776
17151.8819,9.06999999999971,1,4.369408
17159.8192,7.93730000000141,1,4.368384
17167.847,8.02779999999984,1,4.374528
17176.8926,9.04559999999765,1,4.3776
17184.8604,7.96780000000217,1,4.376576
17192.819,7.95859999999811,1,4.374528
17201.8014,8.98240000000078,1,4.380672
17209.843,8.04160000000047,1,4.37248
17217.8024,7.95939999999973,1,4.376576
17226.8321,9.02969999999914,1,4.373504
17234.8457,8.01360000000204,1,4.376576
17242.931,8.08529999999882,1,4.37248
17251.8853,8.95430000000124,1,4.373504
17259.8461,7.96079999999711,1,4.376576
17267.8231,7.97700000000259,1,4.378624
17276.8144,8.99129999999786,1,4.374528
17284.8617,8.047300000002,1,4.379648
17292.8273,7.96559999999954,1,4.375552
17301.8487,9.02139999999781,1,4.370432
17309.8527,8.00400000000081,1,4.373504
17317.9286,8.07589999999982,1,4.373504
17326.8483,8.91970000000219,1,4.375552
17334.8142,7.96589999999924,1,4.370432
17342.8203,8.0060999999987,1,4.374528
17351.8877,9.06739999999991,1,4.375552
17359.8527,7.96500000000015,1,4.369408
17367.8301,7.97739999999976,1,4.381696
17376.8174,8.98730000000069,1,4.37248
17384.9053,8.08789999999863,1,4.37248
17392.8063,7.90100000000166,1,4.371456
17401.8873,9.08099999999831,1,4.374528
17409.8086,7.92130000000179,1,4.370432
17417.8329,8.02430000000095,1,4.378624
17426.8073,8.97439999999915,1,4.373504
17434.8838,8.07649999999921,1,4.376576
17442.8009,7.91709999999875,1,4.375552
17451.8977,9.09680000000299,1,4.369408
17459.9249,8.02720000000045,1,4.376576
17467.8877,7.96279999999751,1,4.379648
17476.7836,8.89589999999953,1,4.370432
17484.8666,8.08300000000236,1,4.375552
17492.8307,7.96409999999742,1,4.373504
17501.8359,9.0051999999996,1,4.37248
17509.8489,8.01300000000265,1,4.376576
17517.8064,7.95750000000044,1,4.3776
17526.8391,9.03269999999975,1,4.375552
17534.8059,7.96679999999833,1,4.371456
17542.8183,8.01239999999962,1,4.375552
17551.8355,9.01720000000205,1,4.371456
17559.8481,8.0125999999982,1,4.373504
17567.7995,7.95140000000174,1,4.3776
17576.8731,9.07359999999971,1,4.376576
17584.8805,8.0073999999986,1,4.369408
17592.8726,7.99209999999948,1,4.37248
17601.8736,9.0010000000002,1,4.375552
17609.8243,7.95070000000123,1,4.374528
17617.9739,8.14960000000065,1,4.373504
17626.8732,8.89930000000095,1,4.373504
17634.8251,7.95189999999639,1,4.376576
17642.804,7.97890000000189,1,4.3776
17651.8793,9.07530000000042,1,4.375552
17659.8379,7.95859999999811,1,4.379648
17667.8136,7.97570000000269,1,4.376576
17676.7999,8.98630000000048,1,4.374528
17684.9502,8.15029999999751,1,4.378624
17692.336,7.38580000000002,1,4.373504
17701.3669,9.03090000000157,1,4.37248
17708.8348,7.46789999999964,1,4.376576
17717.8929,9.05809999999838,1,4.379648
17726.8296,8.93670000000202,1,4.37248
17734.9515,8.12189999999828,1,4.373504
17742.8847,7.93319999999949,1,4.376576
17751.956,9.07129999999961,1,4.373504
17759.8389,7.88290000000052,1,4.375552
17767.8366,7.9976999999999,1,4.373504
17776.8775,9.04089999999997,1,4.3776
17784.929,8.0515000000014,1,4.378624
17792.9694,8.04040000000168,1,4.366336
17801.9447,8.97529999999824,1,4.369408
17809.9206,7.97590000000127,1,4.366336
17817.8399,7.91929999999775,1,4.37248
17826.8876,9.04769999999917,1,4.379648
17834.832,7.94440000000031,1,4.371456
17842.8468,8.01480000000083,1,4.37248
17851.8656,9.01880000000165,1,4.379648
17859.9197,8.05409999999756,1,4.374528
17867.8149,7.89520000000266,1,4.373504
17876.9282,9.11329999999725,1,4.38272
17884.871,7.94280000000072,1,4.37248
17892.8666,7.99560000000201,1,4.378624
17901.8237,8.95709999999963,1,4.376576
17909.9076,8.08389999999781,1,4.385792
17917.8326,7.92500000000291,1,4.37248
17926.8589,9.02629999999772,1,4.368384
17934.845,7.9861000000019,1,4.375552
17942.8523,8.00729999999749,1,4.373504
17952.007,9.15470000000278,1,4.378624
17959.9095,7.90250000000015,1,4.373504
17967.8835,7.97399999999834,1,4.3776
17976.8408,8.95730000000185,1,4.380672
17984.8459,8.00509999999849,1,4.3776
17992.8475,8.0015999999996,1,4.375552
18001.9025,9.05500000000029,1,4.375552
18010.0109,8.10840000000098,1,4.374528
18017.8907,7.8797999999988,1,4.371456
18026.8914,9.00070000000051,1,4.38272
18034.9477,8.05630000000019,1,4.371456
18042.8347,7.88699999999881,1,4.374528
18051.918,9.08330000000205,1,4.375552
18059.857,7.93899999999849,1,4.3776
18067.893,8.03600000000006,1,4.370432
18076.8366,8.9435999999987,1,4.3776
18084.9508,8.11419999999998,1,4.380672
18092.8529,7.90210000000297,1,4.371456
18101.8812,9.02829999999813,1,4.376576
18109.927,8.04579999999987,1,4.370432
18117.8911,7.96410000000105,1,4.374528
18126.9425,9.05140000000029,1,4.380672
18134.8449,7.90239999999903,1,4.38272
18142.8477,8.00279999999839,1,4.374528
18151.8967,9.04900000000271,1,4.378624
18159.8641,7.96739999999772,1,4.375552
18167.8736,8.00950000000012,1,4.37248
18176.8693,8.99569999999949,1,4.3776
18184.9049,8.03560000000289,1,4.379648
18192.9529,8.04799999999886,1,4.3776
18201.8729,8.91999999999825,1,4.369408
18209.8594,7.98650000000271,1,4.373504
18217.8497,7.99029999999766,1,4.3776
18226.8582,9.00849999999991,1,4.379648
18234.8358,7.97760000000198,1,4.378624
18242.9076,8.07179999999789,1,4.381696
18251.8891,8.98150000000169,1,4.376576
18259.8954,8.00630000000092,1,4.371456
18267.8451,7.94969999999739,1,4.376576
18276.8389,8.99380000000019,1,4.376576
18284.9271,8.08820000000196,1,4.375552
18292.8507,7.92359999999826,1,4.378624
18301.8839,9.03320000000167,1,4.3776
18309.856,7.97209999999905,1,4.380672
18317.8643,8.00830000000133,1,4.3776
18326.84,8.97569999999905,1,4.375552
18334.8564,8.01640000000043,1,4.379648
18342.8186,7.96219999999812,1,4.378624
18351.9652,9.14660000000003,1,4.37248
18359.8466,7.88140000000203,1,4.373504
18367.8301,7.98349999999846,1,4.381696
18376.8498,9.01970000000074,1,4.3776
18384.9076,8.05779999999868,1,4.373504
18392.821,7.91340000000127,1,4.368384
18401.9365,9.11549999999988,1,4.378624
18409.8747,7.93820000000051,1,4.375552
18417.9235,8.04880000000048,1,4.383744
18426.916,8.99250000000029,1,4.371456
18434.9058,7.98979999999938,1,4.378624
18442.8313,7.92550000000119,1,4.38272
18451.917,9.08569999999963,1,4.373504
18459.9448,8.02779999999984,1,4.373504
18467.8436,7.89879999999903,1,4.376576
18476.8645,9.02089999999953,1,4.371456
18484.9146,8.05010000000038,1,4.3776
18492.8538,7.93920000000071,1,4.373504
18501.8527,8.99889999999868,1,4.373504
18509.9207,8.0679999999993,1,4.378624
18517.8331,7.91240000000107,1,4.3776
18526.9033,9.07020000000193,1,4.374528
18534.8382,7.93489999999656,1,4.376576
18542.8592,8.02100000000064,1,4.374528
18551.9084,9.04920000000129,1,4.378624
18559.8827,7.97429999999804,1,4.371456
18567.9427,8.06000000000131,1,4.379648
18576.8691,8.92640000000029,1,4.37248
18584.8551,7.98600000000079,1,4.3776
18592.8745,8.01940000000104,1,4.380672
18601.8504,8.97589999999764,1,4.37248
18609.8357,7.98530000000028,1,4.371456
18617.9234,8.08770000000004,1,4.3776
18626.8476,8.92420000000129,1,4.37248
18634.9312,8.08359999999811,1,4.376576
18642.835,7.90380000000005,1,4.374528
18652.0098,9.17480000000069,1,4.373504
18659.8498,7.84000000000015,1,4.376576
18667.8602,8.01039999999921,1,4.381696
18676.8369,8.97669999999925,1,4.374528
18685.0018,8.16489999999976,1,4.374528
18692.3615,7.35970000000088,1,4.369408
18701.421,9.05949999999939,1,4.368384
18708.9295,7.50849999999991,1,4.37248
18717.8799,8.95040000000154,1,4.3776
18726.872,8.99209999999948,1,4.375552
18734.9439,8.071899999999,1,4.374528
18742.8873,7.94340000000011,1,4.380672
18751.9308,9.04349999999977,1,4.380672
18759.8902,7.95940000000337,1,4.379648
18767.8561,7.96589999999924,1,4.379648
18776.8704,9.01429999999891,1,4.3776
18784.8794,8.00900000000183,1,4.376576
18792.8829,8.00349999999889,1,4.375552
18801.8491,8.96619999999893,1,4.379648
18810.0219,8.17280000000028,1,4.381696
18817.8704,7.84850000000006,1,4.381696
18826.8887,9.01829999999973,1,4.378624
18834.8623,7.97360000000117,1,4.373504
18842.8655,8.0031999999992,1,4.376576
18851.8857,9.02019999999902,1,4.376576
18859.9921,8.10640000000058,1,4.371456
18867.8647,7.87259999999878,1,4.364288
18876.9176,9.05290000000241,1,4.378624
18884.9099,7.99229999999807,1,4.380672
18892.8568,7.94690000000264,1,4.37248
18901.8792,9.02239999999802,1,4.378624
18909.9723,8.09310000000187,1,4.373504
18917.9641,7.99179999999978,1,4.369408
18926.9304,8.96630000000005,1,4.371456
18934.9377,8.00729999999749,1,4.379648
18942.8722,7.93450000000303,1,4.3776
18951.9288,9.05659999999989,1,4.373504
18959.9052,7.97639999999956,1,4.375552
18967.9314,8.02620000000024,1,4.37248
18976.8889,8.95750000000044,1,4.371456
18984.9369,8.04799999999886,1,4.370432
18992.8589,7.92199999999866,1,4.376576
19002.0672,9.20830000000205,1,4.376576
19009.927,7.85979999999836,1,4.64896
19017.8798,7.95279999999912,1,4.375552
19026.856,8.97620000000097,1,4.380672
19034.9648,8.10880000000179,1,4.368384
19042.9232,7.95839999999953,1,4.366336
19051.9378,9.01459999999861,1,4.375552
19059.9177,7.97990000000209,1,4.376576
19067.9165,7.99879999999757,1,4.378624
19076.9525,9.03600000000006,1,4.375552
19084.957,8.0044999999991,1,4.376576
19092.8468,7.88980000000083,1,4.373504
19101.9271,9.08030000000144,1,4.376576
19109.9015,7.97439999999915,1,4.374528
19117.9326,8.03110000000015,1,4.376576
19127.0057,9.07310000000143,1,4.376576
19134.8711,7.86539999999877,1,4.373504
19142.9408,8.06970000000001,1,4.366336
19151.8885,8.94770000000062,1,4.373504
19160.0192,8.13069999999789,1,4.363264
19167.9086,7.88940000000002,1,4.379648
19176.8998,8.99120000000039,1,4.376576
19184.9202,8.02040000000125,1,4.3776
19192.9349,8.01469999999972,1,4.378624
19201.8617,8.92680000000109,1,4.374528
19209.9384,8.0766999999978,1,4.38272
19217.8949,7.95650000000023,1,4.380672
19226.9243,9.02939999999944,1,4.369408
19234.9373,8.01300000000265,1,4.378624
19242.8641,7.92679999999746,1,4.37248
19251.9503,9.08620000000155,1,4.3776
19259.8777,7.92740000000049,1,4.376576
19267.9264,8.04869999999937,1,4.37248
19276.8576,8.93119999999908,1,4.381696
19284.9043,8.04669999999896,1,4.379648
19292.8595,7.95520000000033,1,4.36736
19301.8905,9.03100000000268,1,4.379648
19309.8808,7.99029999999766,1,4.3776
19317.8848,8.00400000000081,1,4.38272
19326.8607,8.97590000000127,1,4.378624
19334.8841,8.02339999999822,1,4.370432
19342.8597,7.97560000000158,1,4.371456
19351.9093,9.04959999999846,1,4.370432
19359.8519,7.94260000000213,1,4.379648
19367.9406,8.08870000000024,1,4.389888
19376.9348,8.99419999999736,1,4.374528
19384.9338,7.9989999999998,1,4.375552
19392.8858,7.95200000000114,1,4.3776
19401.8747,8.98890000000029,1,4.371456
19409.9357,8.06100000000151,1,4.371456
19417.8598,7.92409999999654,1,4.375552
19426.8975,9.03770000000077,1,4.379648
19434.9169,8.01940000000104,1,4.375552
19442.8204,7.90350000000035,1,4.373504
19451.8819,9.0614999999998,1,4.37248
19459.9547,8.0727999999981,1,4.37248
19467.8542,7.89950000000317,1,4.373504
19476.9762,9.12199999999939,1,4.37248
19484.9042,7.92799999999988,1,4.37248
19492.909,8.0047999999988,1,4.376576
19501.9645,9.05549999999857,1,4.374528
19509.8568,7.89230000000316,1,4.373504
19518.0166,8.15979999999763,1,4.3776
19525.9315,7.91489999999976,1,4.375552
19534.9205,8.9890000000014,1,4.376576
19542.8593,7.9387999999999,1,4.376576
19551.9558,9.09649999999965,1,4.3776
19559.9379,7.98210000000108,1,4.3776
19567.8896,7.9516999999978,1,4.38272
19576.8562,8.96659999999974,1,4.371456
19584.9787,8.12250000000131,1,4.364288
19592.9159,7.9372000000003,1,4.373504
19601.9989,9.08299999999872,1,4.375552
19609.9346,7.93570000000182,1,4.375552
19617.8955,7.96089999999822,1,4.3776
19626.9225,9.02700000000186,1,4.3776
19634.8555,7.9330000000009,1,4.373504
19642.9195,8.06399999999849,1,4.370432
19651.9117,8.99220000000059,1,4.378624
19659.938,8.02629999999772,1,4.373504
19667.8851,7.94710000000123,1,4.375552
19676.8751,8.9900000000016,1,4.381696
19684.9732,8.09809999999925,1,4.375552
19692.4029,7.42970000000059,1,4.371456
19701.3771,8.97420000000056,1,4.374528
19709.4048,8.02769999999873,1,4.37248
19717.9162,8.51139999999941,1,4.376576
19726.9722,9.05600000000049,1,4.379648
19734.8844,7.91219999999885,1,4.378624
19742.9819,8.09749999999985,1,4.364288
19751.931,8.94910000000164,1,4.374528
19760.007,8.07600000000093,1,4.386816
19767.9216,7.91460000000006,1,4.376576
19776.9333,9.01169999999911,1,4.378624
19784.9951,8.06179999999949,1,4.376576
19792.8917,7.89660000000003,1,4.378624
19802.023,9.13130000000092,1,4.3776
19810.0062,7.98319999999876,1,4.366336
19817.9988,7.99260000000