loaded count=22480361 degree=3 decode_ms=14940.6952 first_frame_ms=16160.1916
pose -48.8214111328125 -4.0667724609375 3586.75612233193 -48.8214111328125 -4.0667724609375 -10.4056396484375
interaction duration_ms=20007.5801 accepted_presents=578 render_calls=578 fps=28.8890509052617
time_ms,interval_ms,accepted,gpu_diagnostic_ms
34.1224,34.1224,1,33.691648
68.5291,34.4067,1,34.244608
102.9912,34.4621,1,34.260992
137.2491,34.2579,1,34.029568
171.8863,34.6372,1,34.301952
206.3572,34.4709,1,33.957888
240.7435,34.3863,1,34.234368
275.2009,34.4574,1,34.210816
309.4701,34.2692,1,33.937408
344.0712,34.6011,1,34.243584
378.6385,34.5673,1,34.228224
412.8513,34.2128,1,33.992704
447.3303,34.479,1,34.277376
482.0359,34.7056,1,34.230272
516.5743,34.5384,1,34.26304
551.0642,34.4899,1,34.212864
585.3725,34.3082999999999,1,33.961984
619.7835,34.4110000000001,1,34.234368
654.6125,34.829,1,34.274304
688.9376,34.3251,1,34.056192
723.3928,34.4552,1,34.238464
757.6276,34.2348000000001,1,33.995776
792.2354,34.6078,1,34.251776
826.771,34.5355999999999,1,34.243584
861.4447,34.6737000000001,1,34.24768
895.9236,34.4789,1,34.276352
930.1842,34.2606000000001,1,33.987584
964.9053,34.7211,1,34.241536
999.2213,34.316,1,34.199552
1033.4814,34.2600999999999,1,33.951744
1068.0428,34.5614,1,34.230272
1102.2596,34.2168000000001,1,33.967104
1136.4771,34.2175,1,33.91488
1171.0285,34.5513999999998,1,34.213888
1205.2261,34.1976000000002,1,33.972224
1239.8707,34.6445999999999,1,34.465792
1273.8618,33.9911,1,33.700864
1308.248,34.3862000000001,1,34.234368
1342.6285,34.3805,1,34.208768
1376.7227,34.0942,1,33.975296
1411.0906,34.3679,1,34.185216
1445.3335,34.2429,1,33.942528
1479.5534,34.2199000000001,1,34.011136
1513.9994,34.4459999999999,1,34.276352
1548.0594,34.0600000000002,1,33.934336
1582.4474,34.3879999999999,1,34.246656
1617.022,34.5745999999999,1,34.451456
1651.1888,34.1668,1,33.942528
1685.6309,34.4421000000002,1,34.153472
1719.9453,34.3144,1,34.182144
1754.1706,34.2252999999998,1,33.980416
1788.5721,34.4015000000002,1,34.256896
1822.5967,34.0246,1,33.939456
1856.8285,34.2318,1,33.95072
1891.1952,34.3667,1,34.013184
1925.2121,34.0168999999999,1,33.726464
1959.4819,34.2698,1,33.98144
1993.9362,34.4543000000001,1,34.221056
2027.9964,34.0601999999999,1,33.709056
2062.3369,34.3404999999998,1,34.030592
2096.4993,34.1624000000002,1,33.759232
2130.4483,33.9490000000001,1,33.759232
2164.4717,34.0234,1,33.695744
2198.9227,34.451,1,34.207744
2233.1063,34.1835999999998,1,33.983488
2267.1768,34.0705000000003,1,33.736704
2301.7266,34.5497999999998,1,34.279424
2335.8209,34.0943000000002,1,33.979392
2369.9515,34.1306,1,33.677312
2404.9784,35.0268999999998,1,34.54976
2439.0234,34.0450000000001,1,34.049024
2473.2732,34.2498000000001,1,33.983488
2507.3561,34.0828999999999,1,33.963008
2541.6029,34.2467999999999,1,33.916928
2576.0457,34.4428000000003,1,34.24768
2610.2885,34.2428,1,33.978368
2644.4816,34.1931,1,34.00704
2679.0766,34.5949999999998,1,34.292736
2713.3468,34.2701999999999,1,34.021376
2748.0387,34.6919000000003,1,34.54464
2782.1006,34.0619000000002,1,33.946624
2816.5948,34.4941999999996,1,34.271232
2850.8865,34.2917000000002,1,33.965056
2884.9835,34.0969999999998,1,33.94048
2919.3954,34.4119000000001,1,34.236416
2953.7463,34.3508999999999,1,34.044928
2987.8777,34.1314000000002,1,33.933312
3022.2739,34.3962000000001,1,34.302976
3056.5206,34.2466999999997,1,34.00192
3090.899,34.3784000000001,1,34.013184
3125.172,34.2730000000001,1,33.956864
3159.3694,34.1974,1,33.729536
3193.5237,34.1543000000001,1,34.028544
3227.5752,34.0515,1,33.73568
3261.9123,34.3370999999997,1,34.035712
3296.1313,34.2190000000001,1,33.95584
3330.2009,34.0695999999998,1,33.782784
3364.4823,34.2814000000003,1,33.96608
3398.4661,33.9838,1,33.719296
3433.077,34.6109000000001,1,34.27328
3467.23,34.1529999999998,1,33.978368
3501.3859,34.1559000000002,1,33.727488
3536.1356,34.7496999999998,1,34.531328
3570.5069,34.3712999999998,1,34.002944
3604.7984,34.2915000000003,1,34.041856
3639.2259,34.4274999999998,1,34.281472
3673.3729,34.1469999999999,1,33.97632
3707.6644,34.2915000000003,1,33.898496
3742.109,34.4445999999998,1,34.207744
3776.1917,34.0826999999999,1,33.968128
3810.6189,34.4272000000001,1,34.255872
3844.6617,34.0428000000002,1,33.94048
3879.3838,34.7221,1,34.495488
3913.9274,34.5436,1,34.280448
3947.8171,33.8897000000002,1,33.915904
3982.3354,34.5182999999997,1,34.064384
4016.8549,34.5194999999999,1,34.37056
4051.0709,34.2160000000003,1,34.092032
4085.6938,34.6228999999998,1,34.394112
4120.0212,34.3274000000001,1,34.194432
4154.5932,34.5720000000001,1,34.112512
4189.175,34.5817999999999,1,34.485248
4223.6199,34.4448999999995,1,34.123776
4258.5981,34.9782000000005,1,34.648064
4293.0378,34.4396999999999,1,34.112512
4328.1388,35.1009999999997,1,34.393088
4362.5125,34.3737000000001,1,34.487296
4397.0932,34.5807000000004,1,34.205696
4431.513,34.4197999999997,1,34.161664
4466.1685,34.6554999999998,1,34.37568
4500.7069,34.5384000000004,1,34.116608
4535.0922,34.3852999999999,1,34.106368
4569.4513,34.3590999999997,1,34.059264
4603.5952,34.1439,1,33.846272
4638.166,34.5708000000004,1,34.36544
4672.6528,34.4867999999997,1,34.12992
4707.3857,34.7329,1,34.349056
4741.8435,34.4578000000001,1,34.4064
4776.176,34.3325000000004,1,34.101248
4810.4161,34.2401,1,34.098176
4844.8195,34.4033999999992,1,34.06848
4879.5594,34.7399000000005,1,34.455552
4913.9017,34.3423000000003,1,34.141184
4948.2251,34.3233999999993,1,34.060288
4982.8716,34.6465000000007,1,34.37568
5017.6985,34.8269,1,34.567168
5052.7007,35.0021999999999,1,34.664448
5088.0291,35.3283999999994,1,34.97472
5122.8127,34.7836000000007,1,34.55488
5157.6125,34.7997999999998,1,34.527232
5192.7652,35.1526999999996,1,34.768896
5227.5826,34.8173999999999,1,34.515968
5263.177,35.5944,1,35.269632
5298.0732,34.8962000000001,1,34.548736
5333.6637,35.5905000000002,1,35.214336
5369.3157,35.652,1,35.214336
5404.5662,35.2505000000001,1,35.12832
5439.6425,35.0762999999997,1,34.507776
5474.9546,35.3121000000001,1,35.21536
5509.4174,34.4628000000002,1,34.134016
5544.456,35.0385999999999,1,34.813952
5579.3157,34.8597,1,34.555904
5615.0694,35.7537000000002,1,35.22048
5649.5213,34.4519,1,34.38592
5684.072,34.5506999999998,1,34.111488
5718.6172,34.5451999999996,1,34.381824
5753.1349,34.5177000000003,1,34.148352
5787.5071,34.3721999999998,1,34.112512
5822.1766,34.6695,1,34.429952
5856.4715,34.2948999999999,1,34.1248
5890.9335,34.4620000000004,1,34.061312
5924.8648,33.9313000000002,1,33.800192
5960.0445,35.1796999999997,1,34.816
5994.4521,34.4076000000005,1,34.130944
6029.0395,34.5873999999994,1,34.146304
6063.2101,34.1706000000004,1,33.881088
6097.5878,34.3777,1,34.178048
6131.8426,34.2547999999997,1,33.854464
6166.285,34.4423999999999,1,34.134016
6200.9031,34.6181000000006,1,34.42688
6235.3012,34.3980999999994,1,34.168832
6269.7877,34.4865,1,34.198528
6304.2681,34.4804000000004,1,34.213888
6338.9389,34.6707999999999,1,34.511872
6373.4471,34.5082000000002,1,34.18624
6407.7896,34.3424999999997,1,34.18624
6442.4395,34.6499000000003,1,34.46272
6476.8431,34.4035999999996,1,34.187264
6511.3585,34.5154000000002,1,34.193408
6546.3111,34.9525999999996,1,34.509824
6580.6281,34.317,1,34.254848
6615.2694,34.6413000000002,1,34.518016
6649.6622,34.3927999999996,1,34.16576
6684.1074,34.4452000000001,1,34.149376
6718.8439,34.7365,1,34.424832
6753.2028,34.3589000000002,1,34.159616
6788.3779,35.1751000000004,1,34.88768
6822.8796,34.5016999999998,1,34.525184
6857.1358,34.2561999999998,1,33.916928
6891.6249,34.4890999999998,1,34.189312
6926.2003,34.5754000000006,1,34.238464
6960.6643,34.4639999999999,1,34.184192
6995.485,34.8206999999993,1,34.219008
7029.7686,34.2836000000007,1,34.020352
7064.4896,34.7209999999995,1,34.628608
7098.9925,34.5029000000004,1,34.258944
7133.5767,34.5841999999993,1,34.241536
7167.9841,34.4074000000001,1,34.221056
7202.3139,34.3298000000004,1,33.974272
7237.0258,34.7119000000002,1,34.52928
7271.7188,34.6929999999993,1,34.423808
7306.006,34.2872000000007,1,34.061312
7341.025,35.0189999999993,1,34.798592
7375.3733,34.3483000000006,1,34.243584
7410.049,34.6756999999998,1,34.260992
7444.7287,34.6796999999997,1,34.543616
7479.2714,34.5427,1,34.33984
7514.1045,34.8331000000007,1,34.649088
7548.8582,34.7536999999993,1,34.57024
7583.297,34.4387999999999,1,34.304
7618.1554,34.8584000000001,1,34.65728
7652.6489,34.4935000000005,1,34.322432
7687.5117,34.8627999999999,1,34.679808
7722.6002,35.0884999999998,1,34.710528
7757.1545,34.5542999999998,1,34.14016
7791.7892,34.6347000000005,1,34.173952
7826.5114,34.7222000000002,1,34.469888
7860.9248,34.4133999999995,1,34.142208
7895.5849,34.6601000000001,1,34.383872
7930.2031,34.6181999999999,1,34.179072
7964.8089,34.6058000000003,1,34.415616
7999.4879,34.6790000000001,1,34.41152
8034.2386,34.7506999999996,1,34.403328
8069.3792,35.1406000000006,1,34.981888
8103.8029,34.4236999999994,1,34.126848
8138.6089,34.8060000000005,1,34.599936
8173.2419,34.6329999999998,1,34.44224
8207.5915,34.3496000000005,1,34.14528
8242.5972,35.0056999999997,1,34.695168
8277.0935,34.4963000000007,1,34.41152
8312.1803,35.0867999999991,1,34.445312
8346.744,34.5637000000006,1,34.658304
8381.5063,34.7622999999985,1,34.440192
8416.1295,34.6232,1,34.405376
8451.2999,35.1704000000009,1,34.983936
8485.9093,34.6093999999994,1,34.387968
8520.6457,34.7363999999998,1,34.384896
8555.3988,34.7531000000017,1,34.644992
8590.2106,34.8117999999995,1,34.653184
8625.0315,34.8208999999988,1,34.475008
8659.5094,34.4779000000017,1,34.220032
8694.2938,34.7843999999986,1,34.162688
8729.1578,34.8640000000014,1,34.440192
8763.7718,34.6139999999996,1,34.248704
8798.5753,34.8035,1,34.473984
8833.8357,35.2603999999992,1,35.007488
8868.6076,34.7718999999997,1,34.449408
8903.313,34.7054000000007,1,34.494464
8938.2607,34.9477000000006,1,34.788352
8973.4578,35.1970999999994,1,35.053568
9008.9368,35.4789999999994,1,35.160064
9044.1861,35.2493000000013,1,34.980864
9079.802,35.6158999999989,1,35.217408
9115.7323,35.9303,1,35.713024
9150.9404,35.2080999999998,1,34.924544
9186.5824,35.6419999999998,1,35.328
9222.393,35.8106000000007,1,35.443712
9257.0667,34.6736999999994,1,34.491392
9293.0885,36.0218000000004,1,35.6096
9328.1219,35.0334000000003,1,34.751488
9363.4378,35.3158999999996,1,34.944
9399.246,35.8081999999995,1,35.530752
9434.0459,34.7999,1,34.515968
9470.0458,35.9999000000007,1,35.611648
9505.4894,35.4436000000005,1,35.14368
9541.1053,35.6158999999989,1,35.300352
9576.6138,35.5084999999999,1,35.146752
9612.5568,35.9430000000011,1,35.693568
9647.2636,34.7067999999999,1,34.415616
9682.3414,35.0777999999991,1,34.721792
9717.0034,34.6620000000003,1,34.423808
9752.0229,35.0195000000003,1,34.748416
9786.8063,34.7834000000003,1,34.444288
9821.3173,34.5110000000004,1,34.373632
9856.2506,34.9332999999988,1,34.82624
9890.7287,34.4781000000003,1,34.177024
9925.5592,34.8305,1,34.449408
9960.1812,34.6220000000012,1,34.398208
9995.6108,35.4295999999995,1,34.993152
10030.0523,34.441499999999,1,34.185216
10064.8431,34.7908000000007,1,34.499584
10099.4909,34.6478000000006,1,34.147328
10134.341,34.8500999999997,1,34.681856
10168.9229,34.5818999999992,1,34.481152
10203.405,34.4821000000011,1,34.204672
10238.2936,34.8886000000002,1,34.666496
10273.0554,34.7617999999984,1,34.48832
10307.5072,34.4518000000007,1,34.158592
10342.4106,34.9033999999992,1,34.704384
10377.0909,34.6803,1,34.419712
10411.9399,34.8490000000002,1,34.67264
10446.6869,34.7470000000012,1,34.429952
10481.5991,34.9121999999988,1,34.758656
10516.3682,34.7691000000013,1,34.661376
10550.9517,34.5834999999988,1,34.400256
10585.7246,34.7728999999999,1,34.642944
10620.4501,34.7255000000005,1,34.40128
10654.8811,34.4310000000005,1,34.315264
10689.7157,34.8346000000001,1,34.697216
10724.6526,34.9368999999988,1,34.584576
10759.276,34.6234000000004,1,34.351104
10793.9496,34.6736000000001,1,34.34496
10828.4891,34.5395000000008,1,34.26304
10863.1309,34.6417999999994,1,34.264064
10897.9434,34.8125,1,34.418688
10932.2304,34.2870000000003,1,34.020352
10967.0027,34.7722999999987,1,34.56512
11001.4187,34.4160000000011,1,34.215936
11035.9282,34.5095000000001,1,34.265088
11070.613,34.6847999999991,1,34.531328
11105.3759,34.7628999999997,1,34.569216
11139.9395,34.5636000000013,1,34.250752
11174.2755,34.3359999999993,1,34.208768
11208.6422,34.3667000000005,1,34.19136
11243.3438,34.7016000000003,1,34.487296
11277.6684,34.3245999999999,1,34.202624
11312.3268,34.6584000000003,1,34.477056
11346.7659,34.4390999999996,1,34.2528
11381.2244,34.4584999999988,1,34.189312
11415.8338,34.6094000000012,1,34.455552
11450.3409,34.5070999999989,1,34.167808
11484.8072,34.4663,1,34.19648
11519.4483,34.6411000000007,1,34.454528
11553.8194,34.3711000000003,1,34.234368
11588.3753,34.5558999999994,1,34.382848
11622.6345,34.2592000000004,1,34.122752
11657.0812,34.4467000000004,1,34.17088
11691.8777,34.7964999999986,1,34.463744
11726.0411,34.1634000000013,1,33.865728
11760.4286,34.3874999999989,1,34.105344
11794.547,34.1184000000012,1,33.829888
11829.0507,34.5036999999993,1,34.187264
11863.5413,34.490600000001,1,34.151424
11898.1071,34.5657999999985,1,34.386944
11932.6282,34.5210999999999,1,34.1248
11967.0914,34.4632000000001,1,34.105344
12001.1902,34.0987999999998,1,33.824768
12035.6843,34.4941000000017,1,34.351104
12070.1693,34.4849999999988,1,34.13504
12104.2719,34.1026000000002,1,33.844224
12138.8336,34.5617000000002,1,34.410496
12173.1136,34.2800000000007,1,34.100224
12207.1781,34.0644999999986,1,33.830912
12241.7936,34.6155000000017,1,34.41664
12276.2351,34.441499999999,1,34.086912
12310.6926,34.4575000000004,1,34.351104
12345.0655,34.3729000000003,1,34.11456
12379.5694,34.5038999999997,1,34.417664
12413.9573,34.3878999999997,1,34.1248
12448.2605,34.3032000000003,1,34.092032
12482.721,34.4604999999992,1,34.267136
12516.9864,34.2654000000002,1,34.082816
12551.3525,34.3661000000011,1,34.105344
12585.8833,34.5307999999986,1,34.383872
12620.4417,34.5583999999999,1,34.376704
12655.0372,34.5955000000013,1,34.434048
12689.5478,34.5105999999996,1,34.415616
12723.9458,34.3979999999992,1,34.050048
12758.4143,34.4685000000009,1,34.141184
12792.5775,34.1631999999991,1,33.86368
12827.0162,34.4387000000006,1,34.16064
12861.4238,34.4076000000005,1,34.117632
12895.6481,34.2242999999999,1,33.900544
12930.0783,34.4301999999989,1,34.138112
12965.0102,34.9319000000014,1,34.653184
13000.2077,35.1975000000002,1,34.843648
13035.1938,34.9860999999983,1,34.671616
13069.6186,34.4248000000007,1,34.1504
13105.1306,35.5120000000006,1,35.191808
13140.2813,35.1507000000001,1,34.8416
13175.2468,34.9655000000002,1,34.573312
13210.0371,34.7902999999988,1,34.532352
13245.5749,35.5378000000001,1,35.233792
13280.4943,34.9194000000007,1,34.584576
13315.7616,35.2672999999995,1,34.85184
13350.5984,34.8368000000009,1,34.57536
13386.0205,35.4220999999998,1,35.060736
13421.0988,35.0782999999992,1,34.783232
13456.0183,34.9195,1,34.62144
13490.6558,34.6375000000007,1,34.403328
13525.7992,35.143399999999,1,34.842624
13560.6007,34.8015000000014,1,34.156544
13595.3691,34.768399999999,1,34.827264
13629.9453,34.5761999999995,1,34.199552
13665.1135,35.1682000000001,1,34.890752
13699.8416,34.7281000000003,1,34.412544
13734.3238,34.4822000000004,1,34.12992
13769.1595,34.8356999999996,1,34.608128
13803.4352,34.2757000000001,1,34.10944
13837.7399,34.3047000000006,1,33.90976
13872.3344,34.5944999999992,1,34.41664
13906.7262,34.3917999999994,1,34.091008
13941.0204,34.2942000000003,1,34.087936
13975.5919,34.5715,1,34.422784
14009.9276,34.3357000000015,1,34.101248
14044.444,34.5163999999986,1,34.395136
14078.6919,34.2479000000003,1,34.077696
14113.1785,34.4866000000002,1,34.359296
14147.7691,34.5905999999995,1,34.250752
14182.3425,34.5734000000011,1,34.37568
14216.9214,34.5788999999986,1,34.43712
14251.8406,34.9192000000003,1,34.654208
14286.5132,34.6725999999999,1,34.174976
14321.1702,34.6570000000011,1,34.433024
14355.5551,34.3848999999991,1,34.17088
14390.1544,34.5992999999999,1,34.373632
14424.9281,34.7736999999997,1,34.388992
14459.3424,34.4143000000004,1,34.142208
14494.0554,34.7129999999997,1,34.42688
14529.0924,35.0370000000003,1,34.655232
14563.5888,34.4964,1,34.164736
14598.2654,34.6766000000007,1,34.423808
14632.7126,34.4472000000005,1,34.107392
14667.4033,34.6906999999992,1,34.358272
14702.0936,34.6903000000002,1,34.358272
14736.4901,34.3965000000007,1,34.125824
14771.3586,34.8684999999987,1,34.433024
14805.6541,34.2955000000002,1,34.171904
14840.4298,34.7757000000001,1,34.439168
14875.1818,34.7520000000004,1,34.422784
14910.0703,34.8884999999991,1,34.412544
14945.0525,34.9822000000004,1,34.443264
14979.9496,34.8971000000001,1,34.441216
15014.2197,34.2700999999997,1,34.162688
15049.5601,35.340400000001,1,34.8928
15084.0058,34.4457000000002,1,34.171904
15118.8878,34.8819999999996,1,34.466816
15153.5407,34.6528999999991,1,34.43712
15188.0822,34.5415000000012,1,34.17088
15222.5012,34.4189999999999,1,34.171904
15257.183,34.6818000000003,1,34.384896
15291.9115,34.7284999999993,1,34.423808
15326.5455,34.634,1,34.403328
15361.1965,34.6509999999998,1,34.11968
15396.0904,34.8938999999991,1,34.671616
15430.7903,34.6999000000014,1,34.444288
15465.3874,34.597099999999,1,34.18112
15500.2405,34.8531000000003,1,34.441216
15534.5467,34.3062000000009,1,34.127872
15569.2409,34.6941999999999,1,34.371584
15603.988,34.7470999999987,1,34.414592
15638.5804,34.5924000000014,1,34.210816
15673.6442,35.0637999999999,1,34.742272
15708.1495,34.5052999999989,1,34.1248
15742.8104,34.6609000000008,1,34.428928
15777.5754,34.7649999999994,1,34.44224
15812.1177,34.542300000001,1,34.126848
15846.8335,34.7157999999999,1,34.315264
15881.4766,34.6430999999993,1,34.492416
15915.9262,34.4495999999999,1,34.15552
15950.6419,34.7157000000007,1,34.4064
15985.49,34.8480999999992,1,34.440192
16020.0262,34.5362000000005,1,34.183168
16055.1048,35.0785999999989,1,34.79552
16090.0451,34.9403000000002,1,34.568192
16125.6221,35.5770000000011,1,35.280896
16161.2028,35.5806999999986,1,35.336192
16196.2355,35.0327000000016,1,34.6368
16231.1758,34.9403000000002,1,34.637824
16266.7697,35.5938999999998,1,35.247104
16301.7486,34.9789000000001,1,34.542592
16337.1781,35.4294999999984,1,35.232768
16372.1596,34.9815000000017,1,34.610176
16406.8057,34.6460999999999,1,34.423808
16442.3749,35.5691999999981,1,35.151872
16476.8019,34.4269999999997,1,34.120704
16511.6217,34.8198000000011,1,34.418688
16546.7244,35.1026999999995,1,34.776064
16581.2795,34.5551000000014,1,34.193408
16615.971,34.6915000000008,1,34.448384
16650.3799,34.4088999999985,1,34.1504
16685.735,35.3551000000007,1,34.844672
16720.2429,34.5079000000005,1,34.079744
16754.7695,34.5265999999974,1,34.46272
16789.4973,34.7278000000006,1,34.485248
16825.0157,35.5184000000008,1,35.17952
16859.6165,34.6008000000002,1,34.185216
16894.3433,34.7268000000004,1,34.410496
16928.8845,34.5411999999997,1,34.136064
16963.6312,34.7466999999997,1,34.653184
16999.4464,35.8152000000009,1,35.28704
17034.2835,34.8371000000006,1,34.538496
17069.7875,35.5039999999972,1,35.213312
17105.137,35.3495000000003,1,35.006464
17140.6553,35.5182999999997,1,35.296256
17175.3588,34.7035000000033,1,34.377728
17210.1581,34.7992999999988,1,34.363392
17244.8881,34.7299999999996,1,34.604032
17280.6955,35.8074000000015,1,35.325952
17315.4735,34.7779999999984,1,34.514944
17351.1082,35.6346999999987,1,35.253248
17386.0702,34.9619999999995,1,34.80064
17420.9788,34.9086000000025,1,34.537472
17455.625,34.6461999999992,1,34.429952
17489.9941,34.3690999999999,1,34.08384
17524.7483,34.7541999999994,1,34.386944
17559.4535,34.7052000000003,1,34.387968
17593.6356,34.1821000000018,1,33.878016
17628.092,34.4563999999991,1,34.137088
17662.2462,34.1542000000009,1,33.896448
17696.9657,34.7194999999992,1,34.353152
17731.3052,34.3394999999982,1,34.107392
17765.6433,34.3381000000008,1,33.833984
17800.1352,34.4919000000009,1,34.368512
17834.3782,34.2429999999986,1,34.121728
17868.7914,34.4131999999991,1,34.115584
17903.3975,34.6061000000009,1,34.4064
17937.9451,34.5476000000017,1,34.390016
17972.3678,34.4226999999992,1,34.182144
18006.9426,34.5747999999985,1,34.379776
18041.2653,34.3227000000006,1,34.100224
18075.6777,34.4124000000011,1,34.126848
18110.2419,34.5642000000007,1,34.41152
18144.7425,34.5005999999994,1,34.382848
18179.1079,34.3653999999988,1,34.141184
18213.4746,34.3667000000023,1,34.108416
18247.8389,34.3642999999975,1,34.17088
18282.2345,34.3955999999998,1,34.101248
18316.661,34.4265000000014,1,34.11456
18351.1964,34.5354000000007,1,34.393088
18385.5106,34.3142000000007,1,34.115584
18420.0235,34.5128999999979,1,34.345984
18454.455,34.4315000000