loaded count=804758 degree=3 decode_ms=603.9727 first_frame_ms=661.1264
pose 0.2037353515625 -0.2159423828125 4.57125672925018 0.2037353515625 -0.2159423828125 0.0858154296875
interaction duration_ms=20001.9401 accepted_presents=2401 render_calls=2401 fps=120.038355679307
time_ms,interval_ms,accepted,gpu_diagnostic_ms
1.4609,1.4609,1,2.28352
8.9921,7.5312,1,2.287616
18.0074,9.0153,1,2.905088
25.9577,7.9503,1,2.929664
34.943,8.9853,1,2.925568
42.9848,8.0418,1,2.960384
52.1301,9.1453,1,2.93376
59.9951,7.865,1,2.96448
68.0485,8.0534,1,2.956288
75.9581,7.9096,1,2.93888
85.0276,9.06950000000001,1,2.921472
92.9582,7.9306,1,2.970624
102.0799,9.12169999999999,1,2.93888
109.9139,7.834,1,2.962432
118.0456,8.1317,1,2.945024
126.0333,7.9877,1,2.936832
135.1227,9.08940000000001,1,2.919424
143.0676,7.94489999999999,1,2.953216
151.0431,7.97550000000001,1,2.93376
159.9978,8.9547,1,2.935808
168.0278,8.03,1,2.953216
175.9503,7.92249999999999,1,2.927616
185.0593,9.10900000000001,1,2.915328
193.0137,7.95439999999999,1,2.970624
200.971,7.9573,1,2.932736
210.0507,9.0797,1,2.921472
218.0618,8.0111,1,2.934784
226.0303,7.96850000000001,1,2.940928
234.9801,8.94979999999998,1,2.915328
242.9486,7.96850000000001,1,2.956288
252.0311,9.08250000000001,1,2.922496
259.9979,7.96680000000001,1,2.980864
267.9827,7.98480000000001,1,2.961408
276.9956,9.0129,1,2.92864
285.0344,8.03879999999998,1,2.956288
293.0812,8.04680000000002,1,2.951168
300.9777,7.8965,1,2.947072
310.0897,9.11199999999997,1,2.922496
318.0521,7.9624,1,2.952192
326.021,7.96890000000002,1,2.937856
334.9644,8.9434,1,2.917376
342.9705,8.0061,1,2.957312
351.9736,9.00309999999996,1,2.929664
360.0947,8.12110000000001,1,2.971648
367.9977,7.90300000000002,1,2.963456
376.9555,8.95779999999996,1,2.920448
385.1008,8.14530000000002,1,2.970624
392.9931,7.89230000000003,1,2.952192
401.9371,8.94399999999996,1,2.92864
409.9583,8.02120000000002,1,2.95424
418.0242,8.0659,1,2.940928
425.9567,7.9325,1,2.926592
435.0277,9.07099999999997,1,2.921472
442.9827,7.95500000000004,1,2.970624
452.0511,9.0684,1,2.929664
459.9824,7.93129999999996,1,2.978816
467.9805,7.99810000000002,1,2.94912
476.9506,8.9701,1,2.934784
485.0069,8.05629999999996,1,2.95424
492.983,7.97610000000003,1,2.966528
501.9738,8.99079999999998,1,2.927616
509.9421,7.9683,1,2.958336
518.0657,8.12360000000001,1,2.937856
525.9524,7.88670000000002,1,2.93376
534.512,8.55959999999993,1,2.912256
543.068,8.55600000000004,1,2.922496
551.0496,7.98160000000007,1,2.931712
559.9948,8.9452,1,2.914304
567.9881,7.99329999999998,1,2.960384
576.9851,8.99699999999996,1,2.927616
585.0368,8.05169999999998,1,2.976768
593.0129,7.97609999999997,1,2.957312
600.979,7.9661000000001,1,2.925568
610.0192,9.04019999999991,1,2.916352
618.0101,7.99090000000001,1,2.950144
625.9959,7.98580000000004,1,2.925568
634.973,8.97709999999995,1,2.92352
643.0716,8.09860000000003,1,2.953216
651.006,7.93439999999998,1,2.917376
660.0892,9.08320000000003,1,2.91328
668.0305,7.94129999999996,1,2.956288
675.9838,7.95330000000001,1,2.924544
685.0063,9.02250000000004,1,2.926592
692.983,7.97669999999994,1,2.960384
701.9595,8.9765000000001,1,2.929664
710.0347,8.0752,1,2.973696
718.0221,7.98739999999998,1,2.951168
725.9991,7.97699999999998,1,2.932736
735.098,9.09889999999996,1,2.915328
742.9916,7.89359999999999,1,2.950144
752.0264,9.03480000000002,1,2.922496
759.9658,7.93939999999998,1,2.966528
768.1805,8.21470000000011,1,2.94912
775.9809,7.80039999999997,1,2.922496
785.0377,9.05679999999995,1,2.926592
792.9659,7.92820000000006,1,2.952192
801.9775,9.01159999999993,1,2.931712
809.9617,7.98419999999999,1,2.9696
818.0278,8.06610000000001,1,2.94912
825.9688,7.94100000000003,1,2.92864
835.024,9.05520000000001,1,2.915328
843.2321,8.20809999999994,1,2.944
851.0337,7.80160000000001,1,2.925568
860.0393,9.00560000000007,1,2.92352
867.9903,7.95100000000002,1,2.95424
877.0027,9.01239999999996,1,2.926592
885.0582,8.05550000000005,1,2.965504
893.0552,7.99699999999996,1,2.960384
900.9853,7.93010000000004,1,2.940928
910.0348,9.04949999999997,1,2.916352
918.0132,7.97839999999997,1,2.955264
925.9749,7.96170000000006,1,2.917376
934.9652,8.99029999999993,1,2.920448
943.0169,8.05169999999998,1,2.948096
951.0037,7.98680000000002,1,2.926592
960.0227,9.01900000000001,1,2.90816
968.0523,8.02959999999996,1,2.950144
975.9701,7.91780000000006,1,2.932736
985.0224,9.05229999999995,1,2.92864
992.9623,7.93990000000008,1,2.96448
1002.2217,9.25940000000003,1,2.932736
1009.9846,7.76289999999995,1,2.973696
1018.0424,8.05780000000004,1,2.953216
1025.967,7.92460000000005,1,2.930688
1034.9962,9.02919999999995,1,2.92352
1042.9883,7.99209999999994,1,2.947072
1052.0181,9.02980000000002,1,2.919424
1060.0052,7.98710000000005,1,2.975744
1067.9957,7.99049999999988,1,2.962432
1076.9766,8.98090000000002,1,2.93376
1085.0485,8.07190000000014,1,2.97472
1092.9805,7.93199999999979,1,2.952192
1102.0836,9.10310000000004,1,2.904064
1109.931,7.84740000000011,1,2.973696
1118.0845,8.15349999999989,1,2.94912
1125.9777,7.89319999999998,1,2.939904
1134.9892,9.01150000000007,1,2.927616
1143.0183,8.02909999999997,1,2.945024
1151.0086,7.99029999999993,1,2.921472
1159.9873,8.97870000000012,1,2.924544
1168.0076,8.02029999999991,1,3.222528
1175.9778,7.97019999999998,1,2.930688
1185.0305,9.05270000000019,1,2.915328
1193.0216,7.99109999999996,1,2.953216
1200.9673,7.94569999999999,1,2.931712
1209.9899,9.02260000000001,1,2.92352
1217.9873,7.99739999999997,1,2.936832
1227.0357,9.0483999999999,1,2.929664
1234.9734,7.93770000000018,1,2.9696
1242.999,8.02559999999994,1,2.941952
1251.9904,8.99139999999989,1,2.93376
1259.9941,8.00369999999998,1,2.957312
1268.0057,8.01160000000004,1,2.952192
1276.0072,8.00150000000008,1,2.921472
1285.0069,8.99970000000008,1,2.920448
1293.0943,8.08739999999989,1,2.919424
1300.9957,7.90139999999997,1,2.922496
1310.002,9.00630000000001,1,2.925568
1318.1532,8.15120000000002,1,2.930688
1325.9789,7.8257000000001,1,2.939904
1334.9437,8.96479999999997,1,2.9184
1343.0171,8.07339999999999,1,2.950144
1350.9802,7.96309999999994,1,2.911232
1359.9651,8.98489999999993,1,2.929664
1367.962,7.9969000000001,1,2.950144
1376.9522,8.99019999999996,1,2.92352
1385.0998,8.14760000000001,1,2.95424
1393.0252,7.92540000000008,1,2.963456
1401.0206,7.99540000000002,1,2.934784
1409.9636,8.94299999999998,1,2.922496
1418.0517,8.08809999999994,1,2.942976
1425.978,7.92630000000008,1,2.921472
1434.9971,9.01909999999998,1,2.920448
1442.9534,7.95630000000006,1,2.951168
1452.0644,9.11099999999988,1,2.922496
1460.1177,8.05330000000004,1,2.970624
1467.9776,7.85989999999993,1,2.966528
1476.935,8.95740000000001,1,2.925568
1485.0091,8.07410000000004,1,2.975744
1493.1166,8.10750000000007,1,2.940928
1500.9786,7.86199999999985,1,2.9184
1509.9874,9.00880000000006,1,2.927616
1518.0247,8.03729999999996,1,2.94912
1525.9858,7.96109999999999,1,2.925568
1534.4715,8.48570000000018,1,2.919424
1543.5114,9.03989999999999,1,2.92864
1551.0136,7.5021999999999,1,2.962432
1560.0491,9.03549999999996,1,2.925568
1568.051,8.00189999999998,1,2.960384
1576.014,7.96299999999997,1,2.930688
1585.0316,9.01760000000013,1,2.915328
1593.0198,7.98820000000001,1,2.956288
1600.9948,7.97499999999991,1,2.929664
1610.0093,9.0145,1,2.9184
1618.142,8.13270000000011,1,2.936832
1626.031,7.8889999999999,1,2.939904
1634.9863,8.95530000000008,1,2.917376
1643.0499,8.06359999999995,1,2.945024
1651.2568,8.20690000000013,1,2.920448
1660.0267,8.76989999999978,1,2.931712
1668.0546,8.02790000000005,1,2.955264
1676.0253,7.97070000000008,1,2.925568
1685.0488,9.02350000000001,1,2.917376
1692.9901,7.94129999999996,1,2.95424
1701.9942,9.00410000000011,1,2.92352
1709.999,8.00479999999993,1,2.968576
1718.0971,8.09809999999993,1,2.960384
1725.9964,7.89930000000004,1,2.930688
1735.0136,9.0172,1,2.9184
1742.9771,7.96350000000007,1,2.952192
1752.0563,9.0791999999999,1,2.93376
1759.9845,7.92820000000006,1,2.977792
1768.0169,8.03240000000005,1,2.947072
1775.9771,7.96019999999999,1,2.926592
1785.0781,9.10099999999989,1,2.916352
1793.0399,7.96180000000004,1,2.96448
1801.0602,8.02029999999991,1,2.945024
1810.0538,8.99360000000001,1,2.92352
1818.014,7.96019999999999,1,2.966528
1826.1418,8.12780000000021,1,2.92864
1835.1442,9.00239999999985,1,2.917376
1843.0838,7.93960000000015,1,2.95936
1851.0591,7.97529999999983,1,2.929664
1859.9902,8.93110000000001,1,2.929664
1868.0214,8.03120000000013,1,2.946048
1875.9548,7.93339999999989,1,2.931712
1885.0219,9.06709999999998,1,2.922496
1893.1008,8.07889999999998,1,2.951168
1901.0347,7.93389999999999,1,2.916352
1910.0202,8.9855,1,2.92864
1918.0171,7.9969000000001,1,2.947072
1925.9864,7.96929999999998,1,2.92864
1934.9768,8.99039999999991,1,2.914304
1943.0233,8.04650000000015,1,2.962432
1951.1319,8.10860000000002,1,2.90816
1960.0199,8.88799999999992,1,2.926592
1967.9966,7.97669999999994,1,2.951168
1976.9847,8.98810000000003,1,2.931712
1985.0529,8.06819999999993,1,2.95936
1992.989,7.93610000000012,1,2.948096
2002.0497,9.0607,1,2.926592
2010.0227,7.97299999999996,1,2.962432
2018.1102,8.08750000000009,1,2.953216
2026.0017,7.89149999999995,1,2.940928
2034.9839,8.98219999999992,1,2.92864
2042.9722,7.98829999999998,1,2.966528
2052.154,9.18180000000007,1,2.929664
2060.021,7.86700000000019,1,2.966528
2068.0135,7.99249999999984,1,2.948096
2075.9768,7.96329999999989,1,2.932736
2085.0711,9.0943000000002,1,2.924544
2093.0098,7.9386999999997,1,2.960384
2101.1203,8.11050000000023,1,2.930688
2110.0747,8.95440000000008,1,2.937856
2118.0951,8.02039999999988,1,2.944
2126.0808,7.98570000000018,1,2.947072
2135.0282,8.94740000000002,1,2.93376
2143.0439,8.01569999999992,1,2.94912
2151.1065,8.06259999999975,1,2.931712
2160.1402,9.03369999999995,1,2.917376
2168.0625,7.92230000000018,1,2.963456
2176.041,7.97850000000017,1,2.930688
2185.0508,9.00979999999981,1,2.925568
2193.0107,7.95989999999983,1,2.950144
2200.9852,7.97450000000026,1,2.93376
2210.0211,9.03589999999986,1,2.924544
2218.0569,8.03580000000011,1,2.947072
2226.0451,7.98819999999978,1,2.941952
2235.0499,9.00480000000016,1,2.93376
2243.073,8.02309999999989,1,2.96448
2251.0899,8.01690000000008,1,2.930688
2260.0741,8.98419999999987,1,2.927616
2268.008,7.93389999999999,1,2.965504
2276.0778,8.06980000000021,1,2.926592
2285.1501,9.07229999999981,1,2.925568
2293.0215,7.87139999999999,1,2.963456
2301.0504,8.02890000000025,1,2.934784
2309.9879,8.9375,1,2.935808
2318.0962,8.10829999999987,1,2.95424
2325.9863,7.89010000000007,1,2.941952
2335.0267,9.04039999999986,1,2.924544
2342.9742,7.94750000000022,1,2.96448
2352.0378,9.06359999999995,1,2.925568
2359.9792,7.94140000000016,1,2.97472
2367.9796,8.0003999999999,1,2.952192
2376.9768,8.99719999999979,1,2.93376
2385.054,8.07720000000018,1,2.970624
2393.0364,7.98239999999987,1,2.965504
2401.0828,8.04640000000018,1,2.930688
2410.0309,8.94810000000007,1,2.926592
2418.0726,8.04169999999976,1,2.960384
2426.0081,7.93550000000005,1,2.935808
2435.0452,9.03710000000001,1,2.915328
2442.9934,7.94819999999982,1,2.970624
2452.0737,9.08030000000008,1,2.92864
2460.2454,8.17169999999987,1,2.981888
2468.0403,7.79490000000033,1,2.97472
2475.9944,7.95409999999993,1,2.924544
2485.0145,9.02010000000018,1,2.932736
2492.9474,7.93289999999979,1,2.970624
2501.9836,9.03620000000001,1,2.937856
2510.0697,8.08609999999999,1,2.97472
2518.0578,7.98810000000003,1,2.95424
2525.5483,7.49049999999988,1,2.939904
2534.5034,8.95510000000013,1,2.916352
2543.596,9.09259999999995,1,2.93376
2551.0417,7.44570000000022,1,2.972672
2560.0592,9.01749999999993,1,2.93888
2568.012,7.95280000000002,1,2.966528
2576.0233,8.01129999999966,1,2.93888
2585.0461,9.02280000000019,1,2.931712
2593.0309,7.98480000000018,1,2.965504
2601.0046,7.97370000000001,1,2.934784
2609.9629,8.95829999999978,1,2.925568
2618.1901,8.22719999999981,1,2.951168
2626.0805,7.89040000000023,1,2.946048
2634.997,8.91649999999981,1,2.92864
2643.0306,8.03360000000021,1,2.967552
2651.135,8.10440000000017,1,2.927616
2660.0157,8.88069999999971,1,2.925568
2668.0947,8.07900000000018,1,2.96448
2676.0603,7.96559999999999,1,2.93376
2685.1524,9.09209999999985,1,2.935808
2693.0727,7.92030000000022,1,2.966528
2701.0308,7.95809999999983,1,2.93376
2710.0328,9.00199999999995,1,2.926592
2718.0856,8.05279999999993,1,2.95936
2726.0167,7.93110000000024,1,2.947072
2735.0694,9.05269999999973,1,2.9184
2743.0106,7.94120000000021,1,2.957312
2751.07,8.0594000000001,1,2.930688
2760.0165,8.94650000000001,1,2.935808
2768.0615,8.04499999999962,1,2.96448
2776.0071,7.94560000000001,1,2.925568
2785.0615,9.05439999999999,1,2.924544
2793.0859,8.02440000000024,1,2.956288
2801.0722,7.98630000000003,1,3.201024
2810.0619,8.98970000000008,1,2.930688
2818.1016,8.03969999999981,1,2.956288
2826.0697,7.96810000000005,1,2.93376
2835.1569,9.08719999999994,1,2.925568
2843.0715,7.91460000000006,1,2.963456
2851.0564,7.98489999999993,1,2.939904
2860.0446,8.98820000000023,1,2.92864
2868.0053,7.96069999999963,1,2.9696
2876.056,8.05070000000023,1,2.930688
2885.0372,8.98120000000017,1,2.912256
2893.1037,8.06649999999991,1,2.930688
2901.021,7.91730000000007,1,2.931712
2910.049,9.02799999999979,1,2.920448
2918.0672,8.01819999999998,1,2.947072
2926.0164,7.94920000000002,1,2.944
2935.09,9.07360000000017,1,2.921472
2943.0238,7.93379999999979,1,2.960384
2951.1256,8.10179999999991,1,2.92352
2960.0923,8.96669999999995,1,2.92864
2968.0257,7.93340000000035,1,2.955264
2976.0036,7.97789999999986,1,2.932736
2985.0497,9.04610000000002,1,2.927616
2993.0265,7.97679999999991,1,2.95936
3001.0007,7.97420000000011,1,2.93376
3010.0026,9.00189999999975,1,2.917376
3018.1315,8.12890000000016,1,2.951168
3026.0323,7.90079999999989,1,2.931712
3035.0164,8.98410000000013,1,2.921472
3042.9964,7.98000000000002,1,2.957312
3052.0575,9.0610999999999,1,2.946048
3060.0015,7.94399999999996,1,2.973696
3068.1225,8.12100000000009,1,2.953216
3076.0165,7.89400000000023,1,2.936832
3085.092,9.07549999999992,1,2.935808
3093.1041,8.01209999999992,1,2.961408
3101.0746,7.9704999999999,1,2.941952
3109.9954,8.92079999999987,1,2.932736
3118.0696,8.07420000000002,1,2.951168
3126.1348,8.0652,1,2.944
3135.0443,8.90950000000021,1,2.915328
3143.0988,8.05450000000019,1,2.953216
3151.0396,7.94079999999985,1,2.93376
3160.0289,8.98929999999973,1,2.915328
3168.0004,7.97150000000011,1,2.957312
3176.0726,8.07220000000007,1,2.93376
3185.0618,8.98919999999998,1,2.931712
3193.0798,8.01800000000003,1,2.965504
3201.0215,7.94169999999986,1,2.941952
3210.0315,9.01000000000022,1,2.920448
3218.1301,8.09859999999981,1,2.958336
3226.099,7.9689000000003,1,2.925568
3235.0199,8.92089999999962,1,2.922496
3243.0403,8.02040000000034,1,2.975744
3251.1663,8.12599999999975,1,2.930688
3260.0349,8.86860000000024,1,2.931712
3268.0344,7.9994999999999,1,2.958336
3275.9975,7.96309999999994,1,2.930688
3285.0893,9.09180000000015,1,2.9184
3293.0456,7.95629999999983,1,2.975744
3301.05,8.00440000000026,1,2.939904
3310.1049,9.05489999999963,1,2.915328
3318.1357,8.0308,1,2.950144
3326.0549,7.91920000000027,1,2.936832
3335.1415,9.08660000000009,1,2.914304
3343.0192,7.8777,1,2.958336
3351.0539,8.0346999999997,1,2.932736
3360.0038,8.94990000000007,1,2.910208
3368.0297,8.02590000000009,1,2.962432
3376.0585,8.02880000000005,1,2.92352
3385.0973,9.03879999999981,1,2.925568
3393.1054,8.00810000000001,1,2.950144
3401.1078,8.00240000000031,1,2.921472
3410.1206,9.01279999999997,1,2.925568
3418.067,7.94639999999981,1,2.961408
3426.3648,8.29779999999982,1,2.93888
3434.0856,7.72080000000005,1,2.935808
3443.075,8.98939999999993,1,2.909184
3451.0402,7.9652000000001,1,2.922496
3460.0878,9.04759999999987,1,2.915328
3468.0397,7.95190000000002,1,2.960384
3476.0225,7.98280000000022,1,2.93376
3485.0516,9.02909999999974,1,2.92352
3493.0342,7.98260000000028,1,2.958336
3501.0658,8.0315999999998,1,2.945024
3510.0322,8.96640000000025,1,2.921472
3518.1563,8.1241,1,3.202048
3525.5528,7.39649999999983,1,2.936832
3534.5355,8.98270000000002,1,2.914304
3543.6424,9.10690000000022,1,2.924544
3551.0995,7.45709999999963,1,2.973696
3560.1136,9.01410000000033,1,2.914304
3568.0444,7.93080000000009,1,2.956288
3576.1252,8.08079999999973,1,2.92864
3585.1724,9.04719999999998,1,2.919424
3593.0978,7.92540000000008,1,2.96448
3601.1103,8.01249999999982,1,2.929664
3609.9742,8.86390000000029,1,2.93888
3618.1407,8.16649999999981,1,2.952192
3626.0841,7.94340000000011,1,2.940928
3635.0581,8.97400000000016,1,2.925568
3643.1,8.04189999999971,1,2.950144
3651.0995,7.9994999999999,1,2.927616
3660.0622,8.96270000000004,1,2.935808
3668.1405,8.07830000000013,1,2.948096
3676.0529,7.91240000000016,1,2.94912
3685.1643,9.11139999999978,1,2.940928
3693.0476,7.88329999999996,1,2.960384
3701.0689,8.02130000000034,1,2.925568
3710.0784,9.00949999999966,1,2.92864
3718.0711,7.99270000000024,1,2.956288
3726.0552,7.98409999999967,1,2.931712
3735.0476,8.99240000000009,1,2.92864
3743.1386,8.09100000000035,1,2.958336
3751.1179,7.97929999999997,1,2.945024
3760.0534,8.93549999999959,1,2.92864
3768.0956,8.04220000000032,1,2.951168
3776.0889,7.99330000000009,1,2.926592
3785.0643,8.97539999999981,1,2.93888
3793.0579,7.99359999999979,1,2.952192
3801.0999,8.04200000000037,1,2.93888
3810.1437,9.04379999999992,1,2.922496
3818.1022,7.95849999999973,1,2.955264
3826.0602,7.95800000000008,1,2.915328
3835.1914,9.13120000000026,1,2.921472
3843.1182,7.92679999999973,1,2.95936
3851.0935,7.97530000000006,1,2.927616
3860.0599,8.96640000000025,1,2.916352
3868.0205,7.96059999999989,1,2.953216
3876.1031,8.08259999999973,1,2.929664
3885.0615,8.95839999999998,1,2.920448
3893.1556,8.09410000000025,1,2.951168
3901.0381,7.88250000000016,1,2.947072
3910.1037,9.0655999999999,1,2.931712
3918.1214,8.01769999999988,1,2.95424
3926.0538,7.93240000000014,1,2.944
3935.057,9.00319999999965,1,2.919424
3943.0474,7.99040000000014,1,2.958336
3951.0826,8.03520000000026,1,2.932736
3960.1185,9.03589999999986,1,2.91328
3968.1177,7.99919999999975,1,2.952192
3976.0862,7.9685000000004,1,2.931712
3985.1049,9.01869999999963,1,2.917376
3993.0421,7.9372000000003,1,2.961408
4001.138,8.0958999999998,1,2.920448
4010.0634,8.92540000000008,1,2.936832
4018.1585,8.0951,1,2.951168
4026.0557,7.89719999999988,1,2.932736
4035.0571,9.0014000000001,1,2.919424
4043.0965,8.03940000000011,1,2.953216
4051.0916,7.99510000000009,1,2.921472
4060.2001,9.10849999999982,1,2.919424
4068.056,7.85590000000002,1,2.966528
4076.1506,8.0945999999999,1,2.926592
4085.144,8.99339999999984,1,2.9184
4093.0409,7.89690000000019,1,2.952192
4101.068,8.02710000000025,1,2.922496
4110.0814,9.01339999999982,1,2.920448
4118.163,8.08159999999953,1,2.951168
4126.0991,7.93610000000081,1,2.934784
4135.0447,8.94560000000001,1,2.9184
4143.1645,8.11979999999949,1,2.94912
4151.07,7.90549999999985,1,2.93376
4160.0778,9.00780000000032,1,2.931712
4168.0545,7.97670000000016,1,2.956288
4176.1436,8.08910000000014,1,2.926592
4185.1511,9.00749999999971,1,2.926592
4193.1764,8.02530000000024,1,2.962432
4201.0586,7.88220000000001,1,2.93376
4210.1138,9.05519999999979,1,2.916352
4218.118,8.00420000000031,1,2.951168
4226.1113,7.99329999999918,1,2.929664
4235.1173,9.00600000000031,1,2.92352
4243.1027,7.98540000000048,1,2.95936
4251.2117,8.10899999999947,1,2.922496
4260.0837,8.8720000000003,1,2.921472
4268.0729,7.98919999999998,1,2.953216
4276.057,7.98409999999967,1,2.931712
4285.1389,9.08190000000013,1,2.925568
4293.079,7.9400999999998,1,2.963456
4301.0939,8.01490000000013,1,2.929664
4310.1761,9.08219999999983,1,2.91328
4318.1581,7.98199999999997,1,2.947072
4326.0683,7.91020000000026,1,2.93888
4335.1235,9.05519999999979,1,2.920448
4343.073,7.94950000000063,1,2.951168
4351.1202,8.04719999999998,1,2.926592
4360.0312,8.91100000000006,1,2.91328
4368.0335,8.0022999999992,1,2.941952
4376.0107,7.97720000000027,1,2.931712
4385.1631,9.15239999999994,1,2.920448
4393.1465,7.98340000000007,1,2.967552
4401.0486,7.90210000000025,1,2.916352
4410.1161,9.06750000000011,1,2.917376
4418.1207,8.00460000000021,1,2.941952
4426.0734,7.95269999999982,1,2.931712
4435.0369,8.96349999999984,1,2.92864
4442.9955,7.95859999999993,1,2.946048
4452.0605,9.0649999999996,1,2.931712
4460.0742,8.01370000000043,1,2.973696
4468.056,7.98179999999957,1,3.217408
4476.0397,7.98370000000068,1,2.927616
4485.1022,9.0625,1,2.916352
4493.0849,7.98269999999957,1,2.961408
4501.025,7.9400999999998,1,2.925568
4510.0495,9.02450000000044,1,2.917376
4518.079,8.02949999999964,1,2.948096
4525.6055,7.52649999999994,1,2.924544
4534.5445,8.93900000000031,1,2.906112
4543.5726,9.02810000000045,1,2.931712
4551.0816,7.50900000000001,1,2.94912
4560.0517,8.97009999999955,1,2.921472
4568.1366,8.08489999999983,1,2.962432
4576.083,7.94639999999981,1,2.935808
4585.1202,9.03720000000067,1,2.910208
4593.0624,7.9421999999995,1,2.962432
4601.0099,7.94750000000022,1,2.921472
4610.0044,8.99449999999979,1,2.92864
4618.0945,8.09010000000035,1,2.936832
4626.0427,7.94819999999982,1,2.932736
4635.098,9.05529999999999,1,2.92352
4643.1005,8.0024999999996,1,2.952192
4651.1259,8.02540000000045,1,2.921472
4660.0507,8.92479999999978,1,2.917376
4668.0599,8.00920000000042,1,2.946048
4676.0468,7.98689999999988,1,2.925568
4685.1492,9.10239999999976,1,2.934784
4693.062,7.91280000000006,1,2.961408
4701.1146,8.05259999999998,1,2.924544
4710.0647,8.95010000000002,1,2.911232
4718.167,8.10230000000047,1,2.930688
4726.0561,7.88909999999942,1,2.926592
4735.0743,9.01820000000043,1,2.917376
4743.1295,8.05519999999979,1,2.956288
4751.1127,7.98319999999967,1,2.92352
4760.0475,8.9348,1,2.915328
4768.0733,8.02580000000034,1,2.942976
4776.0343,7.96100000000024,1,2.924544
4785.0748,9.04050000000007,1,2.92352
4793.0914,8.01659999999993,1,2.953216
4801.0721,7.98070000000007,1,2.925568
4810.0653,8.99319999999989,1,2.922496
4818.0833,8.01800000000003,1,2.947072
4826.0856,8.0023000000001,1,2.924544
4835.1816,9.09599999999955,1,2.92352
4843.1015,7.91989999999987,1,2.968576
4851.0878,7.98630000000048,1,2.934784
4860.1112,9.02340000000004,1,2.919424
4868.0907,7.97949999999946,1,2.958336
4876.0782,7.98750000000018,1,2.925568
4885.08,9.0018,1,2.925568
4893.0957,8.01569999999992,1,2.950144
4901.0394,7.94369999999981,1,2.921472
4910.0747,9.03530000000046,1,2.916352
4918.3047,8.22999999999956,1,2.932736
4926.0839,7.77919999999995,1,2.927616
4935.0208,8.93690000000061,1,2.915328
4943.0702,8.04939999999988,1,2.947072
4951.0528,7.98260000000028,1,2.925568
4960.0665,9.01369999999952,1,2.93376
4968.0483,7.98180000000048,1,2.940928
4976.0779,8.02959999999985,1,2.937856
4985.1159,9.03799999999956,1,2.929664
4993.0563,7.94040000000041,1,2.960384
5001.0538,7.99749999999949,1,2.927616
5010.041,8.98720000000048,1,2.9184
5018.2328,8.1917999999996,1,2.942976
5026.0683,7.83550000000014,1,2.940928
5035.074,9.00569999999971,1,2.925568
5043.105,8.03099999999995,1,2.951168
5051.0866,7.98160000000007,1,2.910208
5060.0558,8.96920000000046,1,2.919424
5068.0361,7.98030000000017,1,2.945024
5076.0716,8.03549999999996,1,2.927616
5085.1334,9.06179999999949,1,2.911232
5093.1548,8.02140000000054,1,2.965504
5101.0692,7.91439999999966,1,2.932736
5110.0172,8.94800000000032,1,2.921472
5118.0762,8.0590000000002,1,2.936832
5126.0927,8.01649999999972,1,2.930688
5135.0465,8.95380000000023,1,2.924544
5143.1208,8.07429999999931,1,2.952192
5151.0813,7.96050000000014,1,2.92864
5160.106,9.02469999999994,1,2.895872
5168.0773,7.97130000000016,1,2.94912
5176.1142,8.03690000000006,1,2.921472
5185.2233,9.10909999999967,1,2.924544
5193.0667,7.84340000000066,1,2.95424
5201.0813,8.01459999999952,1,2.916352
5210.0746,8.99330000000009,1,2.92352
5218.1068,8.03219999999965,1,2.941952
5226.0623,7.95550000000003,1,2.925568
5235.0502,8.98790000000008,1,2.92352
5243.0539,8.00370000000021,1,2.955264
5251.1382,8.08430000000044,1,2.911232
5260.0596,8.92139999999927,1,2.9184
5268.099,8.03940000000057,1,2.94912
5276.0351,7.9360999999999,1,2.926592
5285.1131,9.07799999999952,1,2.917376
5293.0576,7.94450000000052,1,2.940928
5301.1154,8.05779999999959,1,2.92864
5310.086,8.97060000000056,1,2.927616
5318.1123,8.02629999999954,1,2.934784
5326.059,7.94670000000042,1,2.92352
5335.1,9.04100000000017,1,2.916352
5343.0885,7.98849999999948,1,2.950144
5351.0842,7.9957000000004,1,2.92352
5360.1058,9.02160000000003,1,2.920448
5368.0484,7.9425999999994,1,2.957312
5376.0461,7.9976999999999,1,2.925568
5385.0717,9.02560000000085,1,2.90304
5393.1379,8.0661999999993,1,2.945024
5401.043,7.90509999999995,1,2.93376
5410.073,9.03000000000065,1,2.910208
5418.2936,8.22059999999965,1,2.93888
5426.0886,7.79500000000007,1,2.93888
5435.077,8.98840000000018,1,2.919424
5443.0559,7.97890000000007,1,2.950144
5451.1055,8.04959999999937,1,2.934784
5460.0643,8.95880000000034,1,2.929664
5468.1899,8.1256000000003,1,2.94912
5476.0983,7.90839999999935,1,2.92864
5485.1259,9.02760000000035,1,2.924544
5493.0612,7.9353000000001,1,2.952192
5501.1443,8.08309999999983,1,2.920448
5510.1708,9.02649999999994,1,2.92352
5518.1346,7.96380000000045,1,2.956288
5525.6889,7.55429999999978,1,2.927616
5534.6183,8.92939999999999,1,3.351552
5543.0907,8.47239999999965,1,2.92352
5551.1006,8.00990000000002,1,2.935808
5560.0799,8.97929999999997,1,2.921472
5568.0761,7.9962000000005,1,2.947072
5576.073,7.9969000000001,1,2.925568
5585.1617,9.08869999999933,1,2.914304
5593.1149,7.95319999999992,1,2.965504
5601.0894,7.97450000000026,1,2.920448
5610.0482,8.95880000000034,1,2.92352
5618.1255,8.07729999999992,1,2.958336
5626.0643,7.9387999999999,1,2.927616
5635.0675,9.00320000000011,1,2.926592
5643.1682,8.10069999999996,1,2.95936
5651.1122,7.94399999999951,1,2.937856
5660.1066,8.9944000000005,1,2.929664
5668.2307,8.1241,1,2.957312
5676.1088,7.8780999999999,1,2.92864
5685.2327,9.12389999999959,1,2.935808
5693.1117,7.87900000000081,1,2.963456
5701.2756,8.16389999999956,1,2.935808
5710.1061,8.83050000000003,1,2.92864
5718.1074,8.0012999999999,1,2.953216
5726.1,7.99260000000049,1,2.940928
5735.0964,8.99639999999999,1,2.932736
5743.0672,7.97080000000005,1,2.95936
5751.166,8.09879999999976,1,2.930688
5760.0781,8.91209999999955,1,2.92864
5768.1293,8.05119999999988,1,2.95424
5776.0647,7.9354000000003,1,2.925568
5785.1237,9.0590000000002,1,2.93888
5793.0709,7.94719999999961,1,2.968576
5801.1041,8.03319999999985,1,2.920448
5810.0913,8.98720000000048,1,2.937856
5818.1068,8.01549999999952,1,2.957312
5826.0736,7.96680000000015,1,2.93376
5835.1557,9.08210000000054,1,2.916352
5843.2187,8.0630000000001,1,2.955264
5851.1799,7.96119999999974,1,2.927616
5860.2535,9.07359999999971,1,2.934784
5868.1373,7.88380000000052,1,2.97472
5876.1181,7.98079999999936,1,2.925568
5885.1327,9.01460000000043,1,2.92864
5893.127,7.99430000000029,1,2.952192
5901.0837,7.95669999999973,1,2.942976
5910.0204,8.9367000000002,1,2.922496
5918.1323,8.11189999999988,1,2.952192
5926.1068,7.97449999999935,1,2.93888
5935.0937,8.98690000000079,1,2.937856
5943.0943,8.00059999999939,1,2.95424
5951.0904,7.9961000000003,1,2.931712
5960.102,9.01159999999982,1,2.924544
5968.0753,7.97330000000056,1,2.963456
5976.1487,8.07339999999931,1,2.940928
5985.1098,8.96110000000044,1,2.924544
5993.122,8.01220000000012,1,2.950144
6001.0806,7.95859999999993,1,2.92864
6010.0786,8.99799999999959,1,2.930688
6018.1062,8.02760000000035,1,2.950144
6026.119,8.01279999999952,1,2.948096
6035.0705,8.95150000000012,1,2.931712
6043.1075,8.03700000000026,1,2.958336
6051.1042,7.99669999999969,1,2.929664
6060.116,9.01180000000022,1,2.922496
6068.1306,8.01460000000043,1,2.948096
6076.0827,7.95209999999952,1,2.929664
6085.1098,9.02710000000025,1,2.936832
6093.1156,8.00579999999991,1,2.972672
6101.0535,7.9378999999999,1,2.92864
6110.0234,8.96990000000005,1,2.917376
6118.1483,8.1248999999998,1,2.962432
6126.0835,7.9351999999999,1,2.942976
6135.1167,9.03319999999985,1,2.922496
6143.1174,8.00070000000051,1,2.958336
6151.1656,8.04820000000018,1,2.92864
6160.0784,8.91280000000006,1,2.935808
6168.1471,8.06869999999981,1,2.919424
6176.0853,7.9381999999996,1,2.93888
6185.1757,9.09040000000005,1,2.920448
6193.2172,8.04150000000027,1,2.956288
6201.2245,8.00730000000021,1,3.19488
6210.2113,8.98679999999968,1,2.929664
6218.2465,8.03520000000026,1,2.952192
6226.1075,7.86099999999988,1,2.950144
6235.1174,9.00990000000002,1,2.926592
6243.1578,8.04039999999986,1,2.961408
6251.1585,8.0006999999996,1,2.925568
6260.1901,9.03160000000025,1,2.934784
6268.1216,7.9315000000006,1,2.960384
6276.1175,7.99589999999989,1,2.930688
6285.1308,9.01329999999962,1,2.932736
6293.131,8.0002000000004,1,2.963456
6301.0655,7.93449999999939,1,2.92352
6310.1254,9.0599000000002,1,2.920448
6318.1508,8.02540000000045,1,2.957312
6326.1069,7.95609999999942,1,2.946048
6335.1169,9.01000000000022,1,2.925568
6343.0944,7.97749999999996,1,2.965504
6351.0956,8.0011999999997,1,2.934784
6360.1133,9.01770000000033,1,2.922496
6368.145,8.03170000000046,1,2.967552
6376.0597,7.91469999999936,1,2.916352
6385.1574,9.09770000000026,1,2.925568
6393.094,7.9366,1,2.958336
6401.0975,8.0034999999998,1,2.930688
6410.0778,8.98030000000017,1,2.92352
6418.1475,8.06970000000001,1,2.950144
6426.1117,7.96420000000035,1,2.947072
6435.1727,9.06099999999969,1,2.929664
6443.136,7.96330000000034,1,2.958336
6451.148,8.01199999999972,1,2.914304
6460.0969,8.94889999999941,1,2.941952
6468.0826,7.98570000000018,1,2.94912
6476.0583,7.97569999999996,1,2.932736
6485.1684,9.11009999999987,1,2.917376
6493.0777,7.90930000000026,1,2.952192
6501.1232,8.04550000000017,1,2.925568
6510.0872,8.96399999999994,1,2.92352
6518.1429,8.05569999999989,1,2.951168
6526.312,8.16910000000007,1,2.917376
6535.6267,9.3146999999999,1,2.926592
6543.6212,7.99449999999979,1,2.953216
6551.1163,7.49510000000009,1,2.96448
6560.1046,8.98829999999998,1,2.924544
6568.0799,7.97530000000006,1,2.970624
6576.0779,7.9980000000005,1,2.927616
6585.1333,9.05540000000019,1,2.931712
6593.2021,8.06880000000001,1,2.96448
6601.0947,7.89259999999922,1,2.940928
6610.1136,9.01890000000003,1,2.922496
6618.1383,8.02469999999994,1,2.956288
6626.1187,7.98040000000037,1,2.937856
6635.1035,8.98480000000018,1,2.929664
6643.1325,8.02899999999954,1,2.972672
6651.2474,8.11490000000049,1,2.939904
6660.1028,8.85539999999946,1,2.942976
6668.0774,7.97460000000046,1,2.965504
6676.0929,8.01549999999952,1,2.92864
6685.1587,9.06580000000031,1,2.924544
6693.0877,7.92900000000009,1,2.968576
6701.1144,8.02670000000035,1,2.926592
6710.1367,9.02229999999963,1,2.931712
6718.221,8.08429999999953,1,2.95936
6726.1239,7.90290000000005,1,2.937856
6735.1159,8.99200000000019,1,2.936832
6743.1061,7.99020000000019,1,2.9696
6751.1997,8.09360000000015,1,2.929664
6760.1404,8.94070000000011,1,2.921472
6768.1293,7.98889999999938,1,2.963456
6776.0794,7.95010000000002,1,2.925568
6785.1624,9.08300000000054,1,2.919424
6793.0933,7.93090000000029,1,2.970624
6801.1702,8.07689999999911,1,2.93376
6810.0904,8.92020000000048,1,2.92864
6818.1858,8.09540000000015,1,2.953216
6826.0988,7.91299999999956,1,2.945024
6835.2511,9.15230000000065,1,2.917376
6843.2173,7.96619999999984,1,2.965504
6851.1722,7.95489999999972,1,2.934784
6860.1361,8.96389999999974,1,2.936832
6868.093,7.95690000000013,1,2.976768
6876.1442,8.05119999999988,1,2.937856
6885.1395,8.9953000000005,1,2.93376
6893.1595,8.01999999999953,1,2.957312
6901.0832,7.92370000000028,1,2.912256
6910.1209,9.03769999999986,1,2.922496
6918.1237,8.00280000000021,1,2.950144
6926.1391,8.01540000000023,1,2.932736
6935.2188,9.07969999999932,1,2.92864
6943.1399,7.92110000000048,1,2.963456
6951.2229,8.08299999999963,1,2.922496
6960.1262,8.90329999999994,1,2.911232
6968.0966,7.97040000000015,1,2.95424
6976.0905,7.99390000000039,1,2.939904
6985.1832,9.09270000000015,1,2.922496
6993.1165,7.93329999999969,1,2.976768
7001.1188,8.0023000000001,1,2.931712
7010.0864,8.96759999999995,1,2.921472
7018.1466,8.0601999999999,1,2.965504
7026.0831,7.9364999999998,1,2.93888
7035.1416,9.05850000000009,1,2.92352
7043.1174,7.97580000000016,1,2.956288
7051.1668,8.04939999999988,1,2.92864
7060.0921,8.92529999999988,1,2.92864
7068.1475,8.05540000000019,1,2.958336
7076.0937,7.94620000000032,1,2.926592
7085.1723,9.07859999999982,1,2.92352
7093.0889,7.91659999999956,1,2.965504
7101.1664,8.07750000000033,1,2.926592
7110.0921,8.92569999999978,1,2.934784
7118.1673,8.07520000000022,1,2.955264
7126.1539,7.98660000000018,1,2.940928
7135.0861,8.93220000000019,1,2.920448
7143.0793,7.99319999999989,1,2.95424
7151.1646,8.08529999999973,1,2.926592
7160.1341,8.96950000000015,1,2.937856
7168.1364,8.0023000000001,1,2.96448
7176.2069,8.07049999999981,1,2.941952
7185.1474,8.9404999999997,1,2.931712
7193.1333,7.98590000000058,1,2.95936
7201.0826,7.94929999999931,1,2.921472
7210.1902,9.10760000000028,1,2.931712
7218.1277,7.9375,1,2.94912
7226.1387,8.01100000000042,1,2.934784
7235.0968,8.95809999999983,1,2.919424
7243.0953,7.99849999999969,1,2.966528
7251.1032,8.00789999999961,1,2.946048
7260.14,9.03680000000077,1,2.930688
7268.1355,7.99549999999999,1,2.977792
7276.144,8.00849999999991,1,2.935808
7285.1898,9.04579999999987,1,2.941952
7293.0943,7.90449999999964,1,2.966528
7301.405,8.3107,1,2.93888
7309.2016,7.79660000000058,1,2.930688
7318.314,9.11239999999998,1,2.922496
7326.2705,7.95649999999932,1,2.947072
7335.2171,8.94660000000022,1,2.92864
7343.1399,7.92280000000028,1,2.981888
7351.1746,8.03470000000016,1,2.940928
7360.0937,8.91910000000007,1,2.937856
7368.1508,8.05709999999999,1,2.977792
7376.1571,8.00630000000001,1,2.939904
7385.1852,9.02809999999954,1,2.93888
7393.1812,7.99600000000009,1,2.95936
7401.1317,7.95049999999992,1,2.946048
7410.0888,8.95710000000054,1,2.94912
7418.1817,8.09289999999964,1,2.953216
7426.1026,7.92090000000007,1,2.955264
7435.1916,9.08899999999994,1,2.945024
7443.2568,8.0652,1,2.972672
7451.1584,7.90160000000014,1,2.957312
7460.1787,9.02030000000013,1,2.930688
7468.1013,7.92259999999987,1,2.991104
7476.1501,8.04879999999957,1,2.95424
7485.1715,9.02140000000054,1,2.940928
7493.1663,7.99479999999949,1,2.983936
7501.1662,7.9998999999998,1,2.95424
7510.1192,8.95300000000043,1,2.951168
7518.169,8.04979999999978,1,2.975744
7525.6693,7.5002999999997,1,2.947072
7534.6082,8.9389000000001,1,2.929664
7543.7227,9.11450000000059,1,2.95424
7551.1583,7.43559999999979,1,2.98496
7560.2022,9.04389999999967,1,2.93376
7568.1437,7.94149999999991,1,2.973696
7576.1241,7.98040000000037,1,2.940928
7585.2853,9.16119999999955,1,2.927616
7593.1295,7.84420000000046,1,2.9952
7601.3182,8.1886999999997,1,2.940928
7610.1854,8.86720000000059,1,2.932736
7618.1912,8.00579999999991,1,2.962432
7626.1599,7.96869999999944,1,2.953216
7635.1715,9.01160000000073,1,2.926592
7643.2049,8.03339999999935,1,2.970624
7651.219,8.01410000000033,1,2.932736
7660.1376,8.91859999999997,1,2.936832
7668.1665,8.02890000000025,1,2.965504
7676.1109,7.9443999999994,1,2.93888
7685.1865,9.07560000000012,1,2.937856
7693.1137,7.92720000000008,1,2.97984
7701.1735,8.0598,1,2.942976
7710.1763,9.00280000000021,1,2.946048
7718.2269,8.05059999999958,1,2.966528
7726.1812,7.95430000000033,1,2.953216
7735.186,9.0047999999997,1,2.950144
7743.2416,8.0556000000006,1,2.97984
7751.2261,7.98449999999957,1,2.952192
7760.2659,9.03980000000047,1,2.95424
7768.192,7.92609999999968,1,2.96448
7776.1148,7.92280000000028,1,2.944
7785.1527,9.03789999999935,1,2.945024
7793.2656,8.11290000000008,1,2.975744
7801.1474,7.88180000000011,1,2.960384
7810.196,9.04860000000008,1,2.953216
7818.1782,7.98220000000038,1,2.988032
7826.2387,8.06049999999959,1,2.95936
7835.2471,9.00839999999971,1,2.951168
7843.249,8.00190000000021,1,2.98496
7851.1941,7.94509999999991,1,2.967552
7860.1525,8.95840000000044,1,2.965504
7868.1707,8.01819999999952,1,3.001344
7876.2358,8.06510000000071,1,2.965504
7885.1892,8.95339999999942,1,2.975744
7893.2244,8.03520000000026,1,3.00032
7901.1201,7.89570000000003,1,2.99008
7910.1284,9.00829999999951,1,2.98496
7918.2105,8.08210000000054,1,2.998272
7926.113,7.90250000000015,1,3.01056
7935.1832,9.07020000000011,1,3.00032
7943.1633,7.98009999999977,1,3.02592
7951.2019,8.03859999999986,1,2.998272
7960.1842,8.98229999999967,1,3.012608
7968.1447,7.96050000000014,1,3.040256
7976.1474,8.0027,1,3.016704
7985.2022,9.05479999999989,1,2.996224
7993.1531,7.95090000000073,1,3.035136
8001.2029,8.04979999999978,1,3.0208
8010.1316,8.92869999999948,1,3.014656
8018.2221,8.09050000000025,1,2.989056
8026.1117,7.88960000000043,1,2.991104
8035.1201,9.00839999999971,1,2.972672
8043.2486,8.1284999999998,1,2.999296
8051.1844,7.9358000000002,1,2.985984
8060.1335,8.94909999999982,1,2.99008
8068.1196,7.98610000000008,1,3.035136
8076.0976,7.97800000000007,1,3.007488
8085.235,9.13739999999962,1,3.001344
8093.2634,8.02840000000015,1,3.040256
8101.2053,7.94189999999981,1,3.03104
8110.2309,9.02559999999994,1,3.013632
8118.1859,7.95500000000084,1,3.05152
8126.2281,8.04219999999987,1,3.03616
8135.1476,8.91949999999997,1,3.05152
8143.2031,8.05549999999948,1,3.06688
8151.1523,7.94920000000002,1,3.04128
8160.1847,9.03240000000005,1,3.05152
8168.2158,8.03110000000015,1,3.084288
8176.1341,7.91830000000027,1,3.086336
8185.1489,9.01479999999992,1,3.073024
8193.2429,8.09399999999914,1,3.065856
8201.1393,7.89640000000145,1,3.096576
8210.1642,9.02489999999852,1,3.080192
8218.3267,8.16250000000036,1,3.03616
8226.2898,7.96310000000085,1,3.034112
8235.2929,9.0030999999999,1,3.03616
8243.229,7.93609999999899,1,3.069952
8251.2335,8.00450000000092,1,3.055616
8260.1905,8.95700000000033,1,3.05152
8268.2177,8.02719999999863,1,3.0976
8276.171,7.95330000000104,1,3.07712
8285.2075,9.03650000000016,1,3.073024
8293.1807,7.97320000000036,1,3.113984
8301.1783,7.99759999999878,1,3.094528
8310.2537,9.07539999999972,1,3.086336
8318.2796,8.02590000000055,1,3.120128
8326.1693,7.88969999999972,1,3.110912
8335.1772,9.00790000000052,1,3.088384
8343.115,7.9377999999997,1,3.126272
8351.1662,8.05119999999988,1,3.115008
8360.1742,9.00799999999981,1,3.0976
8368.1038,7.9296000000013,1,3.13344
8376.2304,8.1265999999996,1,3.091456
8385.1747,8.9442999999992,1,3.108864
8393.1546,7.97990000000027,1,3.158016
8401.13,7.97539999999935,1,3.145728
8410.1611,9.03110000000015,1,3.145728
8418.1502,7.98910000000069,1,3.119104
8426.1518,8.0015999999996,1,3.108864
8435.1208,8.96900000000096,1,3.105792
8443.1658,8.04500000000007,1,3.131392
8451.1617,7.99589999999989,1,3.122176
8460.166,9.00429999999869,1,3.109888
8468.1339,7.96790000000146,1,3.135488
8476.1314,7.99749999999949,1,3.110912
8485.1428,9.01139999999941,1,3.116032
8493.1861,8.04330000000118,1,3.16928
8501.1266,7.94049999999879,1,3.131392
8510.1749,9.04830000000038,1,3.121152
8518.188,8.01310000000012,1,3.165184
8525.6546,7.46659999999974,1,3.155968
8534.6416,8.98700000000099,1,3.139584
8543.662,9.02039999999943,1,3.165184
8551.2583,7.59629999999925,1,3.172352
8560.1791,8.92079999999987,1,3.171328
8568.1683,7.98919999999998,1,3.175424
8576.1386,7.97030000000086,1,3.1488
8585.2177,9.07909999999902,1,3.160064
8593.1339,7.91620000000148,1,3.197952
8601.2089,8.07499999999891,1,3.14368
8610.1715,8.96260000000075,1,3.151872
8618.2501,8.07859999999891,1,3.11808
8626.1428,7.89270000000033,1,3.105792
8635.1656,9.02280000000064,1,3.104768
8643.1729,8.0072999999993,1,3.120128
8651.1924,8.01950000000033,1,3.08736
8660.1399,8.94750000000022,1,3.104768
8668.3112,8.17129999999997,1,3.129344
8676.1908,7.87960000000021,1,3.124224
8685.209,9.01820000000043,1,3.12832
8693.2129,8.0038999999997,1,3.156992
8701.1555,7.94260000000031,1,3.135488
8710.4058,9.2502999999997,1,3.150848
8718.1833,7.77750000000015,1,3.154944
8726.2799,8.09659999999894,1,3.158016
8735.1545,8.87460000000101,1,3.162112
8743.1453,7.99079999999958,1,3.177472
8751.175,8.02969999999914,1,3.175424
8760.1827,9.00770000000011,1,3.178496
8768.1789,7.99620000000141,1,3.2
8776.1694,7.99049999999988,1,3.193856
8785.1875,9.01809999999932,1,3.18976
8793.1744,7.98689999999988,1,3.185664
8801.1435,7.96910000000025,1,3.175424
8810.1506,9.00710000000072,1,3.193856
8818.1618,8.01119999999901,1,3.108864
8826.2657,8.10390000000007,1,3.14368
8835.2857,9.02000000000044,1,3.121152
8843.2271,7.9413999999997,1,3.132416
8851.1807,7.95360000000073,1,3.121152
8860.1729,8.99219999999877,1,3.129344
8868.1538,7.98090000000047,1,3.122176
8876.2045,8.05069999999978,1,3.136512
8885.3344,9.12989999999991,1,3.135488
8893.2539,7.91949999999997,1,3.136512
8901.2314,7.97750000000087,1,3.126272
8910.1415,8.91009999999915,1,3.12832
8918.1658,8.02430000000095,1,3.140608
8926.1372,7.97139999999854,1,3.144704
8935.2128,9.07560000000012,1,3.126272
8943.144,7.9312000000009,1,3.144704
8951.2036,8.0596000000005,1,3.137536
8960.1582,8.95459999999912,1,3.139584
8968.1453,7.98710000000028,1,3.14368
8976.1319,7.98660000000018,1,3.13344
8985.2092,9.07729999999901,1,3.119104
8993.1719,7.96270000000004,1,3.135488
9001.2346,8.0627000000004,1,3.15904
9010.1518,8.91719999999987,1,3.132416
9018.2173,8.06550000000061,1,3.075072
9026.1388,7.92150000000038,1,3.085312
9035.144,9.0051999999996,1,3.063808
9043.1217,7.97769999999946,1,3.09248
9051.2191,8.09740000000056,1,3.063808
9060.2125,8.99339999999938,1,3.076096
9068.1748,7.96230000000105,1,3.062784
9076.1216,7.94679999999971,1,3.052544
9085.2145,9.09289999999964,1,3.06688
9093.1575,7.9429999999993,1,3.062784
9101.14,7.98250000000007,1,3.079168
9110.1983,9.0583000000006,1,3.064832
9118.1774,7.97910000000047,1,3.064832
9126.166,7.98859999999877,1,3.072
9135.1567,8.99070000000029,1,3.065856
9143.2462,8.08950000000004,1,3.074048
9151.1741,7.92790000000059,1,3.067904
9160.1728,8.9987000000001,1,3.05152
9168.2189,8.04609999999957,1,3.067904
9176.1577,7.9387999999999,1,3.063808
9185.2192,9.0614999999998,1,3.06176
9193.1622,7.94300000000112,1,3.073024
9201.1778,8.01559999999881,1,3.042304
9210.1814,9.00360000000001,1,3.05152
9218.2227,8.04130000000077,1,3.052544
9226.1847,7.96199999999953,1,3.05152
9235.2068,9.02210000000014,1,3.0464
9243.1576,7.95080000000053,1,3.03104
9251.2121,8.05450000000019,1,3.038208
9260.1353,8.92319999999927,1,3.0464
9268.2308,8.09549999999945,1,3.04128
9276.188,7.95720000000074,1,3.022848
9285.1866,8.99860000000081,1,3.012608
9293.1656,7.97899999999936,1,3.017728
9301.1652,7.99959999999919,1,2.989056
9310.128,8.96280000000115,1,3.001344
9318.1852,8.05719999999928,1,2.98496
9326.1321,7.94690000000082,1,3.00544
9335.2005,9.06840000000011,1,2.968576
9343.2335,8.03299999999945,1,2.985984
9351.2051,7.97159999999894,1,2.9696
9360.118,8.91290000000117,1,2.973696
9368.1571,8.03909999999996,1,2.973696
9376.1111,7.95399999999972,1,2.956288
9385.191,9.07990000000063,1,2.952192
9393.1831,7.99209999999948,1,2.97472
9401.1464,7.96329999999944,1,2.967552
9410.1452,8.99880000000121,1,2.95424
9418.175,8.02979999999843,1,2.937856
9426.1738,7.99880000000121,1,2.963456
9435.1461,8.97229999999945,1,2.950144
9443.3,8.15389999999934,1,2.971648
9451.1913,7.89130000000114,1,2.968576
9460.1967,9.00540000000001,1,2.946048
9468.1451,7.94839999999931,1,2.957312
9476.15,8.00489999999991,1,2.934784
9485.2845,9.13450000000012,1,2.935808
9493.2249,7.9403999999995,1,2.947072
9501.1877,7.96280000000115,1,2.950144
9510.1764,8.98869999999988,1,2.922496
9518.3543,8.17790000000059,1,2.926592
9526.669,8.31469999999899,1,2.930688
9534.6291,7.96010000000024,1,2.920448
9544.284,9.65489999999954,1,2.926592
9551.163,6.87900000000081,1,2.891776
9560.1957,9.03269999999975,1,2.910208
9568.1907,7.99499999999898,1,2.9184
9576.1613,7.97060000000056,1,2.917376
9585.2457,9.08439999999973,1,2.888704
9593.2049,7.95920000000115,1,2.92352
9601.2104,8.0054999999993,1,2.896896
9610.1659,8.95550000000003,1,2.888704
9618.2355,8.06960000000072,1,2.906112
9626.1787,7.94319999999971,1,2.894848
9635.1931,9.01440000000002,1,2.894848
9643.1874,7.99430000000029,1,2.86208
9651.2654,8.07799999999952,1,2.857984
9660.187,8.92159999999967,1,2.865152
9668.2401,8.053100000001,1,2.879488
9676.1616,7.92149999999856,1,2.873344
9685.2249,9.0632999999998,1,2.849792
9693.1666,7.94170000000122,1,2.883584
9701.1504,7.98379999999997,1,2.853888
9710.1461,8.99569999999949,1,2.832384
9718.1924,8.04629999999997,1,2.868224
9726.162,7.96960000000036,1,2.857984
9735.1625,9.0005000000001,1,2.848768
9743.2358,8.07330000000002,1,2.854912
9751.1984,7.96259999999893,1,2.8416
9760.2379,9.03950000000077,1,2.808832
9768.1869,7.94900000000052,1,2.83648
9776.2146,8.02769999999873,1,2.803712
9785.2533,9.03870000000097,1,2.792448
9793.1933,7.94000000000051,1,2.827264
9801.1623,7.96899999999914,1,2.799616
9810.1768,9.01449999999932,1,2.768896
9818.2134,8.03660000000127,1,2.802688
9826.2082,7.99479999999858,1,2.768896
9835.3051,9.09690000000046,1,2.770944
9843.2365,7.9314000000013,1,2.812928
9851.2315,7.99499999999898,1,2.788352
9860.2072,8.97570000000087,1,2.760704
9868.2,7.99279999999999,1,2.783232
9876.1512,7.95119999999952,1,2.748416
9885.1846,9.03340000000026,1,2.74944
9893.2586,8.0739999999987,1,2.776064
9901.1653,7.90670000000136,1,2.722816
9910.1789,9.01360000000022,1,2.729984
9918.2467,8.0677999999989,1,2.761728
9926.168,7.92129999999997,1,2.758656
9935.1885,9.02050000000054,1,2.715648
9943.1499,7.96140000000014,1,2.750464
9951.3088,8.15890000000036,1,2.736128
9960.247,8.93819999999869,1,2.720768
9968.2217,7.97470000000067,1,2.712576
9976.1571,7.9354000000003,1,2.704384
9985.217,9.0599000000002,1,2.694144
9993.1681,7.95110000000022,1,2.71872
10001.2258,8.05769999999939,1,2.694144
10010.1642,8.93839999999909,1,2.678784
10018.2381,8.07390000000123,1,2.717696
10026.1952,7.95709999999963,1,2.700288
10035.2281,9.03290000000015,1,2.676736
10043.2336,8.0054999999993,1,2.70848
10051.2114,7.97780000000057,1,2.701312
10060.1677,8.95629999999983,1,2.680832
10068.178,8.01029999999992,1,2.711552
10076.184,8.0059999999994,1,2.707456
10085.2166,9.03260000000046,1,2.669568
10093.1986,7.98199999999997,1,2.699264
10101.1589,7.96030000000064,1,2.686976
10110.2185,9.0596000000005,1,2.661376
10118.2339,8.01539999999841,1,2.69312
10126.173,7.93910000000142,1,2.665472
10135.1522,8.97919999999976,1,2.040832
10143.2183,8.06610000000001,1,2.68288
10151.2001,7.98179999999957,1,2.658304
10160.1791,8.97899999999936,1,2.04288
10168.1615,7.98240000000078,1,2.685952
10176.2096,8.04809999999998,1,2.669568
10185.2822,9.07259999999951,1,2.033664
10193.2231,7.9408999999996,1,2.675712
10201.2213,7.9982,1,2.628608
10210.2039,8.98260000000118,1,2.02752
10218.1599,7.95600000000013,1,2.660352
10226.1985,8.03859999999986,1,2.051072
10235.2259,9.02739999999903,1,2.025472
10243.1989,7.97299999999996,1,2.669568
10251.2834,8.08450000000084,1,2.044928
10260.2949,9.01150000000052,1,2.029568
10268.3513,8.05639999999948,1,2.65728
10276.1749,7.82359999999971,1,2.64704
10285.2697,9.09480000000076,1,2.019328
10293.1768,7.90709999999854,1,2.6624
10301.1974,8.02059999999983,1,2.045952
10310.2128,9.01540000000023,1,2.014208
10318.2589,8.04610000000139,1,2.665472
10326.2784,8.01949999999852,1,2.623488
10335.1981,8.91970000000038,1,2.01728
10343.3325,8.13440000000082,1,2.634752
10351.2111,7.87860000000001,1,2.028544
10360.1789,8.96780000000035,1,2.014208
10368.177,7.99809999999889,1,2.660352
10376.1775,8.0005000000001,1,2.615296
10385.1926,9.01510000000053,1,2.006016
10393.1995,8.00690000000031,1,2.661376
10401.1529,7.95339999999851,1,2.03776
10410.2348,9.08190000000104,1,2.003968
10418.2337,7.9989000000005,1,2.045952
10426.2277,7.99399999999878,1,2.613248
10435.1651,8.93740000000071,1,2.01216
10443.2026,8.03750000000036,1,2.654208
10451.2378,8.03520000000026,1,2.039808
10460.2456,9.00779999999941,1,2.013184
10468.2832,8.03759999999966,1,2.65728
10476.1828,7.89960000000065,1,2.619392
10485.3025,9.11969999999928,1,2.009088
10493.1995,7.89700000000084,1,2.64704
10501.1501,7.95060000000012,1,2.633728
10510.2047,9.05459999999948,1,2.013184
10518.26,8.05529999999999,1,2.65728
10525.6794,7.41940000000068,1,2.03264
10534.6803,9.00089999999909,1,1.995776
10542.1806,7.5002999999997,1,2.025472
10551.2257,9.04510000000118,1,1.992704
10560.1743,8.94859999999971,1,2.019328
10568.2467,8.07239999999911,1,2.64704
10576.2009,7.95420000000013,1,2.02752
10585.2705,9.06960000000072,1,2.016256
10593.1825,7.91200000000026,1,2.654208
10601.2265,8.04399999999987,1,2.623488
10610.1776,8.95110000000022,1,2.010112
10618.2466,8.06899999999951,1,2.638848
10626.2074,7.96079999999893,1,2.028544
10635.2037,8.9963000000007,1,2.016256
10643.2574,8.05370000000039,1,2.65728
10651.2308,7.97339999999895,1,2.031616
10660.2049,8.97410000000127,1,2.01216
10668.1818,7.97689999999966,1,2.646016
10676.3353,8.15350000000035,1,2.627584
10684.2231,7.88779999999861,1,2.011136
10693.1928,8.96970000000147,1,1.98656
10701.1807,7.98790000000008,1,2.030592
10710.2078,9.02709999999934,1,1.999872
10718.2305,8.02269999999953,1,2.646016
10726.2605,8.03000000000065,1,2.618368
10735.1993,8.9387999999999,1,2.010112
10743.2189,8.01959999999963,1,2.64192
10751.2089,7.98999999999978,1,2.034688
10760.219,9.01009999999951,1,2.006016
10768.221,8.00200000000041,1,2.66752
10776.2616,8.04060000000027,1,2.614272
10785.2204,8.95880000000034,1,2.01216
10793.3166,8.09619999999995,1,2.6624
10801.2056,7.88899999999921,1,2.033664
10810.2249,9.01929999999993,1,1.997824
10818.2626,8.03770000000077,1,2.748416
10826.1855,7.92289999999957,1,2.689024
10835.3499,9.16439999999966,1,2.70336
10843.3102,7.96030000000064,1,2.738176
10851.2216,7.91140000000087,1,2.720768
10860.1937,8.97209999999905,1,2.694144
10868.2071,8.01339999999982,1,2.72896
10876.1824,7.97530000000006,1,2.699264
10885.2448,9.06240000000071,1,2.70336
10893.1915,7.94670000000042,1,2.751488
10901.2366,8.04509999999937,1,2.717696
10910.1906,8.95399999999972,1,2.689024
10918.2299,8.03930000000037,1,2.737152
10926.1729,7.9429999999993,1,2.715648
10935.2042,9.03130000000056,1,2.705408
10943.1917,7.98749999999927,1,2.742272
10951.2138,8.02210000000014,1,2.706432
10960.2256,9.01180000000022,1,2.685952
10968.2041,7.97850000000108,1,2.72896
10976.1726,7.96849999999904,1,2.719744
10985.2549,9.08230000000003,1,2.694144
10993.1779,7.92300000000068,1,2.741248
11001.2076,8.02969999999914,1,2.720768
11010.2296,9.02200000000084,1,2.684928
11018.3084,8.07879999999932,1,2.740224
11026.2319,7.92350000000079,1,2.748416
11035.1979,8.96599999999853,1,2.70848
11043.1817,7.98379999999997,1,2.753536
11051.2175,8.03580000000147,1,2.746368
11060.1936,8.97609999999986,1,2.71872
11068.2043,8.01069999999891,1,2.761728
11076.1921,7.98780000000079,1,2.737152
11085.2457,9.05359999999928,1,2.717696
11093.2245,7.97880000000077,1,2.758656
11101.2017,7.97719999999936,1,2.729984
11110.2074,9.00569999999971,1,2.720768
11118.2263,8.01890000000094,1,2.760704
11126.2474,8.02109999999993,1,2.736128
11135.1782,8.93080000000009,1,2.707456
11143.2224,8.04420000000027,1,2.75456
11151.2017,7.97929999999906,1,2.742272
11160.2092,9.00749999999971,1,2.709504
11168.209,7.99980000000141,1,2.75968
11176.2112,8.00219999999899,1,2.7392
11185.3275,9.11629999999968,1,2.715648
11193.2262,7.89869999999974,1,2.7648
11201.2385,8.01230000000032,1,2.724864
11210.2051,8.96659999999974,1,2.7136
11218.1866,7.98150000000169,1,2.758656
11226.189,8.0023999999994,1,2.757632
11235.2174,9.02839999999924,1,2.735104
11243.2037,7.98630000000048,1,2.7648
11251.222,8.01829999999973,1,2.724864
11260.1831,8.96110000000044,1,2.712576
11268.2216,8.03850000000057,1,2.774016
11276.1713,7.94969999999921,1,2.75456
11285.2881,9.11679999999978,1,2.738176
11293.2083,7.92020000000048,1,2.766848
11301.2191,8.01080000000002,1,2.741248
11310.2702,9.05110000000059,1,2.724864
11318.3427,8.0724999999984,1,2.762752
11326.2265,7.88380000000143,1,2.74944
11335.2832,9.05669999999918,1,2.725888
11343.332,8.04880000000048,1,2.760704
11351.2338,7.90179999999964,1,2.729984
11360.1883,8.95449999999983,1,2.71872
11368.189,8.00070000000051,1,2.762752
11376.2667,8.07769999999982,1,2.716672
11385.3137,9.04700000000048,1,2.720768
11393.3223,8.00859999999921,1,2.752512
11401.1899,7.86759999999958,1,2.751488
11410.1877,8.99780000000101,1,2.735104
11418.2475,8.05979999999909,1,2.77504
11426.2115,7.96399999999994,1,2.7392
11435.3827,9.17120000000068,1,2.726912
11443.1989,7.8161999999993,1,2.7648
11451.2387,8.03980000000047,1,2.752512
11460.3074,9.06869999999981,1,2.70336
11468.212,7.90459999999985,1,2.762752
11476.2266,8.01460000000043,1,2.738176
11485.2527,9.02609999999913,1,2.720768
11493.1884,7.9357,1,2.75456
11501.2584,8.07000000000153,1,2.722816
11510.1803,8.92189999999937,1,2.71872
11518.3288,8.14849999999933,1,2.758656
11525.7008,7.37200000000121,1,2.746368
11534.718,9.01720000000023,1,2.711552
11542.2405,7.52249999999913,1,2.73408
11551.3392,9.09870000000046,1,2.711552
11559.278,7.9387999999999,1,2.72384
11568.2026,8.92460000000028,1,2.702336
11576.1845,7.98189999999886,1,2.74944
11585.3447,9.16020000000026,1,2.70848
11593.3184,7.97370000000046,1,2.776064
11601.2734,7.95499999999993,1,2.74944
11610.1762,8.90279999999984,1,2.720768
11618.279,8.10280000000057,1,2.794496
11626.257,7.97799999999916,1,2.774016
11635.2439,8.98689999999988,1,2.765824
11643.3309,8.08700000000135,1,2.806784
11651.2706,7.93969999999899,1,2.787328
11660.251,8.98040000000037,1,2.763776
11667.7616,7.51059999999961,1,2.799616
11676.7732,9.01159999999982,1,2.758656
11684.8023,8.02909999999974,1,2.794496
11692.7832,7.98090000000047,1,2.778112
11701.7385,8.95529999999962,1,2.75456
11709.8246,8.08610000000044,1,2.789376
11717.758,7.93339999999989,1,2.771968
11726.7782,9.02020000000084,1,2.74944
11734.7371,7.95889999999963,1,2.796544
11742.7632,8.02609999999913,1,2.774016
11751.7946,9.03139999999985,1,2.753536
11759.7371,7.94250000000102,1,2.820096
11767.815,8.07790000000023,1,2.778112
11776.7317,8.91669999999976,1,2.762752
11784.8673,8.13559999999961,1,2.796544
11792.7812,7.91389999999956,1,2.782208
11801.8368,9.05559999999969,1,2.755584
11809.7803,7.94350000000122,1,2.798592
11817.7986,8.01829999999973,1,2.772992
11826.7429,8.9442999999992,1,2.75968
11835.0103,8.26740000000063,1,2.78528
11843.2537,8.24339999999938,1,2.784256
11851.0941,7.84040000000095,1,2.7904
11860.1003,9.00619999999981,1,2.098176
11868.1068,8.00649999999951,1,2.788352
11876.0733,7.96650000000045,1,2.774016
11885.193,9.11969999999928,1,2.102272
11893.0257,7.83270000000084,1,2.796544
11900.9703,7.94460000000072,1,2.75456
11910.537,9.5666999999994,1,2.097152
11918.9632,8.42619999999988,1,2.818048
11926.7995,7.83629999999903,1,2.820096
11934.8338,8.03430000000117,1,2.796544
11942.7681,7.93429999999898,1,2.793472
11951.7889,9.02080000000024,1,2.752512
11959.7915,8.0025999999998,1,2.791424
11967.7651,7.97360000000117,1,2.76992
11976.7891,9.02399999999943,1,2.758656
11984.7822,7.99309999999969,1,2.78528
11992.7959,8.01369999999952,1,2.771968
12001.7608,8.96490000000085,1,2.75456
12009.7743,8.01349999999911,1,2.812928
12017.7982,8.02390000000014,1,2.776064
12026.7515,8.95330000000104,1,2.757632
12034.7135,7.96199999999953,1,2.792448
12042.7922,8.07870000000003,1,2.776064
12051.7588,8.96659999999974,1,2.757632
12059.7901,8.03130000000056,1,2.796544
12067.7544,7.96429999999964,1,2.770944
12076.7956,9.04119999999966,1,2.761728
12085.0692,8.27360000000044,1,2.792448
12092.7549,7.6857,1,2.777088
12101.7674,9.01250000000073,1,2.756608
12109.7357,7.96829999999864,1,2.799616
12117.7296,7.9939000000013,1,2.783232
12126.7711,9.04149999999936,1,2.755584
12134.799,8.02790000000095,1,2.801664
12142.8273,8.02829999999994,1,2.772992
12151.8074,8.98009999999886,1,2.766848
12159.7355,7.928100000001,1,2.791424
12167.7769,8.04140000000007,1,2.782208
12176.7232,8.94629999999961,1,2.763776
12184.8352,8.11199999999917,1,2.786304
12192.738,7.90279999999984,1,2.788352
12201.7481,9.01010000000133,1,2.7648
12209.7601,8.01199999999881,1,2.791424
12217.8431,8.08300000000054,1,2.761728
12226.7947,8.95160000000033,1,2.765824
12234.783,7.98829999999907,1,2.81088
12242.8075,8.02450000000135,1,2.776064
12251.8461,9.03859999999986,1,2.757632
12259.8739,8.02779999999984,1,2.816
12267.7783,7.90439999999944,1,2.797568
12276.7325,8.95420000000013,1,2.770944
12284.8874,8.15489999999954,1,2.79552
12292.8973,8.00990000000093,1,2.789376
12301.8694,8.97209999999905,1,2.76992
12309.8726,8.00320000000102,1,2.80064
12317.8468,7.97419999999875,1,2.788352
12326.7598,8.91300000000047,1,2.767872
12334.7422,7.98240000000078,1,2.796544
12342.7889,8.04669999999896,1,2.787328
12351.7704,8.98149999999987,1,2.758656
12359.7848,8.01440000000002,1,2.804736
12367.7607,7.97590000000127,1,2.78528
12376.7512,8.99049999999988,1,2.762752
12384.7476,7.99639999999999,1,2.796544
12392.778,8.03039999999964,1,2.79552
12401.7349,8.95689999999922,1,2.766848
12409.7239,7.9890000000014,1,2.802688
12417.7419,8.01800000000003,1,2.7904
12426.7784,9.03649999999834,1,2.778112
12434.7203,7.94190000000162,1,2.814976
12442.7936,8.07330000000002,1,2.793472
12451.838,9.04439999999886,1,2.762752
12459.7607,7.92270000000099,1,2.802688
12467.8242,8.06349999999838,1,2.787328
12476.7517,8.9275000000016,1,2.77504
12484.7739,8.02219999999943,1,2.801664
12492.7276,7.95370000000003,1,2.797568
12501.7533,9.02570000000014,1,2.770944
12509.7088,7.95550000000003,1,2.798592
12517.8979,8.1890999999996,1,2.786304
12526.2613,8.36340000000018,1,2.77504
12535.2844,9.02310000000034,1,2.78016
12542.7395,7.45509999999922,1,2.811904
12551.8123,9.07279999999992,1,2.770944
12559.746,7.93369999999959,1,2.801664
12567.7867,8.04070000000138,1,2.796544
12576.7528,8.96609999999964,1,2.760704
12584.834,8.08120000000054,1,2.788352
12592.7807,7.9466999999986,1,2.781184
12601.769,8.98830000000089,1,2.761728
12609.8325,8.0635000000002,1,2.794496
12617.7871,7.95459999999912,1,2.832384
12626.9088,9.12169999999969,1,2.818048
12634.7585,7.84970000000067,1,2.834432
12642.7353,7.97680000000037,1,2.828288
12651.7772,9.04190000000017,1,2.811904
12659.7487,7.97149999999965,1,2.845696
12667.771,8.02230000000054,1,2.832384
12676.7526,8.98159999999916,1,2.812928
12684.7667,8.01410000000033,1,2.848768
12692.9254,8.15869999999995,1,2.822144
12701.7942,8.86880000000019,1,2.817024
12709.7998,8.00560000000041,1,2.857984
12717.7793,7.97949999999946,1,2.83648
12726.7581,8.97879999999896,1,2.820096
12734.7402,7.98210000000108,1,2.852864
12742.8378,8.09759999999915,1,2.829312
12751.7823,8.94450000000143,1,2.809856
12759.8025,8.02019999999902,1,2.847744
12767.7675,7.96500000000015,1,2.83648
12776.7894,9.02189999999973,1,2.827264
12784.9358,8.14639999999963,1,2.848768
12792.7844,7.84860000000117,1,2.8416
12801.9136,9.1291999999994,1,2.812928
12809.7674,7.85380000000077,1,2.845696
12817.8067,8.03929999999855,1,2.833408
12826.7509,8.94419999999991,1,2.812928
12834.8104,8.05950000000121,1,2.83648
12842.879,8.06860000000052,1,2.835456
12851.8386,8.95959999999832,1,2.807808
12859.7962,7.95760000000155,1,2.854912
12867.7654,7.96919999999955,1,2.83136
12876.7576,8.99220000000059,1,2.813952
12884.8251,8.0674999999992,1,2.835456
12892.8128,7.98769999999968,1,2.835456
12901.7521,8.9393,1,2.813952
12909.7388,7.98669999999947,1,2.837504
12917.8409,8.10210000000006,1,2.814976
12926.7712,8.93029999999999,1,2.820096
12934.7959,8.02469999999994,1,2.827264
12942.7516,7.95570000000043,1,2.828288
12951.81,9.05839999999989,1,2.813952
12959.7953,7.98530000000028,1,2.847744
12967.7714,7.97609999999986,1,2.83136
12976.7981,9.02670000000035,1,2.812928
12984.782,7.98389999999927,1,2.829312
12992.7829,8.00090000000091,1,2.837504
13001.7529,8.96999999999935,1,2.813952
13009.7186,7.96570000000065,1,2.839552
13017.8145,8.09590000000026,1,2.83136
13026.8145,9,1,2.819072
13034.7759,7.96140000000014,1,2.8416
13042.821,8.04509999999937,1,2.818048
13051.7797,8.95869999999923,1,2.812928
13059.7552,7.97550000000047,1,2.85184
13067.7494,7.994200000001,1,2.839552
13076.8222,9.07279999999992,1,2.818048
13084.8538,8.03160000000025,1,2.854912
13092.7931,7.9393,1,2.83648
13101.7559,8.96279999999933,1,2.83136
13109.7974,8.04149999999936,1,2.845696
13117.8002,8.00280000000021,1,2.840576
13126.8196,9.01940000000104,1,2.816
13134.8574,8.03780000000006,1,2.857984
13142.8124,7.95499999999993,1,2.837504
13151.8754,9.0630000000001,1,2.820096
13159.7673,7.89189999999871,1,2.854912
13167.705,7.9377000000004,1,2.834432
13176.7354,9.03039999999964,1,2.81088
13184.8021,8.06670000000122,1,2.839552
13192.8102,8.0080999999991,1,2.847744
13201.7553,8.94510000000082,1,2.814976
13209.7578,8.00249999999869,1,2.848768
13217.8401,8.08230000000003,1,2.839552
13226.7676,8.92749999999978,1,2.824192
13234.7458,7.97820000000138,1,2.85184
13242.7321,7.98629999999866,1,2.83648
13251.8589,9.1268,1,2.80576
13259.7679,7.90900000000147,1,2.85184
13267.8611,8.09319999999934,1,2.82624
13276.819,8.95789999999943,1,2.818048
13284.7962,7.97720000000118,1,2.845696
13292.8422,8.04599999999846,1,2.848768
13301.7405,8.89830000000075,1,2.816
13310.0214,8.28089999999975,1,2.843648
13317.7966,7.77520000000004,1,2.835456
13326.791,8.99439999999959,1,2.820096
13334.7746,7.98360000000139,1,2.849792
13342.7907,8.01609999999891,1,2.837504
13351.8023,9.01159999999982,1,2.809856
13359.7794,7.97710000000006,1,2.845696
13367.7901,8.01070000000072,1,2.840576
13376.7699,8.97979999999916,1,2.818048
13384.7928,8.02289999999994,1,2.837504
13392.8066,8.01380000000063,1,2.837504
13401.7413,8.93469999999979,1,2.820096
13409.7587,8.01740000000063,1,2.845696
13417.8083,8.04960000000028,1,2.833408
13426.7995,8.99119999999857,1,2.83136
13434.7446,7.94510000000082,1,2.850816
13442.771,8.02640000000065,1,2.834432
13451.7865,9.01549999999952,1,2.813952
13459.8318,8.04529999999977,1,2.842624
13467.7602,7.92840000000069,1,2.835456
13476.7661,9.00590000000011,1,2.822144
13484.8265,8.06039999999848,1,2.844672
13492.7863,7.95980000000054,1,2.843648
13501.7921,9.00580000000082,1,2.818048
13509.7437,7.95160000000033,1,2.835456
13517.8545,8.11079999999856,1,2.840576
13526.3024,8.44790000000103,1,2.820096
13535.3237,9.02130000000034,1,2.825216
13542.7833,7.45959999999832,1,2.861056
13551.8319,9.04860000000008,1,2.830336
13559.7768,7.94490000000042,1,2.854912
13567.8041,8.02729999999974,1,2.844672
13576.833,9.02890000000116,1,2.819072
13584.8687,8.03570000000036,1,2.852864
13592.8595,7.99079999999958,1,2.83648
13601.7983,8.9387999999999,1,2.819072
13609.8248,8.02649999999994,1,2.860032
13617.7997,7.97489999999925,1,2.85696
13626.7502,8.95050000000083,1,2.829312
13634.7768,8.02659999999923,1,2.853888
13642.8074,8.03060000000005,1,2.837504
13651.8153,9.00790000000052,1,2.825216
13659.872,8.05669999999918,1,2.860032
13667.841,7.96900000000096,1,2.838528
13676.796,8.95499999999993,1,2.828288
13684.7991,8.0030999999999,1,2.854912
13692.8388,8.03969999999936,1,2.838528
13701.7791,8.94030000000021,1,2.825216
13709.8137,8.03460000000086,1,2.842624
13717.8613,8.04759999999987,1,2.85184
13726.8002,8.93889999999919,1,2.820096
13734.7771,7.97689999999966,1,2.847744
13742.7913,8.01420000000144,1,2.857984
13751.939,9.14769999999953,1,2.823168
13759.7897,7.85069999999905,1,2.850816
13767.7612,7.97150000000147,1,2.840576
13776.7642,9.00299999999879,1,2.824192
13784.8075,8.04330000000118,1,2.848768
13792.7983,7.99079999999958,1,2.85184
13801.8706,9.07229999999981,1,2.835456
13809.8019,7.93130000000019,1,2.849792
13817.8885,8.08659999999873,1,2.845696
13826.7751,8.88660000000164,1,2.824192
13834.8711,8.09599999999955,1,2.84672
13842.9114,8.04030000000057,1,2.835456
13851.8495,8.93809999999939,1,2.812928
13859.791,7.941499999999,1,2.85184
13867.8474,8.0564000000013,1,2.842624
13876.7969,8.94949999999881,1,2.825216
13884.8455,8.04860000000008,1,2.847744
13892.7939,7.94840000000113,1,2.85696
13901.7904,8.99649999999929,1,2.824192
13909.8335,8.04310000000078,1,2.850816
13917.8274,7.99389999999948,1,2.8416
13927.038,9.21060000000034,1,2.828288
13934.8109,7.77289999999994,1,2.865152
13942.7998,7.98890000000029,1,2.839552
13951.7984,8.99859999999899,1,2.829312
13959.7902,7.99179999999978,1,2.849792
13967.7654,7.97520000000077,1,2.840576
13976.8193,9.05389999999898,1,2.811904
13984.814,7.9947000000011,1,2.850816
13992.8268,8.01280000000042,1,2.842624
14001.7843,8.95749999999862,1,2.829312
14009.7912,8.00690000000031,1,2.855936
14017.8544,8.06320000000051,1,2.8416
14026.8333,8.97890000000007,1,2.834432
14034.7783,7.94499999999971,1,2.86208
14042.8416,8.0632999999998,1,2.82624
14051.8782,9.03659999999945,1,2.827264
14059.7863,7.90810000000056,1,2.861056
14067.8143,8.02800000000025,1,2.830336
14076.7846,8.97030000000086,1,2.82624
14084.8801,8.09549999999945,1,2.850816
14092.8322,7.95210000000043,1,2.849792
14101.756,8.92379999999866,1,2.82112
14109.7985,8.04250000000138,1,2.850816
14117.8133,8.01479999999901,1,2.840576
14126.7705,8.95720000000074,1,2.824192
14134.7967,8.02620000000024,1,2.860032
14142.782,7.98529999999846,1,2.840576
14151.8997,9.1177000000007,1,2.82624
14159.807,7.90730000000076,1,2.853888
14167.8143,8.0072999999993,1,2.842624
14176.762,8.94770000000062,1,2.83136
14184.8356,8.07359999999971,1,2.848768
14192.768,7.93239999999969,1,2.847744
14201.8229,9.05489999999918,1,2.830336
14209.7939,7.97100000000137,1,2.860032
14217.9083,8.11439999999857,1,2.878464
14226.8763,8.96800000000076,1,2.865152
14234.8409,7.96459999999934,1,2.905088
14242.8971,8.0562000000009,1,2.904064
14251.8472,8.95010000000002,1,2.865152
14260.0781,8.23090000000047,1,2.909184
14267.8132,7.73509999999987,1,2.88768
14276.856,9.04279999999926,1,2.875392
14284.8094,7.95340000000033,1,2.905088
14292.81,8.00059999999939,1,2.898944
14301.7702,8.96020000000135,1,2.884608
14309.8502,8.07999999999993,1,2.905088
14317.9022,8.05199999999968,1,2.876416
14326.9768,9.07459999999992,1,2.869248
14334.8443,7.86750000000029,1,2.906112
14342.7921,7.94779999999992,1,2.88256
14351.8071,9.01499999999942,1,2.866176
14359.8315,8.02440000000024,1,2.904064
14367.7818,7.95030000000042,1,2.8928
14376.9313,9.14949999999953,1,2.870272
14384.8173,7.88600000000042,1,2.895872
14392.9098,8.09249999999884,1,2.881536
14401.9592,9.04939999999988,1,2.874368
14409.7872,7.82800000000134,1,2.919424
14417.8515,8.0643,1,2.904064
14426.7947,8.94319999999971,1,2.883584
14434.7702,7.97550000000047,1,2.893824
14442.7699,7.99969999999848,1,2.890752
14451.8061,9.03620000000046,1,2.869248
14459.8062,8.00010000000111,1,2.894848
14467.8077,8.00149999999849,1,2.88256
14476.8027,8.9950000000008,1,2.880512
14484.8974,8.09469999999965,1,2.893824
14492.7952,7.89780000000064,1,2.890752
14501.8061,9.01089999999931,1,2.873344
14509.7678,7.96169999999984,1,2.900992
14517.9243,8.15650000000096,1,2.891776
14526.309,8.3846999999987,1,2.886656
14535.332,9.02300000000105,1,2.878464
14542.8288,7.49679999999898,1,2.9184
14551.8819,9.053100000001,1,2.881536
14559.8712,7.98929999999928,1,2.916352
14567.8114,7.94020000000091,1,2.899968
14576.8054,8.99399999999878,1,2.871296
14584.829,8.02360000000044,1,2.894848
14592.9216,8.09259999999995,1,2.888704
14601.8967,8.97509999999966,1,2.866176
14609.8111,7.91440000000148,1,2.9184
14617.8599,8.04879999999866,1,2.891776
14626.8066,8.94670000000042,1,2.884608
14634.7892,7.98259999999937,1,2.900992
14642.8271,8.03790000000117,1,2.888704
14651.8706,9.04349999999977,1,2.871296
14659.8307,7.96010000000024,1,2.911232
14667.8045,7.97379999999976,1,2.88768
14676.8236,9.01909999999953,1,2.879488
14684.815,7.99140000000079,1,2.910208
14692.8421,8.02709999999934,1,2.89792
14701.7884,8.94629999999961,1,2.886656
14709.8811,8.09270000000106,1,2.898944
14717.8365,7.95539999999892,1,2.894848
14726.8085,8.97199999999975,1,2.884608
14734.7818,7.97330000000147,1,2.904064
14742.8742,8.09239999999954,1,2.8928
14751.8438,8.96960000000036,1,2.884608
14759.8201,7.97630000000026,1,2.902016
14767.8241,8.003999999999,1,2.881536
14776.837,9.01289999999972,1,2.88256
14784.8702,8.03319999999985,1,2.890752
14792.8073,7.93710000000101,1,2.902016
14801.8447,9.03739999999925,1,2.88256
14809.8275,7.98279999999977,1,2.905088
14817.9318,8.10430000000088,1,2.89792
14826.824,8.89220000000023,1,2.874368
14834.9138,8.08979999999974,1,2.894848
14842.9509,8.03709999999955,1,2.886656
14851.8993,8.94839999999931,1,2.861056
14859.8043,7.90500000000065,1,2.912256
14867.8709,8.06660000000011,1,2.881536
14876.828,8.95709999999963,1,2.883584
14884.8681,8.04010000000017,1,2.912256
14892.8323,7.96420000000035,1,2.8928
14901.8186,8.98630000000048,1,2.876416
14909.8092,7.99059999999918,1,2.900992
14917.8793,8.07010000000082,1,2.89792
14927.103,9.22369999999864,1,2.87232
14934.8129,7.70990000000165,1,2.91328
14942.8108,7.99789999999848,1,2.893824
14951.8392,9.02840000000106,1,2.87232
14959.8203,7.98109999999906,1,2.889728
14967.8005,7.98019999999997,1,2.886656
14976.8658,9.06530000000021,1,2.865152
14984.8764,8.01059999999961,1,2.910208
14992.8612,7.98480000000018,1,2.904064
15001.8069,8.94570000000022,1,2.885632
15009.7989,7.99200000000019,1,2.904064
15017.8416,8.04269999999997,1,2.88768
15026.83,8.98840000000018,1,2.875392
15034.7922,7.96219999999994,1,2.910208
15042.8672,8.07500000000073,1,2.896896
15051.909,9.04179999999906,1,2.891776
15059.8214,7.91240000000107,1,2.907136
15067.8332,8.0117999999984,1,2.884608
15076.8118,8.97860000000037,1,2.875392
15084.892,8.08020000000033,1,2.905088
15092.7948,7.90279999999984,1,2.907136
15101.8393,9.04449999999997,1,2.876416
15109.8178,7.97850000000108,1,2.90304
15117.8479,8.03009999999995,1,2.899968
15126.8174,8.96949999999924,1,2.884608
15134.8168,7.99940000000061,1,2.904064
15142.8371,8.02030000000013,1,2.900992
15151.9185,9.08139999999912,1,2.884608
15159.8439,7.92540000000008,1,2.917376
15167.8277,7.98379999999997,1,2.886656
15176.7983,8.97060000000056,1,2.870272
15184.8788,8.08050000000003,1,2.919424
15192.791,7.91219999999885,1,2.896896
15201.831,9.04000000000087,1,2.871296
15209.9003,8.0692999999992,1,2.917376
15217.8747,7.97440000000097,1,2.906112
15226.7497,8.875,1,2.890752
15234.7799,8.03019999999924,1,2.900992
15242.7785,7.99860000000081,1,2.875392
15251.8514,9.07289999999921,1,2.870272
15259.8498,7.9984000000004,1,2.916352
15267.866,8.01620000000003,1,2.888704
15276.8167,8.95069999999942,1,2.884608
15284.8558,8.03909999999996,1,2.9184
15292.8958,8.04000000000087,1,2.906112
15301.7972,8.90140000000065,1,2.88768
15309.8936,8.09639999999854,1,2.89792
15317.9151,8.02150000000074,1,2.90304
15326.8762,8.96110000000044,1,2.894848
15334.9079,8.03169999999955,1,2.907136
15342.8525,7.94460000000072,1,2.904064
15351.8342,8.98169999999845,1,2.875392
15359.8934,8.05920000000151,1,2.90304
15367.8616,7.96819999999934,1,2.902016
15376.9083,9.04669999999896,1,2.875392
15384.8595,7.95120000000134,1,2.912256
15392.927,8.0674999999992,1,2.900992
15402.061,9.13400000000001,1,2.890752
15409.8143,7.75330000000031,1,2.93376
15417.8473,8.03299999999945,1,2.888704
15426.829,8.98170000000027,1,2.888704
15434.8554,8.02640000000065,1,2.89792
15442.826,7.97059999999874,1,2.894848
15451.87,9.04400000000169,1,2.873344
15459.8769,8.0068999999985,1,2.893824
15467.8503,7.97340000000077,1,2.909184
15476.8388,8.98849999999948,1,2.871296
15484.9073,8.06850000000122,1,2.90304
15492.828,7.92069999999876,1,2.8928
15501.9366,9.10860000000139,1,2.880512
15509.8224,7.8857999999982,1,2.906112
15517.9296,8.10720000000038,1,2.891776
15526.3765,8.44690000000082,1,2.888704
15534.3271,7.95060000000012,1,2.889728
15543.0542,8.72710000000006,1,2.8672
15550.908,7.85379999999896,1,2.87232
15559.9197,9.01170000000093,1,2.857984
15567.8327,7.91300000000047,1,2.905088
15576.8209,8.98819999999978,1,2.876416
15584.894,8.07309999999961,1,2.90816
15592.8927,7.9987000000001,1,2.896896
15601.8915,8.99879999999939,1,2.883584
15609.96,8.0684999999994,1,2.909184
15617.8648,7.90480000000025,1,2.890752
15626.88,9.01519999999982,1,2.883584
15634.8272,7.94720000000052,1,2.914304
15642.9002,8.07300000000032,1,2.893824
15651.9736,9.07339999999931,1,2.881536
15659.8795,7.90589999999975,1,2.921472
15667.9124,8.03290000000015,1,2.909184
15676.8252,8.91280000000006,1,2.890752
15684.9052,8.07999999999993,1,2.912256
15692.8287,7.92350000000079,1,2.90816
15701.8596,9.03089999999975,1,2.879488
15709.8948,8.03520000000026,1,2.90304
15717.8433,7.94850000000042,1,2.907136
15726.8619,9.01859999999942,1,2.87232
15734.908,8.04609999999957,1,2.906112
15742.8771,7.96910000000025,1,2.89792
15751.9267,9.04960000000028,1,2.875392
15759.8321,7.90539999999964,1,2.915328
15767.9281,8.09599999999955,1,2.889728
15776.8354,8.90730000000076,1,2.8928
15784.9016,8.0661999999993,1,2.90304
15792.8538,7.95220000000154,1,2.90304
15801.8844,9.03060000000005,1,2.879488
15809.8764,7.99199999999837,1,2.899968
15817.9506,8.07420000000093,1,2.889728
15826.8629,8.91229999999996,1,2.885632
15834.9627,8.09979999999996,1,2.907136
15842.9701,8.00740000000042,1,2.893824
15851.9339,8.96379999999954,1,2.87744
15859.9152,7.98129999999946,1,2.924544
15867.8218,7.90660000000025,1,2.912256
15876.8843,9.0625,1,2.874368
15884.8702,7.98589999999967,1,2.90304
15892.9688,8.09860000000117,1,2.904064
15901.8464,8.8775999999998,1,2.883584
15909.8313,7.98489999999947,1,2.90816
15917.8582,8.02690000000075,1,2.898944
15926.8733,9.01509999999871,1,2.879488
15934.8997,8.02640000000065,1,2.906112
15942.8728,7.97309999999925,1,2.902016
15951.8941,9.02130000000034,1,2.875392
15959.9127,8.01860000000124,1,2.904064
15967.8535,7.94079999999849,1,2.91328
15976.8857,9.03220000000147,1,2.868224
15984.8548,7.96909999999843,1,2.895872
15992.907,8.05220000000008,1,2.894848
16001.8808,8.97380000000157,1,2.88768
16009.8444,7.96359999999913,1,2.932736
16017.8799,8.03549999999996,1,2.898944
16026.8499,8.96999999999935,1,2.880512
16035.1597,8.30980000000091,1,2.90816
16042.8922,7.73250000000007,1,2.88768
16052.0349,9.14270000000033,1,2.889728
16059.8756,7.84069999999883,1,2.91328
16067.8554,7.97980000000098,1,2.900992
16076.8394,8.98400000000038,1,2.875392
16084.8823,8.04289999999855,1,2.909184
16092.853,7.97069999999985,1,2.88256
16101.9146,9.06160000000091,1,2.87232
16109.8554,7.94080000000031,1,2.92352
16117.9469,8.09150000000045,1,2.896896
16126.8854,8.93849999999838,1,2.891776
16134.8475,7.96210000000065,1,2.910208
16142.8884,8.04089999999997,1,2.881536
16151.8993,9.01089999999931,1,2.881536
16159.8674,7.96810000000005,1,2.909184
16167.8957,8.02829999999994,1,2.905088
16176.8461,8.95040000000154,1,2.881536
16184.9137,8.06759999999849,1,2.90816
16192.8524,7.93870000000061,1,2.895872
16201.9346,9.08220000000074,1,2.879488
16210.0991,8.16449999999895,1,2.909184
16217.9327,7.83359999999993,1,2.8928
16226.9003,8.96759999999995,1,2.884608
16234.8524,7.95210000000043,1,2.917376
16242.8686,8.01620000000003,1,2.894848
16251.9218,9.05320000000029,1,2.876416
16259.9053,7.98350000000028,1,2.917376
16267.8977,7.99239999999918,1,2.899968
16276.8701,8.97240000000056,1,2.88256
16284.9201,8.04999999999927,1,2.91328
16292.9454,8.02530000000115,1,2.8928
16301.8638,8.91839999999866,1,2.891776
16309.9709,8.10710000000108,1,2.907136
16317.9147,7.9437999999991,1,2.888704
16326.9014,8.98670000000129,1,2.883584
16334.9212,8.01980000000003,1,2.914304
16342.9847,8.0635000000002,1,2.889728
16351.9348,8.95010000000002,1,2.88256
16359.8977,7.96289999999863,1,2.912256
16367.821,7.92330000000038,1,2.893824
16376.8357,9.01469999999972,1,2.886656
16384.8851,8.04939999999988,1,2.893824
16392.8658,7.98070000000007,1,2.89792
16401.8703,9.0044999999991,1,2.875392
16409.8183,7.94800000000032,1,2.911232
16417.8959,8.07760000000053,1,2.896896
16426.8572,8.96129999999903,1,2.875392
16434.8376,7.98040000000037,1,2.921472
16442.8186,7.98099999999977,1,2.891776
16451.8773,9.05870000000141,1,2.88256
16459.8364,7.95910000000003,1,2.911232
16467.8404,8.00400000000081,1,2.893824
16476.8887,9.04829999999856,1,2.880512
16484.8751,7.98640000000159,1,2.890752
16492.9801,8.10499999999956,1,2.894848
16501.9305,8.9503999999979,1,3.30752
16509.866,7.93550000000323,1,2.9184
16517.8972,8.03119999999763,1,2.89792
16526.3036,8.40639999999985,1,2.869248
16535.3419,9.03830000000016,1,2.898944
16543.3941,8.0522000000019,1,2.926592
16550.8826,7.48849999999948,1,2.894848
16559.8889,9.00630000000092,1,2.866176
16567.8676,7.97869999999966,1,2.8928
16576.8516,8.98400000000038,1,2.87744
16584.8866,8.03499999999985,1,2.91328
16592.8843,7.9976999999999,1,2.891776
16601.8414,8.95709999999963,1,2.894848
16609.9086,8.06719999999768,1,2.90816
16617.8836,7.97500000000218,1,2.902016
16626.8773,8.99369999999908,1,2.881536
16634.9008,8.02349999999933,1,2.904064
16642.873,7.97220000000016,1,2.894848
16651.8244,8.95140000000174,1,2.883584
16659.8365,8.01209999999992,1,2.916352
16667.8433,8.0067999999992,1,2.895872
16676.8543,9.0109999999986,1,2.890752
16684.9114,8.05710000000181,1,2.900992
16692.8577,7.94629999999961,1,2.890752
16701.9714,9.11369999999806,1,2.880512
16709.9009,7.92950000000201,1,2.91328
16717.9497,8.04880000000048,1,2.896896
16726.85,8.90029999999751,1,2.88768
16734.8597,8.00970000000234,1,2.91328
16742.8299,7.97019999999975,1,2.894848
16751.9142,9.08429999999862,1,2.880512
16759.8389,7.92469999999958,1,2.912256
16767.8769,8.03800000000047,1,2.896896
16776.8849,9.00800000000163,1,2.87744
16784.9779,8.09300000000076,1,2.905088
16793.0315,8.05359999999928,1,2.905088
16800.8595,7.8279999999977,1,2.891776
16809.8153,8.95579999999973,1,2.869248
16817.8874,8.07210000000123,1,2.89792
16826.9009,9.01350000000093,1,2.876416
16834.995,8.09409999999843,1,2.900992
16842.9064,7.91140000000087,1,2.889728
16851.8972,8.99079999999958,1,2.870272
16859.8817,7.9845000000023,1,2.92352
16867.8609,7.97919999999795,1,2.899968
16876.9385,9.07760000000053,1,2.886656
16884.8975,7.95899999999892,1,2.9184
16892.8916,7.99409999999989,1,2.886656
16901.8343,8.9426999999996,1,2.88256
16909.8513,8.01699999999983,1,2.904064
16917.8702,8.01890000000276,1,2.893824
16926.8532,8.98300000000017,1,2.879488
16934.8343,7.98109999999724,1,2.911232
16942.9306,8.09630000000107,1,2.88768
16951.8807,8.95010000000184,1,2.87744
16959.8999,8.01919999999882,1,2.919424
16967.8359,7.93599999999788,1,2.89792
16976.853,9.01710000000094,1,2.876416
16985.1571,8.3041000000012,1,2.900992
16992.846,7.68890000000101,1,2.89792
17001.9888,9.14279999999781,1,2.880512
17009.8497,7.86089999999967,1,2.919424
17017.911,8.06130000000121,1,2.929664
17026.8501,8.9390999999996,1,2.89792
17034.8674,8.01729999999952,1,2.939904
17042.8417,7.97430000000168,1,2.920448
17051.9385,9.09679999999935,1,2.9184
17059.8525,7.91400000000067,1,2.944
17067.8616,8.00909999999931,1,2.932736
17076.8297,8.96809999999823,1,2.910208
17084.9285,8.09880000000339,1,2.929664
17092.8685,7.93999999999869,1,2.910208
17101.9085,9.04000000000087,1,2.896896
17109.8727,7.96419999999853,1,2.939904
17117.9171,8.04439999999886,1,2.916352
17126.8436,8.9265000000014,1,2.898944
17134.856,8.01239999999962,1,2.944
17142.8634,8.0073999999986,1,2.92352
17151.923,9.0596000000005,1,2.899968
17159.9077,7.98470000000088,1,2.936832
17167.9077,8,1,3.175424
17176.8829,8.97520000000077,1,2.896896
17184.9063,8.02339999999822,1,2.930688
17192.8554,7.94910000000164,1,2.922496
17201.8439,8.98849999999948,1,2.915328
17209.8239,7.97999999999956,1,2.935808
17217.8646,8.04070000000138,1,2.92352
17226.8955,9.03089999999793,1,2.90816
17234.8445,7.94900000000052,1,2.94912
17242.8895,8.04500000000189,1,2.920448
17251.87,8.98049999999785,1,2.921472
17259.9182,8.04820000000109,1,2.948096
17267.883,7.96480000000156,1,2.925568
17276.9308,9.04779999999664,1,2.914304
17284.8862,7.95540000000256,1,2.929664
17292.8815,7.99529999999868,1,2.926592
17301.8359,8.95439999999871,1,2.91328
17309.8604,8.02450000000317,1,2.937856
17317.9087,8.04829999999856,1,2.91328
17326.8931,8.98440000000119,1,2.912256
17334.9414,8.04829999999856,1,2.936832
17342.8749,7.93349999999919,1,2.92352
17351.8535,8.97860000000219,1,2.904064
17359.8482,7.99469999999928,1,2.926592
17367.8124,7.96419999999853,1,2.92352
17376.8438,9.03139999999985,1,2.917376
17384.9036,8.05980000000272,1,2.922496
17392.9295,8.02589999999691,1,2.927616
17401.8838,8.95430000000124,1,2.899968
17409.8542,7.97040000000197,1,2.953216
17417.8887,8.03449999999793,1,2.9184
17426.872,8.98329999999987,1,2.911232
17434.8592,7.98719999999958,1,2.931712
17442.8312,7.97200000000157,1,2.919424
17451.8778,9.04659999999785,1,2.915328
17459.8627,7.98490000000311,1,2.936832
17467.8823,8.01959999999963,1,2.922496
17476.8483,8.96600000000035,1,2.905088
17484.8696,8.02130000000034,1,2.927616
17492.8667,7.99709999999686,1,2.920448
17501.8545,8.98780000000261,1,2.907136
17509.8548,8.0002999999997,1,2.93888
17517.8906,8.03579999999783,1,2.924544
17526.383,8.49240000000282,1,2.907136
17534.3692,7.98619999999937,1,2.911232
17543.4092,9.03999999999724,1,2.895872
17550.9138,7.50460000000021,1,2.917376
17559.9822,9.06840000000011,1,2.888704
17567.8947,7.91250000000218,1,2.92352
17576.873,8.97829999999885,1,2.91328
17585.0012,8.1281999999992,1,2.926592
17592.8965,7.89530000000013,1,2.921472
17601.8724,8.97590000000127,1,2.91328
17609.8759,8.00349999999889,1,2.932736
17617.9767,8.10080000000016,1,2.905088
17626.882,8.90530000000217,1,2.91328
17634.9005,8.01849999999831,1,2.936832
17642.9111,8.01060000000143,1,2.926592
17651.942,9.03089999999793,1,2.912256
17659.878,7.93600000000151,1,2.941952
17667.9559,8.07790000000023,1,2.926592
17676.8716,8.91569999999774,1,2.900992
17684.937,8.06540000000314,1,2.934784
17692.9053,7.96829999999682,1,2.925568
17701.8984,8.99309999999969,1,2.898944
17709.8863,7.98790000000008,1,2.930688
17717.9809,8.09460000000036,1,2.920448
17726.8899,8.90899999999965,1,2.92352
17734.8982,8.00830000000133,1,2.942976
17742.8778,7.97959999999875,1,2.917376
17751.9556,9.07780000000275,1,2.909184
17759.9818,8.02620000000024,1,2.936832
17767.9185,7.93669999999838,1,2.929664
17776.9957,9.07719999999972,1,2.910208
17785.0053,8.00960000000123,1,2.92864
17792.8762,7.87089999999807,1,2.92352
17801.8863,9.01009999999951,1,2.916352
17809.9037,8.01740000000063,1,2.936832
17817.8962,7.99250000000029,1,2.925568
17826.9473,9.05110000000059,1,2.90816
17835.0293,8.08199999999852,1,2.939904
17843.0121,7.98280000000159,1,2.921472
17850.9286,7.91649999999936,1,2.905088
17859.9318,9.0031999999992,1,2.886656
17867.8683,7.9364999999998,1,2.922496
17876.9206,9.05230000000302,1,2.911232
17884.8939,7.97329999999783,1,2.932736
17892.9434,8.04950000000099,1,2.919424
17901.9473,9.0038999999997,1,2.914304
17909.8894,7.94210000000021,1,2.953216
17917.9636,8.07419999999911,1,2.931712
17926.8744,8.91080000000147,1,2.902016
17934.8923,8.01789999999892,1,2.930688
17942.8655,7.97320000000036,1,2.927616
17951.9961,9.13060000000041,1,2.921472
17959.9236,7.92749999999796,1,2.94912
17967.8934,7.96980000000258,1,2.924544
17976.8717,8.97829999999885,1,2.921472
17984.9522,8.08050000000003,1,2.931712
17992.8927,7.94050000000061,1,2.931712
18001.933,9.04030000000057,1,2.90816
18009.9108,7.97780000000057,1,2.955264
18018.0192,8.10839999999735,1,2.920448
18025.8992,7.88000000000102,1,2.904064
18034.9012,9.00200000000041,1,2.896896
18042.9123,8.01109999999971,1,2.924544
18051.9034,8.99109999999928,1,2.906112
18060.0427,8.13930000000255,1,2.932736
18067.8869,7.84419999999955,1,2.934784
18076.8799,8.99299999999857,1,2.914304
18084.9337,8.0538000000015,1,2.935808
18092.8954,7.96169999999984,1,2.924544
18101.8738,8.97839999999997,1,2.920448
18109.948,8.07419999999911,1,2.929664
18117.9322,7.98419999999896,1,2.917376
18126.9398,9.00760000000082,1,2.911232
18134.8914,7.95160000000033,1,2.93376
18142.9651,8.07370000000083,1,2.926592
18151.8995,8.93439999999828,1,2.904064
18159.9042,8.00470000000132,1,2.93376
18167.8696,7.96540000000095,1,2.932736
18176.9238,9.05419999999867,1,2.91328
18184.913,7.98919999999998,1,2.924544
18192.899,7.98600000000079,1,2.937856
18201.8664,8.96739999999772,1,2.910208
18209.9156,8.04920000000129,1,2.931712
18217.9712,8.05559999999969,1,2.924544
18226.9519,8.98070000000007,1,2.902016
18234.9732,8.02130000000034,1,2.931712
18242.9373,7.96410000000105,1,2.916352
18251.9829,9.04559999999765,1,2.914304
18259.9118,7.92890000000261,1,2.947072
18267.9197,8.00789999999688,1,2.92352
18276.8648,8.94510000000082,1,2.916352
18284.9606,8.09579999999914,1,2.93376
18292.9357,7.97510000000329,1,2.920448
18301.8921,8.95639999999912,1,2.914304
18309.8559,7.96379999999772,1,2.930688
18317.917,8.06110000000263,1,2.930688
18326.8631,8.94609999999739,1,2.911232
18334.9593,8.09619999999995,1,2.946048
18342.8967,7.93740000000253,1,2.921472
18351.9441,9.04739999999947,1,2.912256
18359.8608,7.91669999999795,1,2.951168
18368.0069,8.14610000000175,1,2.922496
18375.9144,7.90750000000116,1,2.895872
18385.0412,9.12679999999818,1,2.905088
18392.8962,7.85499999999956,1,2.921472
18401.9829,9.08669999999984,1,2.90816
18409.8992,7.91630000000077,1,2.942976
18417.9368,8.03759999999966,1,2.934784
18427.1749,9.23810000000231,1,2.914304
18434.8689,7.69399999999951,1,2.953216
18442.9274,8.05849999999919,1,2.93376
18451.8922,8.96479999999792,1,2.92352
18459.9361,8.04390000000058,1,2.946048
18467.8854,7.94930000000022,1,2.92864
18476.8657,8.98029999999926,1,2.914304
18484.9039,8.03820000000269,1,2.934784
18492.8753,7.97139999999854,1,2.927616
18501.8818,9.00649999999951,1,2.922496
18509.9611,8.07930000000124,1,2.939904
18517.9599,7.99880000000121,1,2.927616
18526.4014,8.44149999999718,1,2.915328
18534.3712,7.96980000000258,1,2.921472
18543.3905,9.01929999999993,1,2.90304
18550.9017,7.51119999999719,1,2.914304
18559.9535,9.05180000000109,1,2.90304
18567.901,7.94750000000204,1,2.927616
18576.9088,9.00779999999941,1,2.917376
18584.9272,8.0183999999972,1,2.930688
18592.9457,8.01850000000195,1,2.931712
18601.9219,8.97620000000097,1,2.912256
18609.8981,7.97619999999733,1,2.945024
18618.2021,8.30400000000009,1,2.939904
18625.9276,7.72550000000047,1,2.927616
18634.9014,8.97379999999976,1,2.909184
18642.8986,7.99720000000161,1,2.941952
18651.9244,9.02579999999944,1,2.912256
18659.9068,7.98240000000078,1,2.936832
18667.938,8.03119999999763,1,2.931712
18676.9203,8.98230000000331,1,2.919424
18684.9819,8.06159999999727,1,2.931712
18692.8982,7.91630000000077,1,2.936832
18701.8946,8.99639999999999,1,2.927616
18709.8921,7.99750000000131,1,2.934784
18717.9876,8.09549999999945,1,2.92864
18726.9071,8.91949999999997,1,2.925568
18734.9447,8.03759999999966,1,2.945024
18742.9125,7.96779999999853,1,2.93376
18751.9725,9.06000000000131,1,2.930688
18759.9444,7.97190000000046,1,2.95424
18767.9198,7.97539999999935,1,2.942976
18776.9455,9.02570000000196,1,2.9184
18784.9398,7.99429999999847,1,2.951168
18792.8998,7.95999999999913,1,2.929664
18801.8922,8.99239999999918,1,2.929664
18809.908,8.01580000000104,1,2.93888
18817.9342,8.02620000000024,1,2.940928
18826.9095,8.97530000000188,1,2.919424
18835.0253,8.11579999999958,1,2.935808
18842.9739,7.94859999999971,1,2.9184
18851.949,8.97509999999966,1,2.914304
18859.9361,7.98709999999846,1,2.93888
18867.8818,7.94570000000022,1,2.934784
18876.9373,9.05550000000221,1,2.917376
18884.9389,8.0015999999996,1,2.93888
18892.9789,8.03999999999724,1,2.94912
18901.9863,9.00740000000224,1,2.914304
18909.922,7.93569999999818,1,2.942976
18918.0081,8.08610000000044,1,2.940928
18925.9766,7.96850000000268,1,2.910208
18934.9498,8.97319999999672,1,2.909184
18942.9142,7.96440000000075,1,2.92864
18951.9858,9.07159999999931,1,2.914304
18959.9223,7.9364999999998,1,2.957312
18968.0836,8.16130000000339,1,2.92352
18975.9078,7.82419999999911,1,2.919424
18984.9063,8.99849999999788,1,2.902016
18992.8863,7.97999999999956,1,2.945024
19001.9147,9.02840000000288,1,2.9184
19009.8771,7.96240000000034,1,2.948096
19017.994,8.11689999999726,1,2.932736
19026.9481,8.95410000000265,1,2.921472
19034.9179,7.96979999999894,1,2.929664
19043.0083,8.09040000000095,1,2.931712
19050.9142,7.90589999999793,1,2.919424
19059.8977,8.9835000000021,1,2.906112
19067.8887,7.99099999999817,1,2.922496
19076.8959,9.00720000000001,1,2.915328
19084.9273,8.03139999999985,1,2.937856
19092.9306,8.00330000000031,1,2.93888
19101.8827,8.95209999999861,1,2.926592
19109.9643,8.08160000000134,1,2.932736
19117.9498,7.98549999999886,1,2.911232
19126.954,9.00420000000304,1,2.911232
19134.9028,7.9487999999983,1,2.942976
19142.9379,8.03510000000097,1,2.920448
19151.9885,9.05059999999867,1,2.914304
19159.9356,7.94710000000123,1,3.173376
19167.9654,8.02980000000025,1,2.934784
19176.8944,8.92900000000009,1,2.927616
19185.1057,8.21129999999903,1,2.93888
19192.9447,7.83899999999994,1,2.945024
19201.9096,8.96489999999903,1,2.922496
19209.8953,7.98570000000109,1,2.948096
19217.9554,8.06009999999878,1,2.927616
19226.8877,8.9323000000004,1,2.92864
19234.9628,8.07510000000184,1,2.945024
19242.8963,7.93349999999919,1,2.940928
19251.9721,9.07579999999871,1,2.909184
19259.9112,7.9390999999996,1,2.948096
19267.9284,8.01720000000205,1,2.922496
19276.8791,8.9506999999976,1,2.91328
19284.9828,8.1037000000033,1,2.93376
19292.9086,7.92579999999725,1,2.935808
19302.0004,9.09180000000197,1,2.911232
19310.0656,8.06520000000091,1,2.936832
19317.9913,7.92569999999978,1,2.921472
19326.9712,8.97989999999845,1,2.90304
19334.9103,7.9390999999996,1,2.940928
19343.1327,8.22239999999874,1,2.932736
19350.9408,7.80810000000201,1,2.920448
19359.9041,8.96329999999944,1,2.912256
19367.9195,8.01540000000023,1,2.922496
19376.908,8.98849999999948,1,2.919424
19384.9191,8.01109999999971,1,2.934784
19392.9997,8.08060000000114,1,2.936832
19400.8981,7.89839999999822,1,2.929664
19409.9836,9.08550000000105,1,2.89792
19417.9611,7.97750000000087,1,2.921472
19426.9411,8.97999999999956,1,2.920448
19434.9166,7.97550000000047,1,2.937856
19442.9728,8.05619999999908,1,2.935808
19451.9648,8.99200000000201,1,2.895872
19459.9414,7.97659999999814,1,2.937856
19467.8804,7.93899999999849,1,2.921472
19476.9561,9.07570000000123,1,2.912256
19484.9217,7.96559999999954,1,2.947072
19492.9814,8.05970000000161,1,2.927616
19502.1308,9.14939999999842,1,2.924544
19509.8872,7.75640000000203,1,2.95424
19518.0721,8.1849000000002,1,2.91328
19525.9341,7.86199999999735,1,2.909184
19534.5817,8.64760000000024,1,2.90304
19543.9492,9.36750000000029,1,3.337216
19551.982,8.03280000000086,1,2.96448
19559.9099,7.92789999999877,1,2.94912
19567.993,8.08309999999983,1,2.926592
19576.9541,8.96110000000044,1,2.907136
19585.0234,8.0692999999992,1,2.937856
19592.945,7.92160000000149,1,2.936832
19601.9265,8.98150000000169,1,2.92352
19609.9432,8.01670000000013,1,2.948096
19618.0329,8.08969999999681,1,2.90304
19625.92,7.88709999999992,1,2.915328
19634.9453,9.02530000000115,1,2.900992
19642.9911,8.04579999999987,1,2.927616
19651.9427,8.95160000000033,1,2.919424
19659.9543,8.01160000000164,1,2.93376
19667.926,7.97169999999824,1,2.92864
19676.9706,9.04460000000108,1,2.9184
19684.9827,8.01209999999992,1,2.936832
19692.9857,8.00300000000061,1,2.936832
19701.9724,8.98669999999765,1,2.910208
19709.9296,7.95720000000074,1,2.935808
19717.9545,8.02490000000034,1,2.920448
19726.9965,9.04200000000128,1,2.9184
19734.9281,7.93159999999989,1,2.931712
19742.9779,8.04980000000069,1,2.927616
19751.9528,8.97489999999743,1,2.91328
19759.9773,8.02449999999953,1,2.934784
19767.9248,7.94750000000204,1,2.934784
19776.9091,8.98430000000008,1,2.910208
19785.0211,8.11200000000099,1,2.935808
19793.0219,8.00079999999798,1,2.922496
19800.9586,7.93670000000202,1,2.904064
19809.9652,9.00659999999698,1,2.896896
19817.9382,7.97300000000178,1,2.8928
19826.9784,9.04019999999946,1,2.875392
19835.0502,8.0718000000