loaded count=804758 degree=3 decode_ms=552.2297 first_frame_ms=603.7113
pose 0.2037353515625 -0.2159423828125 4.57125672925018 0.2037353515625 -0.2159423828125 0.0858154296875
interaction duration_ms=20001.5145 accepted_presents=2401 render_calls=2401 fps=120.040909902098
time_ms,interval_ms,accepted,gpu_diagnostic_ms
1.4788,1.4788,1,2.280448
9.021,7.5422,1,3.004416
18.0489,9.0279,1,2.287616
26.0644,8.0155,1,2.28352
35.0314,8.967,1,2.28352
43.0549,8.02350000000001,1,2.28352
51.051,7.9961,1,2.280448
60.0128,8.9618,1,2.282496
67.9958,7.983,1,2.28352
77.0359,9.0401,1,2.294784
85.1213,8.08540000000001,1,2.281472
93.0585,7.93719999999999,1,2.2784
101.2258,8.16730000000001,1,2.284544
110.0319,8.80609999999999,1,2.284544
118.042,8.01010000000001,1,2.282496
126.002,7.95999999999999,1,2.284544
135.0089,9.00690000000002,1,2.28352
143.0079,7.999,1,2.281472
151.0705,8.0626,1,2.2784
160.0305,8.95999999999998,1,2.282496
168.0213,7.99080000000001,1,2.281472
175.994,7.9727,1,2.28352
185.0697,9.07570000000001,1,2.28352
193.0486,7.97889999999998,1,2.281472
200.6162,7.5676,1,2.287616
209.0436,8.42740000000001,1,2.285568
218.2039,9.16030000000001,1,2.282496
226.1612,7.9573,1,2.266112
235.1142,8.953,1,2.280448
243.0786,7.96439999999998,1,2.281472
251.1427,8.0641,1,2.277376
260.1474,9.00470000000001,1,2.28352
268.1539,8.00650000000002,1,2.2784
276.0942,7.94029999999998,1,2.284544
285.0934,8.99919999999997,1,2.282496
293.018,7.9246,1,2.280448
301.0194,8.00140000000005,1,2.285568
310.1692,9.14979999999997,1,2.28352
318.0908,7.92160000000001,1,2.285568
326.096,8.0052,1,2.28352
335.0354,8.93939999999998,1,2.28352
343.1201,8.0847,1,2.281472
351.0683,7.94820000000004,1,2.28352
360.0501,8.98179999999996,1,2.281472
368.138,8.08789999999999,1,2.282496
376.0858,7.94780000000003,1,2.282496
385.077,8.99119999999999,1,2.281472
393.0961,8.01909999999998,1,2.28352
401.0388,7.9427,1,2.280448
410.2167,9.17790000000002,1,2.277376
418.0898,7.87310000000002,1,2.284544
426.0578,7.96799999999996,1,2.280448
435.1128,9.05500000000001,1,2.282496
443.115,8.00220000000002,1,2.281472
451.1083,7.99329999999998,1,2.28352
460.055,8.94670000000002,1,2.285568
468.1243,8.0693,1,2.282496
476.0665,7.94220000000001,1,2.2784
485.0761,9.00959999999998,1,2.28352
493.1141,8.03800000000001,1,2.282496
501.0995,7.98539999999997,1,2.279424
510.111,9.01150000000001,1,2.285568
518.0935,7.98249999999996,1,2.277376
526.0303,7.93680000000006,1,2.282496
535.1165,9.08619999999996,1,2.282496
543.0543,7.93780000000004,1,2.284544
551.1084,8.05409999999995,1,2.282496
560.035,8.92660000000001,1,2.280448
568.0809,8.04590000000007,1,2.294784
576.0529,7.97199999999998,1,2.28352
585.079,9.02609999999993,1,2.285568
593.131,8.05200000000002,1,2.284544
601.033,7.90200000000004,1,2.284544
609.9905,8.95749999999998,1,2.284544
618.0699,8.07939999999996,1,2.285568
625.9972,7.92730000000006,1,2.276352
635.046,9.04880000000003,1,2.2784
643.1096,8.06359999999995,1,2.281472
651.1209,8.01130000000001,1,2.285568
660.0931,8.97220000000004,1,2.284544
668.0369,7.9437999999999,1,2.282496
676.0632,8.02630000000011,1,2.282496
685.0711,9.00789999999995,1,2.28352
693.035,7.96389999999997,1,2.286592
701.0166,7.98160000000007,1,2.279424
710.0991,9.08249999999998,1,2.281472
718.1561,8.05700000000002,1,2.28864
726.0669,7.91079999999999,1,2.280448
735.0394,8.97249999999997,1,2.286592
743.0354,7.99599999999998,1,2.284544
751.0811,8.04570000000001,1,2.281472
760.0453,8.96420000000001,1,2.28352
768.0473,8.00199999999995,1,2.307072
776.0842,8.03690000000006,1,2.323456
785.1181,9.03390000000002,1,2.323456
793.0437,7.92559999999992,1,2.328576
801.0265,7.98280000000011,1,2.327552
810.0878,9.06129999999996,1,2.323456
818.0557,7.96789999999999,1,2.323456
826.0507,7.995,1,2.323456
835.0222,8.97149999999999,1,2.326528
843.0661,8.04390000000001,1,2.327552
851.0538,7.98770000000002,1,2.327552
860.0317,8.97789999999998,1,2.323456
868.0424,8.01070000000004,1,2.321408
876.1028,8.06039999999996,1,2.323456
885.1422,9.0394,1,2.326528
893.0855,7.94330000000002,1,2.323456
901.197,8.11149999999998,1,2.32448
910.1221,8.92510000000004,1,2.31936
918.1293,8.0071999999999,1,2.320384
926.1259,7.99660000000006,1,2.327552
935.052,8.92610000000002,1,2.326528
943.0545,8.00249999999994,1,2.32448
951.0869,8.03240000000005,1,2.325504
960.0301,8.94319999999993,1,2.325504
968.0615,8.03140000000008,1,2.326528
976.0173,7.95579999999995,1,2.325504
985.1032,9.08590000000004,1,2.32448
993.0512,7.94799999999998,1,2.322432
1001.0587,8.00750000000005,1,2.328576
1010.0295,8.97079999999994,1,2.32448
1018.1185,8.08900000000006,1,2.325504
1026.059,7.94049999999993,1,2.325504
1035.0446,8.98559999999998,1,2.323456
1043.2253,8.18070000000012,1,2.325504
1051.1615,7.93619999999987,1,2.322432
1060.0931,8.93160000000012,1,2.31936
1068.0396,7.94650000000001,1,2.326528
1076.0602,8.02059999999983,1,2.323456
1085.0491,8.98890000000006,1,2.325504
1093.121,8.07190000000014,1,2.32448
1101.0269,7.90589999999997,1,2.323456
1110.0925,9.0655999999999,1,2.326528
1118.0701,7.97759999999994,1,2.32448
1126.0553,7.98520000000008,1,2.327552
1135.0315,8.97620000000006,1,2.323456
1143.0514,8.01990000000001,1,2.32448
1151.0509,7.9994999999999,1,2.325504
1160.1139,9.0630000000001,1,2.325504
1168.0994,7.9855,1,2.323456
1176.0827,7.98329999999987,1,2.325504
1185.0931,9.01040000000012,1,2.325504
1193.056,7.96289999999999,1,2.320384
1200.6187,7.56269999999995,1,2.315264
1209.0809,8.46219999999994,1,2.322432
1218.275,9.19410000000016,1,2.326528
1226.1201,7.8451,1,2.322432
1235.1405,9.02039999999988,1,2.326528
1243.0902,7.94970000000012,1,2.325504
1251.1615,8.07129999999984,1,2.32448
1260.0546,8.8931,1,2.31936
1268.0774,8.02279999999996,1,2.3296
1276.0861,8.00870000000009,1,2.327552
1285.1293,9.04320000000007,1,2.32448
1293.2325,8.10320000000002,1,2.326528
1301.0843,7.85179999999991,1,2.323456
1310.0258,8.94149999999991,1,2.325504
1318.161,8.13520000000017,1,2.32448
1326.1364,7.97540000000004,1,2.323456
1335.0731,8.93669999999997,1,2.325504
1343.0734,8.00029999999992,1,2.32448
1351.0784,8.00500000000011,1,2.32448
1360.0732,8.99479999999994,1,2.32448
1368.055,7.98180000000002,1,2.328576
1376.148,8.09299999999985,1,2.333696
1385.1593,9.01130000000012,1,2.330624
1393.0776,7.91830000000004,1,2.330624
1401.0981,8.02049999999986,1,2.328576
1410.075,8.97690000000011,1,2.335744
1418.0967,8.02170000000001,1,2.336768
1426.0472,7.95049999999992,1,2.330624
1435.0997,9.05250000000001,1,2.332672
1443.0415,7.94180000000006,1,2.330624
1451.1405,8.09899999999993,1,2.331648
1460.0647,8.92419999999993,1,2.330624
1468.1419,8.07720000000018,1,2.33472
1476.0386,7.89670000000001,1,2.331648
1485.1349,9.09629999999993,1,2.330624
1493.0682,7.93329999999992,1,2.330624
1501.1038,8.03560000000016,1,2.330624
1510.1819,9.07809999999995,1,2.335744
1518.1025,7.92059999999992,1,2.32448
1526.0566,7.95409999999993,1,2.335744
1535.0745,9.01790000000005,1,2.3296
1543.0516,7.97710000000006,1,2.330624
1551.1585,8.1069,1,2.32448
1560.1733,9.01479999999992,1,2.326528
1568.0622,7.88890000000015,1,2.333696
1576.106,8.04379999999992,1,2.331648
1585.0937,8.9876999999999,1,2.33472
1593.0679,7.97420000000011,1,2.331648
1601.0509,7.98299999999995,1,2.3296
1610.0156,8.96469999999999,1,2.335744
1618.126,8.11040000000003,1,2.330624
1626.0561,7.93010000000004,1,2.33472
1635.0369,8.98080000000004,1,2.330624
1643.0595,8.02260000000001,1,2.333696
1651.0716,8.01209999999992,1,2.333696
1660.1777,9.10609999999997,1,2.333696
1668.0615,7.88380000000006,1,2.331648
1676.0571,7.99559999999997,1,2.325504
1685.0882,9.03109999999992,1,2.331648
1693.0897,8.00150000000008,1,2.332672
1701.0425,7.95280000000002,1,2.330624
1710.1082,9.06569999999988,1,2.340864
1718.0986,7.99040000000014,1,2.335744
1726.0669,7.9683,1,2.332672
1735.0548,8.98789999999985,1,2.330624
1743.041,7.98620000000005,1,2.335744
1751.0949,8.05390000000011,1,2.325504
1760.0399,8.94499999999994,1,2.333696
1768.1369,8.09699999999998,1,2.33472
1776.0514,7.91450000000009,1,2.337792
1785.1417,9.09029999999984,1,2.333696
1793.0379,7.89620000000014,1,2.332672
1801.0634,8.02549999999997,1,2.332672
1810.0502,8.9867999999999,1,2.33472
1818.1307,8.08050000000003,1,2.335744
1826.0552,7.92450000000008,1,2.330624
1835.2107,9.15550000000007,1,2.33472
1843.3456,8.13490000000002,1,2.331648
1851.1775,7.83189999999991,1,2.333696
1860.0631,8.88560000000007,1,2.333696
1868.0534,7.99029999999993,1,2.330624
1876.2967,8.24330000000009,1,2.331648
1885.1175,8.82079999999996,1,2.330624
1893.0353,7.91779999999994,1,2.333696
1901.0486,8.01330000000007,1,2.330624
1910.1109,9.06229999999982,1,2.328576
1918.1272,8.0163,1,2.336768
1926.0656,7.9384,1,2.330624
1935.0805,9.01490000000013,1,2.333696
1943.0559,7.97540000000004,1,2.332672
1951.0867,8.0308,1,2.331648
1960.0811,8.99440000000004,1,2.333696
1968.0745,7.99339999999984,1,2.337792
1976.0482,7.97370000000001,1,2.338816
1985.0813,9.0331000000001,1,2.333696
1993.1364,8.05510000000004,1,2.332672
2001.0522,7.91579999999999,1,2.335744
2010.0606,9.00839999999994,1,2.348032
2018.1349,8.07429999999999,1,2.341888
2026.072,7.93709999999987,1,2.33984
2035.0632,8.99120000000016,1,2.341888
2043.0381,7.97489999999993,1,2.330624
2051.1717,8.13359999999989,1,2.33472
2060.0588,8.88709999999992,1,2.33984
2068.1025,8.04370000000017,1,2.335744
2076.0573,7.95479999999998,1,2.336768
2085.1004,9.04309999999987,1,2.336768
2093.0771,7.97670000000016,1,2.336768
2101.1005,8.02340000000004,1,2.33984
2110.0507,8.95019999999977,1,2.33984
2118.1567,8.10600000000022,1,2.33984
2126.0559,7.89919999999984,1,2.337792
2135.067,9.01110000000017,1,2.33984
2143.0625,7.99549999999999,1,2.333696
2151.1471,8.08460000000014,1,2.34496
2160.0814,8.93429999999989,1,2.33984
2168.102,8.02059999999983,1,2.342912
2176.0397,7.93769999999995,1,2.338816
2185.1311,9.09140000000025,1,2.337792
2193.0462,7.91510000000017,1,2.338816
2200.5734,7.52719999999999,1,2.340864
2209.6868,9.11339999999973,1,2.337792
2217.7132,8.02640000000019,1,2.33984
2226.0755,8.36229999999978,1,2.340864
2235.0772,9.00170000000026,1,2.33984
2243.0848,8.00759999999991,1,2.340864
2251.1141,8.02929999999969,1,2.336768
2260.1363,9.02220000000034,1,2.337792
2268.0721,7.93579999999974,1,2.33984
2276.1551,8.08300000000008,1,2.33984
2285.1515,8.99639999999999,1,2.338816
2293.1159,7.96439999999984,1,2.33472
2301.0699,7.95400000000018,1,2.340864
2310.0668,8.9969000000001,1,2.332672
2318.114,8.04719999999998,1,2.342912
2326.1541,8.04010000000017,1,2.337792
2335.0779,8.92380000000003,1,2.337792
2343.1225,8.04459999999972,1,2.33984
2351.1048,7.98230000000012,1,2.340864
2360.1037,8.99890000000005,1,2.341888
2368.1711,8.06739999999991,1,2.338816
2376.0787,7.9076,1,2.341888
2385.2601,9.18139999999994,1,2.33984
2393.0839,7.82380000000012,1,2.332672
2401.0928,8.00889999999981,1,2.337792
2410.1055,9.01270000000022,1,2.338816
2418.1316,8.02610000000004,1,2.33984
2426.0756,7.94399999999996,1,2.336768
2435.1353,9.05969999999979,1,2.340864
2443.0956,7.96030000000019,1,2.341888
2451.1679,8.07229999999981,1,2.338816
2460.0775,8.90959999999995,1,2.338816
2468.1187,8.04120000000012,1,2.335744
2476.0688,7.95010000000002,1,2.340864
2485.1208,9.05200000000013,1,2.333696
2493.0833,7.96249999999964,1,2.338816
2501.1957,8.11240000000043,1,2.338816
2510.0877,8.89199999999983,1,2.33984
2518.1657,8.07799999999997,1,2.353152
2526.0779,7.91220000000021,1,2.337792
2535.1158,9.03789999999981,1,2.342912
2543.1099,7.99409999999989,1,2.337792
2551.1688,8.05889999999999,1,2.343936
2560.1038,8.93499999999995,1,2.33984
2568.0744,7.9706000000001,1,2.352128
2576.1094,8.03499999999985,1,2.343936
2585.0999,8.99050000000034,1,2.35008
2593.0788,7.97889999999961,1,2.347008
2601.0685,7.98970000000008,1,2.34496
2610.0832,9.01470000000018,1,2.341888
2618.1017,8.01850000000013,1,2.345984
2626.0682,7.9665,1,2.351104
2635.0591,8.99089999999978,1,2.347008
2643.0667,8.00759999999991,1,2.343936
2651.0975,8.0308,1,2.338816
2660.1398,9.04230000000007,1,2.345984
2668.1276,7.98779999999988,1,2.347008
2676.1049,7.97730000000001,1,2.347008
2685.114,9.00910000000022,1,2.345984
2693.0887,7.97469999999976,1,2.347008
2701.0883,7.9996000000001,1,2.349056
2710.0755,8.98720000000003,1,2.349056
2718.2736,8.19810000000007,1,2.35008
2726.1146,7.84099999999989,1,2.345984
2735.044,8.92939999999999,1,2.351104
2743.0929,8.04890000000023,1,2.348032
2751.0896,7.99669999999969,1,2.347008
2760.0666,8.97700000000032,1,2.348032
2768.0772,8.01060000000007,1,2.341888
2776.1075,8.0302999999999,1,2.342912
2785.1495,9.04199999999992,1,2.348032
2793.0643,7.91480000000001,1,2.349056
2801.1052,8.04089999999997,1,2.349056
2810.0622,8.95699999999988,1,2.352128
2818.1816,8.11940000000004,1,2.342912
2826.0702,7.88860000000022,1,2.348032
2835.1263,9.05609999999979,1,2.351104
2843.0931,7.96680000000015,1,2.341888
2851.1482,8.05510000000004,1,2.349056
2860.0662,8.91800000000012,1,2.349056
2868.0826,8.01639999999998,1,2.345984
2876.0604,7.97779999999966,1,2.349056
2885.2283,9.16790000000037,1,2.343936
2893.1289,7.90059999999994,1,2.347008
2901.1689,8.03999999999996,1,2.340864
2910.2969,9.1279999999997,1,2.349056
2918.1818,7.88490000000002,1,2.341888
2926.1686,7.98680000000013,1,2.343936
2935.0833,8.91469999999981,1,2.349056
2943.1435,8.06020000000035,1,2.340864
2951.1297,7.98619999999983,1,2.345984
2960.0888,8.95910000000003,1,2.345984
2968.1282,8.03940000000011,1,2.347008
2976.0422,7.91399999999976,1,2.35008
2985.1132,9.07099999999991,1,2.348032
2993.1683,8.05510000000004,1,2.345984
3001.1047,7.93640000000005,1,2.345984
3010.0974,8.99270000000024,1,2.340864
3018.108,8.01060000000007,1,2.35008
3026.0939,7.98589999999967,1,2.351104
3035.085,8.99110000000019,1,2.341888
3043.1023,8.01729999999998,1,2.347008
3051.1109,8.00860000000011,1,2.354176
3060.1573,9.04639999999972,1,2.343936
3068.1353,7.97800000000007,1,2.347008
3076.0787,7.94340000000011,1,2.35008
3085.112,9.03330000000005,1,2.348032
3093.4007,8.28870000000006,1,2.348032
3101.1643,7.76359999999977,1,2.343936
3110.0989,8.93460000000005,1,2.348032
3118.1572,8.05830000000014,1,2.33984
3126.0926,7.93539999999985,1,2.349056
3135.0787,8.98610000000008,1,2.341888
3143.0684,7.98970000000008,1,2.348032
3151.1204,8.05199999999968,1,2.348032
3160.0846,8.96420000000035,1,2.35008
3168.1334,8.04880000000003,1,2.343936
3176.0931,7.95969999999988,1,2.345984
3185.2691,9.17599999999993,1,2.347008
3193.4162,8.14710000000014,1,2.340864
3201.7539,8.33770000000004,1,2.345984
3209.1102,7.35629999999992,1,2.348032
3218.2554,9.14519999999993,1,2.347008
3226.1659,7.91049999999996,1,2.349056
3235.1761,9.01020000000017,1,2.347008
3243.1415,7.96540000000005,1,2.348032
3251.1512,8.00969999999961,1,2.345984
3260.0966,8.94540000000006,1,2.34496
3268.1431,8.04649999999992,1,2.345984
3276.2065,8.0634,1,2.345984
3285.1599,8.95340000000033,1,2.343936
3293.1135,7.95359999999982,1,2.343936
3301.1133,7.99980000000005,1,2.352128
3310.1027,8.98939999999993,1,2.341888
3318.1426,8.03990000000022,1,2.341888
3326.1819,8.03929999999991,1,2.347008
3335.1176,8.9357,1,2.348032
3343.1455,8.02790000000005,1,2.340864
3351.1303,7.98479999999972,1,2.34496
3360.1286,8.9983000000002,1,2.34496
3368.1004,7.9717999999998,1,2.351104
3376.1278,8.0274000000004,1,2.357248
3385.135,9.00720000000001,1,2.351104
3393.2409,8.10589999999956,1,2.3552
3401.1688,7.92790000000014,1,2.356224
3410.1424,8.97360000000026,1,2.356224
3418.2232,8.08079999999973,1,2.358272
3426.116,7.89280000000008,1,2.358272
3435.0929,8.97690000000011,1,2.359296
3443.2896,8.19669999999996,1,2.35008
3451.2484,7.95879999999988,1,2.354176
3460.3113,9.0628999999999,1,2.347008
3468.3241,8.01279999999997,1,2.353152
3476.2723,7.94820000000027,1,2.351104
3485.2525,8.98019999999997,1,2.358272
3493.2042,7.95170000000007,1,2.347008
3501.2437,8.03949999999986,1,2.354176
3510.2496,9.00590000000011,1,2.356224
3518.135,7.88540000000012,1,2.347008
3526.1916,8.05659999999989,1,2.356224
3535.1467,8.95509999999967,1,2.358272
3543.1405,7.99380000000019,1,2.358272
3551.152,8.01150000000007,1,2.349056
3560.1626,9.01060000000007,1,2.356224
3568.1639,8.0012999999999,1,2.356224
3576.1832,8.01929999999993,1,2.3552
3585.1399,8.95670000000018,1,2.356224
3593.292,8.15209999999979,1,2.356224
3601.2166,7.92460000000028,1,2.357248
3610.2826,9.0659999999998,1,2.357248
3618.2552,7.97260000000006,1,2.341888
3626.2368,7.98160000000007,1,2.349056
3635.1975,8.96070000000009,1,2.3552
3643.203,8.00549999999976,1,2.3552
3651.1358,7.93280000000004,1,2.353152
3660.2478,9.11200000000008,1,2.351104
3668.2282,7.98039999999992,1,2.354176
3676.1958,7.96759999999995,1,2.3552
3685.1393,8.94349999999986,1,2.356224
3693.1394,8.0001000000002,1,2.35008
3701.163,8.02359999999999,1,2.357248
3710.142,8.97899999999981,1,2.352128
3718.241,8.09900000000016,1,2.356224
3726.2464,8.00540000000001,1,2.354176
3735.3732,9.1268,1,2.353152
3743.2933,7.92009999999982,1,2.348032
3751.294,8.00070000000005,1,2.354176
3760.2848,8.99080000000004,1,2.351104
3768.2339,7.94910000000027,1,2.35008
3776.2284,7.99449999999979,1,2.348032
3785.2719,9.04350000000022,1,2.353152
3793.2141,7.94219999999996,1,2.357248
3801.1823,7.9681999999998,1,2.356224
3810.1486,8.96630000000005,1,2.349056
3818.1736,8.02500000000009,1,2.36032
3826.1427,7.9690999999998,1,2.351104
3835.2189,9.07619999999997,1,2.356224
3843.2016,7.98270000000002,1,2.356224
3851.1569,7.95530000000008,1,2.3552
3860.1675,9.01060000000007,1,2.358272
3868.2889,8.12139999999999,1,2.351104
3876.2349,7.94599999999991,1,2.349056
3885.2492,9.01430000000028,1,2.35008
3893.1722,7.92299999999977,1,2.356224
3901.2294,8.05720000000019,1,2.354176
3910.2536,9.02419999999984,1,2.354176
3918.1798,7.92619999999988,1,2.354176
3926.2546,8.07480000000032,1,2.352128
3935.1686,8.91399999999976,1,2.354176
3943.2005,8.03189999999995,1,2.352128
3951.2259,8.02539999999999,1,2.357248
3960.2917,9.06580000000031,1,2.352128
3968.2528,7.96109999999999,1,2.354176
3976.2757,8.02289999999994,1,2.3552
3985.3125,9.03679999999986,1,2.353152
3993.2528,7.94030000000021,1,2.357248
4001.2044,7.95159999999987,1,2.353152
4010.2548,9.05040000000008,1,2.356224
4018.2919,8.03710000000001,1,2.353152
4026.1498,7.85789999999997,1,2.354176
4035.1995,9.04970000000003,1,2.361344
4043.134,7.93449999999984,1,2.351104
4051.2133,8.07929999999988,1,2.3552
4060.181,8.96770000000015,1,2.352128
4068.1327,7.95170000000007,1,2.354176
4076.3314,8.19869999999992,1,2.349056
4085.2757,8.94430000000011,1,2.342912
4093.312,8.03629999999976,1,2.358272
4101.2056,7.89360000000033,1,2.354176
4110.3027,9.09709999999995,1,2.3552
4118.2722,7.96950000000015,1,2.354176
4126.2161,7.9438999999993,1,2.3552
4135.3042,9.08809999999994,1,2.353152
4143.2099,7.90570000000025,1,2.348032
4151.2402,8.03030000000035,1,2.356224
4160.1924,8.95219999999972,1,2.3552
4168.2315,8.03909999999996,1,2.358272
4176.1464,7.91489999999976,1,2.354176
4185.228,9.08160000000044,1,2.351104
4193.1667,7.9386999999997,1,2.35008
4200.7068,7.54010000000017,1,2.361344
4209.7858,9.07899999999972,1,2.352128
4217.7051,7.91930000000048,1,2.351104
4226.3567,8.65160000000014,1,2.351104
4234.2398,7.88310000000001,1,2.354176
4243.3298,9.09000000000015,1,2.353152
4251.2426,7.91279999999915,1,2.352128
4260.2452,9.00260000000071,1,2.358272
4268.2339,7.98869999999988,1,2.356224
4276.2791,8.04519999999957,1,2.354176
4285.3293,9.05020000000059,1,2.3552
4293.2463,7.91699999999946,1,2.35008
4301.1812,7.9349000000002,1,2.356224
4310.1821,9.0009,1,2.354176
4318.2085,8.02639999999974,1,2.358272
4326.2297,8.02120000000014,1,2.353152
4335.1658,8.9360999999999,1,2.356224
4343.2031,8.03729999999996,1,2.351104
4351.2173,8.01420000000053,1,2.352128
4360.3076,9.09029999999984,1,2.356224
4368.4037,8.09609999999975,1,2.338816
4376.3494,7.94570000000022,1,2.336768
4384.2887,7.9393,1,2.33472
4393.3059,9.01720000000023,1,2.33984
4401.2487,7.94279999999981,1,2.336768
4410.2905,9.04179999999997,1,2.33984
4418.2727,7.98220000000038,1,2.340864
4426.1877,7.91499999999996,1,2.340864
4435.235,9.04729999999927,1,2.33984
4443.1703,7.9353000000001,1,2.335744
4451.2513,8.08100000000013,1,2.340864
4460.2156,8.96430000000055,1,2.336768
4468.2651,8.04949999999917,1,2.335744
4476.2102,7.94510000000082,1,2.336768
4485.2033,8.99309999999969,1,2.336768
4493.1731,7.96979999999985,1,2.338816
4501.2527,8.07960000000003,1,2.33984
4510.3092,9.05649999999969,1,2.342912
4518.2776,7.96840000000066,1,2.341888
4526.3332,8.05559999999969,1,2.338816
4534.3222,7.98899999999958,1,2.342912
4543.2728,8.95060000000012,1,2.33984
4551.303,8.03020000000015,1,2.337792
4560.2151,8.91210000000046,1,2.337792
4568.2321,8.01699999999983,1,2.316288
4576.2035,7.97139999999945,1,2.325504
4585.1816,8.97810000000027,1,2.327552
4593.2055,8.02390000000014,1,2.321408
4601.1735,7.96799999999985,1,2.325504
4610.1982,9.02469999999994,1,2.325504
4618.2017,8.0034999999998,1,2.325504
4626.1893,7.98760000000038,1,2.321408
4635.1648,8.97549999999956,1,2.320384
4643.1922,8.02740000000085,1,2.32448
4651.3171,8.1248999999998,1,2.325504
4660.2812,8.96410000000014,1,2.31936
4668.3922,8.11099999999988,1,2.323456
4676.2925,7.90029999999933,1,2.321408
4685.2883,8.9958000000006,1,2.323456
4693.3158,8.02750000000015,1,2.322432
4701.2898,7.97399999999925,1,2.327552
4710.2949,9.00510000000031,1,2.326528
4718.2855,7.99060000000009,1,2.31936
4726.2426,7.95709999999963,1,2.323456
4735.2332,8.99060000000009,1,2.321408
4743.1715,7.93830000000071,1,2.321408
4751.2016,8.03009999999995,1,2.325504
4760.1784,8.97679999999946,1,2.320384
4768.2361,8.0577000000003,1,2.280448
4776.1693,7.93319999999949,1,2.28352
4785.2639,9.09460000000036,1,2.28352
4793.2963,8.03240000000005,1,2.280448
4801.3272,8.03089999999975,1,2.28352
4810.4132,9.08600000000024,1,2.281472
4818.2991,7.88590000000022,1,2.280448
4826.428,8.1288999999997,1,2.277376
4834.2469,7.81890000000021,1,2.281472
4843.3585,9.11160000000018,1,2.2784
4851.2385,7.88000000000011,1,2.280448
4860.2482,9.00969999999961,1,2.2784
4868.2202,7.97199999999975,1,2.281472
4876.2461,8.02590000000055,1,2.284544
4885.2074,8.96129999999994,1,2.28352
4893.2486,8.04119999999966,1,2.2784
4901.2324,7.98379999999997,1,2.280448
4910.3179,9.08550000000014,1,2.282496
4918.3047,7.98679999999968,1,2.284544
4926.2502,7.94550000000072,1,2.286592
4935.2986,9.04839999999967,1,2.2784
4943.2671,7.96849999999995,1,2.282496
4951.2985,8.03139999999985,1,2.280448
4960.2672,8.96870000000035,1,2.280448
4968.269,8.0018,1,2.284544
4976.2563,7.98729999999978,1,2.282496
4985.3317,9.07539999999972,1,2.282496
4993.2399,7.90819999999985,1,2.280448
5001.3135,8.07360000000062,1,2.281472
5010.2078,8.89429999999993,1,2.285568
5018.1698,7.96199999999953,1,2.284544
5026.1881,8.01830000000064,1,2.284544
5035.1982,9.01009999999951,1,2.281472
5043.1907,7.99250000000029,1,2.28352
5051.2076,8.01689999999962,1,2.284544
5060.2279,9.02030000000013,1,2.282496
5068.2562,8.02829999999994,1,2.280448
5076.2642,8.00799999999981,1,2.282496
5085.2484,8.98420000000078,1,2.285568
5093.3228,8.07439999999951,1,2.275328
5101.3173,7.99449999999979,1,2.275328
5110.3894,9.07210000000032,1,2.280448
5118.3155,7.92609999999968,1,2.284544
5126.2955,7.98000000000047,1,2.281472
5135.5916,9.29609999999957,1,2.28352
5143.3834,7.79179999999997,1,2.285568
5151.3862,8.00280000000021,1,2.281472
5159.395,8.00880000000052,1,2.280448
5168.5434,9.14839999999913,1,2.282496
5176.5315,7.98810000000049,1,2.281472
5184.4729,7.9413999999997,1,2.282496
5193.3125,8.83960000000025,1,2.285568
5201.2608,7.94830000000002,1,2.281472
5209.8201,8.55929999999989,1,2.280448
5218.2577,8.4376000000002,1,2.280448
5226.2735,8.01580000000013,1,2.282496
5235.2127,8.9391999999998,1,2.280448
5243.2161,8.0033999999996,1,2.284544
5251.2101,7.9940000000006,1,2.282496
5260.1951,8.98499999999967,1,2.281472
5268.1637,7.96860000000015,1,2.284544
5276.1676,8.0038999999997,1,2.281472
5285.2156,9.04800000000068,1,2.286592
5293.2773,8.06169999999929,1,2.2784
5301.1775,7.90020000000004,1,2.2784
5310.1929,9.01540000000023,1,2.280448
5318.2776,8.08470000000034,1,2.28352
5326.1767,7.89909999999963,1,2.276352
5335.1224,8.94570000000022,1,2.282496
5343.1778,8.05540000000019,1,2.28352
5351.3358,8.15799999999945,1,2.285568
5359.1741,7.83830000000034,1,2.285568
5368.2111,9.03700000000026,1,2.279424
5376.1527,7.9415999999992,1,2.282496
5385.2077,9.05500000000029,1,2.282496
5393.1363,7.92860000000019,1,2.28352
5401.204,8.0676999999996,1,2.28352
5410.1829,8.97890000000007,1,2.284544
5418.2242,8.04129999999986,1,2.281472
5426.1487,7.92450000000008,1,2.28352
5435.1635,9.01479999999992,1,2.282496
5443.1671,8.00360000000001,1,2.279424
5451.2679,8.10080000000016,1,2.284544
5460.1754,8.90750000000025,1,2.277376
5468.2008,8.02539999999954,1,2.279424
5476.1426,7.94180000000051,1,2.28352
5485.2166,9.07399999999961,1,2.282496
5493.2037,7.98710000000028,1,2.28352
5501.2626,8.05889999999999,1,2.282496
5510.2503,8.98769999999968,1,2.284544
5518.258,8.00770000000011,1,2.284544
5526.1891,7.93109999999979,1,2.286592
5535.1959,9.00680000000011,1,2.281472
5543.1448,7.94890000000032,1,2.284544
5551.1984,8.05360000000019,1,2.276352
5560.1614,8.96299999999974,1,2.281472
5568.1471,7.98570000000018,1,2.286592
5576.1912,8.04410000000007,1,2.28352
5585.1922,9.0010000000002,1,2.287616
5593.2079,8.01569999999992,1,2.285568
5601.1479,7.9399999999996,1,2.281472
5610.1744,9.02649999999994,1,2.282496
5618.1968,8.02239999999983,1,2.281472
5626.1697,7.97290000000066,1,2.284544
5635.1448,8.97509999999966,1,2.282496
5643.1535,8.00870000000032,1,2.279424
5651.1732,8.01969999999983,1,2.285568
5660.1833,9.01009999999951,1,2.279424
5668.2079,8.02460000000065,1,2.281472
5676.1406,7.93269999999939,1,2.28352
5685.212,9.07140000000072,1,2.279424
5693.1521,7.9400999999998,1,2.284544
5701.1607,8.00860000000011,1,2.282496
5710.14,8.97929999999997,1,2.284544
5718.2663,8.1262999999999,1,2.280448
5726.1603,7.89399999999932,1,2.284544
5735.166,9.00570000000062,1,2.282496
5743.1588,7.99279999999999,1,2.284544
5751.2803,8.1215000000002,1,2.281472
5760.1631,8.88279999999941,1,2.279424
5768.1878,8.02469999999994,1,2.289664
5776.142,7.95420000000013,1,2.281472
5785.2317,9.08970000000045,1,2.2784
5793.2229,7.99119999999948,1,2.282496
5801.1943,7.97140000000036,1,2.74944
5810.1182,8.92389999999978,1,2.279424
5818.2188,8.10059999999976,1,2.2784
5826.1226,7.90380000000005,1,2.285568
5835.1676,9.04500000000007,1,2.282496
5843.1862,8.01860000000033,1,2.277376
5851.2403,8.05410000000029,1,2.2784
5860.1938,8.95349999999962,1,2.287616
5868.1759,7.98210000000017,1,2.282496
5876.1613,7.98539999999957,1,2.28352
5885.1787,9.01740000000063,1,2.279424
5893.2349,8.05619999999999,1,2.285568
5901.2002,7.96529999999984,1,2.281472
5910.2736,9.07340000000022,1,2.2784
5918.2196,7.94599999999991,1,2.286592
5926.2143,7.99469999999928,1,2.282496
5935.1772,8.96290000000045,1,2.28864
5943.1862,8.00900000000001,1,2.2784
5951.2084,8.02220000000034,1,2.286592
5960.1873,8.97889999999916,1,2.28352
5968.3365,8.14920000000075,1,2.282496
5976.1591,7.82259999999951,1,2.286592
5985.2284,9.06930000000011,1,2.2784
5993.1558,7.92740000000049,1,2.282496
6001.1659,8.01009999999951,1,2.282496
6010.1421,8.97620000000006,1,2.277376
6018.2665,8.1243999999997,1,2.280448
6026.1775,7.91100000000006,1,2.28352
6035.1853,9.00780000000032,1,2.280448
6043.1738,7.98849999999948,1,2.279424
6051.2366,8.06280000000061,1,2.287616
6060.1468,8.91020000000026,1,2.280448
6068.1615,8.01469999999972,1,2.280448
6076.1386,7.97710000000006,1,2.284544
6085.2569,9.11830000000009,1,2.282496
6093.182,7.92509999999947,1,2.287616
6101.1623,7.98030000000017,1,2.280448
6110.4398,9.27750000000015,1,2.279424
6118.231,7.79119999999966,1,2.282496
6126.1804,7.94940000000042,1,2.28352
6135.1968,9.01639999999952,1,2.28352
6143.1724,7.97560000000067,1,2.282496
6151.2074,8.03499999999985,1,2.277376
6160.1782,8.97080000000005,1,2.28352
6168.1726,7.99439999999959,1,2.279424
6176.1142,7.94160000000011,1,2.28864
6185.2302,9.11599999999999,1,2.28352
6193.1978,7.96759999999995,1,2.281472
6200.6801,7.48229999999967,1,2.284544
6209.6832,9.00310000000081,1,2.284544
6217.2211,7.53789999999935,1,2.280448
6226.2054,8.98430000000008,1,2.282496
6235.1766,8.97119999999995,1,2.28352
6243.2192,8.04259999999977,1,2.28352
6251.257,8.03780000000006,1,2.28352
6260.2118,8.95480000000043,1,2.290688
6268.2397,8.02790000000005,1,2.284544
6276.1691,7.92939999999999,1,2.280448
6285.2618,9.09270000000015,1,2.2784
6293.1636,7.90179999999964,1,2.28352
6301.2276,8.06400000000031,1,2.284544
6310.2091,8.98149999999987,1,2.28352
6318.2633,8.05419999999958,1,2.287616
6326.178,7.91470000000027,1,2.282496
6335.1787,9.00070000000051,1,2.279424
6343.2121,8.03339999999935,1,2.2784
6351.284,8.07189999999991,1,2.282496
6360.1861,8.90210000000025,1,2.284544
6368.2076,8.02149999999983,1,2.284544
6376.1687,7.96110000000044,1,2.285568
6385.2246,9.05589999999938,1,2.276352
6393.1607,7.93610000000081,1,2.281472
6401.1764,8.01569999999992,1,2.285568
6410.1765,9.00009999999929,1,2.279424
6418.313,8.13650000000052,1,2.282496
6426.1785,7.86549999999988,1,2.280448
6435.2152,9.03669999999966,1,2.276352
6443.2006,7.98540000000048,1,2.281472
6451.2182,8.01760000000013,1,2.281472
6460.2143,8.99609999999939,1,2.286592
6468.1979,7.98360000000048,1,2.28352
6476.1497,7.95179999999982,1,2.284544
6485.2346,9.08489999999983,1,2.284544
6493.2366,8.00200000000041,1,2.279424
6501.2709,8.03430000000026,1,2.280448
6510.2183,8.94740000000002,1,2.284544
6518.2109,7.99259999999958,1,2.284544
6526.248,8.03709999999955,1,2.279424
6535.202,8.95400000000063,1,2.28352
6543.1889,7.98689999999988,1,2.276352
6551.2074,8.01850000000013,1,2.275328
6560.2091,9.0016999999998,1,2.284544
6568.2084,7.9993000000004,1,2.34496
6576.2679,8.05949999999939,1,2.35008
6585.2585,8.99060000000009,1,2.34496
6593.1918,7.93329999999969,1,2.341888
6601.1753,7.98350000000028,1,2.34496
6610.1703,8.99499999999989,1,2.345984
6618.229,8.0587000000005,1,2.343936
6626.1731,7.94409999999971,1,2.347008
6635.1747,9.0015999999996,1,2.347008
6643.1976,8.02290000000085,1,2.34496
6651.2761,8.07849999999962,1,2.34496
6660.2182,8.94210000000021,1,2.345984
6668.2032,7.98499999999967,1,2.345984
6676.1741,7.97090000000026,1,2.343936
6685.2824,9.10829999999987,1,2.351104
6693.1731,7.89069999999992,1,2.336768
6701.1829,8.00979999999981,1,2.342912
6710.1684,8.98549999999977,1,2.342912
6718.2776,8.10920000000078,1,2.348032
6726.1649,7.88729999999941,1,2.345984
6735.1934,9.02850000000035,1,2.345984
6743.1845,7.99110000000019,1,2.348032
6751.3048,8.12029999999959,1,2.345984
6760.2781,8.97330000000056,1,2.342912
6768.1852,7.90709999999945,1,2.34496
6776.3742,8.18900000000031,1,2.348032
6784.247,7.8728000000001,1,2.347008
6793.3928,9.14579999999933,1,2.348032
6801.1853,7.79250000000047,1,2.345984
6810.1539,8.96860000000015,1,2.347008
6818.2235,8.06959999999981,1,2.340864
6826.1633,7.9398000000001,1,2.342912
6835.1772,9.01389999999992,1,2.343936
6843.2051,8.02790000000005,1,2.340864
6851.2119,8.00680000000011,1,2.338816
6860.2262,9.01429999999982,1,2.347008
6868.1919,7.96569999999974,1,2.345984
6876.2007,8.00880000000052,1,2.341888
6885.2089,9.00819999999931,1,2.348032
6893.1775,7.96860000000015,1,2.347008
6901.2075,8.03000000000065,1,2.349056
6910.2559,9.04839999999967,1,2.348032
6918.2607,8.0047999999997,1,2.349056
6926.2622,8.00150000000031,1,2.343936
6935.1775,8.91529999999966,1,2.349056
6943.2391,8.0616,1,2.35008
6951.21,7.97090000000026,1,2.347008
6960.1996,8.98959999999988,1,2.351104
6968.3666,8.16700000000037,1,2.347008
6976.2729,7.90629999999965,1,2.343936
6985.1999,8.92699999999968,1,2.342912
6993.169,7.96910000000025,1,2.347008
7001.1582,7.98919999999998,1,2.347008
7010.1675,9.00929999999971,1,2.341888
7018.2779,8.11040000000048,1,2.33984
7026.217,7.9390999999996,1,2.343936
7035.2172,9.0002000000004,1,2.347008
7043.1828,7.96559999999954,1,2.341888
7051.2421,8.0593000000008,1,2.336768
7060.1692,8.92709999999988,1,2.345984
7068.1941,8.02489999999943,1,2.343936
7076.17,7.97590000000037,1,2.345984
7085.266,9.09599999999955,1,2.34496
7093.2178,7.95180000000073,1,2.351104
7101.1969,7.97909999999956,1,2.340864
7110.171,8.97410000000036,1,2.351104
7118.2586,8.08759999999984,1,2.341888
7126.1811,7.92249999999967,1,2.34496
7135.1912,9.01010000000042,1,2.347008
7143.1623,7.97109999999975,1,2.337792
7151.282,8.11970000000019,1,2.337792
7160.276,8.99399999999969,1,2.342912
7168.2893,8.01330000000053,1,2.342912
7176.2121,7.92279999999937,1,2.348032
7185.2301,9.01800000000003,1,2.345984
7193.2477,8.01760000000013,1,2.34496
7200.7145,7.46680000000015,1,2.347008
7209.8281,9.11359999999968,1,2.35008
7218.3005,8.47240000000056,1,2.33984
7226.2224,7.92189999999937,1,2.348032
7235.1898,8.96740000000045,1,2.347008
7243.2995,8.10969999999998,1,2.352128
7251.2207,7.92119999999977,1,2.349056
7260.2341,9.01339999999982,1,2.352128
7268.1997,7.96560000000045,1,2.352128
7276.2121,8.01239999999962,1,2.349056
7285.2482,9.03610000000026,1,2.35008
7293.1967,7.94850000000042,1,2.35008
7301.1807,7.98399999999947,1,2.356224
7310.2959,9.11520000000019,1,2.340864
7318.3515,8.05559999999969,1,2.3552
7326.2097,7.85820000000058,1,2.353152
7335.2223,9.01260000000002,1,2.352128
7343.2056,7.98329999999987,1,2.359296
7351.2335,8.02790000000005,1,2.356224
7360.2325,8.9989999999998,1,2.359296
7368.2075,7.97500000000036,1,2.372608
7376.2003,7.99279999999999,1,2.368512
7385.2468,9.04649999999947,1,2.368512
7393.2227,7.97590000000037,1,2.371584
7401.2034,7.98070000000007,1,2.366464
7410.2033,8.9998999999998,1,2.364416
7418.3062,8.10289999999986,1,2.373632
7426.2027,7.89649999999983,1,2.374656
7435.2268,9.02410000000054,1,2.37056
7443.1913,7.96450000000004,1,2.373632
7451.2727,8.08140000000003,1,2.368512
7460.2032,8.93049999999948,1,2.37568
7468.2472,8.04399999999987,1,2.372608
7476.1845,7.9373000000005,1,2.377728
7485.3171,9.13259999999991,1,2.364416
7493.2086,7.89149999999972,1,2.368512
7501.294,8.08539999999994,1,2.369536
7510.3184,9.02440000000024,1,2.37056
7518.247,7.92860000000019,1,2.369536
7526.3905,8.14350000000013,1,2.371584
7534.2608,7.87029999999959,1,2.37568
7543.1997,8.9389000000001,1,2.373632
7551.2456,8.04590000000007,1,2.373632
7560.2029,8.95730000000003,1,2.369536
7568.1966,7.99369999999999,1,2.362368
7576.2185,8.02189999999973,1,2.373632
7585.254,9.03549999999996,1,2.368512
7593.2338,7.97980000000007,1,2.371584
7601.2091,7.97530000000006,1,2.369536
7610.1908,8.98170000000027,1,2.362368
7618.2512,8.06039999999939,1,2.374656
7626.2356,7.98440000000028,1,2.37056
7635.1905,8.95489999999972,1,2.373632
7643.2008,8.01029999999992,1,2.366464
7651.2315,8.03070000000025,1,2.37056
7660.2477,9.01620000000003,1,2.37568
7668.1948,7.94710000000032,1,2.374656
7676.2234,8.02859999999964,1,2.369536
7685.2332,9.00979999999981,1,2.379776
7693.2444,8.01119999999992,1,2.383872
7701.1938,7.94940000000042,1,2.381824
7710.2711,9.07729999999992,1,2.38592
7718.3643,8.09320000000025,1,2.388992
7726.2287,7.86439999999948,1,2.388992
7735.2222,8.99350000000049,1,2.382848
7743.2007,7.97850000000017,1,2.38592
7751.3103,8.10959999999977,1,2.38592
7760.2152,8.90489999999954,1,2.387968
7768.1824,7.96720000000005,1,2.386944
7776.1975,8.01510000000053,1,2.386944
7785.3244,9.12690000000021,1,2.387968
7793.2075,7.88310000000001,1,2.388992
7801.2951,8.08759999999984,1,2.390016
7810.2029,8.90779999999995,1,2.394112
7818.2822,8.07929999999942,1,2.395136
7826.2023,7.92010000000028,1,2.400256
7835.191,8.98869999999988,1,2.404352
7843.2238,8.03279999999995,1,2.4064
7851.2522,8.02840000000015,1,2.400256
7860.2036,8.95139999999992,1,2.410496
7868.2163,8.01270000000022,1,2.412544
7876.2199,8.00360000000001,1,2.423808
7885.2798,9.0599000000002,1,2.42688
7893.2003,7.92050000000017,1,2.432
7901.2146,8.01429999999982,1,2.441216
7910.3628,9.14819999999963,1,2.44224
7918.3692,8.00640000000021,1,2.455552
7926.5012,8.13199999999961,1,2.459648
7934.3033,7.80209999999988,1,2.47296
7943.1707,8.86740000000009,1,2.473984
7951.2324,8.0617000000002,1,2.486272
7960.1904,8.95800000000054,1,2.495488
7968.2228,8.03239999999914,1,2.48832
7976.307,8.08420000000024,1,2.485248
7985.263,8.95600000000013,1,2.489344
7993.2528,7.98980000000029,1,2.490368
8001.1966,7.94380000000001,1,2.497536
8010.2177,9.02109999999993,1,2.509824
8018.2295,8.01180000000022,1,2.515968
8026.2049,7.97539999999935,1,2.516992
8035.245,9.04010000000017,1,2.52416
8043.1992,7.95420000000013,1,2.51904
8051.2299,8.03070000000025,1,2.533376
8060.2106,8.98070000000007,1,2.541568
8068.2067,7.99609999999939,1,2.546688
8076.3444,8.13770000000022,1,2.555904
8084.2856,7.94120000000021,1,2.555904
8093.2527,8.96709999999985,1,2.563072
8101.3479,8.09519999999975,1,2.567168
8109.2384,7.89050000000043,1,2.577408
8118.267,9.02859999999964,1,2.5856
8126.2114,7.94440000000031,1,2.59072
8135.231,9.01959999999963,1,2.593792
8143.2692,8.03819999999996,1,2.596864
8151.279,8.00980000000072,1,2.60608
8160.2394,8.96039999999994,1,2.613248
8168.3203,8.08089999999993,1,2.592768
8176.2028,7.88249999999971,1,2.597888
8185.2556,9.05280000000039,1,2.6112
8193.2921,8.03650000000016,1,2.6112
8200.8094,7.51729999999952,1,2.608128
8209.7189,8.90949999999975,1,2.619392
8217.8206,8.10169999999925,1,2.610176
8226.3457,8.52510000000075,1,2.618368
8234.2517,7.90600000000086,1,2.624512
8243.242,8.99029999999948,1,2.628608
8251.2749,8.03290000000015,1,2.640896
8260.3179,9.04299999999967,1,2.649088
8268.2596,7.9416999999994,1,2.65728
8276.2508,7.99120000000039,1,2.66752
8285.284,9.03319999999985,1,2.676736
8293.259,7.97500000000036,1,2.685952
8301.2251,7.96609999999964,1,2.695168
8310.3198,9.09469999999965,1,2.69824
8318.2422,7.92240000000129,1,2.69312
8326.3557,8.11349999999948,1,2.697216
8334.2381,7.88240000000042,1,2.69312
8343.2611,9.02299999999923,1,2.697216
8351.264,8.0028999999995,1,2.701312
8360.2525,8.9885000000013,1,2.700288
8368.3024,8.04989999999998,1,2.62144
8376.3015,7.99909999999909,1,2.635776
8385.3012,8.9997000000003,1,2.65216
8393.2401,7.93890000000101,1,2.659328
8401.2683,8.02819999999883,1,2.661376
8410.2928,9.02449999999953,1,2.668544
8418.3253,8.03250000000116,1,2.681856
8426.2379,7.91259999999966,1,2.684928
8435.2924,9.05450000000019,1,2.685952
8443.2488,7.95639999999912,1,2.680832
8451.293,8.04420000000027,1,2.688
8460.2614,8.96839999999975,1,2.701312
8468.2685,8.00710000000072,1,2.69824
8476.248,7.97949999999946,1,2.696192
8485.3734,9.12540000000081,1,2.699264
8493.3165,7.94310000000041,1,2.707456
8501.3117,7.99519999999939,1,2.709504
8510.2749,8.96320000000014,1,2.720768
8518.3068,8.03189999999995,1,2.720768
8526.2905,7.98369999999886,1,2.722816
8535.3354,9.04490000000078,1,2.736128
8543.2864,7.95100000000093,1,2.746368
8551.275,7.98859999999877,1,2.740224
8560.2817,9.00669999999991,1,2.74944
8568.232,7.95030000000042,1,2.591744
8576.2973,8.06530000000021,1,2.598912
8585.2432,8.94590000000062,1,2.592768
8593.3309,8.08770000000004,1,2.591744
8601.2741,7.94319999999971,1,2.597888
8610.2585,8.98439999999937,1,2.603008
8618.3224,8.06389999999919,1,2.608128
8626.223,7.90060000000085,1,2.610176
8635.2186,8.99560000000019,1,2.607104
8643.2567,8.03809999999976,1,2.6112
8651.2493,7.99259999999958,1,2.610176
8660.2785,9.02920000000086,1,2.61632
8668.249,7.97049999999945,1,2.620416
8676.2222,7.97320000000036,1,2.620416
8685.2735,9.05129999999917,1,2.628608
8693.2096,7.93610000000081,1,2.642944
8701.3045,8.09490000000005,1,2.655232
8710.2413,8.93679999999949,1,2.65728
8718.3049,8.0635999999995,1,2.663424
8726.2489,7.94400000000132,1,2.666496
8735.3056,9.05669999999918,1,2.670592
8743.3053,7.9997000000003,1,2.675712
8751.3603,8.05500000000029,1,2.688
8759.2537,7.89339999999902,1,2.69312
8768.308,9.0543000000016,1,2.669568
8776.2143,7.90629999999874,1,2.67776
8785.3012,9.08690000000024,1,2.676736
8793.2423,7.94110000000001,1,2.676736
8801.301,8.05869999999959,1,2.67776
8810.3843,9.08330000000024,1,2.685952
8818.3196,7.93530000000101,1,2.683904
8826.3319,8.0122999999985,1,2.695168
8835.2261,8.89420000000064,1,2.690048
8843.2455,8.01940000000104,1,2.690048
8851.2571,8.01159999999982,1,2.695168
8860.235,8.97789999999986,1,2.69824
8868.2399,8.00489999999991,1,2.695168
8876.2464,8.00649999999951,1,2.704384
8885.3241,9.07769999999982,1,2.702336
8893.3315,8.00740000000042,1,2.704384
8901.2537,7.92219999999907,1,2.706432
8910.3455,9.09180000000015,1,2.705408
8918.2896,7.94410000000062,1,2.706432
8926.3275,8.03789999999935,1,2.707456
8935.2763,8.94880000000012,1,2.709504
8943.2637,7.98739999999998,1,2.706432
8951.269,8.00530000000072,1,2.709504
8960.2439,8.97489999999925,1,2.71872
8968.2579,8.01400000000103,1,2.638848
8976.2791,8.02119999999923,1,2.634752
8985.4478,9.16870000000017,1,2.633728
8993.2842,7.83640000000014,1,2.637824
9001.2107,7.92649999999958,1,2.6368
9010.2163,9.00560000000041,1,2.643968
9018.2797,8.06339999999909,1,2.646016
9026.2106,7.9309000000012,1,2.637824
9035.2714,9.06079999999929,1,2.639872
9043.3414,8.06999999999971,1,2.6368
9051.2903,7.94890000000123,1,2.639872
9060.2857,8.99539999999979,1,2.635776
9068.2919,8.00619999999981,1,2.6368
9076.3089,8.01699999999983,1,2.6368
9085.3582,9.04930000000058,1,2.635776
9093.2307,7.87249999999949,1,2.637824
9101.2985,8.06780000000072,1,2.632704
9110.2347,8.9362000000001,1,2.632704
9118.3648,8.13009999999849,1,2.643968
9126.2296,7.8648000000012,1,2.637824
9135.2431,9.01349999999911,1,2.6368
9143.2126,7.96950000000106,1,2.625536
9151.3249,8.11229999999887,1,2.629632
9160.3443,9.01940000000104,1,2.63168
9168.2538,7.90949999999975,1,2.630656
9176.3025,8.04869999999937,1,2.627584
9185.3044,9.00190000000111,1,2.630656
9193.2421,7.93769999999859,1,2.622464
9200.7294,7.48730000000069,1,2.617344
9209.7561,9.02670000000035,1,2.61632
9218.2796,8.52349999999933,1,2.604032
9226.3065,8.02690000000075,1,2.61632
9235.25,8.9434999999994,1,2.610176
9243.2535,8.00350000000071,1,2.608128
9251.2709,8.01739999999882,1,2.604032
9260.3307,9.05980000000091,1,2.592768
9268.3371,8.00640000000021,1,2.587648
9276.2692,7.93209999999999,1,2.58048
9285.3102,9.04099999999926,1,2.572288
9293.2525,7.94230000000061,1,2.571264
9301.2353,7.98279999999977,1,2.572288
9310.2456,9.01029999999992,1,2.562048
9318.2722,8.02659999999923,1,2.56
9326.3488,8.07660000000033,1,2.552832
9334.2566,7.90780000000086,1,2.540544
9343.3002,9.04359999999906,1,2.540544
9351.3064,8.00619999999981,1,2.533376
9360.2383,8.93190000000141,1,2.520064
9368.2087,7.97039999999834,1,2.518016
9376.2868,8.07810000000063,1,2.518016
9385.3038,9.01699999999983,1,2.522112
9393.2417,7.93790000000081,1,2.522112
9401.2419,8.0002000000004,1,2.516992
9410.2554,9.01349999999911,1,2.509824
9418.3487,8.09330000000045,1,2.502656
9426.2369,7.88819999999942,1,2.5088
9435.254,9.01710000000094,1,2.506752
9443.2746,8.02059999999983,1,2.505728
9451.3044,8.02980000000025,1,2.50368
9460.335,9.03059999999823,1,2.502656
9468.2714,7.9364000000005,1,2.501632
9476.2822,8.01080000000002,1,2.500608
9485.283,9.0007999999998,1,2.487296
9493.311,8.02800000000025,1,2.48832
9501.3369,8.02590000000055,1,2.491392
9509.2544,7.91749999999956,1,2.473984
9518.2802,9.02579999999944,1,2.468864
9526.3626,8.08240000000114,1,2.46784
9534.2529,7.89029999999912,1,2.465792
9543.3118,9.05889999999999,1,2.460672
9551.2801,7.96830000000045,1,2.460672
9560.2771,8.99699999999939,1,2.46272
9568.2864,8.00930000000153,1,2.45248
9576.3035,8.01709999999912,1,2.44224
9585.2746,8.97110000000066,1,2.451456
9593.262,7.98739999999998,1,2.441216
9601.2455,7.98350000000028,1,2.449408
9610.3129,9.06739999999991,1,2.436096
9618.4126,8.09969999999885,1,2.427904
9626.2472,7.83460000000014,1,2.42176
9635.2279,8.98070000000007,1,2.420736
9643.2621,8.03420000000006,1,2.404352
9651.2675,8.00540000000001,1,2.395136
9660.2654,8.9979000000003,1,2.397184
9668.2556,7.99020000000019,1,2.394112
9676.2425,7.98689999999988,1,2.395136
9685.3074,9.0648999999994,1,2.386944
9693.2319,7.92450000000099,1,2.39616
9701.2958,8.06389999999919,1,2.394112
9710.2464,8.95060000000012,1,2.39104
9718.3457,8.09929999999986,1,2.388992
9726.2463,7.90060000000085,1,2.38592
9735.2589,9.01260000000002,1,2.377728
9743.239,7.98009999999886,1,2.367488
9751.303,8.06400000000031,1,2.357248
9760.2303,8.92729999999938,1,2.35008
9768.351,8.12070000000131,1,2.345984
9776.2467,7.89569999999912,1,2.338816
9785.3171,9.07040000000052,1,2.332672
9793.312,7.99489999999969,1,2.322432
9801.2423,7.93029999999999,1,2.32448
9810.2534,9.01109999999971,1,2.32448
9818.2864,8.03300000000127,1,2.328576
9826.341,8.05459999999948,1,2.327552
9834.2526,7.91159999999945,1,2.313216
9843.2134,8.96080000000075,1,2.312192
9851.2981,8.08469999999943,1,2.305024
9860.2654,8.96730000000025,1,2.301952
9868.2635,7.99809999999889,1,2.292736
9876.2881,8.02460000000065,1,2.287616
9885.2872,8.99910000000091,1,2.287616
9893.2643,7.97710000000006,1,2.275328
9901.2476,7.98329999999987,1,2.275328
9910.2984,9.05079999999907,1,2.265088
9918.277,7.97860000000037,1,2.260992
9926.2624,7.98539999999957,1,2.255872
9935.2542,8.99179999999978,1,2.251776
9943.4271,8.17290000000139,1,2.24768
9951.3505,7.92339999999967,1,2.243584
9959.4037,8.05320000000029,1,2.239488
9968.3585,8.95479999999952,1,2.225152
9976.2588,7.90029999999933,1,2.2272
9985.5159,9.25710000000072,1,2.224128
9993.2659,7.75,1,2.225152
10001.2698,8.0038999999997,1,2.221056
10010.2713,9.00150000000031,1,2.215936
10018.3478,8.07649999999921,1,2.217984
10026.2478,7.89999999999964,1,2.21184
10035.2569,9.00910000000113,1,2.21696
10043.2279,7.97099999999955,1,2.214912
10051.3365,8.10859999999957,1,2.219008
10059.2696,7.93310000000019,1,2.213888
10068.2659,8.9963000000007,1,2.208768
10076.2415,7.97559999999976,1,2.208768
10085.2923,9.05079999999907,1,2.20672
10093.2268,7.93450000000121,1,2.202624
10101.3901,8.16330000000016,1,2.200576
10109.2952,7.90509999999995,1,2.193408
10118.3384,9.04320000000007,1,2.183168
10126.2477,7.90929999999935,1,2.184192
10135.2626,9.01490000000013,1,2.185216
10143.2396,7.97700000000077,1,2.185216
10151.3319,8.09229999999843,1,2.180096
10160.4527,9.1208000000006,1,2.169856
10168.2685,7.81580000000031,1,2.169856
10176.2386,7.97010000000046,1,2.172928
10185.2909,9.05229999999938,1,2.168832
10193.2677,7.97680000000037,1,2.16576
10200.7573,7.48959999999897,1,2.16576
10209.7925,9.03520000000026,1,2.167808
10217.3724,7.57990000000063,1,2.159616
10226.2869,8.91449999999895,1,2.15552
10235.2583,8.97140000000036,1,2.157568
10243.3003,8.04200000000128,1,2.16064
10251.2979,7.99759999999878,1,2.152448
10260.2853,8.98739999999998,1,2.1504
10268.2563,7.97099999999955,1,2.157568
10276.2835,8.02720000000045,1,2.153472
10285.3703,9.08680000000095,1,2.152448
10293.2882,7.91790000000037,1,2.154496
10301.2594,7.97119999999995,1,2.159616
10310.2705,9.01109999999971,1,2.156544
10318.4497,8.17919999999867,1,2.153472
10326.3094,7.85970000000088,1,2.142208
10335.3265,9.01709999999912,1,2.147328
10343.3178,7.9913000000015,1,2.152448
10351.3528,8.03499999999985,1,2.148352
10359.2779,7.92509999999857,1,2.142208
10368.2296,8.95170000000144,1,2.143232
10376.2705,8.04089999999997,1,2.146304
10385.3517,9.08119999999872,1,2.151424
10393.3,7.94830000000002,1,2.14528
10401.2709,7.97090000000026,1,2.151424
10410.2711,9.0002000000004,1,2.14528
10418.32,8.04889999999978,1,2.148352
10426.2573,7.9372999999996,1,2.147328
10435.2788,9.02150000000074,1,2.144256
10443.2905,8.01169999999911,1,2.146304
10451.3295,8.03900000000067,1,2.14016
10460.2661,8.93660000000091,1,2.149376
10468.3434,8.07729999999901,1,2.147328
10476.269,7.92560000000049,1,2.149376
10485.3255,9.0565000000006,1,2.146304
10493.2649,7.9393999999993,1,2.141184
10501.4171,8.15220000000045,1,2.146304
10509.2954,7.87830000000031,1,2.144256
10518.3226,9.02719999999863,1,2.153472
10526.3016,7.97900000000118,1,2.147328
10535.3404,9.03879999999845,1,2.149376
10543.3111,7.97070000000167,1,2.152448
10551.3351,8.02399999999943,1,2.14528
10559.3275,7.99239999999918,1,2.14528
10568.2649,8.93740000000071,1,2.142208
10576.2866,8.02169999999933,1,2.149376
10585.2993,9.01270000000113,1,2.151424
10593.2978,7.99849999999969,1,2.143232
10601.2695,7.97170000000006,1,2.1504
10610.3067,9.03719999999885,1,2.146304
10618.3108,8.00410000000011,1,2.148352
10626.2987,7.98790000000008,1,2.147328
10635.2545,8.95579999999973,1,2.147328
10643.2663,8.01180000000022,1,2.146304
10651.2839,8.01760000000104,1,2.143232
10660.3005,9.01659999999902,1,2.14528
10668.2551,7.95460000000094,1,2.144256
10676.2719,8.01679999999942,1,2.14528
10685.3473,9.07539999999972,1,2.143232
10693.314,7.96670000000086,1,2.136064
10701.2766,7.96259999999893,1,2.142208
10710.2633,8.98670000000129,1,2.141184
10718.3204,8.05709999999999,1,2.14016
10726.2815,7.96109999999862,1,2.139136
10735.2897,9.00820000000022,1,2.14016
10743.2765,7.98680000000058,1,2.14016
10751.3198,8.04329999999936,1,2.141184
10760.2563,8.9364999999998,1,2.139136
10768.3736,8.11730000000171,1,2.21184
10776.2771,7.90349999999853,1,2.207744
10785.3505,9.07340000000113,1,2.212864
10793.2562,7.90569999999934,1,2.203648
10801.305,8.04880000000048,1,2.21184
10810.2726,8.96759999999995,1,2.209792
10818.3497,8.07710000000043,1,2.209792
10826.2602,7.91049999999996,1,2.204672
10835.342,9.08179999999993,1,2.20672
10843.3001,7.95809999999983,1,2.205696
10851.3079,8.00779999999941,1,2.209792
10860.3231,9.01519999999982,1,2.21184
10868.261,7.93790000000081,1,2.205696
10876.3227,8.0617000000002,1,2.210816
10885.3944,9.0716999999986,1,2.208768
10893.316,7.92160000000149,1,2.208768
10901.29,7.97400000000016,1,2.208768
10910.2903,9.0002999999997,1,2.209792
10918.3792,8.08889999999883,1,2.209792
10926.2762,7.89700000000084,1,2.21184
10935.2652,8.98899999999958,1,2.209792
10943.3265,8.06129999999939,1,2.209792
10951.3108,7.98430000000008,1,2.208768
10960.2973,8.98650000000089,1,2.207744
10968.2868,7.98949999999968,1,2.217984
10976.2778,7.99099999999999,1,2.214912
10985.2926,9.01480000000083,1,2.213888
10993.3137,8.02109999999993,1,2.21696
11001.3054,7.99169999999867,1,2.214912
11010.3624,9.0570000000007,1,2.215936
11018.3146,7.95219999999972,1,2.215936
11026.3003,7.98570000000109,1,2.215936
11035.2766,8.97629999999845,1,2.21184
11043.4055,8.12890000000152,1,2.215936
11051.3477,7.9421999999995,1,2.212864
11059.3616,8.01389999999992,1,2.210816
11068.3538,8.99220000000059,1,2.205696
11076.2626,7.90879999999925,1,2.215936
11085.3101,9.04750000000058,1,2.215936
11093.2286,7.91849999999977,1,2.214912
11101.2404,8.01180000000022,1,2.212864
11110.3114,9.07099999999991,1,2.215936
11118.3256,8.01419999999962,1,2.214912
11126.2704,7.9447999999993,1,2.217984
11135.2824,9.01200000000063,1,2.214912
11143.295,8.01260000000002,1,2.213888
11151.317,8.02199999999903,1,2.214912
11160.2789,8.96190000000024,1,2.213888
11168.3256,8.04670000000078,1,2.22208
11176.2781,7.95249999999942,1,2.214912
11185.3418,9.06370000000061,1,2.220032
11193.2611,7.91929999999957,1,2.223104
11200.8276,7.56650000000081,1,2.221056
11209.2854,8.45780000000013,1,2.224128
11218.4145,9.12910000000011,1,2.220032
11226.286,7.87149999999929,1,2.224128
11235.3706,9.08460000000014,1,2.21696
11243.3509,7.98029999999926,1,2.215936
11251.3525,8.00160000000142,1,2.22208
11259.3514,7.99889999999868,1,2.21696
11268.2831,8.931700000001,1,2.215936
11276.3271,8.04399999999987,1,2.223104
11285.3588,9.03169999999955,1,2.215936
11293.3318,7.97299999999996,1,2.219008
11301.3006,7.96880000000056,1,2.223104
11310.2891,8.98849999999948,1,2.224128
11318.3334,8.04429999999957,1,2.219008
11326.3592,8.02580000000125,1,2.219008
11334.3106,7.95139999999992,1,2.220032
11343.3446,9.03399999999965,1,2.223104
11351.34,7.99539999999979,1,2.214912
11359.326,7.98599999999897,1,2.21696
11368.3147,8.9887000000017,1,2.220032
11376.3089,7.99419999999918,1,2.21696
11385.3125,9.00360000000001,1,2.22208
11393.3164,8.0038999999997,1,2.217984
11401.2927,7.97630000000026,1,2.224128
11410.3238,9.03110000000015,1,2.22208
11418.4169,8.09310000000005,1,2.224128
11426.3002,7.88329999999951,1,2.22208
11435.3193,9.01909999999953,1,2.219008
11443.3093,7.9900000000016,1,2.221056
11451.5716,8.2622999999985,1,2.21696
11459.3102,7.73860000000059,1,2.221056
11468.3102,9,1,2.22208
11476.3122,8.00200000000041,1,2.224128
11485.3366,9.02440000000024,1,2.224128
11493.283,7.9463999999989,1,2.21696
11501.39,8.10699999999997,1,2.226176
11509.3823,7.99229999999989,1,2.225152
11518.3962,9.01389999999992,1,2.224128
11526.2966,7.90040000000045,1,2.223104
11535.332,9.03540000000066,1,2.224128
11543.29,7.95800000000054,1,2.221056
11551.3676,8.07759999999871,1,2.220032
11559.3032,7.9356000000007,1,2.224128
11568.3877,9.08449999999903,1,2.276352
11576.296,7.90830000000096,1,2.276352
11585.3887,9.09269999999924,1,2.26816
11593.3792,7.99049999999988,1,2.280448
11601.3985,8.01929999999993,1,2.274304
11609.4082,8.00970000000052,1,2.275328
11618.3841,8.97589999999946,1,2.274304
11626.3229,7.9387999999999,1,2.276352
11635.3031,8.98019999999997,1,2.27328
11643.3195,8.01640000000043,1,2.275328
11651.3256,8.00610000000052,1,2.272256
11660.3368,9.01119999999901,1,2.27328
11668.3141,7.97730000000047,1,2.2784
11676.2808,7.96670000000086,1,2.270208
11685.3187,9.03789999999935,1,2.27328
11693.3046,7.98589999999967,1,2.272256
11701.2856,7.98099999999977,1,2.276352
11710.2992,9.01360000000022,1,2.276352
11718.3532,8.05400000000009,1,2.276352
11726.3662,8.01300000000083,1,2.276352
11734.289,7.92280000000028,1,2.275328
11743.333,9.04399999999987,1,2.276352
11751.3173,7.98430000000008,1,2.27328
11760.2968,8.97949999999946,1,2.2784
11768.2801,7.98329999999987,1,2.276352
11776.3264,8.04629999999997,1,2.270208
11785.3944,9.0679999999993,1,2.2784
11793.3058,7.91140000000087,1,2.274304
11801.3224,8.01659999999902,1,2.276352
11810.2906,8.96820000000116,1,2.279424
11818.4014,8.11080000000038,1,2.275328
11826.2948,7.89339999999902,1,2.275328
11835.3158,9.02100000000064,1,2.276352
11843.2997,7.98389999999927,1,2.2784
11851.3539,8.05420000000049,1,2.275328
11859.2881,7.93419999999969,1,2.271232
11868.3162,9.02809999999954,1,2.276352
11876.3141,7.9979000000003,1,2.277376
11885.3929,9.07880000000114,1,2.2784
11893.3246,7.93169999999918,1,2.274304
11901.3159,7.99129999999968,1,2.277376
11910.2992,8.98329999999987,1,2.277376
11918.3658,8.06660000000011,1,2.274304
11926.2922,7.92640000000029,1,2.27328
11935.3206,9.02839999999924,1,2.277376
11943.2796,7.95900000000074,1,2.27328
11951.4131,8.13349999999991,1,2.276352
11959.317,7.90389999999934,1,2.276352
11968.4853,9.16830000000118,1,2.28352
11976.5978,8.11249999999927,1,2.284544
11984.417,7.81919999999991,1,2.277376
11993.5395,9.12250000000131,1,2.28352
12001.3124,7.77289999999994,1,2.281472
12010.3325,9.02009999999973,1,2.279424
12018.323,7.99049999999988,1,2.28352
12026.3278,8.0047999999988,1,2.28352
12035.3142,8.98640000000159,1,2.282496
12043.3176,8.0033999999996,1,2.282496
12051.3319,8.01429999999891,1,2.281472
12060.3533,9.02140000000145,1,2.28352
12068.2853,7.93199999999888,1,2.280448
12076.3131,8.02779999999984,1,2.282496
12085.3942,9.08110000000124,1,2.28352
12093.3995,8.0052999999989,1,2.284544
12101.3247,7.92519999999968,1,2.282496
12110.3757,9.0510000000013,1,2.276352
12118.4433,8.06760000000031,1,2.281472
12126.3915,7.94819999999891,1,2.284544
12134.3854,7.99389999999948,1,2.284544
12143.2906,8.90520000000106,1,2.28352
12151.3251,8.03449999999975,1,2.28352
12160.3676,9.04249999999956,1,2.279424
12168.3525,7.98490000000129,1,2.281472
12176.3124,7.95989999999983,1,2.281472
12185.3744,9.0619999999999,1,2.280448
12193.3411,7.96669999999904,1,2.286592
12200.8861,7.54500000000007,1,2.285568
12209.3225,8.4364000000005,1,2.279424
12218.427,9.10449999999946,1,2.280448
12226.3599,7.93289999999979,1,2.281472
12234.4098,8.04989999999998,1,2.279424
12243.3345,8.92470000000139,1,2.28352
12251.4078,8.07330000000002,1,2.281472
12259.3134,7.90559999999823,1,2.287616
12268.3638,9.05040000000008,1,2.284544
12276.3416,7.97780000000057,1,2.275328
12284.4391,8.09749999999985,1,2.281472
12293.4227,8.98359999999957,1,2.28352
12301.3274,7.90470000000096,1,2.28352
12310.3174,8.98999999999978,1,2.284544
12318.3721,8.05470000000059,1,2.280448
12326.4228,8.05069999999978,1,2.28352
12334.3539,7.93109999999979,1,2.280448
12343.3786,9.02469999999994,1,2.282496
12351.3839,8.00530000000072,1,2.2784
12359.3872,8.00329999999849,1,2.277376
12368.3277,8.94050000000061,1,2.284544
12376.3765,8.04880000000048,1,2.280448
12384.3454,7.96889999999985,1,2.281472
12393.3433,8.9979000000003,1,2.276352
12401.4069,8.0635999999995,1,2.282496
12409.3546,7.94770000000062,1,2.279424
12418.396,9.04140000000007,1,2.281472
12426.3911,7.99510000000009,1,2.284544
12434.3215,7.93039999999928,1,2.277376
12443.3988,9.07730000000083,1,2.28352
12451.3613,7.96249999999964,1,2.28352
12459.4606,8.09929999999986,1,2.287616
12468.3446,8.88400000000001,1,2.284544
12476.3341,7.98949999999968,1,2.28352
12484.3587,8.02460000000065,1,2.284544
12493.3528,8.99409999999989,1,2.281472
12501.6154,8.26260000000002,1,2.286592
12509.4172,7.80179999999928,1,2.282496
12518.3577,8.94050000000061,1,2.285568
12526.3625,8.0047999999988,1,2.284544
12534.3549,7.992400000001,1,2.277376
12543.3002,8.94529999999941,1,2.281472
12551.3924,8.09220000000096,1,2.281472
12559.3106,7.91820000000007,1,2.276352
12568.4495,9.13889999999992,1,2.318336
12576.3252,7.87569999999869,1,2.32448
12585.4036,9.07840000000033,1,2.322432
12593.3513,7.94770000000062,1,2.322432
12601.3342,7.98289999999906,1,2.323456
12609.3369,8.00270000000091,1,2.325504
12618.3991,9.0622000000003,1,2.325504
12626.3954,7.99629999999888,1,2.331648
12634.3395,7.94410000000062,1,2.32448
12643.3443,9.00480000000061,1,2.322432
12651.3935,8.04919999999947,1,2.321408
12659.3375,7.94399999999951,1,2.321408
12668.324,8.98650000000089,1,2.325504
12676.6966,8.37259999999878,1,2.32448
12684.3842,7.68760000000111,1,2.325504
12693.3295,8.94529999999941,1,2.322432
12701.3173,7.98780000000079,1,2.32448
12710.3718,9.05450000000019,1,2.326528
12718.3811,8.00929999999971,1,2.320384
12726.3411,7.95999999999913,1,2.323456
12734.4064,8.06530000000021,1,2.326528
12743.3363,8.929900000001,1,2.318336
12751.3695,8.03319999999985,1,2.32448
12759.4245,8.05499999999847,1,2.32448
12768.3393,8.91480000000047,1,2.32448
12776.3913,8.05199999999968,1,2.323456
12784.3766,7.98530000000028,1,2.320384
12793.4302,9.0536000000011,1,2.321408
12801.3173,7.88709999999992,1,2.325504
12810.3453,9.02800000000025,1,2.32448
12818.3628,8.01749999999993,1,2.32448
12826.3483,7.98549999999886,1,2.322432
12834.3613,8.01300000000083,1,2.325504
12843.3998,9.03849999999875,1,2.328576
12851.3373,7.9375,1,2.326528
12859.3738,8.03650000000016,1,2.322432
12868.6121,9.23830000000089,1,2.327552
12876.3636,7.75150000000031,1,2.325504
12884.4143,8.05069999999978,1,2.326528
12893.3611,8.94679999999971,1,2.321408
12901.565,8.20390000000043,1,2.325504
12909.3777,7.81269999999859,1,2.325504
12918.4148,9.03710000000137,1,2.326528
12926.3581,7.943299999999,1,2.320384
12934.2868,7.92870000000039,1,2.32448
12943.3794,9.09259999999995,1,2.326528
12951.4036,8.02419999999984,1,2.31936
12959.3797,7.97609999999986,1,2.32448
12968.3895,9.00979999999981,1,2.323456
12976.309,7.91949999999997,1,2.325504
12985.3717,9.0627000000004,1,2.323456
12993.3113,7.9395999999997,1,2.321408
13001.3934,8.08210000000145,1,2.318336
13009.3256,7.93219999999928,1,2.32448
13018.4025,9.07690000000002,1,2.323456
13026.3119,7.90940000000046,1,2.31936
13035.3707,9.05879999999888,1,2.323456
13043.3107,7.94000000000051,1,2.325504
13051.4137,8.10299999999916,1,2.323456
13059.475,8.06130000000121,1,2.317312
13068.4305,8.95550000000003,1,2.325504
13076.3322,7.90170000000035,1,2.31936
13085.4664,9.1341999999986,1,2.32448
13093.3736,7.90720000000147,1,2.322432
13101.3254,7.95179999999891,1,2.327552
13110.34,9.01460000000043,1,2.32448
13118.367,8.02700000000004,1,2.32448
13126.3907,8.02369999999974,1,2.325504
13134.3315,7.94080000000031,1,2.323456
13143.3452,9.01369999999952,1,2.32448
13151.3466,8.00140000000101,1,2.327552
13159.3478,8.00119999999879,1,2.320384
13168.3264,8.97860000000037,1,2.326528
13176.3265,8.00009999999929,1,2.323456
13185.3509,9.02440000000024,1,2.32448
13193.3509,8,1,2.325504
13200.8377,7.48680000000058,1,2.323456
13209.8979,9.0601999999999,1,2.327552
13217.4551,7.55719999999928,1,2.328576
13226.3482,8.89310000000114,1,2.325504
13234.458,8.10980000000018,1,2.3296
13243.3759,8.91789999999855,1,2.325504
13251.4174,8.04150000000118,1,2.326528
13259.3346,7.91719999999987,1,2.323456
13268.3614,9.02679999999964,1,2.323456
13276.3574,7.996000000001,1,2.322432
13284.4456,8.08819999999832,1,2.326528
13293.3457,8.90010000000075,1,2.327552
13301.3513,8.00560000000041,1,2.326528
13309.3284,7.97710000000006,1,2.325504
13318.4403,9.11189999999988,1,2.32448
13326.3333,7.89300000000003,1,2.323456
13334.3522,8.01889999999912,1,2.328576
13343.3579,9.00570000000153,1,2.326528
13351.4832,8.1252999999997,1,2.325504
13359.3411,7.85789999999906,1,2.326528
13368.3783,9.03720000000067,1,2.330624
13376.3298,7.95149999999921,1,2.33472
13385.4092,9.07940000000053,1,2.33472
13393.3913,7.98209999999926,1,2.332672
13401.3976,8.00630000000092,1,2.331648
13409.4388,8.04119999999966,1,2.326528
13418.3804,8.94160000000011,1,2.333696
13426.3492,7.96880000000056,1,2.332672
13434.3264,7.97719999999936,1,2.333696
13443.3435,9.01710000000094,1,2.333696
13451.3655,8.02199999999903,1,2.331648
13459.3513,7.98580000000038,1,2.333696
13468.3911,9.03980000000047,1,2.3296
13476.3575,7.96639999999934,1,2.333696
13484.3664,8.00890000000072,1,2.330624
13493.3487,8.98229999999967,1,2.33472
13501.3501,8.00139999999919,1,2.33472
13509.4496,8.09950000000026,1,2.3296
13518.3928,8.94319999999971,1,2.336768
13526.371,7.97819999999956,1,2.332672
13534.354,7.98300000000017,1,2.335744
13543.3699,9.01590000000033,1,2.330624
13551.3734,8.00350000000071,1,2.3296
13559.359,7.98559999999998,1,2.333696
13568.3267,8.96769999999924,1,2.327552
13576.4089,8.08220000000074,1,2.332672
13584.3863,7.97739999999976,1,2.331648
13593.4006,9.01430000000073,1,2.3296
13601.2994,7.89879999999903,1,2.3296
13610.3387,9.03930000000037,1,2.332672
13618.3891,8.05040000000008,1,2.33472
13626.3879,7.99879999999939,1,2.332672
13634.3607,7.97279999999955,1,2.332672
13643.334,8.97330000000147,1,2.327552
13651.4076,8.07359999999971,1,2.330624
13659.3542,7.94659999999931,1,2.331648
13668.3597,9.00550000000112,1,2.328576
13676.3312,7.97149999999965,1,2.333696
13685.3819,9.05069999999978,1,2.33472
13693.3687,7.98680000000058,1,2.333696
13701.384,8.01529999999912,1,2.3296
13709.3448,7.96080000000075,1,2.333696
13718.4375,9.09269999999924,1,2.331648
13726.3395,7.90200000000004,1,2.331648
13734.4524,8.11290000000008,1,2.330624
13743.4195,8.96709999999985,1,2.32448
13751.5339,8.11440000000039,1,2.325504
13759.4772,7.943299999999,1,2.331648
13768.5319,9.05470000000059,1,2.332672
13776.6026,8.07070000000022,1,2.3296
13784.4176,7.81500000000051,1,2.335744
13793.3781,8.96049999999923,1,2.33472
13801.3556,7.97750000000087,1,2.332672
13809.3384,7.98279999999977,1,2.333696
13818.3801,9.04169999999976,1,2.33472
13826.3591,7.97899999999936,1,2.331648
13834.3433,7.98420000000078,1,2.333696
13843.5164,9.17309999999998,1,2.3296
13851.4659,7.94949999999881,1,2.332672
13859.3964,7.93050000000039,1,2.326528
13868.3952,8.99880000000121,1,2.331648
13876.4733,8.07809999999881,1,2.328576
13884.4342,7.96090000000004,1,2.3296
13893.4422,9.00799999999981,1,2.326528
13901.3938,7.95160000000033,1,2.332672
13909.4857,8.09189999999944,1,2.331648
13918.4895,9.00380000000041,1,2.326528
13926.3743,7.88479999999981,1,2.332672
13934.3495,7.97520000000077,1,2.330624
13943.3669,9.01740000000063,1,2.333696
13951.3829,8.01599999999962,1,2.333696
13959.4236,8.04069999999956,1,2.341888
13968.4734,9.04980000000069,1,2.330624
13976.3715,7.89809999999852,1,2.328576
13984.468,8.09650000000147,1,2.331648
13993.4971,9.02909999999974,1,2.33472
14001.6829,8.18579999999929,1,2.331648
14009.512,7.82910000000084,1,2.328576
14018.4325,8.92050000000017,1,2.331648
14026.3717,7.93919999999889,1,2.333696
14034.3588,7.98710000000028,1,2.330624
14043.3346,8.97580000000016,1,2.333696
14051.4174,8.08280000000013,1,2.330624
14059.3563,7.93889999999919,1,2.331648
14068.3902,9.03390000000036,1,2.330624
14076.3688,7.97860000000037,1,2.331648
14084.4194,8.05060000000049,1,2.331648
14093.3731,8.95370000000003,1,2.330624
14101.4094,8.03629999999976,1,2.331648
14109.3276,7.91820000000007,1,2.331648
14118.4181,9.09050000000025,1,2.33472
14126.3425,7.92439999999988,1,2.3296
14134.4071,8.0645999999997,1,2.331648
14143.4564,9.04929999999877,1,2.331648
14151.4221,7.96570000000065,1,2.328576
14159.4187,7.9966000000004,1,2.332672
14168.3373,8.91859999999906,1,2.33984
14176.4743,8.13700000000063,1,2.337792
14184.3911,7.91680000000088,1,2.341888
14193.3666,8.97549999999865,1,2.338816
14200.8473,7.48070000000007,1,2.337792
14209.9192,9.07190000000082,1,2.340864
14217.4459,7.52670000000035,1,2.341888
14226.4399,8.99399999999878,1,2.336768
14234.3686,7.92870000000039,1,2.336768
14243.5245,9.15589999999975,1,2.336768
14251.4317,7.90719999999965,1,2.337792
14259.4679,8.03620000000046,1,2.33984
14268.3735,8.90560000000005,1,2.338816
14276.3948,8.02130000000034,1,2.340864
14284.4168,8.02200000000084,1,2.337792
14293.3953,8.97849999999926,1,2.338816
14301.351,7.95570000000043,1,2.33472
14309.4426,8.09159999999974,1,2.338816
14318.5143,9.07170000000042,1,2.337792
14326.3564,7.84209999999985,1,2.337792
14334.4296,8.07319999999891,1,2.335744
14343.4033,8.97370000000046,1,2.336768
14351.4366,8.03330000000096,1,2.338816
14359.4343,7.9976999999999,1,2.335744
14368.4359,9.0015999999996,1,2.342912
14376.362,7.92609999999877,1,2.337792
14384.421,8.05900000000111,1,2.337792
14393.3556,8.9346000000005,1,2.338816
14401.4078,8.05220000000008,1,2.335744
14409.383,7.97519999999895,1,2.340864
14418.4127,9.02970000000096,1,2.338816
14426.3448,7.93209999999999,1,2.337792
14434.3635,8.01869999999872,1,2.335744
14443.3789,9.01540000000023,1,2.336768
14451.4342,8.05529999999999,1,2.337792
14459.3597,7.92550000000119,1,2.342912
14468.4763,9.11659999999938,1,2.338816
14476.4125,7.9362000000001,1,2.340864
14484.4392,8.02670000000035,1,2.338816
14493.3662,8.92699999999968,1,2.338816
14501.4565,8.09029999999984,1,2.341888
14509.3821,7.92560000000049,1,2.33984
14518.465,9.08289999999943,1,2.343936
14526.447,7.98199999999997,1,2.33984
14534.4389,7.99189999999908,1,2.828288
14543.3829,8.94400000000132,1,2.340864
14551.3935,8.01059999999961,1,2.33984
14559.3816,7.98810000000049,1,2.33984
14568.3658,8.98419999999896,1,2.340864
14576.3604,7.99459999999999,1,2.337792
14584.4189,8.058500000001,1,2.342912
14593.4493,9.03039999999964,1,2.338816
14601.3763,7.92699999999968,1,2.333696
14609.3709,7.99459999999999,1,2.333696
14618.3817,9.01080000000002,1,2.340864
14626.4007,8.01900000000023,1,2.338816
14634.3621,7.96140000000014,1,2.340864
14643.4178,9.05569999999898,1,2.335744
14651.3972,7.97940000000017,1,2.336768
14659.4024,8.00520000000142,1,2.33984
14668.4413,9.03889999999956,1,2.341888
14676.4076,7.96630000000005,1,2.342912
14684.4757,8.06810000000041,1,2.340864
14693.367,8.89129999999932,1,2.340864
14701.3333,7.96630000000005,1,2.338816
14709.357,8.02369999999974,1,2.34496
14718.4392,9.08220000000074,1,2.338816
14726.3719,7.93269999999939,1,2.336768
14734.3741,8.00220000000081,1,2.343936
14743.3904,9.01629999999932,1,2.336768
14751.4254,8.03499999999985,1,2.338816
14759.3589,7.93349999999919,1,2.33984
14768.3631,9.00420000000122,1,2.33984
14776.3533,7.99020000000019,1,2.33984
14784.456,8.10269999999946,1,2.340864
14793.3596,8.90359999999964,1,2.342912
14801.47,8.11039999999957,1,2.342912
14809.3798,7.90980000000127,1,2.337792
14818.4811,9.10130000000026,1,2.337792
14826.3669,7.88580000000002,1,2.336768
14834.3625,7.99559999999838,1,2.335744
14843.3623,8.99980000000141,1,2.338816
14851.411,8.04869999999937,1,2.341888
14859.3521,7.94110000000001,1,2.341888
14868.4235,9.07140000000072,1,2.352128
14876.4187,7.99519999999939,1,2.341888
14884.4531,8.03440000000046,1,2.342912
14893.4165,8.96339999999873,1,2.336768
14901.3999,7.98340000000098,1,2.338816
14909.5436,8.14370000000054,1,2.340864
14918.4899,8.94629999999961,1,2.337792
14926.5612,8.07129999999961,1,2.336768
14934.5763,8.01510000000053,1,2.335744
14943.541,8.96469999999863,1,2.338816
14951.5547,8.01370000000134,1,2.338816
14959.5908,8.03609999999935,1,2.336768
14968.5655,8.97470000000067,1,2.34496
14976.3974,7.83189999999922,1,2.348032
14984.4083,8.01089999999931,1,2.345984
14993.3872,8.97890000000007,1,2.348032
15001.3563,7.96910000000025,1,2.347008
15009.4264,8.07010000000082,1,2.34496
15018.4025,8.97609999999986,1,2.347008
15026.3992,7.99669999999969,1,2.34496
15034.4128,8.01360000000022,1,2.345984
15043.4373,9.02449999999953,1,2.347008
15051.4077,7.97040000000015,1,2.343936
15059.3827,7.97500000000036,1,2.351104
15068.6384,9.25569999999971,1,2.343936
15076.3741,7.73570000000109,1,2.349056
15084.4428,8.06869999999981,1,2.35008
15093.4291,8.98629999999866,1,2.345984
15101.395,7.96590000000106,1,2.347008
15109.3548,7.95979999999872,1,2.348032
15118.4119,9.05709999999999,1,2.341888
15126.3691,7.95720000000074,1,2.345984
15134.3584,7.98929999999928,1,2.348032
15143.3644,9.00600000000122,1,2.347008
15151.4453,8.08089999999902,1,2.348032
15159.3849,7.9395999999997,1,2.347008
15168.3706,8.98570000000109,1,2.33984
15176.364,7.99339999999938,1,2.347008
15184.4745,8.11050000000068,1,2.340864
15193.4129,8.93839999999909,1,2.349056
15200.8958,7.48290000000088,1,2.345984
15209.3801,8.48430000000008,1,2.348032
15218.5254,9.14530000000013,1,2.349056
15226.3851,7.85969999999907,1,2.34496
15234.4194,8.03430000000117,1,2.33984
15243.5223,9.10289999999986,1,2.345984
15251.5019,7.97959999999875,1,2.34496
15259.5137,8.01180000000022,1,2.34496
15268.4161,8.90240000000085,1,2.348032
15276.3473,7.93119999999908,1,2.34496
15284.4446,8.09730000000127,1,2.338816
15293.4023,8.95769999999902,1,2.345984
15301.3901,7.98780000000079,1,2.348032
15309.41,8.01989999999932,1,2.34496
15318.4401,9.03009999999995,1,2.34496
15326.4066,7.96650000000045,1,2.348032
15334.3987,7.99209999999948,1,2.35008
15343.4471,9.04839999999967,1,2.347008
15351.4203,7.97320000000036,1,2.348032
15359.465,8.04470000000038,1,2.35008
15368.4222,8.95720000000074,1,2.348032
15376.4144,7.99219999999877,1,2.348032
15384.447,8.03260000000046,1,2.342912
15393.3989,8.95190000000002,1,2.349056
15401.4427,8.04379999999946,1,2.347008
15409.4104,7.96770000000106,1,2.34496
15418.6061,9.19570000000022,1,2.349056
15426.3951,7.78899999999885,1,2.341888
15434.4113,8.01620000000003,1,2.341888
15443.4484,9.03709999999955,1,2.349056
15451.4261,7.97770000000128,1,2.345984
15459.3896,7.96349999999984,1,2.348032
15468.4458,9.05619999999908,1,2.348032
15476.4176,7.97180000000117,1,2.349056
15484.4597,8.04209999999875,1,2.347008
15493.4381,8.97839999999997,1,2.348032
15501.4386,8.0005000000001,1,2.351104
15509.5115,8.07290000000103,1,2.348032
15518.4591,8.94759999999951,1,2.347008
15526.3837,7.92460000000028,1,2.348032
15534.4482,8.06450000000041,1,2.343936
15543.4235,8.97530000000006,1,2.348032
15551.5006,8.07709999999861,1,2.349056
15559.3971,7.89650000000074,1,2.348032
15568.4484,9.05129999999917,1,2.341888
15576.4638,8.01540000000023,1,2.347008
15584.4954,8.03160000000025,1,2.34496
15593.4457,8.95030000000042,1,2.343936
15601.3987,7.95299999999952,1,2.34496
15609.4128,8.01410000000033,1,2.347008
15618.4215,9.00870000000032,1,2.347008
15626.3366,7.91510000000017,1,2.345984
15634.3844,8.04780000000028,1,2.33984
15643.456,9.07159999999931,1,2.349056
15651.4509,7.99489999999969,1,2.341888
15659.4476,7.99669999999969,1,2.345984
15668.4065,8.95889999999963,1,2.347008
15676.3983,7.9918000000016,1,2.347008
15684.4244,8.02609999999913,1,2.341888
15693.3929,8.96850000000086,1,2.34496
15701.3942,8.0012999999999,1,2.342912
15709.4131,8.01889999999912,1,2.349056
15718.4584,9.04529999999977,1,2.351104
15726.3936,7.9351999999999,1,2.345984
15734.3829,7.98930000000109,1,2.347008
15743.4197,9.03679999999986,1,2.338816
15751.4572,8.03750000000036,1,2.351104
15759.399,7.94179999999869,1,2.34496
15768.4171,9.01810000000114,1,2.3552
15776.3913,7.97419999999875,1,2.357248
15784.5177,8.12640000000101,1,2.351104
15793.4333,8.91560000000027,1,2.354176
15801.4536,8.02030000000013,1,2.354176
15809.4065,7.95289999999841,1,2.354176
15818.4664,9.0599000000002,1,2.347008
15826.3824,7.91600000000108,1,2.353152
15834.3973,8.01490000000013,1,2.356224
15843.393,8.99569999999949,1,2.349056
15851.4375,8.04449999999997,1,2.354176
15859.3803,7.94280000000072,1,2.3552
15868.4903,9.10999999999876,1,2.354176
15876.4087,7.91840000000047,1,2.3552
15884.4328,8.02410000000054,1,2.354176
15893.4123,8.97949999999946,1,2.3552
15901.4061,7.99380000000019,1,2.353152
15909.4312,8.02510000000075,1,2.353152
15918.4635,9.03229999999894,1,2.351104
15926.4364,7.97290000000066,1,2.353152
15934.401,7.96459999999934,1,2.353152
15943.4179,9.01690000000053,1,2.35008
15951.4195,8.0015999999996,1,2.3552
15959.3953,7.97580000000016,1,2.354176
15968.3986,9.00330000000031,1,2.35008
15976.4426,8.04399999999987,1,2.358272
15984.426,7.98339999999916,1,2.357248
15993.4251,8.99910000000091,1,2.352128
16001.3819,7.95679999999993,1,2.352128
16009.4159,8.03399999999965,1,2.358272
16018.5868,9.17089999999916,1,2.352128
16026.5157,7.92890000000079,1,2.3552
16034.6927,8.17699999999968,1,2.3552
16042.5153,7.82259999999951,1,2.35008
16051.488,8.97270000000026,1,2.351104
16059.4034,7.91539999999986,1,2.356224
16068.3715,8.96810000000005,1,2.347008
16076.5815,8.21000000000095,1,2.352128
16084.4858,7.90430000000015,1,2.343936
16093.5108,9.02499999999964,1,2.352128
16101.4853,7.97450000000026,1,2.358272
16109.397,7.91170000000056,1,2.351104
16118.4656,9.0685999999987,1,2.351104
16126.4306,7.96500000000015,1,2.354176
16134.4018,7.97119999999995,1,2.356224
16143.423,9.02120000000104,1,2.35008
16151.4839,8.06089999999858,1,2.356224
16159.4159,7.9320000000007,1,2.3552
16168.4941,9.07819999999992,1,2.347008
16176.379,7.88490000000093,1,2.353152
16184.4556,8.07659999999851,1,2.356224
16193.4829,9.02730000000156,1,2.357248
16200.9322,7.4492999999984,1,2.845696
16209.9598,9.02760000000126,1,2.354176
16217.966,8.00619999999981,1,2.356224
16226.4841,8.51809999999932,1,2.354176
16234.4333,7.94920000000093,1,2.357248
16243.4496,9.01629999999932,1,2.3552
16251.4512,8.0015999999996,1,2.354176
16259.4783,8.02710000000116,1,2.3552
16268.4612,8.98289999999906,1,2.3552
16276.4284,7.96720000000096,1,2.357248
16284.4682,8.03979999999865,1,2.359296
16293.4643,8.9961000000003,1,2.354176
16301.4074,7.94310000000041,1,2.356224
16309.485,8.07760000000053,1,2.3552
16318.4769,8.99189999999908,1,2.354176
16326.5168,8.03989999999976,1,2.353152
16334.4263,7.90949999999975,1,2.354176
16343.4601,9.03380000000107,1,2.352128
16351.4517,7.99159999999938,1,2.356224
16359.4242,7.97249999999985,1,2.353152
16368.5739,9.14969999999994,1,2.359296
16376.5182,7.94430000000102,1,2.349056
16384.5584,8.04020000000128,1,2.36032
16393.4812,8.92279999999664,1,2.3552
16401.3858,7.90460000000166,1,2.354176
16409.4357,8.0499000000018,1,2.3552
16418.4619,9.02619999999661,1,2.348032
16426.4116,7.94970000000103,1,2.357248
16434.5016,8.09000000000015,1,2.3552
16443.4179,8.91630000000077,1,2.3552
16451.481,8.06309999999939,1,2.353152
16459.4476,7.96659999999974,1,2.3552
16468.4856,9.03800000000047,1,2.357248
16476.4436,7.95799999999872,1,2.353152
16484.515,8.07140000000072,1,2.357248
16493.4243,8.90929999999935,1,2.35008
16501.5258,8.10150000000067,1,2.347008
16509.4283,7.90250000000015,1,2.3552
16518.4858,9.05749999999898,1,2.354176
16526.4034,7.91760000000068,1,2.357248
16534.5174,8.1140000000014,1,2.352128
16543.6256,9.10819999999876,1,2.354176
16551.4366,7.81100000000151,1,2.3552
16559.5257,8.08909999999742,1,2.351104
16568.4204,8.89470000000074,1,2.356224
16576.4827,8.06230000000141,1,2.351104
16584.4443,7.96159999999873,1,2.3552
16593.5101,9.06580000000031,1,2.353152
16601.4983,7.98819999999978,1,2.354176
16609.4108,7.91250000000218,1,2.3552
16618.4802,9.06940000000031,1,2.35008
16626.4427,7.96249999999782,1,2.35008
16634.4146,7.97190000000046,1,2.349056
16643.511,9.09639999999854,1,2.351104
16651.4452,7.93419999999969,1,2.352128
16659.5138,8.06860000000233,1,2.35008
16668.4229,8.90910000000076,1,2.353152
16676.461,8.03809999999794,1,2.35008
16684.4546,7.99360000000161,1,2.348032
16693.456,9.00139999999737,1,2.352128
16701.4154,7.95940000000337,1,2.353152
16709.5106,8.09519999999975,1,2.363392
16718.5244,9.01379999999699,1,2.352128
16726.4481,7.92370000000301,1,2.356224
16734.4552,8.0070999999989,1,2.357248
16743.41,8.95479999999952,1,2.352128
16751.5831,8.17309999999998,1,2.348032
16759.4287,7.84560000000056,1,2.351104
16768.5027,9.07400000000052,1,2.3552
16776.4015,7.89879999999903,1,2.364416
16784.5068,8.10529999999926,1,2.362368
16793.4471,8.94030000000203,1,2.362368
16801.421,7.97389999999723,1,2.364416
16809.445,8.02400000000125,1,2.361344
16818.5465,9.10150000000067,1,2.3552
16826.4452,7.89869999999792,1,2.363392
16834.442,7.9968000000008,1,2.364416
16843.4573,9.01529999999912,1,2.358272
16851.4848,8.02750000000015,1,2.362368
16859.4143,7.92950000000201,1,2.357248
16868.4158,9.00149999999849,1,2.36544
16876.5291,8.11330000000089,1,2.356224
16884.5484,8.01929999999993,1,2.362368
16893.4829,8.93449999999939,1,2.361344
16901.4369,7.95400000000154,1,2.361344
16909.4473,8.01039999999921,1,2.36032
16918.5291,9.08179999999993,1,2.356224
16926.4532,7.92410000000018,1,2.366464
16934.4796,8.02639999999883,1,2.359296
16943.4588,8.97920000000158,1,2.363392
16951.465,8.00619999999981,1,2.363392
16959.4712,8.00619999999981,1,2.357248
16968.4346,8.96340000000055,1,2.362368
16976.4317,7.9971000000005,1,2.357248
16984.5043,8.07259999999951,1,2.357248
16993.4621,8.95780000000013,1,2.363392
17001.4166,7.95449999999983,1,2.366464
17009.4593,8.04269999999815,1,2.3552
17018.448,8.9887000000017,1,2.354176
17026.4465,7.99849999999788,1,2.3552
17034.4238,7.97730000000229,1,2.36032
17043.5359,9.11209999999846,1,2.36032
17051.4856,7.94970000000103,1,2.363392
17059.5118,8.02620000000024,1,2.359296
17068.5612,9.04939999999988,1,2.362368
17076.4919,7.9307000000008,1,2.361344
17084.5702,8.0782999999974,1,2.368512
17093.4523,8.88210000000254,1,2.363392
17101.4598,8.00749999999971,1,2.36032
17109.4031,7.943299999999,1,2.363392
17118.4287,9.02560000000085,1,2.366464
17126.4162,7.98749999999927,1,2.358272
17134.3928,7.97660000000178,1,2.364416
17143.4391,9.04629999999815,1,2.363392
17151.5422,8.10310000000027,1,2.363392
17159.4527,7.91050000000178,1,2.363392
17168.4299,8.97719999999754,1,2.36032
17176.4047,7.97479999999996,1,2.354176
17184.4982,8.09350000000268,1,2.361344
17193.4146,8.91639999999825,1,2.364416
17200.9416,7.52699999999822,1,2.361344
17209.4245,8.4829000000027,1,2.363392
17218.613,9.1885000000002,1,2.361344
17226.4511,7.83809999999721,1,2.354176
17234.51,8.05889999999999,1,2.358272
17243.4662,8.95620000000054,1,2.363392
17251.5569,8.09070000000065,1,2.36032
17259.6112,8.05429999999978,1,2.362368
17268.4915,8.88030000000072,1,2.840576
17276.4634,7.97190000000046,1,2.367488
17284.4963,8.03289999999834,1,2.353152
17293.4652,8.96889999999985,1,2.358272
17301.4385,7.97330000000147,1,2.354176
17309.4488,8.0102999999981,1,2.364416
17318.5344,9.08560000000216,1,2.356224
17326.4878,7.95339999999851,1,2.364416
17334.455,7.96720000000278,1,2.357248
17343.4667,9.01169999999911,1,2.358272
17351.4734,8.00669999999809,1,2.356224
17359.4362,7.96280000000115,1,2.354176
17368.4527,9.01650000000154,1,2.36544
17376.582,8.12929999999687,1,2.363392
17384.4941,7.91210000000137,1,2.361344
17393.455,8.96090000000186,1,2.362368
17401.4353,7.98029999999926,1,2.36032
17409.4658,8.03050000000076,1,2.357248
17418.5519,9.0860999999968,1,2.36032
17426.4296,7.87770000000091,1,2.363392
17434.5389,8.10930000000008,1,2.36544
17443.5118,8.97290000000066,1,2.361344
17451.4669,7.95509999999922,1,2.361344
17459.4395,7.97260000000097,1,2.357248
17468.47,9.03050000000076,1,2.361344
17476.4374,7.96739999999772,1,2.353152
17484.4915,8.0541000000012,1,2.361344
17493.4723,8.98080000000118,1,2.3552
17501.4791,8.0067999999992,1,2.356224
17509.5316,8.05249999999796,1,2.358272
17518.5337,9.00210000000152,1,2.363392
17526.4345,7.90079999999944,1,2.362368
17534.4649,8.03039999999964,1,2.363392
17543.4207,8.95579999999973,1,2.357248
17551.5581,8.13739999999962,1,2.3552
17559.4434,7.88530000000173,1,2.364416
17568.5001,9.056700000001,1,2.362368
17576.4369,7.93679999999949,1,2.361344
17584.4901,8.05319999999847,1,2.364416
17593.6018,9.11170000000129,1,2.361344
17601.4848,7.88299999999799,1,2.364416
17609.7499,8.26510000000053,1,2.36032
17617.4687,7.71880000000237,1,2.366464
17626.5088,9.04009999999835,1,2.3552
17634.4623,7.95349999999962,1,2.363392
17643.4441,8.98180000000139,1,2.36544
17651.4801,8.03600000000006,1,2.356224
17659.5346,8.05449999999837,1,2.358272
17668.4749,8.94030000000203,1,2.36032
17676.461,7.98609999999826,1,2.364416
17684.4736,8.01260000000184,1,2.364416
17693.4557,8.98209999999744,1,2.367488
17701.4274,7.97170000000187,1,2.362368
17709.454,8.02660000000105,1,2.361344
17718.5461,9.09209999999803,1,2.362368
17726.4368,7.89069999999992,1,2.363392
17734.4391,8.0023000000001,1,2.363392
17743.4791,9.04000000000087,1,2.361344
17751.5484,8.0692999999992,1,2.363392
17759.4536,7.90520000000106,1,2.362368
17768.5084,9.05479999999807,1,2.362368
17776.4474,7.93900000000212,1,2.37568
17784.5344,8.08699999999953,1,2.373632
17793.4528,8.91839999999866,1,2.372608
17801.4778,8.02500000000146,1,2.37056
17809.432,7.95420000000013,1,2.367488
17818.6208,9.1887999999999,1,2.368512
17826.4591,7.83829999999944,1,2.363392
17834.4618,8.00270000000091,1,2.37056
17843.45,8.98819999999978,1,2.369536
17851.5075,8.05749999999898,1,2.368512
17859.4328,7.92529999999897,1,2.371584
17868.4427,9.00990000000093,1,2.377728
17876.5218,8.07909999999902,1,2.368512
17884.513,7.99120000000039,1,2.371584
17893.4947,8.98170000000027,1,2.371584
17901.4359,7.94120000000112,1,2.366464
17909.467,8.03110000000015,1,2.364416
17918.4632,8.99619999999777,1,2.369536
17926.4728,8.00960000000123,1,2.367488
17934.4832,8.01039999999921,1,2.369536
17943.477,8.99380000000019,1,2.364416
17951.4857,8.00870000000214,1,2.363392
17959.4537,7.96799999999712,1,2.364416
17968.4707,9.01700000000346,1,2.37056
17976.4386,7.96789999999964,1,2.366464
17984.4631,8.02449999999953,1,2.371584
17993.4858,9.02269999999771,1,2.364416
18001.4457,7.95990000000165,1,2.367488
18009.4305,7.98479999999836,1,2.363392
18018.475,9.04449999999997,1,2.368512
18026.4313,7.95630000000165,1,2.366464
18034.444,8.01269999999931,1,2.372608
18043.4566,9.01260000000184,1,2.369536
18051.5401,8.083499999997,1,2.377728
18059.5266,7.98650000000271,1,2.371584
18068.5946,9.0679999999993,1,2.36544
18076.4554,7.86079999999856,1,2.369536
18084.5241,8.06869999999981,1,2.37056
18093.4668,8.9426999999996,1,2.36544
18101.5054,8.03859999999986,1,2.373632
18109.4316,7.9262000000017,1,2.369536
18118.5574,9.12580000000162,1,2.374656
18126.4339,7.87649999999849,1,2.37056
18134.4451,8.01120000000083,1,2.373632
18143.5601,9.11499999999796,1,2.37056
18151.4694,7.90930000000299,1,2.372608
18159.8127,8.34329999999682,1,2.372608
18167.4596,7.64689999999973,1,2.369536
18176.4557,8.9961000000003,1,2.366464
18184.4797,8.02400000000125,1,2.367488
18193.4266,8.946899999999,1,2.364416
18200.9464,7.51980000000185,1,2.373632
18210.0342,9.08779999999751,1,2.364416
18217.5263,7.49210000000312,1,2.374656
18226.4929,8.96659999999974,1,2.364416
18234.4618,7.96889999999985,1,2.368512
18243.5391,9.07730000000083,1,2.368512
18251.5109,7.97179999999935,1,2.369536
18259.5392,8.02829999999813,1,2.367488
18268.4822,8.9429999999993,1,2.372608
18276.512,8.02980000000025,1,2.36544
18284.5269,8.01490000000194,1,2.367488
18293.4817,8.95479999999952,1,2.368512
18301.4205,7.9387999999999,1,2.369536
18309.4435,8.02300000000105,1,2.369536
18318.5254,9.0818999999974,1,2.371584
18326.469,7.94360000000233,1,2.369536
18334.4809,8.01189999999769,1,2.372608
18343.4948,9.01390000000174,1,2.369536
18351.5084,8.01359999999841,1,2.37568
18359.4537,7.94529999999941,1,2.366464
18368.4681,9.01440000000002,1,2.371584
18376.4501,7.98199999999997,1,2.371584
18384.6007,8.15060000000085,1,2.369536
18393.4717,8.87099999999919,1,2.371584
18401.5041,8.03240000000005,1,2.369536
18409.4861,7.98199999999997,1,2.376704
18418.5506,9.06450000000041,1,2.371584
18426.4431,7.89250000000175,1,2.371584
18434.4543,8.01120000000083,1,2.368512
18443.6119,9.15759999999864,1,2.367488
18451.585,7.97309999999925,1,2.36544
18459.6036,8.01859999999942,1,2.37056
18468.4803,8.87670000000071,1,2.369536
18476.4644,7.98410000000149,1,2.366464
18484.5,8.03559999999925,1,2.369536
18493.5602,9.0601999999999,1,2.371584
18501.5363,7.97609999999986,1,2.368512
18509.5351,7.99880000000121,1,2.371584
18518.5111,8.97599999999875,1,2.363392
18526.4638,7.95270000000164,1,2.366464
18534.4737,8.00989999999729,1,2.371584
18543.4532,8.97950000000128,1,2.368512
18551.4884,8.03519999999844,1,2.373632
18559.5401,8.05169999999998,1,2.371584
18568.4816,8.94150000000081,1,2.372608
18576.4772,7.99560000000201,1,2.368512
18584.4855,8.00829999999769,1,2.372608
18593.4851,8.99960000000283,1,2.364416
18601.4742,7.98909999999887,1,2.37056
18609.5036,8.02939999999944,1,2.363392
18618.5109,9.00730000000112,1,2.37056
18626.4703,7.95939999999973,1,2.37056
18634.437,7.96670000000086,1,2.369536
18643.4722,9.03519999999844,1,2.37056
18651.5345,8.06230000000141,1,2.368512
18659.4876,7.95309999999881,1,2.366464
18668.5301,9.04249999999956,1,2.36544
18676.4544,7.92429999999877,1,2.376704
18684.5775,8.1231000000007,1,2.369536
18693.462,8.88450000000012,1,2.36544
18701.5082,8.04620000000068,1,2.372608
18709.4466,7.93839999999909,1,2.36544
18718.5716,9.125,1,2.37568
18726.5015,7.92989999999918,1,2.37568
18734.4705,7.96900000000096,1,2.372608
18743.4545,8.98400000000038,1,2.366464
18751.4947,8.04019999999946,1,2.37056
18759.5064,8.01169999999911,1,2.37568
18768.4764,8.97000000000116,1,2.379776
18776.4848,8.0083999999988,1,2.379776
18784.5264,8.04160000000047,1,2.3808
18793.5141,8.9877000000015,1,2.371584
18801.4662,7.95209999999861,1,2.372608
18809.4884,8.02219999999943,1,2.378752
18818.5063,9.01790000000256,1,2.3808
18826.4775,7.97119999999995,1,2.377728
18834.4972,8.01970000000074,1,2.383872
18843.4981,9.00089999999909,1,2.37568
18851.4976,7.99949999999808,1,2.377728
18859.4824,7.984800000002,1,2.379776
18868.4653,8.98289999999906,1,2.37568
18876.4645,7.99919999999838,1,2.381824
18884.4748,8.01030000000173,1,2.377728
18893.5952,9.12039999999979,1,2.374656
18901.5231,7.92789999999877,1,2.378752
18909.5055,7.98240000000078,1,2.37568
18918.5704,9.06490000000122,1,2.377728
18926.4778,7.90740000000005,1,2.374656
18934.5251,8.04729999999836,1,2.381824
18943.4935,8.96840000000157,1,2.372608
18951.54,8.04650000000038,1,2.372608
18959.4546,7.91460000000006,1,2.374656
18968.4893,9.03470000000016,1,2.379776
18976.445,7.95569999999861,1,2.3808
18984.5452,8.10020000000077,1,2.381824
18993.4627,8.91749999999956,1,2.37568
19001.5395,8.07679999999891,1,2.376704
19009.4693,7.92980000000171,1,2.381824
19018.5619,9.09259999999995,1,2.381824
19026.611,8.04910000000018,1,2.379776
19034.4819,7.87089999999807,1,2.376704
19043.5439,9.06200000000172,1,2.378752
19051.5349,7.99099999999817,1,2.37568
19059.459,7.92410000000018,1,2.371584
19068.4903,9.03130000000237,1,2.3808
19076.4889,7.99859999999899,1,2.376704
19084.4982,8.00930000000153,1,2.379776
19093.518,9.01979999999821,1,2.37568
19101.4557,7.93769999999859,1,2.378752
19109.5177,8.06200000000172,1,2.377728
19118.4998,8.98210000000108,1,2.378752
19126.4909,7.99109999999928,1,2.381824
19134.4538,7.96289999999863,1,2.378752
19143.4811,9.02730000000156,1,2.376704
19151.4903,8.00920000000042,1,2.377728
19159.5053,8.01499999999942,1,2.377728
19168.4689,8.96359999999913,1,2.378752
19176.5274,8.05849999999919,1,2.381824
19184.5048,7.97739999999976,1,2.3808
19193.5394,9.03460000000268,1,2.378752
19201.0608,7.52139999999781,1,2.378752
19209.971,8.91020000000208,1,2.378752
19217.5795,7.60849999999846,1,2.381824
19226.5233,8.94380000000092,1,2.37568
19234.5075,7.98419999999896,1,2.37568
19243.5493,9.04179999999906,1,2.377728
19251.6106,8.06130000000121,1,2.376704
19259.502,7.89140000000043,1,2.3808
19268.5315,9.02950000000055,1,2.379776
19276.481,7.94949999999881,1,2.378752
19284.56,8.07900000000154,1,2.378752
19293.4825,8.92249999999694,1,2.384896
19301.5069,8.02440000000206,1,2.3808
19309.4636,7.95669999999882,1,2.382848
19318.5792,9.115600000001,1,2.3808
19326.6479,8.06869999999981,1,2.378752
19334.5961,7.94819999999891,1,2.379776
19343.5781,8.98199999999997,1,2.377728
19351.5316,7.95349999999962,1,2.386944
19359.5658,8.03420000000187,1,2.381824
19368.4818,8.91600000000108,1,2.372608
19376.4347,7.95290000000023,1,2.378752
19384.5291,8.09439999999813,1,2.3808
19393.5619,9.03280000000086,1,2.374656
19401.4948,7.93289999999979,1,2.37568
19409.5487,8.05389999999898,1,2.382848
19418.5148,8.96610000000146,1,2.376704
19426.4771,7.96229999999923,1,2.378752
19434.4773,8.00019999999859,1,2.3808
19443.5453,9.06800000000294,1,2.376704
19451.5176,7.97229999999763,1,2.37568
19459.5433,8.02570000000196,1,2.377728
19468.5475,9.0041999999994,1,2.372608
19476.5147,7.96719999999914,1,2.37568
19484.5161,8.00140000000101,1,2.376704
19493.4948,8.97869999999966,1,2.379776
19501.4991,8.00430000000051,1,2.376704
19509.5912,8.09209999999803,1,2.383872
19518.5403,8.94910000000164,1,2.378752
19526.4905,7.95019999999931,1,2.378752
19534.4946,8.00410000000193,1,2.379776
19543.5369,9.04229999999734,1,2.3808
19551.5582,8.02130000000034,1,2.374656
19559.4967,7.9385000000002,1,2.3808
19568.5284,9.03169999999955,1,2.3808
19576.4952,7.96680000000197,1,2.376704
19584.5327,8.03749999999854,1,2.3808
19593.4965,8.96380000000136,1,2.373632
19601.5308,8.03429999999935,1,2.378752
19609.4761,7.94529999999941,1,2.382848
19618.601,9.12489999999889,1,2.378752
19626.4789,7.8778999999995,1,2.379776
19634.4891,8.01020000000062,1,2.378752
19643.4792,8.99010000000271,1,2.381824
19651.5384,8.05919999999969,1,2.37568
19659.4924,7.9539999999979,1,2.374656
19668.574,9.08160000000134,1,2.376704
19676.4858,7.91179999999804,1,2.373632
19684.5383,8.0525000000016,1,2.378752
19693.5869,9.04859999999826,1,2.3808
19701.4839,7.89700000000084,1,2.378752
19709.5643,8.08039999999892,1,2.376704
19718.5571,8.99280000000363,1,2.372608
19726.4862,7.92909999999756,1,2.376704
19734.492,8.005799999999,1,2.378752
19743.4772,8.98520000000281,1,2.37568
19751.5187,8.04149999999936,1,2.376704
19759.4589,7.94020000000091,1,2.381824
19768.5077,9.04879999999685,1,2.386944
19776.5239,8.01620000000185,1,2.392064
19784.5525,8.02860000000146,1,2.390016
19793.5077,8.95519999999669,1,2.3