loaded count=804758 degree=3 decode_ms=563.9367 first_frame_ms=615.0435
pose 0.2037353515625 -0.2159423828125 4.57125672925018 0.2037353515625 -0.2159423828125 0.0858154296875
interaction duration_ms=20001.0008 accepted_presents=2401 render_calls=2401 fps=120.04399299859
time_ms,interval_ms,accepted,gpu_diagnostic_ms
1.3162,1.3162,1,2.221056
10.0842,8.768,1,2.905088
18.0601,7.9759,1,2.22208
26.0175,7.9574,1,2.217984
34.9908,8.9733,1,2.219008
43.0778,8.087,1,2.221056
51.0983,8.0205,1,2.217984
60.0106,8.91229999999999,1,2.220032
68.076,8.0654,1,2.221056
76.0337,7.9577,1,2.215936
85.0644,9.03070000000001,1,2.21696
93.0235,7.95909999999999,1,2.224128
101.0079,7.98440000000001,1,2.217984
110.006,8.99809999999999,1,2.22208
118.079,8.07299999999999,1,2.224128
126.0023,7.92330000000001,1,2.224128
135.0141,9.01180000000001,1,2.221056
143.0158,8.0017,1,2.220032
151.14,8.12419999999997,1,2.221056
160.0033,8.86330000000001,1,2.225152
168.0318,8.02850000000001,1,2.2272
175.9939,7.96209999999999,1,2.224128
185.0761,9.0822,1,2.22208
193.0714,7.99530000000001,1,2.215936
201.0236,7.95219999999998,1,2.22208
210.046,9.0224,1,2.220032
218.0399,7.9939,1,2.22208
226.0249,7.98500000000001,1,2.21696
235.0144,8.98949999999999,1,2.223104
242.9964,7.982,1,2.223104
252.0719,9.07550000000001,1,2.22208
260.0767,8.00480000000002,1,2.219008
268.0406,7.96389999999997,1,2.214912
276.0114,7.9708,1,2.221056
285.0463,9.03489999999999,1,2.22208
293.0132,7.96690000000001,1,2.221056
300.9974,7.98420000000004,1,2.226176
310.0568,9.05939999999998,1,2.22208
318.0236,7.96679999999998,1,2.213888
326.0309,8.00729999999999,1,2.221056
335.021,8.99010000000004,1,2.220032
343.0091,7.98809999999997,1,2.223104
351.0357,8.02660000000003,1,2.223104
359.5459,8.5102,1,2.271232
368.7,9.15409999999997,1,2.271232
376.5387,7.83870000000002,1,2.276352
384.1243,7.5856,1,2.26816
393.0789,8.95459999999997,1,2.275328
401.0343,7.9554,1,2.274304
410.0395,9.0052,1,2.275328
418.076,8.03650000000005,1,2.276352
426.0144,7.9384,1,2.279424
435.0924,9.07799999999997,1,2.275328
443.0205,7.92810000000003,1,2.275328
451.1063,8.08579999999995,1,2.275328
460.0505,8.94420000000002,1,2.2784
468.0372,7.98669999999998,1,2.274304
476.0131,7.97590000000002,1,2.275328
485.1367,9.12360000000001,1,2.27328
493.0386,7.90189999999996,1,2.276352
501.0385,7.99990000000003,1,2.274304
510.014,8.97550000000001,1,2.279424
518.1072,8.09320000000002,1,2.274304
526.0136,7.90639999999996,1,2.269184
535.0977,9.08410000000003,1,2.26816
543.1019,8.00419999999997,1,2.272256
551.1146,8.0127,1,2.276352
560.0293,8.91470000000004,1,2.279424
568.0238,7.99450000000002,1,2.277376
576.0095,7.98569999999995,1,2.274304
585.0829,9.07339999999999,1,2.276352
593.0469,7.96400000000006,1,2.270208
601.0327,7.98579999999993,1,2.270208
610.0623,9.02960000000007,1,2.276352
618.061,7.99869999999999,1,2.27328
626.0543,7.99329999999998,1,2.27328
635.0154,8.96109999999999,1,2.277376
643.0479,8.03250000000003,1,2.274304
651.0802,8.03229999999996,1,2.275328
660.1878,9.10760000000005,1,2.27328
668.1671,7.97929999999997,1,2.277376
676.0386,7.87149999999997,1,2.274304
685.0738,9.03520000000003,1,2.275328
693.0135,7.93970000000002,1,2.269184
701.0753,8.06179999999995,1,2.276352
710.0719,8.99660000000006,1,2.274304
718.0709,7.99900000000002,1,2.272256
726.0355,7.9645999999999,1,2.270208
735.0385,9.00300000000004,1,2.27328
743.015,7.97649999999999,1,2.280448
751.0867,8.07169999999996,1,2.275328
760.0163,8.92960000000005,1,2.282496
768.0713,8.05499999999995,1,2.279424
776.0457,7.97440000000006,1,2.284544
785.0986,9.05290000000002,1,2.279424
793.0766,7.97799999999995,1,2.28352
801.0644,7.98779999999999,1,2.277376
810.0649,9.00049999999999,1,2.280448
818.1067,8.04180000000008,1,2.279424
825.9852,7.87849999999992,1,2.279424
835.07,9.08480000000009,1,2.281472
843.0194,7.94939999999997,1,2.279424
851.0538,8.03440000000001,1,2.284544
860.0496,8.99580000000003,1,2.279424
868.0157,7.96609999999998,1,2.280448
876.0656,8.04989999999998,1,2.286592
885.0806,9.01499999999999,1,2.279424
893.0627,7.98209999999995,1,2.280448
901.0298,7.96710000000007,1,2.284544
910.0554,9.02559999999994,1,2.282496
918.0725,8.01710000000003,1,2.276352
926.1462,8.07370000000003,1,2.280448
935.0949,8.94870000000003,1,2.28352
943.1791,8.0841999999999,1,2.280448
951.0782,7.89910000000009,1,2.286592
960.084,9.00579999999991,1,2.32448
968.0324,7.94840000000011,1,2.321408
976.0237,7.99129999999991,1,2.322432
985.1722,9.14850000000001,1,2.322432
993.132,7.95979999999997,1,2.321408
1001.1145,7.98250000000007,1,2.325504
1010.0349,8.92039999999997,1,2.323456
1018.0982,8.06330000000003,1,2.32448
1026.0292,7.93099999999993,1,2.318336
1035.0434,9.01420000000007,1,2.32448
1043.1162,8.07279999999992,1,2.321408
1051.1077,7.99150000000009,1,2.323456
1060.0797,8.97199999999998,1,2.32448
1068.0832,8.00350000000003,1,2.31936
1076.0551,7.97190000000001,1,2.323456
1085.1372,9.08209999999985,1,2.323456
1093.0669,7.92970000000014,1,2.322432
1101.1087,8.04179999999997,1,2.317312
1110.0327,8.92399999999998,1,2.327552
1118.0942,8.06150000000002,1,2.32448
1126.0307,7.93650000000002,1,2.318336
1135.0354,9.00469999999996,1,2.32448
1143.0299,7.99450000000002,1,2.323456
1151.1027,8.07279999999992,1,2.320384
1160.0907,8.98800000000006,1,2.322432
1168.0736,7.98289999999997,1,2.32448
1176.1188,8.04520000000002,1,2.320384
1185.0825,8.96370000000002,1,2.322432
1193.0465,7.96399999999994,1,2.320384
1201.0255,7.97900000000004,1,2.326528
1209.9972,8.97170000000006,1,2.325504
1218.0556,8.05839999999989,1,2.325504
1226.0742,8.01860000000011,1,2.325504
1235.0397,8.96550000000002,1,2.31936
1243.0247,7.9849999999999,1,2.32448
1251.1187,8.09400000000005,1,2.321408
1260.1095,8.99080000000004,1,2.317312
1268.0556,7.94609999999989,1,2.318336
1276.0446,7.98900000000003,1,2.327552
1285.057,9.01240000000007,1,2.323456
1293.0511,7.99409999999989,1,2.32448
1301.0184,7.96730000000002,1,2.323456
1310.0439,9.02549999999997,1,2.322432
1318.0839,8.04000000000019,1,2.322432
1326.0691,7.98519999999985,1,2.323456
1335.0959,9.02680000000009,1,2.326528
1343.0334,7.9375,1,2.315264
1351.3374,8.30399999999986,1,2.322432
1359.5377,8.2003000000002,1,2.318336
1368.5077,8.97000000000003,1,2.321408
1377.079,8.57129999999984,1,3.076096
1385.1515,8.07249999999999,1,3.062784
1393.0744,7.92290000000003,1,2.322432
1401.0667,7.99230000000011,1,2.325504
1410.0625,8.99579999999992,1,2.32448
1418.0882,8.02569999999992,1,2.321408
1426.0391,7.95090000000005,1,2.315264
1435.0828,9.04369999999994,1,2.327552
1443.0424,7.95960000000014,1,2.31936
1451.1291,8.08670000000006,1,2.325504
1460.0865,8.95739999999978,1,2.32448
1468.0569,7.97040000000015,1,2.32448
1476.0271,7.97019999999998,1,2.326528
1485.1406,9.11349999999993,1,2.327552
1493.0417,7.90110000000004,1,2.331648
1501.2024,8.16069999999991,1,2.330624
1510.1249,8.92250000000013,1,2.327552
1518.1218,7.99689999999987,1,2.323456
1526.1229,8.00110000000018,1,2.31936
1535.0521,8.92920000000004,1,2.317312
1543.1431,8.09099999999989,1,2.323456
1551.1009,7.95779999999991,1,2.323456
1560.07,8.96910000000003,1,2.31936
1568.0803,8.01030000000014,1,2.322432
1576.0512,7.97090000000003,1,2.323456
1585.1841,9.13289999999984,1,2.326528
1593.2393,8.05520000000001,1,2.321408
1601.2384,7.9991,1,2.318336
1610.224,8.98559999999998,1,2.32448
1618.1862,7.96220000000017,1,2.321408
1626.1377,7.9514999999999,1,2.322432
1635.0524,8.91470000000004,1,2.321408
1643.0835,8.03109999999992,1,2.321408
1651.0786,7.99510000000009,1,2.325504
1660.1423,9.06369999999993,1,2.318336
1668.1866,8.04430000000002,1,2.327552
1676.1002,7.91360000000009,1,2.316288
1685.1275,9.02729999999997,1,2.320384
1693.0612,7.93370000000004,1,2.328576
1701.1065,8.0453,1,2.323456
1710.0639,8.95740000000001,1,2.320384
1718.2836,8.21969999999988,1,2.323456
1726.0624,7.77880000000005,1,2.327552
1735.0999,9.03749999999991,1,2.322432
1743.0497,7.9498000000001,1,2.31936
1751.0498,8.00009999999997,1,2.322432
1760.0424,8.99260000000004,1,2.325504
1768.0857,8.04330000000004,1,2.326528
1776.0838,7.99810000000002,1,2.323456
1785.1181,9.0342999999998,1,2.325504
1793.0527,7.93460000000005,1,2.321408
1801.0914,8.03870000000006,1,2.327552
1810.0425,8.9511,1,2.325504
1818.1435,8.10099999999989,1,2.32448
1826.0572,7.91370000000006,1,2.323456
1835.0781,9.02089999999998,1,2.325504
1843.0333,7.9552000000001,1,2.321408
1851.1359,8.10259999999994,1,2.326528
1860.0665,8.93059999999991,1,2.325504
1868.0544,7.98790000000008,1,2.320384
1876.0289,7.97450000000003,1,2.325504
1885.1621,9.13319999999999,1,2.321408
1893.2582,8.09609999999998,1,2.323456
1901.0904,7.83220000000006,1,2.325504
1910.0034,8.91300000000001,1,2.322432
1918.1061,8.10269999999991,1,2.321408
1926.0225,7.91640000000007,1,2.322432
1935.0592,9.03669999999988,1,2.325504
1943.0652,8.00600000000009,1,2.320384
1951.078,8.01279999999997,1,2.3296
1960.1052,9.02719999999999,1,2.325504
1968.0522,7.94700000000012,1,2.326528
1976.0413,7.98910000000001,1,2.326528
1985.0861,9.0447999999999,1,2.321408
1993.1359,8.0498,1,2.323456
2001.0633,7.92740000000003,1,2.323456
2010.0918,9.02849999999989,1,2.326528
2018.1094,8.01760000000013,1,2.321408
2026.0952,7.98579999999993,1,2.323456
2035.0426,8.94740000000002,1,2.325504
2043.0506,8.00800000000004,1,2.323456
2051.0715,8.02089999999998,1,2.321408
2060.1212,9.04970000000003,1,2.3296
2068.1577,8.03650000000016,1,2.32448
2076.0393,7.88159999999971,1,2.31936
2085.0788,9.03949999999986,1,2.320384
2093.0446,7.9658000000004,1,2.326528
2101.0397,7.99509999999964,1,2.323456
2110.0959,9.05619999999999,1,2.321408
2118.1468,8.05090000000018,1,2.32448
2126.0628,7.91600000000017,1,2.325504
2135.0543,8.99149999999963,1,2.323456
2143.0573,8.00300000000016,1,2.326528
2151.1119,8.05459999999994,1,2.320384
2160.0447,8.93280000000004,1,2.321408
2168.1156,8.07090000000017,1,2.323456
2176.05,7.9344000000001,1,2.326528
2185.1209,9.07089999999971,1,2.325504
2193.0461,7.92520000000013,1,2.32448
2201.0594,8.01330000000007,1,2.326528
2210.0557,8.99629999999979,1,2.322432
2218.1635,8.10780000000022,1,2.325504
2226.1137,7.95019999999977,1,2.320384
2235.1394,9.02570000000014,1,2.320384
2243.1384,7.9989999999998,1,2.31936
2251.1649,8.0265000000004,1,2.32448
2260.082,8.91709999999966,1,2.320384
2268.089,8.00700000000006,1,2.326528
2276.0788,7.98979999999983,1,2.325504
2285.1192,9.04040000000032,1,2.323456
2293.0818,7.96259999999984,1,2.328576
2301.0901,8.00829999999996,1,2.32448
2310.076,8.98590000000013,1,2.322432
2318.095,8.01899999999978,1,2.327552
2326.1492,8.05420000000004,1,2.320384
2335.0956,8.94640000000027,1,2.323456
2343.1322,8.03659999999991,1,2.321408
2351.0939,7.96169999999984,1,2.325504
2359.5845,8.49060000000009,1,2.328576
2368.5933,9.00880000000006,1,2.32448
2376.5798,7.98649999999998,1,3.064832
2384.1041,7.52430000000004,1,2.321408
2393.1747,9.07060000000001,1,2.322432
2401.2093,8.03459999999995,1,2.317312
2410.1107,8.90140000000019,1,2.318336
2418.043,7.93229999999994,1,2.326528
2426.117,8.07400000000007,1,2.322432
2435.1046,8.98759999999993,1,2.323456
2443.1042,7.9996000000001,1,2.323456
2451.1209,8.01669999999967,1,2.326528
2460.1123,8.99139999999989,1,2.320384
2468.1252,8.01290000000017,1,2.322432
2476.0675,7.94230000000016,1,2.3296
2485.1374,9.06989999999996,1,2.325504
2493.1114,7.97399999999971,1,2.325504
2501.1534,8.04200000000037,1,2.325504
2510.121,8.96759999999995,1,2.326528
2518.1809,8.05989999999974,1,2.321408
2526.0813,7.90039999999999,1,2.320384
2535.1392,9.05790000000025,1,2.322432
2543.0651,7.92589999999973,1,2.325504
2551.1743,8.10920000000033,1,2.323456
2560.213,9.03870000000006,1,2.325504
2568.1279,7.91489999999976,1,2.32448
2576.1684,8.04050000000007,1,2.323456
2585.1283,8.95989999999983,1,2.320384
2593.0953,7.9670000000001,1,2.326528
2601.0717,7.97640000000001,1,2.322432
2610.0918,9.02010000000018,1,2.326528
2618.1213,8.02949999999964,1,2.318336
2626.107,7.98570000000018,1,2.322432
2635.1081,9.00109999999995,1,2.323456
2643.0992,7.99110000000019,1,2.323456
2651.0961,7.9969000000001,1,2.327552
2660.203,9.10689999999977,1,2.323456
2668.2103,8.00730000000021,1,2.331648
2676.1625,7.95219999999972,1,2.326528
2685.1141,8.95159999999987,1,2.323456
2693.0917,7.97760000000017,1,2.323456
2701.1023,8.01060000000007,1,2.325504
2710.1478,9.04550000000017,1,2.326528
2718.1236,7.97579999999971,1,2.321408
2726.1414,8.01780000000008,1,2.32448
2735.0767,8.9353000000001,1,2.325504
2743.1722,8.0954999999999,1,2.332672
2751.1022,7.92999999999984,1,2.290688
2760.1278,9.0256000000004,1,2.279424
2768.1441,8.01629999999977,1,2.281472
2776.065,7.92090000000007,1,2.285568
2785.4223,9.35730000000012,1,2.282496
2793.074,7.65169999999989,1,2.281472
2801.1743,8.10030000000006,1,2.284544
2810.1072,8.93289999999979,1,2.285568
2818.0829,7.97569999999996,1,2.286592
2826.1174,8.03450000000021,1,2.28352
2835.1623,9.04489999999987,1,2.285568
2843.1018,7.93949999999995,1,2.28352
2851.1371,8.03530000000001,1,2.28352
2860.0858,8.94869999999992,1,2.282496
2868.1214,8.03560000000016,1,3.00544
2876.0649,7.94349999999986,1,2.28864
2885.1704,9.10550000000012,1,2.28352
2893.0915,7.92110000000002,1,2.284544
2901.1216,8.03009999999995,1,2.280448
2910.1083,8.98669999999993,1,2.286592
2918.0973,7.98900000000003,1,2.285568
2926.0928,7.99549999999999,1,2.284544
2935.112,9.01920000000018,1,2.28352
2943.1698,8.05780000000004,1,2.286592
2951.2299,8.06009999999969,1,2.282496
2960.1797,8.94980000000032,1,2.280448
2968.1849,8.00520000000006,1,2.282496
2976.0528,7.86789999999974,1,2.282496
2985.1254,9.07259999999997,1,2.281472
2993.1186,7.99319999999989,1,2.282496
3001.0965,7.97790000000032,1,2.285568
3010.143,9.04649999999992,1,2.282496
3018.1099,7.9668999999999,1,2.28352
3026.1296,8.01970000000028,1,2.284544
3035.1209,8.99129999999968,1,2.285568
3043.085,7.96410000000014,1,2.28352
3051.1598,8.07479999999987,1,2.284544
3060.1884,9.0286000000001,1,2.285568
3068.1258,7.9373999999998,1,2.28352
3076.1901,8.0643,1,2.282496
3085.1832,8.99310000000014,1,2.281472
3093.1993,8.01610000000028,1,2.282496
3101.1724,7.9730999999997,1,2.28352
3110.2307,9.05830000000014,1,2.284544
3118.1764,7.94569999999976,1,2.285568
3126.1807,8.00430000000006,1,2.284544
3135.1459,8.9652000000001,1,2.282496
3143.0904,7.94450000000006,1,2.281472
3151.1732,8.08280000000013,1,2.28352
3160.0797,8.9064999999996,1,2.282496
3168.2397,8.16000000000031,1,2.284544
3176.0856,7.8458999999998,1,2.282496
3185.111,9.02539999999999,1,2.287616
3193.0901,7.97910000000002,1,2.285568
3201.1019,8.01180000000022,1,2.280448
3210.1174,9.01549999999997,1,2.284544
3218.2011,8.08370000000014,1,2.282496
3226.1917,7.99059999999963,1,2.28352
3235.146,8.95430000000033,1,2.276352
3243.0818,7.93579999999974,1,2.28352
3251.6392,8.55740000000014,1,2.285568
3259.0832,7.44399999999996,1,2.281472
3268.1321,9.04889999999978,1,2.282496
3276.0645,7.93240000000014,1,2.282496
3285.1736,9.10910000000013,1,2.286592
3293.0679,7.89429999999993,1,2.280448
3301.0719,8.00399999999991,1,2.287616
3310.076,9.00410000000011,1,2.279424
3318.1627,8.08669999999984,1,2.290688
3326.0632,7.90050000000019,1,2.284544
3335.1053,9.04210000000012,1,2.281472
3343.2116,8.10629999999992,1,2.28864
3351.1776,7.96599999999989,1,2.282496
3359.6026,8.42500000000018,1,2.287616
3369.1007,9.49809999999979,1,2.28352
3376.0393,6.93859999999995,1,3.014656
3385.1137,9.07439999999997,1,2.282496
3393.141,8.0273000000002,1,2.284544
3401.0918,7.95080000000007,1,2.286592
3410.124,9.03219999999965,1,2.28352
3418.1264,8.00240000000031,1,2.285568
3426.089,7.96259999999984,1,2.285568
3435.0765,8.98750000000018,1,2.282496
3443.1466,8.07009999999991,1,2.281472
3451.1032,7.95659999999998,1,2.284544
3460.1641,9.06089999999995,1,2.286592
3468.0951,7.93100000000004,1,2.282496
3476.0955,8.0003999999999,1,2.281472
3485.1303,9.0347999999999,1,2.281472
3493.101,7.97070000000031,1,2.289664
3501.078,7.97699999999986,1,2.282496
3510.1733,9.09529999999995,1,2.290688
3518.1924,8.01909999999998,1,2.282496
3526.183,7.99060000000009,1,2.282496
3535.0607,8.8777,1,2.285568
3543.1025,8.04179999999997,1,2.276352
3551.1605,8.05799999999999,1,2.281472
3560.1045,8.94399999999996,1,2.281472
3568.0999,7.99540000000025,1,2.284544
3576.0968,7.99689999999964,1,2.279424
3585.1571,9.0603000000001,1,2.28352
3593.0792,7.92210000000023,1,2.282496
3601.1147,8.03549999999996,1,2.282496
3610.0819,8.96720000000005,1,2.280448
3618.1784,8.09649999999965,1,2.279424
3626.0882,7.90980000000036,1,2.284544
3635.1172,9.029,1,2.285568
3643.1068,7.98959999999988,1,2.28352
3651.1484,8.04160000000002,1,2.277376
3660.0771,8.92869999999994,1,2.280448
3668.1201,8.04300000000012,1,2.282496
3676.2225,8.10239999999976,1,2.281472
3685.2003,8.97780000000012,1,2.28352
3693.0965,7.89620000000014,1,2.284544
3701.1183,8.02179999999998,1,2.282496
3710.2373,9.11899999999969,1,2.279424
3718.1574,7.92010000000028,1,2.281472
3726.3197,8.16229999999996,1,2.282496
3735.1326,8.8128999999999,1,2.755584
3743.1211,7.98849999999993,1,2.285568
3751.1209,7.99980000000005,1,2.28352
3760.1089,8.98800000000028,1,2.284544
3768.1093,8.0003999999999,1,2.2784
3776.0787,7.96939999999995,1,2.280448
3785.1293,9.05060000000003,1,2.279424
3793.1309,8.00160000000005,1,2.281472
3801.1053,7.97440000000006,1,2.284544
3810.1354,9.03009999999995,1,2.275328
3818.1212,7.98579999999993,1,2.282496
3826.0874,7.96619999999984,1,2.28352
3835.1029,9.01549999999997,1,2.28352
3843.1354,8.03250000000025,1,2.2784
3851.1068,7.9713999999999,1,2.28352
3860.1113,9.00450000000001,1,2.28352
3868.0812,7.96990000000005,1,2.284544
3876.2199,8.13869999999997,1,2.276352
3885.1226,8.9027000000001,1,2.284544
3893.1212,7.9985999999999,1,2.282496
3901.0914,7.97019999999975,1,2.284544
3910.1688,9.07740000000013,1,2.277376
3918.1479,7.97910000000002,1,2.28352
3926.0915,7.94360000000006,1,2.281472
3935.0529,8.96140000000014,1,2.280448
3943.074,8.02109999999993,1,2.281472
3951.1285,8.05449999999973,1,2.2784
3960.1241,8.99560000000019,1,2.285568
3968.1201,7.99600000000009,1,2.277376
3976.1048,7.98469999999998,1,2.282496
3985.148,9.04320000000007,1,2.275328
3993.0852,7.93719999999985,1,2.281472
4001.1822,8.09700000000021,1,2.282496
4010.1282,8.94599999999991,1,2.284544
4018.1918,8.06359999999995,1,2.281472
4026.1094,7.91759999999977,1,2.28352
4035.1493,9.03990000000022,1,2.28352
4043.0826,7.93330000000014,1,2.28352
4051.1543,8.07169999999996,1,2.282496
4060.0785,8.92419999999993,1,2.282496
4068.1684,8.08989999999994,1,2.291712
4076.0825,7.91409999999996,1,2.284544
4085.1775,9.0949999999998,1,2.274304
4093.1673,7.98980000000029,1,2.28352
4101.0834,7.91610000000037,1,2.279424
4110.0881,9.0046999999995,1,2.28352
4118.1285,8.04039999999986,1,2.277376
4126.1104,7.98189999999977,1,2.282496
4135.115,9.00460000000021,1,2.284544
4143.121,8.00600000000031,1,2.277376
4151.1284,8.00739999999951,1,2.276352
4160.1188,8.99040000000059,1,2.280448
4168.0889,7.97009999999955,1,2.277376
4176.1566,8.06770000000051,1,2.28352
4185.1316,8.97499999999945,1,2.2784
4193.1043,7.97270000000026,1,2.279424
4201.0957,7.99139999999989,1,2.28352
4210.1147,9.01900000000023,1,2.281472
4218.1151,8.0003999999999,1,2.284544
4226.0897,7.97460000000046,1,2.277376
4235.0797,8.98999999999978,1,2.281472
4243.1131,8.03339999999935,1,2.282496
4251.1897,8.07660000000033,1,2.282496
4260.1195,8.92979999999989,1,2.28352
4268.174,8.05450000000019,1,2.280448
4276.0827,7.90869999999995,1,2.281472
4285.1783,9.09559999999965,1,2.285568
4293.0872,7.90890000000036,1,2.284544
4301.119,8.03179999999975,1,2.284544
4310.0818,8.96280000000024,1,2.2784
4318.0779,7.9961000000003,1,2.282496
4326.0804,8.0024999999996,1,2.28352
4335.1125,9.03210000000036,1,2.284544
4343.1302,8.01769999999942,1,2.282496
4351.1814,8.05120000000079,1,2.276352
4359.619,8.43759999999929,1,2.282496
4368.6056,8.98660000000018,1,2.28352
4376.1,7.4944000000005,1,3.009536
4385.1658,9.0657999999994,1,2.285568
4393.1194,7.95359999999982,1,2.281472
4401.1973,8.07790000000023,1,2.285568
4410.105,8.90769999999975,1,2.282496
4418.1721,8.06710000000021,1,2.2784
4426.1087,7.9366,1,2.284544
4435.1152,9.00650000000041,1,2.281472
4443.1505,8.03529999999955,1,2.277376
4451.1545,8.00399999999991,1,2.284544
4460.3506,9.19610000000011,1,2.284544
4468.1428,7.79219999999987,1,2.279424
4476.0751,7.9323000000004,1,2.282496
4485.1413,9.06620000000021,1,2.282496
4493.1216,7.98030000000017,1,2.2784
4501.1198,7.9982,1,2.28352
4510.2266,9.10679999999957,1,2.281472
4518.1713,7.94470000000001,1,2.286592
4526.1597,7.98840000000018,1,2.276352
4535.1251,8.96540000000005,1,2.2784
4543.1148,7.98970000000008,1,2.275328
4551.1568,8.04199999999946,1,2.315264
4560.2044,9.04759999999987,1,2.347008
4568.1304,7.92600000000039,1,2.349056
4576.1438,8.01339999999982,1,2.347008
4585.1635,9.01969999999983,1,2.347008
4593.1131,7.94959999999992,1,2.345984
4601.0939,7.98080000000027,1,2.349056
4610.1255,9.03160000000025,1,2.338816
4618.1299,8.00439999999981,1,3.084288
4626.1812,8.05130000000008,1,2.34496
4635.1935,9.01230000000032,1,2.34496
4643.1398,7.94629999999961,1,2.341888
4651.3019,8.16210000000046,1,2.348032
4660.2509,8.94899999999961,1,2.345984
4668.1133,7.86239999999998,1,2.348032
4676.1156,8.0023000000001,1,2.345984
4685.1619,9.04629999999997,1,2.349056
4693.1268,7.96489999999994,1,2.341888
4701.1239,7.99709999999959,1,2.347008
4710.1176,8.99369999999999,1,2.336768
4718.1593,8.04170000000067,1,2.338816
4726.1043,7.94499999999971,1,2.34496
4735.1632,9.05889999999999,1,2.337792
4743.1136,7.95039999999972,1,2.345984
4751.1693,8.05569999999989,1,2.349056
4760.1386,8.96930000000066,1,2.345984
4768.1327,7.99409999999989,1,3.099648
4776.0932,7.96050000000014,1,2.33984
4785.166,9.07279999999992,1,2.34496
4793.2377,8.07169999999951,1,2.343936
4801.1739,7.9362000000001,1,2.345984
4810.1452,8.97130000000016,1,2.343936
4818.1551,8.00990000000002,1,2.34496
4826.1307,7.97559999999976,1,2.34496
4835.1248,8.99409999999989,1,2.341888
4843.0963,7.97150000000056,1,2.336768
4851.1484,8.05209999999988,1,2.34496
4860.1522,9.00380000000041,1,2.347008
4868.1064,7.95419999999922,1,2.343936
4876.1036,7.9972000000007,1,2.34496
4885.1465,9.04289999999946,1,2.34496
4893.128,7.98149999999987,1,2.343936
4901.107,7.97900000000027,1,2.338816
4910.1791,9.07210000000032,1,2.341888
4918.1513,7.97220000000016,1,2.347008
4926.1264,7.97509999999966,1,2.342912
4935.1007,8.97429999999986,1,2.340864
4943.1114,8.01069999999982,1,2.33984
4951.1474,8.03600000000006,1,2.338816
4960.1938,9.04640000000018,1,2.349056
4968.1089,7.91510000000017,1,2.343936
4976.2665,8.15759999999955,1,2.343936
4985.6359,9.3694000000005,1,2.34496
4993.2182,7.58230000000003,1,3.093504
5001.1478,7.92959999999948,1,2.347008
5010.1102,8.96240000000034,1,2.349056
5018.1785,8.06829999999991,1,2.347008
5026.1301,7.95160000000033,1,2.345984
5035.1549,9.02480000000014,1,2.342912
5043.1485,7.99359999999979,1,2.34496
5051.2177,8.06919999999991,1,2.338816
5060.1419,8.92419999999947,1,2.342912
5068.2147,8.07280000000083,1,2.338816
5076.1599,7.9451999999992,1,2.341888
5085.2285,9.06860000000052,1,2.345984
5093.1416,7.91309999999976,1,2.343936
5101.1288,7.98720000000048,1,2.348032
5110.1055,8.97669999999925,1,2.341888
5118.1683,8.06280000000061,1,3.090432
5126.1012,7.93289999999979,1,2.34496
5135.192,9.09079999999994,1,2.340864
5143.1847,7.99269999999979,1,3.08224
5151.1497,7.96500000000015,1,2.349056
5160.1076,8.95790000000034,1,2.34496
5168.1022,7.99459999999999,1,2.347008
5176.1385,8.03629999999976,1,2.347008
5185.1449,9.00640000000021,1,2.348032
5193.1204,7.97549999999956,1,2.340864
5201.124,8.00360000000001,1,2.34496
5210.1296,9.00560000000041,1,2.342912
5218.1365,8.0068999999994,1,2.34496
5226.1244,7.98790000000008,1,2.343936
5235.1042,8.97980000000007,1,2.34496
5243.137,8.03279999999995,1,2.340864
5251.2012,8.06420000000071,1,2.343936
5260.1365,8.93529999999919,1,2.345984
5268.1338,7.9973,1,2.343936
5276.127,7.9932000000008,1,2.345984
5285.1315,9.00450000000001,1,2.341888
5293.1758,8.04429999999957,1,2.342912
5301.1035,7.92770000000019,1,2.347008
5310.1768,9.07330000000002,1,2.348032
5318.1934,8.01659999999993,1,3.081216
5326.2278,8.03439999999955,1,2.342912
5335.1578,8.93000000000029,1,2.347008
5343.1181,7.96029999999973,1,2.336768
5351.2361,8.11800000000039,1,2.34496
5359.6454,8.40930000000026,1,2.345984
5368.6549,9.00950000000012,1,2.342912
5376.1225,7.46759999999995,1,3.093504
5385.183,9.06049999999959,1,2.348032
5393.1479,7.96489999999994,1,2.345984
5401.1855,8.03759999999966,1,2.342912
5410.1334,8.94790000000012,1,2.343936
5418.1863,8.05290000000059,1,2.337792
5426.1259,7.9395999999997,1,2.342912
5435.1273,9.0014000000001,1,2.348032
5443.1172,7.98989999999958,1,2.338816
5451.186,8.06880000000001,1,2.34496
5460.1444,8.95840000000044,1,2.349056
5468.2405,8.09609999999975,1,2.338816
5476.151,7.91049999999996,1,2.345984
5485.2079,9.0569000000005,1,2.347008
5493.1972,7.98929999999928,1,2.34496
5501.1303,7.93310000000019,1,2.347008
5510.0989,8.96860000000015,1,2.342912
5518.2287,8.1297999999997,1,2.34496
5526.1991,7.97040000000015,1,2.343936
5535.1884,8.98930000000018,1,2.340864
5543.0966,7.90819999999985,1,2.345984
5551.1696,8.07300000000032,1,2.347008
5560.21,9.04039999999986,1,2.345984
5568.1487,7.9386999999997,1,2.349056
5576.212,8.06330000000071,1,2.340864
5585.1945,8.98249999999916,1,2.345984
5593.1374,7.94290000000001,1,2.33984
5601.1184,7.98100000000068,1,2.340864
5610.1609,9.04249999999956,1,2.34496
5618.1581,7.99719999999979,1,2.340864
5626.1439,7.98580000000038,1,2.345984
5635.1581,9.01419999999962,1,2.347008
5643.1658,8.00770000000011,1,2.342912
5651.1623,7.9965000000002,1,2.348032
5660.2697,9.10739999999987,1,2.345984
5668.1422,7.8725000000004,1,2.347008
5676.1506,8.00839999999971,1,2.343936
5685.2564,9.10580000000027,1,2.348032
5693.1706,7.91420000000016,1,2.345984
5701.1837,8.01309999999921,1,2.347008
5710.1465,8.96280000000024,1,2.347008
5718.2178,8.07130000000052,1,2.342912
5726.1505,7.93269999999939,1,2.34496
5735.1465,8.99600000000009,1,2.345984
5743.1357,7.98919999999998,1,2.345984
5751.1928,8.05709999999999,1,2.347008
5760.1367,8.94390000000021,1,2.345984
5768.1586,8.02189999999973,1,2.345984
5776.1263,7.96770000000015,1,2.345984
5785.1678,9.04150000000027,1,2.345984
5793.1259,7.95809999999983,1,2.343936
5801.1918,8.0658999999996,1,2.34496
5810.1387,8.94690000000082,1,2.35008
5818.2101,8.07139999999981,1,2.342912
5826.1324,7.92230000000018,1,2.347008
5835.2707,9.13829999999962,1,2.34496
5843.1461,7.8753999999999,1,2.348032
5851.1898,8.04370000000017,1,2.347008
5860.1259,8.9360999999999,1,2.34496
5868.1973,8.07139999999981,1,2.34496
5876.1505,7.95319999999992,1,2.345984
5885.1981,9.04759999999987,1,2.345984
5893.2183,8.02020000000084,1,2.337792
5901.1275,7.90919999999915,1,2.345984
5910.2128,9.08530000000064,1,2.345984
5918.1822,7.96939999999995,1,2.345984
5926.1515,7.96929999999975,1,2.341888
5935.1422,8.99070000000029,1,2.345984
5943.1384,7.99619999999959,1,3.09248
5951.1594,8.02099999999973,1,2.347008
5960.21,9.05060000000049,1,2.33984
5968.1461,7.9360999999999,1,2.345984
5976.1463,8.0002000000004,1,2.349056
5985.1565,9.01019999999971,1,2.345984
5993.1568,8.0002999999997,1,2.34496
6001.1381,7.98130000000037,1,2.345984
6010.1415,9.0033999999996,1,2.347008
6018.1845,8.04300000000057,1,2.34496
6026.2026,8.01809999999932,1,2.347008
6035.1969,8.99430000000029,1,2.33984
6043.1716,7.97469999999976,1,2.342912
6051.1636,7.99200000000019,1,2.343936
6060.1623,8.9987000000001,1,2.347008
6068.1966,8.03430000000026,1,2.347008
6076.124,7.92739999999958,1,2.351104
6085.2345,9.11049999999977,1,2.343936
6093.1864,7.95190000000002,1,2.34496
6101.1251,7.93870000000061,1,2.341888
6110.1429,9.01779999999962,1,2.348032
6118.1733,8.03040000000055,1,2.34496
6126.1354,7.96209999999974,1,2.34496
6135.1883,9.05289999999968,1,2.351104
6143.159,7.97069999999985,1,2.337792
6151.196,8.03700000000026,1,2.342912
6160.1346,8.93860000000041,1,2.341888
6168.136,8.0014000000001,1,2.343936
6176.1141,7.97809999999936,1,2.348032
6185.2527,9.13860000000022,1,2.343936
6193.1473,7.89459999999963,1,2.347008
6201.1433,7.99600000000009,1,2.345984
6210.1366,8.99330000000009,1,2.347008
6218.201,8.06440000000021,1,3.094528
6226.1245,7.92349999999988,1,2.337792
6235.2372,9.11269999999968,1,2.34496
6243.341,8.10380000000077,1,2.342912
6251.3269,7.98589999999967,1,2.348032
6260.1791,8.85220000000027,1,2.33984
6268.165,7.98589999999967,1,2.347008
6276.1691,8.00410000000011,1,2.347008
6285.1723,9.00320000000011,1,2.347008
6293.1718,7.9994999999999,1,2.345984
6301.2007,8.02890000000025,1,2.347008
6310.1857,8.98499999999967,1,2.345984
6318.1741,7.98840000000018,1,2.342912
6326.1516,7.97749999999996,1,2.35008
6335.1591,9.00749999999971,1,2.34496
6343.183,8.02390000000014,1,2.343936
6351.1649,7.98189999999977,1,2.340864
6359.7545,8.58960000000025,1,2.348032
6367.1971,7.44260000000031,1,2.34496
6376.174,8.97689999999966,1,2.342912
6385.1904,9.01640000000043,1,2.341888
6393.1729,7.98249999999916,1,2.347008
6401.1471,7.97420000000056,1,2.348032
6410.2166,9.06949999999961,1,2.343936
6418.1713,7.95470000000023,1,2.35008
6426.2642,8.09289999999964,1,2.34496
6435.2237,8.95949999999993,1,2.349056
6443.2018,7.97810000000027,1,3.085312
6451.2492,8.04740000000038,1,2.34496
6460.1652,8.91600000000017,1,2.341888
6468.4814,8.3161999999993,1,2.342912
6476.1765,7.69509999999991,1,2.348032
6485.2126,9.03610000000026,1,2.345984
6493.1489,7.9363000000003,1,2.343936
6501.129,7.98009999999977,1,2.347008
6510.1851,9.05609999999979,1,2.348032
6518.2225,8.03740000000016,1,2.33984
6526.2359,8.01339999999982,1,2.343936
6535.1887,8.95280000000002,1,2.342912
6543.1788,7.99009999999998,1,2.34496
6551.2234,8.04460000000017,1,2.348032
6560.1522,8.92880000000059,1,2.341888
6568.2814,8.1291999999994,1,2.347008
6576.1558,7.87440000000061,1,2.347008
6585.3037,9.14789999999994,1,2.336768
6593.2557,7.95199999999932,1,2.342912
6601.157,7.90130000000045,1,2.34496
6610.1683,9.01130000000012,1,2.345984
6618.1809,8.01260000000002,1,2.340864
6626.198,8.01710000000003,1,2.34496
6635.1949,8.9969000000001,1,2.341888
6643.1759,7.98099999999977,1,2.341888
6651.1996,8.02369999999974,1,2.34496
6660.2092,9.00960000000032,1,2.341888
6668.2786,8.0693999999994,1,2.345984
6676.2131,7.9345000000003,1,2.347008
6685.197,8.98390000000018,1,2.343936
6693.2878,8.09079999999994,1,2.347008
6701.1895,7.90170000000035,1,2.341888
6710.1911,9.0015999999996,1,2.347008
6718.1973,8.00619999999981,1,2.35008
6726.1669,7.96960000000036,1,2.34496
6735.182,9.01509999999962,1,2.345984
6743.182,8,1,2.342912
6751.2189,8.03690000000006,1,2.328576
6760.219,9.0001000000002,1,2.330624
6768.179,7.96000000000004,1,2.33472
6776.2001,8.02109999999993,1,2.335744
6785.1724,8.97230000000036,1,2.336768
6793.1644,7.99199999999928,1,2.335744
6801.4994,8.33500000000004,1,2.337792
6809.1813,7.6819000000005,1,2.341888
6818.25,9.06869999999981,1,2.338816
6826.157,7.90700000000015,1,2.338816
6835.2069,9.04989999999998,1,2.343936
6843.1905,7.98359999999957,1,2.338816
6851.1902,7.9997000000003,1,2.337792
6860.1909,9.0006999999996,1,2.340864
6868.2049,8.01400000000012,1,2.337792
6876.1567,7.95179999999982,1,2.331648
6885.2423,9.08560000000034,1,2.33984
6893.1964,7.95409999999993,1,2.336768
6901.215,8.01860000000033,1,2.33984
6910.1515,8.9364999999998,1,2.338816
6918.2616,8.11009999999987,1,2.332672
6926.2928,8.03120000000035,1,2.333696
6935.1649,8.87209999999959,1,2.33984
6943.221,8.05609999999979,1,2.338816
6951.1823,7.96130000000085,1,2.336768
6960.2024,9.02009999999973,1,2.340864
6968.1987,7.99629999999979,1,3.069952
6976.2101,8.01140000000032,1,2.33984
6985.2157,9.0055999999995,1,2.337792
6993.2448,8.02910000000065,1,2.33472
7001.2279,7.98309999999947,1,2.333696
7010.3217,9.09380000000056,1,2.335744
7018.2258,7.90409999999974,1,2.342912
7026.2175,7.99169999999958,1,2.337792
7035.2049,8.98739999999998,1,2.338816
7043.2519,8.04700000000048,1,2.333696
7051.3292,8.07729999999992,1,2.336768
7060.2194,8.89019999999982,1,2.337792
7068.2066,7.98720000000048,1,2.336768
7076.1867,7.98009999999977,1,2.340864
7085.2877,9.10099999999966,1,2.337792
7093.2794,7.99170000000049,1,2.335744
7101.1543,7.8748999999998,1,2.333696
7110.2067,9.05239999999958,1,2.340864
7118.2133,8.00660000000062,1,2.336768
7126.1507,7.9373999999998,1,2.335744
7135.2259,9.07520000000022,1,2.337792
7143.1814,7.95550000000003,1,2.337792
7151.2068,8.02539999999954,1,2.33984
7160.1472,8.94040000000041,1,2.337792
7168.1673,8.02009999999973,1,2.336768
7176.1383,7.97099999999955,1,2.33984
7185.2064,9.06810000000041,1,2.33984
7193.1582,7.95179999999982,1,2.337792
7201.3086,8.15040000000045,1,2.33984
7210.286,8.97739999999976,1,2.33984
7218.2482,7.96219999999994,1,2.338816
7226.225,7.97680000000037,1,2.338816
7235.2985,9.07349999999951,1,2.33984
7243.2141,7.91560000000027,1,2.336768
7251.3435,8.12939999999981,1,2.34496
7259.1549,7.8114000000005,1,2.338816
7268.1905,9.03559999999925,1,2.343936
7276.1706,7.98010000000068,1,2.343936
7285.1823,9.01170000000002,1,2.345984
7293.1456,7.96329999999944,1,2.340864
7301.149,8.00340000000051,1,2.337792
7310.2309,9.08189999999922,1,2.345984
7318.2025,7.97160000000076,1,2.34496
7326.1736,7.97109999999975,1,2.348032
7335.1893,9.01569999999992,1,2.352128
7343.1813,7.99200000000019,1,2.345984
7351.1851,8.0037999999995,1,2.349056
7359.7432,8.55810000000019,1,2.351104
7367.6756,7.93239999999969,1,2.353152
7376.6734,8.9978000000001,1,2.35008
7384.2064,7.53300000000036,1,2.353152
7393.2441,9.03769999999986,1,2.348032
7401.2534,8.00929999999971,1,2.35008
7410.1863,8.9329000000007,1,2.351104
7418.2586,8.07229999999981,1,2.35008
7426.1982,7.9395999999997,1,2.352128
7435.2003,9.00210000000061,1,2.354176
7443.1869,7.98659999999927,1,2.352128
7451.1905,8.00360000000001,1,2.3552
7460.1928,9.0023000000001,1,2.356224
7468.2001,8.00730000000021,1,2.351104
7476.2073,8.00720000000001,1,2.356224
7485.2654,9.05810000000019,1,2.354176
7493.2004,7.93499999999949,1,2.353152
7501.1954,7.99499999999989,1,2.353152
7510.1722,8.97680000000037,1,2.348032
7518.2383,8.06610000000001,1,3.089408
7526.2042,7.96590000000015,1,2.353152
7535.2226,9.01839999999993,1,2.353152
7543.1787,7.95610000000033,1,2.354176
7551.2424,8.0636999999997,1,2.3552
7560.1836,8.94120000000021,1,2.352128
7568.1868,8.00320000000011,1,3.101696
7576.1623,7.97549999999956,1,2.3552
7585.3311,9.16880000000037,1,2.343936
7593.2521,7.92099999999937,1,3.078144
7601.2447,7.99260000000049,1,3.556352
7610.2011,8.95640000000003,1,2.35008
7618.2213,8.02019999999993,1,2.353152
7626.1845,7.96320000000014,1,2.352128
7635.1821,8.99759999999969,1,2.353152
7643.1489,7.96680000000015,1,3.090432
7651.2608,8.11189999999988,1,2.347008
7660.2361,8.97530000000006,1,2.353152
7668.3113,8.07520000000022,1,2.354176
7676.2132,7.90189999999984,1,2.358272
7685.2204,9.00720000000001,1,2.359296
7693.2598,8.03939999999966,1,2.361344
7701.1946,7.9348,1,2.359296
7710.2231,9.02850000000035,1,2.357248
7718.217,7.99389999999948,1,2.362368
7726.2052,7.98820000000069,1,2.357248
7735.172,8.96679999999924,1,2.359296
7743.1832,8.01120000000083,1,3.110912
7751.1984,8.01519999999982,1,2.364416
7760.2378,9.03939999999966,1,2.362368
7768.2439,8.00610000000052,1,2.364416
7776.1764,7.93249999999989,1,2.36544
7785.2403,9.0639000000001,1,2.364416
7793.1825,7.9421999999995,1,2.368512
7801.163,7.98049999999967,1,2.369536
7810.1932,9.03020000000015,1,2.37568
7818.2647,8.07150000000001,1,2.37568
7826.2196,7.95490000000063,1,2.382848
7835.2257,9.00609999999961,1,2.382848
7843.1744,7.94869999999992,1,2.383872
7851.2415,8.06710000000021,1,2.382848
7860.1744,8.93289999999979,1,2.388992
7868.2208,8.04640000000018,1,2.387968
7876.1792,7.95839999999953,1,2.399232
7885.2343,9.05510000000049,1,2.399232
7893.1919,7.95759999999973,1,2.402304
7901.1898,7.9979000000003,1,2.408448
7910.1617,8.97189999999955,1,2.412544
7918.2463,8.08460000000014,1,2.422784
7926.167,7.92070000000058,1,2.425856
7935.2624,9.09539999999924,1,2.422784
7943.2453,7.98289999999997,1,3.18976
7951.2319,7.98660000000018,1,2.425856
7960.2134,8.98149999999987,1,2.434048
7968.1723,7.95890000000054,1,2.432
7976.2394,8.06710000000021,1,2.430976
7985.2127,8.97329999999965,1,2.432
7993.2057,7.99300000000039,1,2.430976
8001.1722,7.96649999999954,1,2.427904
8010.2145,9.04230000000007,1,2.425856
8018.2299,8.01540000000023,1,3.178496
8026.1909,7.96099999999933,1,2.446336
8035.1775,8.98660000000018,1,2.45248
8043.2349,8.0574000000006,1,2.44736
8051.2265,7.99159999999938,1,2.454528
8060.2302,9.00370000000021,1,2.46272
8068.1797,7.94949999999972,1,2.469888
8076.1818,8.00210000000061,1,2.480128
8085.2112,9.02939999999944,1,2.477056
8093.1953,7.98410000000058,1,2.48832
8101.1968,8.0014999999994,1,2.494464
8110.234,9.03720000000067,1,2.51392
8118.2724,8.03839999999946,1,3.243008
8126.1707,7.89829999999984,1,2.507776
8135.1583,8.98760000000038,1,2.514944
8143.1973,8.03899999999976,1,2.512896
8151.2254,8.02810000000045,1,2.456576
8160.1955,8.97009999999955,1,2.463744
8168.2062,8.01069999999982,1,2.473984
8176.1719,7.96570000000065,1,2.468864
8185.221,9.04909999999927,1,2.480128
8193.1696,7.94859999999971,1,2.484224
8201.2457,8.07610000000022,1,2.491392
8210.2056,8.95989999999983,1,2.490368
8218.2375,8.03189999999995,1,2.487296
8226.1709,7.93339999999989,1,2.497536
8235.1948,9.02390000000014,1,2.500608
8243.1741,7.97930000000088,1,2.501632
8251.3753,8.20119999999952,1,2.516992
8259.2147,7.83940000000075,1,2.505728
8268.2117,8.99699999999939,1,2.530304
8276.1636,7.95190000000002,1,2.53952
8285.2604,9.09679999999935,1,2.553856
8293.2255,7.96510000000126,1,2.558976
8301.1806,7.95509999999922,1,2.56512
8310.3402,9.15960000000086,1,2.569216
8318.2266,7.88639999999941,1,2.564096
8326.202,7.97539999999935,1,2.558976
8335.1943,8.99229999999989,1,2.566144
8343.1895,7.9952000000012,1,2.567168
8351.2047,8.01519999999982,1,2.522112
8359.7356,8.53089999999975,1,2.522112
8367.2012,7.46559999999954,1,2.527232
8376.2754,9.07420000000093,1,2.531328
8385.2239,8.94850000000042,1,2.541568
8393.2413,8.01739999999882,1,2.54976
8401.1936,7.95230000000083,1,2.556928
8410.2192,9.02559999999903,1,2.574336
8418.2187,7.9994999999999,1,3.262464
8426.2133,7.99459999999999,1,2.58048
8435.2464,9.03310000000056,1,2.579456
8443.233,7.98660000000018,1,2.584576
8451.3069,8.07389999999941,1,2.583552
8460.2177,8.91079999999965,1,2.587648
8468.2131,7.99540000000161,1,2.592768
8476.1917,7.97859999999855,1,2.593792
8485.2563,9.0645999999997,1,2.598912
8493.2121,7.95580000000155,1,2.597888
8501.1762,7.96409999999923,1,2.598912
8510.1907,9.01449999999932,1,2.613248
8518.2611,8.07040000000052,1,2.619392
8526.1998,7.93870000000061,1,2.624512
8535.3301,9.1302999999989,1,2.629632
8543.2308,7.90070000000014,1,2.628608
8551.276,8.04520000000048,1,2.542592
8560.2055,8.92950000000019,1,2.541568
8568.2111,8.00560000000041,1,2.546688
8576.1984,7.98729999999887,1,2.545664
8585.3411,9.14270000000033,1,2.548736
8593.2138,7.8726999999999,1,2.543616
8601.2423,8.02850000000035,1,2.556928
8610.2346,8.99229999999989,1,2.557952
8618.2798,8.04520000000048,1,2.557952
8626.2552,7.97539999999935,1,2.562048
8635.1993,8.94410000000062,1,2.569216
8643.1831,7.98379999999997,1,2.566144
8651.2698,8.08669999999984,1,2.56512
8660.2018,8.9320000000007,1,2.564096
8668.3613,8.15949999999975,1,2.576384
8676.2355,7.8742000000002,1,2.579456
8685.2381,9.0025999999998,1,2.584576
8693.2393,8.00119999999879,1,2.593792
8701.1959,7.95660000000134,1,2.605056
8710.2797,9.08379999999852,1,2.6112
8718.2461,7.96640000000116,1,2.618368
8726.2319,7.98580000000038,1,2.620416
8735.1999,8.96799999999894,1,2.630656
8743.2228,8.02289999999994,1,2.6368
8751.2354,8.01260000000002,1,2.550784
8760.2813,9.04590000000098,1,2.553856
8768.2485,7.96719999999914,1,2.561024
8776.2379,7.98940000000039,1,2.567168
8785.241,9.0030999999999,1,2.57536
8793.2097,7.96869999999944,1,2.567168
8801.1906,7.98090000000047,1,2.573312
8810.2117,9.02109999999993,1,2.584576
8818.3789,8.16719999999987,1,2.576384
8826.2885,7.90960000000086,1,2.571264
8835.2132,8.92469999999958,1,2.578432
8843.2034,7.99020000000019,1,2.5856
8851.2441,8.04069999999956,1,2.579456
8860.2014,8.95730000000003,1,2.586624
8868.2051,8.0036999999993,1,2.582528
8876.2399,8.03480000000127,1,2.589696
8885.273,9.03309999999874,1,2.592768
8893.24,7.96700000000055,1,2.59584
8901.2231,7.98309999999947,1,2.594816
8910.1853,8.96219999999994,1,2.591744
8918.2577,8.07240000000093,1,2.594816
8926.1985,7.94080000000031,1,2.596864
8935.2596,9.06109999999899,1,2.59584
8943.213,7.95340000000033,1,2.59072
8951.3046,8.09159999999974,1,2.51904
8960.2228,8.91820000000007,1,2.51392
8968.2112,7.98840000000018,1,2.516992
8976.1821,7.97090000000026,1,2.514944
8985.273,9.09089999999924,1,2.51392
8993.2552,7.98220000000038,1,2.520064
9001.3703,8.11510000000089,1,2.522112
9009.4014,8.03110000000015,1,2.516992
9018.3742,8.97279999999955,1,2.511872
9026.325,7.95080000000053,1,2.511872
9035.3035,8.97849999999926,1,2.515968
9043.2292,7.92569999999978,1,2.514944
9051.3031,8.07389999999941,1,2.507776
9060.3036,9.0005000000001,1,2.51904
9068.2505,7.94690000000082,1,2.511872
9076.2599,8.009399999999,1,2.518016
9085.3031,9.04320000000007,1,2.511872
9093.2946,7.99150000000009,1,2.511872
9101.2466,7.95200000000114,1,2.512896
9110.2722,9.02559999999903,1,2.507776
9118.2436,7.97140000000036,1,2.511872
9126.2126,7.96900000000096,1,2.50368
9135.2153,9.00269999999909,1,2.511872
9143.259,8.04370000000017,1,2.504704
9151.2367,7.97769999999946,1,2.512896
9160.2711,9.03440000000046,1,2.505728
9168.2843,8.01319999999942,1,2.502656
9176.2179,7.9336000000003,1,2.506752
9185.249,9.03110000000015,1,2.504704
9193.1947,7.94570000000022,1,2.489344
9201.2564,8.0617000000002,1,2.497536
9210.2771,9.02069999999912,1,2.49344
9218.3035,8.02640000000065,1,2.49344
9226.2106,7.90710000000036,1,2.494464
9235.2197,9.00909999999931,1,2.485248
9243.1908,7.97110000000066,1,2.482176
9251.3645,8.17369999999937,1,2.479104
9259.2088,7.84430000000066,1,2.479104
9268.238,9.02919999999904,1,2.471936
9276.2217,7.98370000000068,1,2.459648
9285.2375,9.01579999999922,1,2.461696
9293.1618,7.92430000000058,1,2.446336
9301.1919,8.03009999999995,1,2.44736
9310.2031,9.01120000000083,1,2.44224
9318.2181,8.01499999999942,1,2.439168
9326.2137,7.99560000000019,1,2.434048
9335.2434,9.02969999999914,1,2.424832
9343.2079,7.96450000000004,1,2.41664
9351.2273,8.01940000000104,1,2.412544
9359.7636,8.53629999999976,1,2.40128
9367.2606,7.49699999999939,1,2.403328
9376.277,9.01640000000043,1,2.405376
9385.2398,8.96279999999933,1,2.4064
9393.2863,8.04650000000038,1,2.400256
9401.2166,7.93029999999999,1,2.402304
9410.2348,9.01820000000043,1,2.40128
9418.2532,8.01839999999902,1,2.382848
9426.2463,7.9931000000015,1,2.387968
9435.2957,9.04939999999988,1,2.393088
9443.2621,7.96639999999934,1,2.394112
9451.3317,8.06960000000072,1,2.3808
9460.2429,8.91119999999864,1,2.387968
9468.2276,7.98470000000088,1,2.38592
9476.2141,7.98649999999907,1,2.381824
9485.2661,9.0520000000015,1,2.381824
9493.2743,8.0081999999984,1,2.369536
9501.2989,8.02460000000065,1,2.376704
9510.3584,9.05949999999939,1,2.364416
9518.3299,7.97150000000147,1,2.357248
9526.2315,7.90159999999923,1,2.358272
9535.2405,9.00900000000001,1,2.352128
9543.3306,8.09009999999944,1,2.345984
9551.3466,8.01600000000144,1,2.35008
9559.2472,7.90059999999903,1,2.34496
9568.2704,9.02319999999963,1,2.342912
9576.2284,7.95800000000054,1,2.33472
9585.3402,9.11180000000058,1,2.33472
9593.2766,7.93639999999868,1,2.337792
9601.2533,7.97670000000107,1,2.328576
9610.3453,9.09200000000055,1,2.322432
9618.2888,7.9434999999994,1,2.315264
9626.2637,7.97489999999925,1,2.30912
9635.249,8.98530000000028,1,2.305024
9643.2138,7.96479999999974,1,2.9184
9651.2587,8.04490000000078,1,2.291712
9660.3295,9.07079999999951,1,2.294784
9668.3704,8.04089999999997,1,2.286592
9676.2698,7.89940000000024,1,2.287616
9685.2705,9.00070000000051,1,2.285568
9693.2487,7.97819999999956,1,2.280448
9701.2254,7.97669999999925,1,2.285568
9710.3025,9.07710000000043,1,2.282496
9718.2438,7.94130000000041,1,2.277376
9726.2693,8.02549999999974,1,2.275328
9735.2341,8.96479999999974,1,2.271232
9743.2595,8.02540000000045,1,2.272256
9751.2699,8.01039999999921,1,2.24768
9760.2458,8.97590000000127,1,2.239488
9768.2472,8.00139999999919,1,2.24256
9776.3069,8.05969999999979,1,2.23232
9785.3254,9.01850000000013,1,2.233344
9793.2289,7.90350000000035,1,2.221056
9801.3219,8.09300000000076,1,2.21696
9810.2283,8.90639999999985,1,2.223104
9818.2972,8.06890000000021,1,2.22208
9826.2272,7.92999999999847,1,2.21696
9835.2997,9.07250000000022,1,2.21184
9843.2685,7.96880000000056,1,2.204672
9851.2989,8.03039999999964,1,2.200576
9860.2267,8.92779999999948,1,2.2016
9868.2288,8.00210000000152,1,2.193408
9876.2176,7.98879999999917,1,2.189312
9885.3266,9.10900000000038,1,2.182144
9893.25,7.92339999999967,1,2.178048
9901.261,8.01100000000042,1,2.171904
9910.2254,8.96439999999893,1,2.167808
9918.2852,8.05980000000091,1,2.162688
9926.2186,7.93339999999989,1,2.156544
9935.2731,9.05450000000019,1,2.156544
9943.227,7.95390000000043,1,2.1504
9951.3235,8.09649999999965,1,2.152448
9960.2465,8.92299999999886,1,2.137088
9968.2469,8.00040000000081,1,2.132992
9976.2128,7.96589999999924,1,2.126848
9985.2952,9.08240000000114,1,2.118656
9993.2843,7.98909999999887,1,2.121728
10001.2674,7.98310000000129,1,2.11968
10010.2687,9.0012999999999,1,2.118656
10018.2902,8.02149999999892,1,2.11456
10026.2866,7.99639999999999,1,2.118656
10035.2428,8.95620000000054,1,2.121728
10043.2947,8.05190000000039,1,2.120704
10051.3197,8.02499999999964,1,2.11968
10060.276,8.95629999999983,1,2.125824
10068.2239,7.94790000000103,1,2.111488
10076.2495,8.02559999999903,1,2.111488
10085.2761,9.02659999999923,1,2.107392
10093.2294,7.95330000000104,1,2.10944
10101.2174,7.98799999999937,1,2.103296
10110.2938,9.07639999999992,1,2.097152
10118.2516,7.95780000000013,1,2.092032
10126.275,8.02340000000004,1,2.093056
10135.2554,8.98040000000037,1,2.087936
10143.2777,8.02230000000054,1,2.079744
10151.2624,7.98469999999907,1,2.087936
10160.2509,8.98849999999948,1,2.091008
10168.3044,8.0535000000018,1,2.077696
10176.2765,7.97209999999905,1,2.080768
10185.2991,9.02260000000024,1,2.081792
10193.23,7.93089999999938,1,2.074624
10201.1967,7.96670000000086,1,2.072576
10210.2378,9.04110000000037,1,2.070528
10218.3425,8.10469999999987,1,2.069504
10226.3321,7.98959999999897,1,2.069504
10235.3426,9.01050000000032,1,2.069504
10243.2648,7.92220000000088,1,2.067456
10251.4121,8.14729999999872,1,2.067456
10259.2529,7.84079999999994,1,2.061312
10268.2701,9.01720000000023,1,2.065408
10276.2581,7.98799999999937,1,2.064384
10285.2945,9.03640000000087,1,2.06336
10293.3386,8.04409999999916,1,2.06336
10301.2492,7.91060000000107,1,2.062336
10310.1996,8.95039999999972,1,2.065408
10318.2734,8.07380000000012,1,2.062336
10326.2598,7.98639999999978,1,2.06336
10335.3016,9.04180000000088,1,2.059264
10343.243,7.9413999999997,1,2.059264
10351.2607,8.01770000000033,1,2.055168
10359.8192,8.55849999999919,1,2.057216
10367.2543,7.4351000000006,1,2.050048
10376.3095,9.05519999999888,1,2.054144
10385.2925,8.98300000000017,1,2.055168
10393.3528,8.06030000000101,1,2.055168
10401.3014,7.94859999999971,1,2.055168
10410.2815,8.98009999999886,1,2.056192
10418.2989,8.01740000000063,1,2.050048
10426.2596,7.96069999999963,1,2.054144
10435.2752,9.01560000000063,1,2.055168
10443.3255,8.05030000000079,1,2.052096
10451.3582,8.03269999999975,1,2.044928
10459.3231,7.96489999999903,1,2.056192
10468.2824,8.95930000000044,1,2.057216
10476.2591,7.97669999999925,1,2.049024
10485.2768,9.01770000000033,1,2.056192
10493.2434,7.96659999999974,1,2.056192
10501.3342,8.09079999999994,1,2.055168
10509.2685,7.9343000000008,1,2.051072
10518.3426,9.07409999999982,1,2.052096
10526.2841,7.94150000000081,1,2.055168
10535.3169,9.03279999999904,1,2.05824
10543.2975,7.98060000000078,1,2.051072
10551.3211,8.02359999999862,1,2.055168
10560.2677,8.94660000000113,1,2.05824
10568.3925,8.1247999999996,1,2.066432
10576.2684,7.87590000000091,1,2.056192
10585.36,9.09159999999974,1,2.061312
10593.287,7.92699999999968,1,2.05312
10601.2438,7.95679999999993,1,2.056192
10610.5779,9.33410000000003,1,2.054144
10618.3049,7.72699999999895,1,2.051072
10626.3314,8.02649999999994,1,2.054144
10635.2605,8.9291000000012,1,2.05312
10643.2301,7.96960000000036,1,2.054144
10651.3035,8.07339999999931,1,2.05312
10660.3535,9.04999999999927,1,2.049024
10668.3683,8.01480000000083,1,2.059264
10676.2872,7.91890000000058,1,2.052096
10685.2875,9.0002999999997,1,2.052096
10693.3065,8.01900000000023,1,2.052096
10701.2581,7.95159999999851,1,2.050048
10710.32,9.06190000000061,1,2.048
10718.2696,7.94959999999992,1,2.045952
10726.367,8.09740000000056,1,2.052096
10734.2678,7.90079999999944,1,2.049024
10743.2851,9.01729999999952,1,2.050048
10751.2991,8.01400000000103,1,2.154496
10760.2729,8.97379999999976,1,2.153472
10768.301,8.02809999999954,1,2.151424
10776.2868,7.98580000000038,1,2.152448
10785.3025,9.01569999999992,1,2.148352
10793.292,7.98949999999968,1,2.152448
10801.2483,7.95629999999983,1,2.142208
10810.2474,8.99910000000091,1,2.147328
10818.3341,8.08669999999984,1,2.142208
10826.2521,7.91799999999967,1,2.152448
10835.3817,9.12960000000021,1,2.148352
10843.2597,7.87800000000061,1,2.149376
10851.3649,8.10519999999997,1,2.147328
10859.3072,7.9422999999988,1,2.147328
10868.2635,8.95629999999983,1,2.151424
10876.2891,8.02560000000085,1,2.143232
10885.3221,9.03299999999945,1,2.144256
10893.3336,8.01150000000052,1,2.152448
10901.2999,7.96630000000005,1,2.152448
10910.2475,8.94759999999951,1,2.143232
10918.3503,8.10280000000057,1,2.146304
10926.2496,7.89929999999913,1,2.152448
10935.3003,9.0507000000016,1,2.1504
10943.3542,8.05389999999898,1,2.1504
10951.3488,7.99459999999999,1,2.178048
10959.3831,8.03429999999935,1,2.18624
10968.2714,8.88830000000053,1,2.180096
10976.3001,8.02870000000075,1,2.182144
10985.2924,8.99229999999989,1,2.180096
10993.2877,7.9953000000005,1,2.177024
11001.2983,8.01059999999961,1,2.179072
11010.2948,8.99649999999929,1,2.183168
11018.3209,8.02610000000095,1,2.183168
11026.2565,7.93559999999889,1,2.176
11035.2452,8.98869999999988,1,2.184192
11043.4213,8.17610000000059,1,2.179072
11051.3642,7.94290000000001,1,2.178048
11059.3909,8.02670000000035,1,2.179072
11068.3205,8.92959999999948,1,2.184192
11076.3511,8.03060000000005,1,2.182144
11084.3734,8.02230000000054,1,2.185216
11093.3241,8.95069999999942,1,2.183168
11101.3811,8.0570000000007,1,2.183168
11109.2757,7.89459999999963,1,2.183168
11118.4925,9.21680000000015,1,2.183168
11126.2619,7.76939999999922,1,2.184192
11135.3066,9.04470000000038,1,2.183168
11143.3035,7.9969000000001,1,2.184192
11151.3145,8.01100000000042,1,2.18112
11160.2507,8.9362000000001,1,2.18112
11168.3192,8.0684999999994,1,2.183168
11176.2561,7.93690000000061,1,2.182144
11185.3148,9.05869999999959,1,2.18112
11193.2412,7.92640000000029,1,2.18624
11201.3166,8.07539999999972,1,2.18112
11210.3013,8.98469999999907,1,2.177024
11218.3407,8.03940000000148,1,2.184192
11226.3298,7.98909999999887,1,2.183168
11235.3894,9.0596000000005,1,2.183168
11243.376,7.98660000000018,1,2.182144
11251.3824,8.00640000000021,1,2.18624
11259.296,7.91359999999986,1,2.180096
11268.2796,8.98359999999957,1,2.178048
11276.2013,7.92170000000078,1,2.176
11285.2816,9.08029999999962,1,2.18112
11293.2595,7.97789999999986,1,2.184192
11301.2464,7.98689999999988,1,2.182144
11310.2773,9.03089999999975,1,2.185216
11318.2767,7.99940000000061,1,2.180096
11326.2474,7.97069999999985,1,2.18112
11335.2625,9.01510000000053,1,2.182144
11343.309,8.04649999999856,1,2.18112
11351.2812,7.97220000000016,1,2.18112
11359.8196,8.53840000000127,1,2.185216
11367.2719,7.45229999999901,1,2.18112
11376.2706,8.9987000000001,1,2.18624
11385.3094,9.03880000000026,1,2.18624
11393.3684,8.05899999999929,1,2.180096
11401.2858,7.91740000000027,1,2.188288
11410.2864,9.00060000000121,1,2.193408
11418.3675,8.08109999999942,1,2.190336
11426.2673,7.89979999999923,1,2.189312
11435.249,8.98170000000027,1,2.188288
11443.2603,8.01130000000012,1,2.183168
11451.4752,8.21490000000085,1,2.187264
11459.3067,7.83149999999841,1,2.183168
11468.2812,8.97450000000026,1,2.185216
11476.2746,7.9934000000012,1,2.183168
11485.3295,9.05489999999918,1,2.187264
11493.2619,7.93239999999969,1,2.188288
11501.3508,8.08890000000065,1,2.18624
11509.2798,7.92900000000009,1,2.187264
11518.3517,9.071899999999,1,2.183168
11526.2613,7.90960000000086,1,2.189312
11535.2711,9.00979999999981,1,2.189312
11543.257,7.98589999999967,1,2.184192
11551.3321,8.07510000000002,1,2.209792
11560.2816,8.94950000000063,1,2.21184
11568.3613,8.07970000000023,1,2.210816
11576.352,7.99070000000029,1,2.209792
11584.3787,8.02669999999853,1,2.199552
11593.3007,8.92200000000048,1,2.208768
11601.2666,7.96590000000106,1,2.207744
11610.3024,9.03579999999965,1,2.20672
11618.3079,8.0054999999993,1,2.208768
11626.312,8.00410000000011,1,2.202624
11635.2821,8.97010000000046,1,2.205696
11643.3029,8.02080000000024,1,2.202624
11651.3067,8.00379999999859,1,2.208768
11660.3102,9.00350000000071,1,2.210816
11668.4048,8.09460000000036,1,2.203648
11676.3198,7.91499999999905,1,2.210816
11685.3393,9.01950000000033,1,2.205696
11693.3104,7.97110000000066,1,2.21184
11701.2816,7.97119999999995,1,2.209792
11710.2965,9.01490000000013,1,2.210816
11718.3046,8.0080999999991,1,2.2016
11726.2836,7.97900000000118,1,2.204672
11735.4365,9.15289999999914,1,2.210816
11743.3044,7.8679000000011,1,2.207744
11751.3622,8.05779999999868,1,2.208768
11759.281,7.91880000000128,1,2.213888
11768.2455,8.96450000000004,1,2.212864
11776.2586,8.0130999999983,1,2.213888
11785.3102,9.05160000000069,1,2.214912
11793.2792,7.96900000000096,1,2.212864
11801.2648,7.98559999999998,1,2.214912
11810.2837,9.01889999999912,1,2.214912
11818.3219,8.03820000000087,1,2.209792
11826.2614,7.93949999999859,1,2.217984
11835.3642,9.10280000000057,1,2.21696
11843.276,7.91179999999986,1,2.21696
11851.3358,8.05980000000091,1,2.21696
11859.2792,7.94340000000011,1,2.21184
11868.3126,9.03339999999844,1,2.212864
11876.2671,7.95449999999983,1,2.208768
11885.3059,9.03880000000026,1,2.214912
11893.2839,7.97800000000097,1,2.207744
11901.3434,8.05949999999939,1,2.219008
11909.2673,7.92389999999978,1,2.215936
11918.3478,9.08050000000003,1,2.207744
11926.2937,7.94590000000062,1,2.214912
11935.2688,8.97509999999966,1,2.214912
11943.3044,8.03560000000107,1,2.21184
11951.3143,8.00989999999911,1,2.22208
11960.3729,9.0586000000003,1,2.228224
11968.2738,7.90090000000055,1,2.224128
11976.2809,8.0070999999989,1,2.221056
11985.3132,9.03230000000076,1,2.223104
11993.2719,7.95869999999923,1,2.21696
12001.2824,8.01050000000032,1,2.22208
12010.3229,9.04049999999916,1,2.221056
12018.3143,7.99140000000079,1,2.223104
12026.3171,8.00280000000021,1,2.221056
12035.3692,9.05209999999897,1,2.2272
12043.3085,7.9393,1,2.223104
12051.2974,7.98890000000029,1,2.221056
12060.3011,9.00370000000112,1,2.220032
12068.269,7.96789999999964,1,2.214912
12076.3301,8.06109999999899,1,2.22208
12085.3455,9.01540000000023,1,2.217984
12093.2645,7.91899999999987,1,2.2272
12101.34,8.07550000000083,1,2.220032
12109.2782,7.93820000000051,1,2.224128
12118.3146,9.03639999999905,1,2.213888
12126.277,7.96240000000034,1,2.219008
12135.3135,9.03650000000016,1,2.223104
12143.292,7.97849999999926,1,2.214912
12151.3806,8.08860000000095,1,2.275328
12159.2654,7.88479999999981,1,2.276352
12168.2814,9.01599999999962,1,2.274304
12176.2991,8.01770000000033,1,2.27328
12185.3388,9.03969999999936,1,2.270208
12193.2673,7.92849999999999,1,2.2784
12201.2983,8.03100000000086,1,2.274304
12210.3456,9.04730000000018,1,2.2784
12218.3112,7.96559999999954,1,2.275328
12226.4538,8.14259999999922,1,2.269184
12234.3155,7.86170000000129,1,2.275328
12243.2999,8.98439999999937,1,2.267136
12251.3853,8.08539999999994,1,2.271232
12259.2883,7.90300000000025,1,2.274304
12268.2854,8.9971000000005,1,2.275328
12276.2746,7.98919999999998,1,2.27328
12285.3035,9.02889999999934,1,2.275328
12293.265,7.96149999999943,1,2.270208
12301.2652,8.0002000000004,1,2.276352
12310.2931,9.02790000000095,1,2.279424
12318.296,8.0028999999995,1,2.26816
12326.2699,7.97389999999905,1,2.271232
12335.2984,9.02850000000035,1,2.2784
12343.3462,8.04780000000028,1,2.276352
12351.2951,7.94889999999941,1,2.2784
12359.834,8.53890000000138,1,2.271232
12367.8069,7.97289999999884,1,2.280448
12376.7924,8.98550000000068,1,2.275328
12384.4044,7.61199999999917,1,2.2784
12393.3171,8.91270000000077,1,2.276352
12401.362,8.04489999999896,1,2.27328
12409.2973,7.93530000000101,1,2.27328
12418.3456,9.04830000000038,1,2.26816
12426.2867,7.94110000000001,1,2.274304
12435.3023,9.01559999999881,1,2.276352
12443.298,7.99570000000131,1,2.26816
12451.3737,8.07569999999942,1,2.27328
12459.337,7.96329999999944,1,2.276352
12468.3475,9.01050000000032,1,2.269184
12476.3025,7.95499999999993,1,2.274304
12485.3419,9.03939999999966,1,2.269184
12493.2859,7.94400000000132,1,2.27328
12501.3264,8.04049999999916,1,2.275328
12510.2846,8.95820000000094,1,2.266112
12518.4268,8.14219999999841,1,2.271232
12526.3012,7.87440000000061,1,2.272256
12535.3342,9.03299999999945,1,2.279424
12543.4496,8.11540000000059,1,2.985984
12551.3465,7.89689999999973,1,2.277376
12559.3267,7.98019999999997,1,2.28352
12568.3383,9.01159999999982,1,2.282496
12576.2792,7.94090000000142,1,2.281472
12585.3587,9.07949999999983,1,2.28352
12593.299,7.94030000000021,1,2.281472
12601.2947,7.99569999999949,1,2.285568
12610.321,9.02629999999954,1,2.276352
12618.3231,8.0020999999997,1,2.28352
12626.3299,8.00680000000102,1,2.277376
12635.3072,8.97729999999865,1,2.280448
12643.3848,8.07760000000053,1,2.276352
12651.3353,7.95050000000083,1,2.280448
12659.4082,8.07289999999921,1,2.28352
12668.3513,8.94310000000041,1,2.28352
12676.2976,7.94629999999961,1,2.284544
12685.3644,9.06680000000051,1,2.285568
12693.305,7.9405999999999,1,2.284544
12701.2635,7.95849999999882,1,2.281472
12710.3161,9.05260000000089,1,2.284544
12718.3646,8.04850000000079,1,2.276352
12726.2874,7.92279999999846,1,2.282496
12735.3747,9.08730000000105,1,2.285568
12743.289,7.91430000000037,1,2.280448
12751.379,8.09000000000015,1,2.280448
12759.3162,7.93719999999848,1,2.280448
12768.3511,9.03490000000056,1,2.284544
12776.2926,7.94150000000081,1,2.282496
12785.3984,9.10579999999936,1,2.2784
12793.2971,7.89869999999974,1,2.28352
12801.329,8.03189999999995,1,2.284544
12810.2953,8.96630000000005,1,2.279424
12818.3748,8.07949999999983,1,3.004416
12826.3061,7.93130000000019,1,2.281472
12835.4201,9.11399999999958,1,2.286592
12843.3863,7.96620000000075,1,3.00032
12851.3951,8.00879999999961,1,2.282496
12859.4089,8.01380000000063,1,2.282496
12868.3196,8.91070000000036,1,2.280448
12876.2764,7.95679999999993,1,2.2784
12885.3577,9.08129999999983,1,2.282496
12893.3331,7.97539999999935,1,2.281472
12901.2949,7.96180000000095,1,2.284544
12910.3616,9.0666999999994,1,2.284544
12918.3356,7.97400000000016,1,2.28352
12926.325,7.98940000000039,1,2.280448
12935.2914,8.96639999999934,1,2.28864
12943.3093,8.01790000000074,1,2.280448
12951.3209,8.01159999999982,1,2.31936
12960.3888,9.06790000000001,1,2.31936
12968.3224,7.93359999999848,1,2.32448
12976.3193,7.9969000000001,1,2.325504
12985.3245,9.00520000000142,1,2.318336
12993.3211,7.99659999999858,1,2.316288
13001.2927,7.97160000000076,1,2.32448
13010.2949,9.00220000000081,1,2.322432
13018.4519,8.15699999999924,1,2.320384
13026.3503,7.89840000000004,1,2.323456
13034.3452,7.99489999999969,1,2.323456
13043.3306,8.98539999999957,1,2.321408
13051.3729,8.04230000000098,1,2.31424
13059.3137,7.94080000000031,1,2.322432
13068.3628,9.04910000000018,1,2.325504
13076.4379,8.07510000000002,1,2.322432
13084.4623,8.02439999999842,1,2.318336
13093.3864,8.92410000000018,1,2.320384
13101.3208,7.9344000000001,1,2.325504
13110.2902,8.96939999999995,1,2.323456
13118.3982,8.10800000000017,1,2.322432
13126.2992,7.90099999999984,1,2.325504
13135.3908,9.09159999999974,1,2.323456
13143.3385,7.94770000000062,1,2.322432
13151.3805,8.04199999999946,1,2.321408
13159.2978,7.91730000000098,1,2.325504
13168.3411,9.04329999999936,1,2.321408
13176.2874,7.94629999999961,1,2.323456
13185.4542,9.16680000000088,1,2.321408
13193.3968,7.94260000000031,1,2.326528
13201.2987,7.90189999999893,1,2.32448
13210.3238,9.02510000000075,1,2.32448
13218.3294,8.00560000000041,1,2.321408
13226.3356,8.00619999999981,1,2.320384
13234.2962,7.96060000000034,1,2.328576
13243.3309,9.03470000000016,1,2.328576
13251.4057,8.0747999999985,1,2.320384
13259.3623,7.95660000000134,1,2.326528
13268.3399,8.97760000000017,1,2.318336
13276.3103,7.97039999999834,1,2.320384
13285.3265,9.01620000000003,1,2.327552
13293.2975,7.97100000000137,1,2.320384
13301.2895,7.99200000000019,1,2.32448
13310.3256,9.03609999999935,1,2.326528
13318.3862,8.0606000000007,1,3.05664
13326.3002,7.91399999999885,1,2.322432
13334.3672,8.06700000000092,1,2.326528
13343.3738,9.0065999999988,1,2.320384
13351.3879,8.01410000000033,1,2.325504
13358.8213,7.43339999999989,1,2.31936
13367.8351,9.01380000000063,1,2.326528
13376.3133,8.47819999999956,1,2.323456
13385.3692,9.05589999999938,1,2.326528
13393.3259,7.95670000000064,1,2.326528
13401.3627,8.03679999999986,1,2.323456
13409.3592,7.99650000000111,1,2.318336
13418.398,9.03879999999845,1,2.323456
13426.382,7.98400000000038,1,2.32448
13434.326,7.94399999999951,1,2.328576
13443.3211,8.99510000000009,1,2.322432
13451.3568,8.03570000000036,1,2.322432
13459.3669,8.01010000000133,1,2.326528
13468.3594,8.99249999999847,1,2.325504
13476.3268,7.96740000000136,1,2.325504
13485.3569,9.03009999999995,1,2.323456
13493.3297,7.97279999999955,1,2.320384
13501.3198,7.99009999999907,1,2.323456
13510.3734,9.0536000000011,1,2.322432
13518.388,8.01460000000043,1,2.32448
13526.376,7.98799999999937,1,2.32448
13534.3286,7.95260000000053,1,2.327552
13543.367,9.03839999999946,1,2.320384
13551.3578,7.99079999999958,1,2.326528
13559.3377,7.97990000000027,1,2.331648
13568.3147,8.97700000000077,1,2.3296
13576.3819,8.0671999999995,1,2.326528
13584.3582,7.97630000000026,1,2.330624
13593.3465,8.98829999999907,1,2.32448
13601.3215,7.97500000000036,1,2.33472
13610.3541,9.03260000000046,1,2.335744
13618.4298,8.07569999999942,1,2.333696
13626.3142,7.88440000000082,1,2.333696
13635.4844,9.17019999999866,1,2.3296
13643.3423,7.85790000000088,1,2.331648
13651.4439,8.10159999999996,1,2.3296
13659.4308,7.98689999999988,1,2.33472
13668.3235,8.89270000000033,1,2.331648
13676.3214,7.9979000000003,1,2.325504
13685.3838,9.06239999999889,1,2.3296
13693.3271,7.94330000000082,1,2.332672
13701.3316,8.0044999999991,1,2.3296
13710.3249,8.99330000000009,1,2.328576
13718.3734,8.04850000000079,1,3.074048
13726.3191,7.94570000000022,1,2.325504
13735.4796,9.16049999999996,1,2.330624
13743.3847,7.90509999999995,1,2.3296
13751.3973,8.01260000000002,1,2.338816
13759.329,7.93169999999918,1,2.331648
13768.3582,9.02920000000086,1,2.331648
13776.3044,7.94620000000032,1,2.325504
13785.3892,9.08479999999872,1,2.328576
13793.4103,8.02109999999993,1,2.330624
13801.363,7.95269999999982,1,2.322432
13809.4064,8.04340000000047,1,2.32448
13818.3677,8.96130000000085,1,2.328576
13826.3249,7.95719999999892,1,2.326528
13835.3538,9.02890000000116,1,2.333696
13843.3153,7.96149999999943,1,3.070976
13851.3412,8.02590000000055,1,2.330624
13859.3355,7.99429999999847,1,2.325504
13868.3502,9.01470000000154,1,2.330624
13876.3466,7.99639999999999,1,2.326528
13884.3563,8.0096999999987,1,2.331648
13893.3884,9.03210000000036,1,2.331648
13901.3166,7.92820000000029,1,2.326528
13910.3557,9.03909999999996,1,2.333696
13918.389,8.03329999999914,1,2.327552
13926.3299,7.94090000000142,1,2.332672
13935.3481,9.01819999999861,1,2.332672
13943.3497,8.00160000000142,1,2.330624
13951.3454,7.99569999999949,1,2.330624
13959.3639,8.01850000000013,1,2.330624
13968.4097,9.04579999999987,1,2.330624
13976.4667,8.0570000000007,1,2.325504
13984.414,7.94729999999981,1,2.332672
13993.329,8.91499999999905,1,2.333696
14001.3075,7.97850000000108,1,2.3296
14010.3189,9.01139999999941,1,2.330624
14018.3972,8.07829999999922,1,2.3296
14026.3241,7.92690000000039,1,2.33472
14035.3752,9.05110000000059,1,2.330624
14043.3271,7.95190000000002,1,2.33472
14051.4012,8.07409999999982,1,2.335744
14059.3155,7.91430000000037,1,2.330624
14068.3216,9.0060999999987,1,2.332672
14076.3267,8.00510000000031,1,2.33472
14085.4608,9.13410000000113,1,2.330624
14093.3231,7.86229999999887,1,2.328576
14101.346,8.02289999999994,1,2.333696
14109.3247,7.97869999999966,1,2.330624
14118.3798,9.0551000000014,1,2.328576
14126.3059,7.92609999999877,1,2.323456
14135.4269,9.121000000001,1,2.331648
14143.3986,7.97170000000006,1,2.3296
14151.366,7.96739999999954,1,2.336768
14159.4302,8.06420000000071,1,2.335744
14168.3219,8.89170000000013,1,2.335744
14176.3499,8.02799999999843,1,2.340864
14184.3716,8.02170000000115,1,2.335744
14193.3376,8.96600000000035,1,2.338816
14201.3353,7.9976999999999,1,2.330624
14209.3055,7.97019999999975,1,2.338816
14218.3482,9.04269999999997,1,2.33984
14226.3108,7.96259999999893,1,2.340864
14235.4806,9.16980000000149,1,2.337792
14243.4875,8.0068999999985,1,2.337792
14251.551,8.0635000000002,1,2.33984
14259.4065,7.85549999999967,1,2.335744
14268.3458,8.9393,1,2.33472
14276.4192,8.07340000000113,1,2.341888
14284.3474,7.92820000000029,1,2.336768
14293.3559,9.00849999999991,1,2.336768
14301.3663,8.01039999999921,1,2.335744
14309.353,7.98669999999947,1,2.338816
14318.3497,8.99670000000151,1,2.33984
14326.3575,8.00779999999941,1,2.33984
14334.4464,8.08890000000065,1,2.33472
14343.3849,8.93849999999838,1,2.33984
14351.4098,8.02490000000034,1,2.33472
14358.8991,7.48930000000109,1,2.338816
14367.8664,8.96730000000025,1,2.332672
14376.3368,8.47039999999834,1,2.33472
14384.4146,8.07780000000093,1,2.335744
14393.3766,8.96199999999953,1,2.338816
14401.4376,8.06099999999969,1,2.333696
14409.3477,7.91010000000097,1,2.338816
14418.4416,9.09389999999985,1,2.341888
14426.4205,7.97890000000007,1,2.340864
14434.3574,7.93690000000061,1,2.335744
14443.4331,9.07569999999942,1,2.33984
14451.3618,7.92870000000039,1,2.337792
14459.3503,7.98849999999948,1,2.335744
14468.4029,9.05259999999907,1,2.33984
14476.3244,7.92150000000038,1,2.338816
14485.3954,9.07099999999991,1,2.341888
14493.3816,7.98620000000119,1,2.331648
14501.3398,7.95819999999912,1,2.33472
14509.3825,8.04269999999997,1,2.341888
14518.4008,9.01829999999973,1,2.337792
14526.4816,8.08079999999973,1,2.33984
14534.3778,7.89620000000104,1,2.335744
14543.3632,8.98539999999957,1,2.337792
14551.3857,8.02250000000095,1,2.336768
14559.3677,7.98199999999997,1,2.332672
14568.3309,8.96320000000014,1,2.340864
14576.4087,8.07779999999912,1,2.341888
14584.3807,7.97199999999975,1,2.332672
14593.4524,9.07170000000042,1,2.337792
14601.6437,8.19130000000041,1,2.340864
14609.4029,7.7591999999986,1,2.336768
14618.3756,8.97270000000026,1,2.340864
14626.3299,7.95430000000124,1,2.33472
14635.4011,9.0711999999985,1,2.33984
14643.4067,8.00560000000041,1,2.335744
14651.4284,8.02170000000115,1,2.340864
14659.466,8.03759999999966,1,2.340864
14668.4175,8.95149999999921,1,2.340864
14676.396,7.97850000000108,1,2.33984
14684.4215,8.02549999999974,1,2.33984
14693.4096,8.98810000000049,1,2.341888
14701.3598,7.95019999999931,1,2.333696
14709.3551,7.9953000000005,1,2.337792
14718.4037,9.04860000000008,1,2.341888
14726.3329,7.92919999999867,1,2.33472
14734.3822,8.04930000000058,1,2.338816
14743.3354,8.95319999999992,1,2.336768
14751.4628,8.1273999999994,1,2.345984
14759.3673,7.90450000000055,1,2.345984
14768.4045,9.03720000000067,1,2.349056
14776.4292,8.02469999999994,1,2.340864
14784.3574,7.92820000000029,1,2.34496
14793.3603,9.0028999999995,1,2.35008
14801.3747,8.01440000000002,1,2.34496
14809.4346,8.0599000000002,1,2.342912
14818.4012,8.96659999999974,1,2.340864
14826.3508,7.94959999999992,1,2.343936
14834.4827,8.13190000000031,1,2.348032
14843.4128,8.93009999999958,1,2.34496
14851.3702,7.95739999999932,1,2.345984
14859.4545,8.08430000000044,1,2.345984
14868.3542,8.89969999999994,1,2.348032
14876.3525,7.99830000000111,1,2.345984
14884.4048,8.05229999999938,1,2.347008
14893.3752,8.97040000000015,1,2.348032
14901.3826,8.00740000000042,1,2.34496
14909.4355,8.05289999999877,1,2.345984
14918.4224,8.98689999999988,1,2.345984
14926.3881,7.96570000000065,1,2.347008
14934.3611,7.97299999999996,1,2.342912
14943.4076,9.04650000000038,1,2.348032
14951.3584,7.95079999999871,1,2.341888
14959.3839,8.02550000000156,1,2.351104
14968.4708,9.08689999999842,1,2.345984
14976.3635,7.89270000000033,1,2.348032
14984.4405,8.07700000000114,1,2.343936
14993.3552,8.91469999999936,1,2.347008
15001.3004,7.94520000000011,1,2.345984
15010.3698,9.06940000000031,1,2.343936
15018.3927,8.02289999999994,1,2.347008
15026.3848,7.99209999999948,1,2.348032
15034.3499,7.96509999999944,1,2.342912
15043.4087,9.0588000000007,1,2.345984
15051.4609,8.05220000000008,1,2.342912
15059.3598,7.89890000000014,1,2.349056
15068.4321,9.07229999999981,1,2.348032
15076.3564,7.92430000000058,1,2.347008
15084.4875,8.1310999999987,1,2.345984
15093.4341,8.94660000000113,1,2.347008
15101.4889,8.05479999999989,1,2.343936
15109.4402,7.95129999999881,1,2.343936
15118.4497,9.00950000000012,1,2.345984
15126.4207,7.97100000000137,1,2.348032
15134.367,7.94629999999961,1,2.351104
15143.4024,9.03540000000066,1,2.345984
15151.3657,7.96329999999944,1,2.345984
15159.3732,8.00749999999971,1,2.347008
15168.3355,8.96229999999923,1,2.345984
15176.3399,8.00440000000162,1,2.342912
15184.3701,8.03019999999924,1,2.348032
15193.4157,9.04559999999947,1,2.349056
15201.379,7.96330000000125,1,2.33984
15209.4154,8.03639999999905,1,2.345984
15218.4406,9.02520000000004,1,2.35008
15226.3824,7.94180000000051,1,2.340864
15234.4112,8.02880000000005,1,2.35008
15243.4969,9.08569999999963,1,2.342912
15251.5164,8.01950000000033,1,2.345984
15259.4533,7.93689999999879,1,2.348032
15268.4248,8.97150000000147,1,2.341888
15276.3456,7.92079999999987,1,2.341888
15284.4321,8.08649999999943,1,2.342912
15293.3409,8.90879999999925,1,2.34496
15301.3666,8.02570000000014,1,2.345984
15309.3345,7.96790000000146,1,2.348032
15318.3856,9.05109999999877,1,2.347008
15326.3302,7.94460000000072,1,2.347008
15335.3607,9.03049999999894,1,2.348032
15343.3345,7.97380000000157,1,2.34496
15351.4349,8.10039999999935,1,2.357248
15358.8744,7.43950000000041,1,2.354176
15367.9048,9.03039999999964,1,2.359296
15376.3655,8.46069999999963,1,2.35008
15384.4485,8.08300000000054,1,2.357248
15393.3871,8.9385999999995,1,2.354176
15401.3786,7.99150000000009,1,2.362368
15409.3495,7.97090000000026,1,2.3552
15418.4272,9.07769999999982,1,2.353152
15426.5169,8.08970000000045,1,2.348032
15434.3951,7.8781999999992,1,2.354176
15443.3971,9.00200000000041,1,2.352128
15451.3995,8.0023999999994,1,2.3552
15459.3468,7.94729999999981,1,2.35008
15468.3912,9.04440000000068,1,2.35008
15476.362,7.97079999999914,1,2.354176
15484.3854,8.02340000000004,1,2.357248
15493.4086,9.02320000000145,1,2.354176
15501.3642,7.95559999999932,1,2.351104
15509.3697,8.0054999999993,1,2.353152
15518.4154,9.04570000000058,1,2.354176
15526.4143,7.9989000000005,1,2.3552
15534.3756,7.96129999999903,1,2.35008
15543.3965,9.02090000000135,1,2.3552
15551.3986,8.0020999999997,1,2.35008
15559.3695,7.97090000000026,1,2.348032
15568.3595,8.98999999999978,1,2.356224
15576.3852,8.02570000000014,1,2.356224
15584.4105,8.02529999999933,1,2.354176
15593.4176,9.00710000000072,1,2.352128
15601.4467,8.02909999999974,1,2.354176
15609.3639,7.91719999999987,1,2.352128
15618.4172,9.05329999999958,1,2.354176
15626.36,7.94280000000072,1,2.356224
15634.3851,8.02509999999893,1,2.358272
15643.3757,8.990600000001,1,2.351104
15651.4757,8.10000000000036,1,2.353152
15659.3832,7.90749999999935,1,2.351104
15668.4426,9.0594000000001,1,2.352128
15676.5083,8.0656999999992,1,2.354176
15684.4665,7.95820000000094,1,2.353152
15693.3809,8.91439999999966,1,2.345984
15701.4497,8.0687999999991,1,2.35008
15709.3901,7.94040000000132,1,2.349056
15718.4682,9.07809999999881,1,2.353152
15726.3888,7.92060000000129,1,2.351104
15734.4106,8.02179999999862,1,2.354176
15743.4203,9.00970000000052,1,2.354176
15751.3975,7.97719999999936,1,2.354176
15759.4333,8.03580000000147,1,2.354176
15768.4293,8.99599999999919,1,2.849792
15776.3807,7.95139999999992,1,2.351104
15784.4085,8.02779999999984,1,2.354176
15793.348,8.93950000000041,1,2.3552
15801.3737,8.02570000000014,1,2.35008
15809.3762,8.00250000000051,1,2.354176
15818.424,9.04780000000028,1,2.354176
15826.3856,7.96159999999873,1,2.356224
15834.3838,7.9982,1,2.354176
15843.3581,8.97429999999986,1,2.351104
15851.3902,8.03210000000036,1,2.353152
15859.4271,8.03690000000097,1,2.351104
15868.3741,8.94700000000012,1,2.354176
15876.3918,8.01769999999851,1,2.351104
15884.3948,8.00300000000061,1,2.3552
15893.3918,8.99699999999939,1,2.351104
15901.3576,7.96579999999994,1,2.351104
15909.3861,8.02850000000035,1,2.354176
15918.3946,9.00849999999991,1,2.354176
15926.4504,8.05580000000009,1,2.348032
15934.3756,7.92519999999968,1,2.348032
15943.3861,9.01050000000032,1,2.354176
15951.4878,8.10170000000107,1,2.359296
15959.3882,7.90039999999863,1,2.362368
15968.3266,8.93840000000091,1,2.363392
15976.3562,8.02959999999985,1,2.363392
15984.4335,8.07729999999901,1,2.364416
15993.3794,8.94590000000062,1,2.364416
16001.3933,8.01389999999992,1,2.363392
16009.3751,7.98179999999957,1,2.361344
16018.4545,9.07940000000053,1,2.362368
16026.3577,7.90320000000065,1,2.364416
16034.4578,8.10009999999966,1,2.364416
16043.3779,8.92009999999937,1,2.358272
16051.4462,8.06830000000082,1,2.362368
16059.3635,7.91729999999916,1,2.359296
16068.3729,9.00940000000082,1,2.356224
16076.3556,7.98270000000048,1,2.364416
16084.4383,8.08269999999902,1,2.363392
16093.4186,8.98030000000108,1,2.36032
16101.3843,7.96569999999883,1,2.837504
16109.44,8.0557000000008,1,2.36544
16118.4128,8.97279999999955,1,2.36032
16126.3415,7.92870000000039,1,2.362368
16134.3648,8.02329999999893,1,2.36544
16143.4151,9.05030000000079,1,2.361344
16151.4452,8.03009999999995,1,2.36032
16159.3974,7.95219999999972,1,2.356224
16168.3857,8.98830000000089,1,2.364416
16176.3825,7.99679999999898,1,2.362368
16184.4052,8.02269999999953,1,2.363392
16193.3768,8.97160000000076,1,2.361344
16201.3556,7.97880000000077,1,2.361344
16209.4567,8.10109999999986,1,2.362368
16218.4108,8.95409999999902,1,2.354176
16226.3691,7.95830000000024,1,2.363392
16234.3639,7.9948000000004,1,2.361344
16243.396,9.03210000000036,1,2.361344
16251.4738,8.07779999999912,1,2.36032
16259.396,7.92220000000088,1,2.36032
16268.5446,9.14859999999862,1,2.357248
16276.3989,7.85430000000088,1,2.364416
16284.4407,8.04179999999906,1,2.36032
16293.3644,8.92370000000119,1,2.362368
16301.4095,8.04509999999937,1,2.361344
16309.3545,7.94499999999971,1,2.361344
16318.3641,9.00960000000123,1,2.361344
16326.3615,7.9974000000002,1,2.361344
16334.3414,7.97989999999845,1,2.362368
16343.3713,9.02990000000136,1,2.359296
16351.4412,8.0698999999986,1,2.366464
16358.8717,7.43050000000039,1,2.361344
16367.9378,9.06610000000001,1,2.357248
16376.3942,8.45640000000094,1,2.362368
16384.4551,8.06089999999858,1,2.363392
16393.4046,8.94950000000244,1,2.364416
16401.4081,8.00349999999889,1,2.36032
16409.3696,7.96150000000125,1,2.36544
16418.4465,9.07689999999639,1,2.358272
16426.3777,7.93120000000272,1,2.362368
16434.4546,8.07690000000002,1,2.361344
16443.4625,9.00790000000052,1,2.36032
16451.4219,7.95939999999973,1,2.356224
16459.4618,8.03989999999976,1,2.361344
16468.4087,8.946899999999,1,2.361344
16476.9202,8.51150000000052,1,2.361344
16484.4236,7.50339999999778,1,2.362368
16493.4568,9.03320000000167,1,2.36032
16500.906,7.44919999999911,1,2.358272
16509.9044,8.9984000000004,1,2.363392
16517.9565,8.05210000000079,1,2.363392
16527.0204,9.06390000000101,1,2.362368
16534.9287,7.90829999999914,1,2.36032
16542.9895,8.06079999999929,1,2.361344
16551.9709,8.98140000000058,1,2.367488
16559.9524,7.98149999999805,1,2.368512
16567.9118,7.95940000000337,1,2.371584
16576.9252,9.01339999999982,1,2.369536
16584.9558,8.03059999999823,1,2.374656
16592.9163,7.96050000000105,1,2.368512
16601.9831,9.06680000000051,1,2.369536
16609.9371,7.9539999999979,1,2.364416
16617.9868,8.04969999999958,1,2.364416
16626.9426,8.95579999999973,1,2.36544
16634.9154,7.97280000000319,1,2.36544
16642.9266,8.01119999999719,1,2.368512
16651.988,9.06140000000232,1,2.37056
16660.0323,8.04429999999775,1,2.366464
16667.9556,7.9233000000022,1,2.369536
16676.9271,8.97149999999965,1,2.368512
16685.0206,8.09349999999904,1,2.374656
16692.9319,7.91129999999976,1,2.37056
16701.9814,9.04950000000099,1,2.368512
16709.9362,7.95479999999952,1,2.36544
16717.9825,8.04629999999815,1,2.37056
16726.93,8.94750000000204,1,2.364416
16734.9152,7.98519999999917,1,2.371584
16742.9086,7.99339999999938,1,2.368512
16751.9744,9.06580000000031,1,2.37056
16759.9025,7.928100000001,1,2.37056
16767.9916,8.08910000000105,1,2.369536
16776.9752,8.98359999999957,1,2.366464
16784.9598,7.98459999999977,1,2.36544
16792.9756,8.01580000000104,1,2.369536
16801.9149,8.93929999999818,1,2.371584
16809.8877,7.97279999999955,1,2.369536
16817.9488,8.06109999999899,1,2.369536
16826.9184,8.96960000000036,1,2.367488
16834.9363,8.01790000000256,1,2.37056
16842.9229,7.98660000000018,1,2.372608
16851.9719,9.04899999999907,1,2.368512
16859.911,7.9390999999996,1,2.367488
16867.9044,7.99339999999938,1,2.371584
16876.9713,9.06690000000162,1,2.369536
16884.934,7.96270000000004,1,2.371584
16892.9073,7.97329999999783,1,2.369536
16901.918,9.01070000000254,1,2.37056
16909.9511,8.03309999999692,1,2.372608
16917.9486,7.99750000000131,1,2.371584
16927.0406,9.09200000000055,1,2.369536
16934.9139,7.87329999999929,1,2.366464
16942.9531,8.03919999999925,1,2.362368
16951.9399,8.9868000000024,1,2.372608
16959.937,7.9971000000005,1,2.377728
16967.9244,7.98739999999816,1,2.368512
16976.9345,9.01009999999951,1,2.37056
16985.0102,8.07570000000123,1,2.369536
16992.9394,7.92919999999867,1,2.37056
17001.9578,9.01840000000084,1,2.369536
17009.924,7.96619999999893,1,2.37056
17017.9867,8.06270000000222,1,2.37056
17026.8972,8.91049999999814,1,2.37056
17034.9208,8.02360000000044,1,2.36544
17042.9606,8.03979999999865,1,2.371584
17052.0226,9.06200000000172,1,2.372608
17059.9278,7.90520000000106,1,2.371584
17067.9552,8.02739999999903,1,2.371584
17076.9603,9.00509999999849,1,2.366464
17085.0289,8.06860000000233,1,2.372608
17092.9561,7.92719999999827,1,2.376704
17101.9951,9.03900000000067,1,2.37056
17109.9265,7.9314000000013,1,2.37056
17117.9678,8.04129999999714,1,2.374656
17126.908,8.94020000000091,1,2.37568
17135.018,8.11000000000058,1,2.37056
17142.9812,7.96319999999832,1,2.366464
17152.1013,9.12010000000009,1,2.369536
17159.9127,7.81140000000232,1,2.371584
17168.0149,8.10219999999754,1,2.36544
17175.9084,7.89350000000195,1,2.37056
17184.984,9.07560000000012,1,2.369536
17192.9923,8.00830000000133,1,2.363392
17201.9113,8.91899999999805,1,2.374656
17210.0486,8.1372999999985,1,2.37056
17217.9439,7.89530000000013,1,2.36544
17226.9497,9.00580000000264,1,2.367488
17234.9259,7.97619999999733,1,2.373632
17242.9185,7.9926000000014,1,2.368512
17251.9043,8.98579999999856,1,2.37056
17259.9681,8.0637999999999,1,2.372608
17267.94,7.97190000000046,1,2.372608
17276.9304,8.99040000000241,1,2.369536
17284.9453,8.01489999999831,1,2.369536
17292.9177,7.97240000000238,1,2.37056
17301.9272,9.00949999999648,1,2.372608
17309.938,8.01080000000002,1,2.37056
17317.9357,7.99770000000353,1,2.373632
17326.9448,9.00909999999931,1,2.371584
17334.9337,7.98890000000029,1,2.369536
17342.918,7.98430000000008,1,2.369536
17351.9664,9.04839999999967,1,2.379776
17359.445,7.47859999999855,1,2.386944
17368.5059,9.0609000000004,1,2.381824
17376.414,7.90810000000056,1,2.381824
17384.0878,7.67380000000048,1,2.379776
17393.0097,8.92189999999755,1,2.378752
17400.9253,7.91560000000027,1,2.371584
17409.9617,9.03640000000087,1,2.3808
17417.9952,8.03350000000137,1,2.3808
17426.9254,8.93019999999888,1,2.379776
17434.9751,8.04969999999958,1,2.379776
17442.9362,7.96110000000044,1,2.382848
17452.049,9.11279999999897,1,2.378752
17459.9585,7.90950000000157,1,2.3808
17467.9634,8.00489999999991,1,2.377728
17476.9243,8.96089999999822,1,2.376704
17485.029,8.10469999999987,1,2.381824
17492.9504,7.9214000000029,1,2.378752
17501.9634,9.01299999999901,1,2.3808
17509.9252,7.96180000000095,1,2.37568
17518.0337,8.10849999999846,1,2.378752
17525.9423,7.90859999999884,1,2.371584
17534.9309,8.98860000000059,1,2.379776
17542.9155,7.98459999999977,1,2.379776
17552.06,9.14450000000215,1,2.373632
17559.9734,7.91339999999764,1,2.3808
17567.9406,7.96720000000278,1,2.379776
17576.908,8.96739999999772,1,2.376704
17584.9909,8.08290000000125,1,2.377728
17592.9485,7.95759999999791,1,2.373632
17601.9491,9.00060000000303,1,2.376704
17609.9577,8.00859999999739,1,2.377728
17617.9605,8.00280000000203,1,2.381824
17626.9518,8.99129999999786,1,2.3808
17634.9252,7.97340000000258,1,2.377728
17642.9506,8.02539999999863,1,2.377728
17651.9631,9.01250000000073,1,2.3808
17659.9937,8.03059999999823,1,2.382848
17668.0863,8.09259999999995,1,2.3808
17675.9869,7.90060000000085,1,2.379776
17684.9752,8.98830000000089,1,2.3808
17692.9945,8.01929999999993,1,2.377728
17701.9568,8.96229999999923,1,2.381824
17709.9679,8.01109999999971,1,2.381824
17717.9625,7.99460000000181,1,2.378752
17727.029,9.06649999999718,1,2.377728
17735.0016,7.97260000000097,1,2.377728
17742.9434,7.94180000000051,1,2.372608
17751.9703,9.02690000000075,1,2.377728
17759.9328,7.96249999999782,1,2.378752
17767.9325,7.9997000000003,1,2.374656
17776.9796,9.04709999999977,1,2.378752
17784.9685,7.98890000000029,1,2.378752
17792.932,7.96350000000166,1,2.3808
17802.0165,9.08450000000084,1,2.377728
17809.9569,7.9403999999995,1,2.3808
17818.0467,8.08979999999792,1,2.377728
17825.9648,7.9181000000026,1,2.3808
17834.9939,9.02909999999974,1,2.379776
17842.9362,7.9422999999988,1,2.376704
17852.0101,9.07389999999941,1,2.379776
17859.9256,7.91549999999916,1,2.3808
17867.9312,8.00560000000041,1,2.379776
17876.9639,9.03269999999975,1,2.379776
17885.0175,8.05360000000292,1,2.379776
17893.0518,8.03429999999935,1,2.37568
17900.9604,7.90859999999884,1,2.3808
17909.8938,8.93340000000171,1,2.378752
17917.9655,8.07169999999678,1,2.378752
17926.9482,8.98270000000048,1,2.3808
17934.9538,8.00560000000041,1,2.3808
17942.9426,7.98879999999917,1,2.379776
17951.9786,9.03600000000006,1,2.378752
17959.9602,7.9816000000028,1,2.382848
17967.9481,7.98790000000008,1,2.373632
17976.9724,9.02429999999731,1,2.378752
17984.9654,7.99300000000221,1,2.383872
17993.0208,8.05539999999746,1,2.378752
18000.9612,7.94040000000314,1,2.377728
18009.9673,9.0060999999987,1,2.381824
18017.9944,8.02709999999934,1,2.37568
18026.9357,8.94130000000223,1,2.3808
18034.9351,7.99939999999697,1,2.376704
18043.0211,8.08600000000297,1,2.37568
18050.9726,7.95149999999921,1,2.377728
18060.035,9.06239999999889,1,2.377728
18067.9407,7.90569999999934,1,2.378752
18076.9427,9.00200000000041,1,2.377728
18085.0463,8.10360000000219,1,2.3808
18092.9298,7.88349999999991,1,2.376704
18102.1452,9.21539999999732,1,2.374656
18109.9457,7.80050000000119,1,2.378752
18118.0165,8.07080000000133,1,2.378752
18125.9782,7.96169999999984,1,2.379776
18134.9018,8.92359999999826,1,2.381824
18142.9638,8.06200000000172,1,2.383872
18152.0036,9.03979999999865,1,2.39104
18159.9254,7.92180000000008,1,2.386944
18168.0003,8.07489999999962,1,2.38592
18175.9474,7.94710000000123,1,2.390016
18184.9996,9.05219999999827,1,2.39104
18192.9339,7.9343000000008,1,2.388992
18202.0005,9.06659999999829,1,2.38592
18209.96,7.95950000000084,1,2.386944
18218.047,8.08699999999953,1,2.390016
18226.0764,8.02940000000308,1,2.39104
18235.0754,8.9989999999998,1,2.394112
18242.964,7.88859999999841,1,2.381824
18252.0773,9.11330000000089,1,2.387968
18259.9432,7.86590000000069,1,2.390016
18267.9705,8.02729999999792,1,2.388992
18277.1173,9.14680000000226,1,2.392064
18285.018,7.90069999999832,1,2.387968
18293.0468,8.02880000000005,1,2.38592
18300.9619,7.91509999999835,1,2.387968
18309.94,8.97810000000027,1,2.388992
18318.0185,8.07849999999962,1,2.387968
18325.9337,7.9152000000031,1,2.387968
18334.9886,9.05489999999918,1,2.384896
18342.9346,7.94599999999991,1,2.383872
18352.0197,9.08510000000024,1,2.387968
18359.5049,7.48519999999917,1,2.383872
18367.9611,8.45620000000054,1,2.39104
18377.0435,9.08239999999932,1,2.388992
18385.0167,7.97320000000036,1,2.390016
18393.0105,7.99380000000019,1,2.393088
18401.0081,7.99759999999878,1,2.388992
18409.9912,8.98310000000129,1,2.390016
18418.0059,8.01469999999972,1,2.390016
18425.9604,7.95449999999983,1,2.388992
18434.95,8.98960000000079,1,2.387968
18443.0576,8.10759999999937,1,2.386944
18450.9808,7.92320000000109,1,2.3808
18460.0685,9.08770000000004,1,2.39104
18468.0722,8.00369999999748,1,2.38592
18475.9742,7.90200000000186,1,2.382848
18484.9674,8.9932000000008,1,2.387968
18492.9483,7.98089999999866,1,2.386944
18502.1408,9.19250000000102,1,2.386944
18510.0096,7.86880000000019,1,2.39104
18518.0576,8.04799999999886,1,2.386944
18525.9977,7.9400999999998,1,2.38592
18534.9809,8.98319999999876,1,2.38592
18542.9935,8.01260000000184,1,2.386944
18552.0918,9.09829999999783,1,2.38592
18559.9835,7.89170000000013,1,2.38592
18568.034,8.05050000000119,1,2.39104
18575.9691,7.93509999999878,1,2.387968
18585.1134,9.14429999999993,1,2.390016
18592.9848,7.87139999999999,1,2.388992
18602.0808,9.09600000000137,1,2.390016
18609.9655,7.8846999999987,1,2.382848
18618.0102,8.04470000000219,1,2.390016
18625.9911,7.98089999999866,1,2.388992
18635.0027,9.01160000000164,1,2.3808
18642.9826,7.97989999999845,1,2.387968
18652.0683,9.08569999999963,1,2.387968
18660.0391,7.97080000000278,1,2.387968
18668.0775,8.03839999999764,1,2.387968
18676.0586,7.98110000000088,1,2.382848
18685.0063,8.94770000000062,1,2.387968
18693.0141,8.00779999999941,1,2.387968
18700.9737,7.95959999999832,1,2.388992
18710.0301,9.0564000000013,1,2.38592
18717.9701,7.93999999999869,1,2.387968
18727.1156,9.14550000000236,1,2.387968
18734.9903,7.8747000000003,1,2.390016
18742.9971,8.0067999999992,1,2.390016
18751.9934,8.99629999999888,1,2.39104
18759.9784,7.98500000000058,1,2.386944
18767.9738,7.99539999999979,1,2.387968
18777.0507,9.07690000000002,1,2.38592
18784.9954,7.94470000000001,1,2.38592
18793.0473,8.05189999999857,1,2.384896
18800.9792,7.93190000000322,1,2.387968
18810.0059,9.02669999999853,1,2.393088
18818.1367,8.130799999999,1,2.390016
18825.961,7.82430000000022,1,2.384896
18835.0711,9.11010000000169,1,2.38592
18842.9617,7.89059999999881,1,2.382848
18852.0472,9.08550000000105,1,2.387968
18859.9489,7.90169999999853,1,2.386944
18867.951,8.00210000000152,1,2.390016
18877.012,9.06099999999788,1,2.388992
18885.045,8.03299999999945,1,2.384896
18893.0271,7.98210000000108,1,2.387968
18900.9837,7.95660000000134,1,2.38592
18909.9601,8.97639999999956,1,2.386944
18918.0488,8.08870000000024,1,2.388992
18925.9694,7.92060000000129,1,2.39104
18934.9955,9.02609999999913,1,2.381824
18942.9962,8.00070000000051,1,2.387968
18952.097,9.10080000000016,1,2.392064
18960.0808,7.98379999999815,1,2.390016
18967.9885,7.90769999999975,1,2.390016
18976.9612,8.97270000000208,1,2.386944
18984.9968,8.03559999999925,1,2.387968
18992.9776,7.98079999999754,1,2.38592
19002.034,9.0564000000013,1,2.386944
19009.9983,7.96429999999964,1,2.387968
19018.0459,8.04760000000169,1,2.392064
19025.9747,7.92879999999786,1,2.388992
19034.9481,8.97340000000258,1,2.386944
19043.0136,8.06549999999697,1,2.395136
19051.0258,8.01220000000103,1,2.390016
19060.0917,9.06590000000142,1,2.386944
19068.007,7.91530000000057,1,2.38592
19076.0202,8.0131999999976,1,2.388992
19085.0636,9.04340000000229,1,2.387968
19093.0165,7.95290000000023,1,2.38592
19101.0177,8.00119999999879,1,2.39104
19109.9997,8.98199999999997,1,2.39616
19118.2014,8.20170000000144,1,2.387968
19125.9597,7.75829999999769,1,2.388992
19134.9582,8.99850000000151,1,2.38592
19142.975,8.0167999999976,1,2.383872
19152.0967,9.12169999999969,1,2.395136
19160.0117,7.91500000000087,1,2.39616
19168.1491,8.13739999999962,1,2.393088
19176.0441,7.89500000000044,1,2.400256
19185.0425,8.9984000000004,1,2.400256
19192.9655,7.92299999999886,1,2.39104
19202.0868,9.12130000000252,1,2.392064
19210.0412,7.95439999999871,1,2.400256
19218.078,8.03680000000168,1,2.397184
19226.0329,7.954899999997,1,2.399232
19235.0885,9.05560000000332,1,2.395136
19242.9722,7.8836999999985,1,2.400256
19252.0883,9.11609999999928,1,2.39616
19260.0313,7.9429999999993,1,2.392064
19268.0081,7.97680000000037,1,2.393088
19276.1243,8.11620000000039,1,2.40128
19285.0363,8.91200000000026,1,2.398208
19293.0057,7.96940000000177,1,2.397184
19300.9644,7.95869999999923,1,2.39616
19309.9325,8.96809999999823,1,2.390016
19317.9914,8.05889999999999,1,2.400256
19327.1045,9.11310000000231,1,2.397184
19335.0181,7.91359999999986,1,2.397184
19342.9819,7.96379999999772,1,2.395136
19351.9876,9.00570000000153,1,2.398208
19359.5032,7.51559999999881,1,2.398208
19368.4692,8.96600000000035,1,2.400256
19376.4601,7.99090000000069,1,2.400256
19384.0192,7.55909999999858,1,2.398208
19393.1134,9.09419999999955,1,2.398208
19401.1058,7.99240000000282,1,2.398208
19409.9751,8.86929999999847,1,2.394112
19418.0454,8.07029999999941,1,2.395136
19425.973,7.92760000000271,1,2.403328
19434.9784,9.00539999999819,1,2.388992
19442.9657,7.98730000000069,1,2.397184
19452.0837,9.11799999999857,1,2.402304
19459.9987,7.91500000000087,1,2.397184
19468.0055,8.0067999999992,1,2.399232
19475.9715,7.96600000000035,1,2.395136
19485.0311,9.0596000000005,1,2.398208
19492.9709,7.9398000000001,1,2.399232
19501.9978,9.02690000000075,1,2.40128
19510.0117,8.0138999999981,1,2.397184
19518.1365,8.12480000000141,1,2.395136
19526.0035,7.86699999999837,1,2.398208
19535.0024,8.99890000000232,1,2.398208
19543.071,8.0685999999987,1,2.399232
19551.0364,7.96540000000095,1,2.395136
19560.3002,9.26380000000063,1,2.399232
19567.9806,7.68039999999746,1,2.399232
19577.0202,9.03960000000006,1,2.39616
19585.0346,8.01440000000002,1,2.39616
19592.9706,7.93600000000151,1,2.397184
19601.9703,8.9997000000003,1,2.398208
19610.079,8.10870000000068,1,2.398208
19618.0268,7.9477999999981,1,2.395136
19626.0519,8.02509999999893,1,2.397184
19634.995,8.94310000000041,1,2.39616
19643.0424,8.04739999999947,1,2.39616
19651.0121,7.96970000000147,1,2.398208
19660.1318,9.11969999999928,1,2.398208
19668.1067,7.97490000000107,1,2.395136
19676.0241,7.91739999999845,1,2.39616
19685.0536,9.02950000000055,1,2.397184
19692.9802,7.92660000000251,1,2.395136
19702.0516,9.07139999999708,1,2.399232
19710.0087,7.95709999999963,1,2.398208
19718.0347,8.02600000000166,1,2.397184
19725.9669,7.93219999999928,1,2.397184
19735.0404,9.07350000000224,1,2.397184
19742.9693,7.92889999999898,1,2.400256
19752.0586,9.08929999999964,1,2.397184
19759.988,7.9294000000009,1,2.393088
19768.0211,8.03310000000056,1,