loaded count=2973002 degree=3 decode_ms=1979.525 first_frame_ms=2142.3962
pose -0.0546875 0.1002197265625 4.96898646210385 -0.0546875 0.1002197265625 -0.026123046875
interaction duration_ms=20001.8678 accepted_presents=2401 render_calls=2401 fps=120.038789577441
time_ms,interval_ms,accepted,gpu_diagnostic_ms
0.2614,0.2614,1,4.799488
9.847,9.5856,1,4.36736
17.9102,8.0632,1,4.779008
26.8518,8.9416,1,4.78208
34.8456,7.9938,1,4.794368
42.8418,7.9962,1,4.781056
51.9635,9.1217,1,4.773888
59.9073,7.9438,1,4.80768
67.8926,7.9853,1,4.785152
76.8437,8.9511,1,4.780032
84.9594,8.1157,1,4.79232
92.8787,7.91929999999999,1,4.790272
101.9269,9.04820000000001,1,4.78208
109.9783,8.0514,1,4.785152
117.966,7.98769999999999,1,4.774912
126.8959,8.9299,1,4.789248
134.8671,7.9712,1,4.79232
142.8284,7.96129999999999,1,4.791296
151.8896,9.06120000000001,1,5.03808
159.8514,7.96180000000001,1,4.790272
167.8526,8.00119999999998,1,4.783104
176.8555,9.00290000000001,1,4.783104
184.899,8.04349999999999,1,4.793344
192.8936,7.99459999999999,1,4.791296
201.8738,8.9802,1,4.772864
209.8641,7.99030000000002,1,4.799488
217.877,8.0129,1,4.784128
226.9163,9.0393,1,4.790272
234.8628,7.94649999999999,1,4.7872
242.8596,7.99680000000001,1,4.784128
251.8987,9.03909999999999,1,4.780032
259.8709,7.97220000000002,1,4.819968
267.8379,7.96699999999998,1,4.789248
276.4694,8.63150000000002,1,4.772864
284.2817,7.81229999999999,1,4.788224
293.2483,8.96659999999997,1,4.788224
301.4192,8.17090000000002,1,4.791296
309.4523,8.03309999999999,1,4.779008
317.887,8.43470000000002,1,4.770816
326.3942,8.50720000000001,1,4.789248
334.4009,8.00669999999997,1,4.784128
343.3534,8.95250000000004,1,4.79232
351.423,8.06959999999998,1,4.784128
359.3309,7.90789999999998,1,4.796416
368.359,9.02809999999999,1,4.773888
376.3166,7.95760000000001,1,4.773888
385.4068,9.09019999999998,1,4.759552
393.3726,7.9658,1,4.804608
400.8918,7.51920000000001,1,4.801536
409.9156,9.02379999999999,1,4.768768
417.9544,8.03880000000004,1,4.775936
426.9924,9.03799999999995,1,4.801536
434.9095,7.9171,1,4.791296
443.0102,8.10070000000002,1,4.788224
450.9806,7.97039999999998,1,4.773888
459.9415,8.96090000000004,1,4.791296
467.9038,7.96229999999997,1,4.788224
476.8448,8.94100000000003,1,4.773888
484.9155,8.07069999999999,1,4.790272
492.8743,7.9588,1,4.796416
501.9401,9.06579999999997,1,4.781056
509.9572,8.01710000000003,1,4.79232
517.9548,7.99759999999998,1,4.789248
526.9336,8.97879999999998,1,4.795392
534.888,7.95440000000008,1,4.785152
542.8911,8.00310000000002,1,4.788224
551.9122,9.02109999999993,1,4.773888
559.9823,8.07010000000002,1,4.80256
567.8961,7.91380000000004,1,4.793344
576.9435,9.04739999999993,1,4.799488
584.9124,7.96890000000008,1,4.789248
592.9273,8.0148999999999,1,4.79232
602.0809,9.1536000000001,1,4.777984
609.898,7.81709999999998,1,4.804608
617.9404,8.04239999999993,1,4.783104
626.9183,8.97790000000009,1,4.78208
635.0284,8.11009999999999,1,4.791296
642.9068,7.87839999999994,1,4.7872
651.9851,9.07830000000001,1,4.774912
659.8963,7.91120000000001,1,4.80256
667.899,8.0027,1,4.784128
676.893,8.99400000000003,1,4.783104
685.0629,8.16989999999998,1,4.795392
693.0814,8.01850000000002,1,4.794368
701.0969,8.01549999999997,1,4.775936
710.1611,9.06420000000003,1,4.777984
718.0249,7.86379999999997,1,4.783104
725.9791,7.95420000000001,1,4.79744
734.9426,8.96349999999995,1,4.7872
742.8714,7.92880000000002,1,4.793344
751.9442,9.07280000000003,1,4.775936
759.9479,8.00369999999998,1,4.804608
767.8887,7.94079999999997,1,4.780032
776.9191,9.03039999999999,1,4.781056
784.9735,8.05439999999999,1,4.796416
792.955,7.9815000000001,1,4.79744
801.9232,8.96819999999991,1,4.768768
809.9169,7.9937000000001,1,4.791296
817.9185,8.00159999999994,1,4.932608
827.0303,9.11180000000002,1,4.773888
834.9233,7.89300000000003,1,4.800512
842.9562,8.03289999999993,1,4.78208
851.9272,8.971,1,4.781056
859.9231,7.99590000000001,1,4.810752
867.8879,7.96479999999997,1,4.7872
876.9358,9.04790000000003,1,4.784128
884.9216,7.98580000000004,1,4.794368
892.9191,7.99749999999995,1,4.804608
902.0412,9.12210000000005,1,4.78208
909.9175,7.87630000000001,1,4.799488
917.9655,8.048,1,4.790272
926.8971,8.9316,1,4.779008
934.9283,8.03120000000001,1,4.794368
942.8865,7.95819999999992,1,4.784128
951.9852,9.09870000000001,1,4.779008
959.9166,7.93140000000005,1,4.811776
967.9158,7.99919999999997,1,4.789248
976.8887,8.97289999999998,1,4.788224
984.9559,8.06720000000007,1,5.056512
992.893,7.93709999999999,1,4.781056
1001.9735,9.08049999999992,1,4.780032
1009.8934,7.9199000000001,1,4.809728
1017.965,8.07159999999999,1,4.780032
1026.9484,8.98339999999996,1,4.785152
1034.8952,7.94679999999994,1,4.794368
1042.8762,7.98099999999999,1,4.786176
1051.9525,9.07630000000017,1,4.758528
1060.0192,8.06669999999986,1,4.801536
1067.922,7.90280000000007,1,4.78208
1076.9324,9.01039999999989,1,4.796416
1084.9364,8.00400000000013,1,4.942848
1092.892,7.9556,1,4.786176
1101.9186,9.02659999999992,1,4.777984
1109.9056,7.98700000000008,1,4.796416
1117.9171,8.01149999999984,1,4.780032
1126.966,9.0489,1,4.791296
1134.904,7.9380000000001,1,4.814848
1142.9663,8.06230000000005,1,4.784128
1151.9427,8.97640000000001,1,4.770816
1159.9425,7.99980000000005,1,4.808704
1167.9167,7.97419999999988,1,4.7872
1176.9489,9.0322000000001,1,4.781056
1184.9329,7.98399999999992,1,4.786176
1192.9172,7.98430000000008,1,4.798464
1201.8827,8.96550000000002,1,4.78208
1209.9077,8.02499999999986,1,4.796416
1217.9273,8.01960000000008,1,4.784128
1226.8988,8.97149999999988,1,4.793344
1234.8781,7.97929999999997,1,4.791296
1242.9674,8.08930000000009,1,4.78208
1252.0344,9.06700000000001,1,4.772864
1259.9027,7.86830000000009,1,4.8128
1267.9464,8.04369999999994,1,4.784128
1276.8946,8.94820000000004,1,4.774912
1284.9788,8.08420000000001,1,4.789248
1292.9211,7.94229999999993,1,4.79744
1301.956,9.03489999999988,1,4.78208
1309.9139,7.95790000000011,1,4.794368
1317.9496,8.03569999999991,1,4.928512
1327.0239,9.07429999999999,1,4.780032
1335.0503,8.02640000000019,1,4.799488
1342.9581,7.90779999999995,1,4.790272
1351.9771,9.01900000000001,1,4.780032
1359.9032,7.92609999999991,1,4.804608
1367.912,8.00880000000006,1,4.785152
1376.9473,9.03530000000001,1,4.772864
1384.9599,8.01260000000002,1,4.781056
1392.9429,7.98299999999995,1,4.781056
1401.5395,8.59660000000008,1,4.793344
1408.9218,7.38229999999999,1,4.790272
1418.0299,9.10809999999992,1,4.780032
1425.9915,7.96160000000009,1,4.799488
1434.9794,8.98789999999985,1,4.784128
1442.9465,7.96710000000007,1,4.794368
1451.9506,9.00409999999988,1,4.774912
1460.0438,8.09320000000002,1,4.809728
1467.9447,7.90090000000009,1,4.798464
1476.9986,9.05389999999989,1,4.774912
1484.9467,7.94810000000007,1,4.798464
1493.0079,8.0612000000001,1,4.790272
1500.9522,7.94429999999988,1,4.785152
1509.9692,9.01700000000005,1,4.784128
1517.9718,8.00260000000003,1,4.775936
1526.9767,9.00489999999991,1,4.791296
1534.954,7.97730000000001,1,4.7872
1542.9334,7.97939999999994,1,4.799488
1552.0759,9.14250000000015,1,4.770816
1559.9902,7.91429999999991,1,4.801536
1568.0062,8.01600000000008,1,4.799488
1576.0015,7.99530000000004,1,4.779008
1584.9944,8.99289999999996,1,4.798464
1592.9253,7.93090000000007,1,4.796416
1601.991,9.06569999999988,1,4.779008
1609.9326,7.94160000000011,1,4.79744
1618.0221,8.08949999999982,1,4.788224
1625.9974,7.97530000000006,1,4.791296
1634.9695,8.97209999999995,1,4.784128
1642.9785,8.00900000000001,1,4.775936
1651.9791,9.00060000000008,1,4.786176
1659.9465,7.9674,1,4.806656
1667.9353,7.98880000000008,1,4.795392
1676.9123,8.97699999999986,1,4.775936
1685.047,8.13470000000007,1,4.781056
1693.0192,7.97219999999993,1,4.800512
1701.0621,8.04290000000015,1,4.773888
1709.9311,8.86899999999991,1,4.796416
1717.9758,8.04469999999992,1,4.781056
1727.0198,9.0440000000001,1,4.785152
1734.9438,7.92399999999998,1,4.79744
1743.0187,8.07490000000007,1,4.78208
1750.978,7.95929999999998,1,4.784128
1759.9591,8.98109999999997,1,4.7872
1767.9652,8.00610000000006,1,4.786176
1777.1145,9.14929999999981,1,4.790272
1784.9782,7.86370000000011,1,4.79232
1793.0905,8.1123,1,4.783104
1800.9524,7.86189999999988,1,4.781056
1810.0111,9.05870000000004,1,4.800512
1818.0153,8.00420000000008,1,4.790272
1825.9703,7.95499999999993,1,4.77696
1834.9739,9.00360000000001,1,4.7872
1842.9316,7.95769999999993,1,4.788224
1852.0588,9.12720000000013,1,4.772864
1859.9334,7.87459999999987,1,4.814848
1867.9806,8.0472000000002,1,4.780032
1876.9427,8.96209999999996,1,4.79232
1884.9616,8.01890000000003,1,4.7872
1892.9566,7.99499999999989,1,4.791296
1902.0151,9.05850000000009,1,4.794368
1909.9876,7.97249999999985,1,4.793344
1917.9906,8.00300000000016,1,4.799488
1926.9469,8.95629999999983,1,4.790272
1935.0029,8.05600000000004,1,4.789248
1942.914,7.91110000000003,1,4.798464
1951.9873,9.07330000000002,1,4.77184
1960.1542,8.16689999999994,1,4.808704
1967.983,7.8288,1,4.770816
1977.0261,9.04310000000009,1,4.785152
1985.0403,8.01419999999985,1,4.798464
1992.9969,7.95660000000021,1,4.777984
2001.9723,8.97539999999981,1,4.795392
2009.8965,7.92420000000016,1,4.790272
2018.0095,8.11299999999983,1,4.979712
2025.9068,7.89730000000009,1,4.796416
2034.965,9.05819999999994,1,4.770816
2042.9507,7.98570000000018,1,4.795392
2051.9526,9.00189999999998,1,4.773888
2059.9834,8.0308,1,4.801536
2067.9269,7.94349999999986,1,4.795392
2077.0451,9.11819999999989,1,4.770816
2085.0255,7.98040000000037,1,4.796416
2093.0101,7.98459999999977,1,4.789248
2100.9983,7.98820000000023,1,4.784128
2109.9966,8.99829999999974,1,4.7872
2117.9996,8.00300000000016,1,4.773888
2126.0573,8.05769999999984,1,4.7872
2135.0261,8.9688000000001,1,4.791296
2142.9573,7.93119999999999,1,4.777984
2151.9504,8.99310000000014,1,4.785152
2159.9599,8.00949999999966,1,4.804608
2167.8991,7.93920000000026,1,4.800512
2176.9092,9.01009999999997,1,4.779008
2185.0111,8.10190000000011,1,4.791296
2192.9405,7.92939999999999,1,4.798464
2201.9926,9.05209999999988,1,4.770816
2209.9206,7.92799999999988,1,4.813824
2217.9689,8.04829999999993,1,4.777984
2226.9442,8.97530000000006,1,4.788224
2234.9289,7.98469999999998,1,4.789248
2242.9488,8.01990000000023,1,4.77696
2252.0003,9.05150000000003,1,4.791296
2259.922,7.92169999999987,1,4.8128
2267.9539,8.03189999999995,1,4.77696
2276.9239,8.9699999999998,1,4.781056
2284.9632,8.03930000000037,1,4.791296
2292.9148,7.95159999999987,1,4.79744
2302.0824,9.16759999999977,1,4.77696
2310.0442,7.96180000000004,1,4.813824
2318.0041,7.95990000000029,1,4.781056
2326.0821,8.07799999999997,1,4.79232
2334.9874,8.9052999999999,1,4.791296
2343.0313,8.04390000000012,1,4.789248
2350.9702,7.9389000000001,1,4.775936
2359.9541,8.98389999999972,1,4.79232
2367.912,7.95789999999988,1,4.777984
2376.9789,9.06690000000026,1,4.78208
2384.9532,7.97429999999986,1,4.798464
2392.9569,8.00370000000021,1,4.786176
2401.4311,8.47419999999966,1,4.7616
2409.5155,8.08440000000019,1,4.76672
2417.9815,8.46599999999989,1,4.791296
2426.9707,8.98919999999998,1,4.79232
2434.9575,7.98680000000013,1,4.80256
2442.9419,7.98439999999982,1,4.772864
2451.9904,9.04850000000033,1,4.772864
2459.9742,7.98379999999997,1,4.820992
2467.9385,7.96430000000009,1,4.77696
2476.993,9.05449999999973,1,4.777984
2485.0896,8.09659999999985,1,4.804608
2492.9442,7.85460000000012,1,4.799488
2501.9594,9.01520000000028,1,4.773888
2509.9227,7.96329999999989,1,4.790272
2518.1226,8.19990000000007,1,4.780032
2525.9567,7.83410000000003,1,4.79232
2534.9075,8.95079999999962,1,4.790272
2542.9358,8.0283000000004,1,4.78208
2551.9916,9.05579999999964,1,4.77184
2559.9541,7.96250000000009,1,4.8128
2568.0134,8.05929999999989,1,4.77696
2575.9531,7.93970000000036,1,4.80256
2584.9965,9.04340000000002,1,4.788224
2592.9396,7.94309999999996,1,4.795392
2602.0498,9.11019999999962,1,4.773888
2609.9433,7.89350000000013,1,4.788224
2618.0105,8.06719999999996,1,4.781056
2625.9532,7.94270000000006,1,4.796416
2635.0387,9.08550000000014,1,4.770816
2642.9423,7.9036000000001,1,4.795392
2652.0184,9.07609999999977,1,4.7872
2659.9929,7.97450000000026,1,4.816896
2667.9284,7.93549999999959,1,4.785152
2676.9153,8.98690000000033,1,4.78208
2685.0457,8.13040000000001,1,4.790272
2692.9514,7.9056999999998,1,4.796416
2702.0673,9.11590000000024,1,4.77184
2709.9931,7.92579999999998,1,4.806656
2717.9772,7.98409999999967,1,4.789248
2726.9514,8.97420000000011,1,4.788224
2734.9355,7.98410000000013,1,4.79232
2743.057,8.12149999999974,1,4.785152
2751.0506,7.99360000000024,1,4.789248
2759.9877,8.9371000000001,1,4.786176
2767.9459,7.95820000000003,1,4.78208
2777.0822,9.13629999999966,1,4.780032
2784.9854,7.9032000000002,1,4.79744
2792.976,7.99060000000009,1,4.789248
2801.9352,8.95919999999978,1,4.773888
2810.0498,8.11459999999988,1,4.795392
2817.9839,7.9341000000004,1,4.79232
2827.0127,9.02880000000005,1,4.791296
2835.0027,7.98999999999978,1,4.79744
2842.9641,7.96140000000014,1,4.78208
2852.0618,9.0976999999998,1,4.774912
2859.9762,7.91440000000011,1,4.800512
2867.9641,7.98790000000008,1,4.775936
2876.9472,8.98309999999992,1,4.780032
2884.9818,8.03459999999995,1,5.052416
2892.9391,7.95730000000003,1,4.781056
2902.0348,9.09569999999985,1,4.779008
2909.9449,7.91010000000006,1,4.824064
2917.9921,8.04719999999998,1,4.922368
2926.9383,8.94619999999986,1,4.774912
2934.9863,8.04800000000023,1,4.779008
2942.9265,7.9402,1,4.7872
2951.9803,9.05380000000014,1,4.773888
2959.9331,7.95280000000002,1,4.800512
2968.068,8.13490000000002,1,4.770816
2975.9498,7.88179999999966,1,4.799488
2985.0012,9.05140000000029,1,4.779008
2992.9363,7.93509999999969,1,4.790272
3002.0195,9.08320000000003,1,4.78208
3010.0211,8.00160000000005,1,4.791296
3018.044,8.02289999999994,1,4.781056
3026.1289,8.08490000000029,1,4.790272
3034.9748,8.8458999999998,1,4.784128
3042.9496,7.97479999999996,1,4.798464
3052.0029,9.05330000000004,1,4.774912
3059.9655,7.96259999999984,1,4.804608
3067.9317,7.9662000000003,1,4.788224
3076.995,9.0632999999998,1,4.78208
3084.9764,7.98140000000012,1,4.800512
3093.0076,8.0311999999999,1,4.791296
3100.9434,7.9358000000002,1,4.772864
3109.9518,9.00839999999971,1,4.7872
3117.9675,8.01570000000038,1,4.780032
3127.0457,9.07819999999992,1,4.788224
3134.9407,7.89499999999998,1,4.80768
3142.9625,8.02179999999998,1,4.791296
3151.9532,8.99069999999983,1,4.769792
3159.9607,8.00750000000016,1,4.800512
3167.9572,7.99649999999974,1,4.785152
3176.928,8.97080000000005,1,4.781056
3184.9704,8.04240000000027,1,4.7872
3192.9357,7.96529999999984,1,4.799488
3201.9889,9.05319999999983,1,4.77696
3209.9232,7.93430000000035,1,4.791296
3217.9856,8.0623999999998,1,4.777984
3226.9315,8.94590000000017,1,4.791296
3234.9373,8.00579999999991,1,4.791296
3242.9274,7.99009999999998,1,4.784128
3252.0602,9.13279999999986,1,4.774912
3259.9497,7.88950000000023,1,4.810752
3267.9492,7.9994999999999,1,4.777984
3276.958,9.00880000000006,1,4.785152
3285.0002,8.04219999999987,1,5.049344
3292.9356,7.93539999999985,1,4.786176
3302.0155,9.07990000000018,1,4.774912
3310.023,8.00750000000016,1,4.8128
3317.9797,7.95669999999973,1,4.919296
3326.9062,8.92650000000003,1,4.781056
3334.9272,8.02100000000019,1,4.790272
3342.9291,8.00189999999975,1,4.780032
3351.993,9.0639000000001,1,4.770816
3359.9332,7.9402,1,4.806656
3367.9429,8.00970000000007,1,4.780032
3376.9781,9.0351999999998,1,4.773888
3384.973,7.99490000000014,1,4.788224
3392.9653,7.99229999999989,1,4.795392
3401.4462,8.48090000000002,1,4.783104
3409.5124,8.06620000000021,1,4.789248
3418.0059,8.49350000000004,1,4.779008
3426.0011,7.99519999999984,1,4.79744
3434.9929,8.99180000000024,1,4.780032
3442.9849,7.99199999999973,1,4.793344
3452.0301,9.04520000000002,1,4.77696
3459.9617,7.93159999999989,1,4.825088
3468.0589,8.09720000000016,1,4.786176
3476.0138,7.95490000000018,1,4.785152
3485.0221,9.00829999999996,1,4.795392
3492.9663,7.94419999999991,1,4.801536
3502.0299,9.06359999999995,1,4.781056
3509.9645,7.93460000000005,1,4.79232
3517.5471,7.58259999999973,1,4.790272
3526.0145,8.46740000000045,1,4.789248
3535.0255,9.01099999999997,1,4.788224
3542.4901,7.46459999999979,1,4.786176
3551.5534,9.0632999999998,1,4.77184
3559.5079,7.95450000000028,1,4.794368
3568.5009,8.99299999999994,1,4.780032
3576.5058,8.00489999999991,1,4.775936
3584.5577,8.05189999999993,1,4.780032
3593.5188,8.96109999999999,1,4.790272
3601.5374,8.01860000000033,1,4.799488
3609.4882,7.95079999999962,1,4.781056
3618.6015,9.11330000000044,1,4.772864
3626.5345,7.93299999999999,1,4.808704
3634.4979,7.96339999999964,1,4.786176
3643.5347,9.03680000000031,1,4.779008
3651.5678,8.03309999999965,1,4.804608
3659.5196,7.95180000000028,1,4.79232
3668.4952,8.97559999999976,1,4.780032
3676.487,7.99180000000024,1,4.785152
3684.529,8.04199999999992,1,4.779008
3693.6009,9.07189999999991,1,4.7872
3701.6258,8.02489999999989,1,4.801536
3709.5445,7.91870000000017,1,4.780032
3718.5469,9.00239999999985,1,4.77696
3726.5416,7.99470000000019,1,4.800512
3734.486,7.94439999999986,1,4.784128
3743.5253,9.03929999999991,1,4.780032
3751.5294,8.00410000000011,1,4.779008
3759.6363,8.10690000000022,1,4.799488
3768.6816,9.04529999999977,1,4.789248
3776.5088,7.82720000000018,1,4.784128
3784.6448,8.13599999999997,1,4.769792
3793.5315,8.88670000000002,1,4.779008
3801.6099,8.07839999999987,1,4.780032
3809.6302,8.02030000000013,1,4.791296
3818.6574,9.02719999999999,1,4.77696
3826.5594,7.90200000000004,1,4.796416
3834.5236,7.96419999999989,1,4.78208
3843.4798,8.95620000000008,1,4.777984
3851.6195,8.13969999999972,1,4.785152
3859.5619,7.94240000000036,1,4.79232
3868.5366,8.97469999999976,1,4.790272
3876.5353,7.9987000000001,1,4.781056
3884.5886,8.05330000000004,1,4.781056
3893.5117,8.92309999999998,1,4.7872
3901.5166,8.00489999999991,1,4.779008
3909.4884,7.97180000000026,1,4.777984
3918.5579,9.06949999999961,1,4.780032
3926.526,7.96810000000005,1,4.794368
3934.5437,8.01770000000033,1,4.791296
3943.569,9.02529999999979,1,4.786176
3951.5763,8.00730000000021,1,4.790272
3959.5877,8.01139999999987,1,4.794368
3968.492,8.90430000000015,1,4.7872
3976.6366,8.14459999999963,1,4.785152
3984.5628,7.92620000000034,1,4.784128
3993.542,8.97919999999976,1,4.785152
4001.5051,7.96309999999994,1,4.788224
4009.497,7.99189999999999,1,4.781056
4018.558,9.06100000000015,1,4.772864
4026.6155,8.05749999999989,1,4.79744
4034.5314,7.91589999999997,1,4.793344
4043.5453,9.01390000000038,1,4.772864
4051.5329,7.98759999999993,1,4.795392
4059.5502,8.01729999999998,1,4.7872
4068.4944,8.94419999999991,1,4.77184
4076.5663,8.07189999999991,1,4.785152
4084.5479,7.98160000000007,1,4.790272
4093.564,9.01609999999982,1,4.781056
4101.5278,7.96379999999999,1,4.790272
4109.5225,7.99470000000019,1,4.78208
4118.6205,9.09799999999996,1,4.77696
4126.5329,7.91240000000016,1,4.80256
4134.5177,7.98480000000018,1,4.78208
4143.5324,9.01469999999972,1,4.780032
4151.5917,8.05929999999989,1,4.775936
4159.517,7.92529999999988,1,4.79744
4168.545,9.02800000000025,1,4.781056
4176.5147,7.96969999999965,1,4.779008
4184.5665,8.05180000000018,1,4.77696
4193.4922,8.92569999999978,1,4.780032
4201.5186,8.02640000000065,1,4.783104
4209.4844,7.96579999999994,1,4.781056
4218.5519,9.06750000000011,1,4.775936
4226.5638,8.01189999999951,1,4.800512
4234.4903,7.92650000000049,1,4.768768
4243.596,9.10569999999916,1,4.774912
4251.561,7.96500000000015,1,4.799488
4259.5116,7.95060000000012,1,4.7872
4268.4931,8.98149999999987,1,4.780032
4276.5722,8.07909999999993,1,4.77696
4284.5433,7.97110000000066,1,4.781056
4293.5246,8.98129999999946,1,4.78208
4301.4912,7.96660000000065,1,4.784128
4309.5579,8.0666999999994,1,4.783104
4318.5369,8.97900000000027,1,4.784128
4326.5491,8.01220000000012,1,4.794368
4334.4842,7.93509999999969,1,4.774912
4343.5045,9.02030000000013,1,4.785152
4351.5114,8.00690000000031,1,4.788224
4359.5057,7.99429999999938,1,4.788224
4368.5833,9.07760000000053,1,4.780032
4376.5282,7.94489999999951,1,4.788224
4384.6164,8.08820000000014,1,4.783104
4394.0101,9.39370000000054,1,4.790272
4400.9788,6.96869999999944,1,4.8128
4410.5432,9.56440000000021,1,4.786176
4418.5796,8.03639999999996,1,4.788224
4426.5593,7.97969999999987,1,4.77696
4434.5904,8.03110000000015,1,4.779008
4443.5228,8.93239999999969,1,4.769792
4451.5831,8.0603000000001,1,4.783104
4459.5255,7.94239999999991,1,4.791296
4468.5143,8.98880000000008,1,4.784128
4476.5569,8.04259999999977,1,4.7872
4484.5859,8.02900000000045,1,4.785152
4493.5397,8.95380000000023,1,4.784128
4501.5386,7.99889999999959,1,4.7872
4509.5018,7.96320000000014,1,4.78208
4518.6368,9.13500000000022,1,4.769792
4526.5727,7.93589999999949,1,4.804608
4534.5455,7.97280000000046,1,4.781056
4543.5093,8.96379999999954,1,4.790272
4551.5854,8.07610000000022,1,4.784128
4559.5125,7.92709999999988,1,4.799488
4568.5061,8.99359999999979,1,4.77696
4576.5067,8.0006000000003,1,4.783104
4584.5306,8.02390000000014,1,4.77696
4593.6055,9.07489999999962,1,4.786176
4601.5252,7.91970000000038,1,4.803584
4609.5306,8.00540000000001,1,4.786176
4618.5754,9.04479999999967,1,4.78208
4626.5788,8.00340000000051,1,4.798464
4634.5131,7.93429999999989,1,4.773888
4643.5933,9.08020000000033,1,4.772864
4651.5486,7.95529999999962,1,4.79744
4659.5436,7.99499999999989,1,4.79232
4668.5131,8.96950000000015,1,4.78208
4676.5146,8.00150000000031,1,4.780032
4684.5825,8.06790000000001,1,4.780032
4693.5351,8.95259999999962,1,4.788224
4701.5829,8.04780000000028,1,4.788224
4709.6699,8.08699999999953,1,4.78208
4717.5747,7.90480000000025,1,4.78208
4726.5404,8.96569999999974,1,4.783104
4734.6387,8.09830000000056,1,4.7872
4743.526,8.88729999999941,1,4.777984
4751.6551,8.12910000000011,1,4.77696
4759.5294,7.8743000000004,1,4.785152
4768.5364,9.00699999999961,1,4.786176
4776.5376,8.0011999999997,1,4.796416
4784.5443,8.00669999999991,1,5.039104
4793.5079,8.96360000000004,1,4.786176
4801.5711,8.06320000000051,1,4.77696
4809.5371,7.96599999999944,1,4.780032
4818.6149,9.07780000000002,1,4.773888
4826.5486,7.9337000000005,1,4.798464
4834.5778,8.02919999999995,1,4.7872
4843.5154,8.9376000000002,1,4.789248
4851.6067,8.09130000000005,1,5.040128
4859.5121,7.90539999999964,1,4.788224
4868.6382,9.12610000000041,1,4.777984
4876.5379,7.89969999999994,1,4.799488
4884.5966,8.05869999999959,1,4.779008
4893.5144,8.91780000000017,1,4.786176
4901.5451,8.03070000000025,1,4.775936
4909.4969,7.95179999999982,1,4.784128
4918.5658,9.06890000000021,1,4.777984
4926.6004,8.03459999999995,1,4.798464
4934.5793,7.97890000000007,1,4.777984
4943.5273,8.94799999999941,1,4.779008
4951.5616,8.03430000000026,1,4.775936
4959.5519,7.99030000000039,1,4.795392
4968.516,8.96409999999923,1,4.788224
4976.5199,8.00390000000061,1,4.772864
4984.5925,8.07259999999951,1,4.77696
4993.6088,9.01630000000023,1,4.788224
5001.5486,7.9398000000001,1,4.78208
5009.5258,7.97720000000027,1,4.784128
5018.551,9.02520000000004,1,5.033984
5026.5641,8.01309999999921,1,4.788224
5034.5231,7.95900000000074,1,4.785152
5043.5284,9.00529999999981,1,4.765696
5051.5372,8.00879999999961,1,4.779008
5059.5495,8.01230000000032,1,4.7872
5068.4989,8.94939999999951,1,4.781056
5076.5401,8.04120000000057,1,4.786176
5084.529,7.98890000000029,1,4.783104
5093.57,9.04099999999926,1,4.784128
5101.4985,7.92849999999999,1,4.798464
5109.5367,8.03819999999996,1,4.790272
5118.5952,9.05850000000009,1,4.775936
5126.537,7.94180000000051,1,4.788224
5134.5759,8.03889999999956,1,4.775936
5143.531,8.95510000000013,1,4.777984
5151.6438,8.11279999999988,1,4.78208
5159.5316,7.88780000000042,1,4.795392
5168.5205,8.98889999999938,1,4.774912
5176.5164,7.9959000000008,1,4.78208
5184.606,8.08959999999934,1,4.777984
5193.5098,8.90380000000005,1,4.788224
5201.5234,8.01360000000022,1,4.785152
5209.4939,7.97050000000036,1,4.781056
5218.5773,9.08339999999953,1,4.79232
5226.5718,7.99449999999979,1,4.806656
5234.5066,7.9348,1,4.78208
5243.5491,9.04250000000047,1,4.7872
5251.5555,8.00640000000021,1,4.77696
5259.5772,8.02169999999933,1,4.79232
5268.5289,8.95170000000053,1,4.774912
5276.5259,7.99699999999939,1,4.783104
5284.5302,8.00430000000051,1,4.78208
5293.5391,9.00889999999981,1,4.790272
5301.5187,7.97959999999966,1,4.781056
5309.5976,8.07890000000043,1,4.785152
5318.5682,8.97059999999965,1,4.785152
5326.6159,8.04770000000008,1,4.789248
5334.6032,7.98729999999978,1,4.788224
5343.5738,8.97060000000056,1,4.790272
5351.5915,8.01770000000033,1,4.784128
5359.5153,7.92379999999957,1,4.794368
5368.547,9.03169999999955,1,4.78208
5376.618,8.07100000000082,1,4.804608
5384.579,7.96099999999933,1,4.790272
5394.0809,9.50190000000021,1,4.777984
5401.0942,7.01329999999962,1,4.82816
5409.5348,8.44060000000081,1,4.775936
5418.597,9.06219999999939,1,4.780032
5426.5272,7.9302000000007,1,4.79744
5434.6725,8.14529999999922,1,4.775936
5442.5518,7.87930000000051,1,4.789248
5451.6755,9.1237000000001,1,4.785152
5459.8669,8.1913999999997,1,4.795392
5467.534,7.66709999999966,1,4.790272
5476.6552,9.1212000000005,1,4.785152
5484.5809,7.92569999999978,1,4.790272
5493.5839,9.0029999999997,1,4.77696
5501.5843,8.00040000000081,1,4.779008
5509.5396,7.95529999999962,1,4.790272
5518.5761,9.03650000000016,1,4.77184
5526.5883,8.01220000000012,1,4.788224
5534.5397,7.95139999999992,1,4.784128
5543.6752,9.13549999999941,1,4.783104
5551.5983,7.92309999999998,1,4.80256
5559.6489,8.05060000000049,1,4.783104
5568.5344,8.88549999999941,1,4.786176
5576.5979,8.0635000000002,1,4.785152
5584.5487,7.95080000000053,1,4.789248
5593.5911,9.04239999999936,1,4.783104
5601.7063,8.11520000000019,1,4.789248
5609.5686,7.86229999999978,1,4.785152
5618.6413,9.07270000000062,1,4.77184
5626.5948,7.95349999999962,1,4.804608
5634.5631,7.96830000000045,1,4.796416
5643.5767,9.01359999999931,1,4.767744
5651.6735,8.09680000000026,1,4.784128
5659.5558,7.88230000000021,1,4.798464
5668.6669,9.11110000000008,1,4.779008
5676.6278,7.96090000000004,1,4.799488
5684.6572,8.02939999999944,1,4.781056
5693.5383,8.88110000000052,1,4.7872
5701.6896,8.15129999999954,1,4.785152
5709.5727,7.88310000000001,1,4.793344
5718.7181,9.14540000000034,1,4.780032
5726.9984,8.28030000000035,1,4.799488
5734.688,7.6895999999997,1,4.80256
5742.8112,8.1232,1,4.780032
5751.7336,8.92239999999947,1,4.781056
5759.6444,7.91080000000056,1,4.791296
5768.666,9.02160000000003,1,4.793344
5776.6244,7.95839999999953,1,4.808704
5784.7087,8.08430000000044,1,4.779008
5792.7486,8.03989999999976,1,4.780032
5801.6567,8.90809999999965,1,4.785152
5809.7234,8.06670000000031,1,4.774912
5817.694,7.97060000000056,1,4.7872
5826.7771,9.08309999999983,1,4.79232
5834.7093,7.93220000000019,1,4.7872
5842.7588,8.04949999999917,1,4.789248
5851.7275,8.96870000000035,1,4.76672
5859.6861,7.95859999999993,1,4.788224
5867.6488,7.96270000000004,1,4.78208
5876.7672,9.11840000000029,1,4.779008
5884.6937,7.92649999999958,1,4.793344
5892.8044,8.11070000000018,1,4.795392
5901.7976,8.99319999999989,1,4.786176
5909.7673,7.96970000000056,1,4.781056
5917.6522,7.88490000000002,1,4.7616
5926.7295,9.07729999999992,1,4.786176
5934.6846,7.95509999999922,1,4.788224
5942.7246,8.03999999999996,1,4.796416
5951.7047,8.98010000000068,1,4.784128
5959.6235,7.91879999999946,1,4.79232
5968.6658,9.04230000000007,1,4.779008
5976.6362,7.97040000000015,1,4.785152
5984.7232,8.08700000000044,1,4.777984
5992.6395,7.91629999999986,1,4.785152
6001.6863,9.04680000000008,1,4.772864
6009.5682,7.8818999999994,1,4.780032
6018.6483,9.08010000000013,1,4.780032
6026.5953,7.94700000000012,1,4.79744
6034.637,8.04169999999976,1,4.769792
6043.6703,9.03330000000005,1,4.773888
6051.7072,8.03690000000006,1,4.79232
6059.7289,8.02170000000024,1,4.798464
6067.7278,7.99889999999959,1,4.78208
6076.7189,8.99110000000019,1,4.781056
6084.6952,7.97630000000026,1,5.039104
6093.1098,8.41460000000006,1,4.78208
6100.6784,7.56859999999961,1,4.77696
6109.6298,8.95139999999992,1,4.779008
6118.7005,9.07070000000022,1,4.775936
6126.6941,7.99359999999979,1,4.795392
6134.6508,7.95670000000064,1,4.781056
6143.7129,9.0621000000001,1,4.779008
6151.6746,7.96169999999984,1,4.785152
6159.7094,8.03479999999945,1,4.791296
6167.6448,7.9354000000003,1,4.784128
6176.6904,9.04560000000038,1,4.774912
6184.6858,7.99539999999979,1,4.781056
6192.6945,8.00869999999941,1,4.790272
6201.6893,8.9948000000004,1,4.78208
6209.6965,8.00720000000001,1,4.777984
6217.6798,7.98329999999987,1,4.78208
6226.658,8.97820000000047,1,4.77696
6234.6272,7.96919999999955,1,4.780032
6243.6906,9.0634,1,4.779008
6251.6992,8.00860000000011,1,4.78208
6259.6754,7.97620000000006,1,4.78208
6267.6119,7.9364999999998,1,4.774912
6276.7182,9.10630000000037,1,4.774912
6284.8662,8.14800000000014,1,4.794368
6292.6382,7.77199999999993,1,4.795392
6301.6334,8.99519999999939,1,4.775936
6309.6561,8.02270000000044,1,4.775936
6318.6807,9.02459999999974,1,4.78208
6326.6549,7.97420000000056,1,4.791296
6334.6702,8.01529999999912,1,4.791296
6342.6137,7.94350000000031,1,4.774912
6351.6696,9.05590000000029,1,4.78208
6359.6332,7.96360000000004,1,4.788224
6368.7258,9.09259999999995,1,4.775936
6376.663,7.93719999999939,1,4.800512
6384.6902,8.02720000000045,1,4.773888
6392.7039,8.01370000000043,1,4.78208
6401.1846,8.48069999999916,1,4.783104
6409.6295,8.44490000000042,1,4.772864
6418.6903,9.0608000000002,1,4.77184
6426.7844,8.09409999999934,1,4.800512
6434.7021,7.91770000000088,1,4.773888
6442.8727,8.17059999999947,1,4.779008
6451.7003,8.82760000000053,1,4.77696
6459.7089,8.00859999999921,1,4.777984
6467.6629,7.95400000000063,1,4.770816
6476.6291,8.96619999999984,1,4.773888
6484.6683,8.03920000000016,1,4.783104
6492.6687,8.0003999999999,1,4.784128
6501.682,9.01329999999962,1,4.786176
6509.6583,7.97630000000026,1,4.784128
6518.6557,8.9974000000002,1,4.78208
6526.6369,7.98120000000017,1,4.80256
6534.7497,8.11279999999988,1,4.785152
6542.7546,8.00489999999991,1,4.79232
6551.7286,8.97400000000016,1,4.794368
6559.7452,8.01659999999993,1,4.804608
6567.653,7.90779999999995,1,4.789248
6576.7273,9.07429999999931,1,4.790272
6584.6835,7.95620000000054,1,4.795392
6592.7016,8.01810000000023,1,4.794368
6601.7538,9.05220000000008,1,4.789248
6609.6752,7.92139999999927,1,4.796416
6617.7332,8.05799999999999,1,4.774912
6626.7709,9.03770000000077,1,4.794368
6634.7056,7.93469999999979,1,4.790272
6642.7054,7.9997999999996,1,4.777984
6651.7752,9.06980000000021,1,4.7872
6659.7308,7.95560000000023,1,4.79232
6667.7101,7.97929999999997,1,4.7872
6676.6782,8.96810000000005,1,4.77696
6684.7298,8.05159999999978,1,4.788224
6692.6485,7.91870000000017,1,4.79232
6701.7227,9.07420000000002,1,4.779008
6709.6687,7.94599999999991,1,4.791296
6717.7284,8.05969999999979,1,4.7872
6726.7186,8.99020000000019,1,4.795392
6734.6751,7.95650000000023,1,4.79744
6742.6806,8.0054999999993,1,4.786176
6751.7618,9.08120000000054,1,4.800512
6759.6642,7.90239999999994,1,4.79232
6768.7082,9.04399999999987,1,4.781056
6777.0681,8.35990000000038,1,4.80768
6784.7074,7.63929999999982,1,4.796416
6793.0596,8.35219999999936,1,4.789248
6800.6941,7.63450000000012,1,4.790272
6809.7712,9.07710000000043,1,4.7872
6817.6409,7.86970000000019,1,4.79232
6826.6704,9.02949999999964,1,4.794368
6834.6219,7.95150000000012,1,4.798464
6843.7031,9.08119999999963,1,4.786176
6851.682,7.97890000000007,1,4.79744
6859.7114,8.02940000000035,1,4.801536
6867.6864,7.97499999999945,1,4.779008
6876.812,9.1256000000003,1,4.794368
6884.6772,7.86520000000019,1,4.796416
6892.747,8.06980000000021,1,4.7872
6901.7126,8.96559999999954,1,4.781056
6909.7182,8.00560000000041,1,4.786176
6917.7091,7.99089999999978,1,4.790272
6926.7326,9.02350000000024,1,4.784128
6934.739,8.0063999999993,1,4.79232
6942.7656,8.02660000000014,1,4.79232
6951.7759,9.01029999999992,1,4.79744
6959.7528,7.97690000000057,1,4.80768
6967.7718,8.01900000000023,1,4.781056
6976.7342,8.96239999999943,1,4.790272
6984.9012,8.16700000000037,1,4.789248
6992.7158,7.8145999999997,1,4.789248
7001.7721,9.05630000000019,1,4.795392
7009.6512,7.87910000000011,1,4.786176
7018.684,9.03279999999995,1,4.783104
7026.6962,8.01220000000012,1,4.800512
7034.7133,8.01710000000003,1,4.788224
7042.7574,8.04410000000007,1,4.796416
7051.7535,8.99609999999939,1,4.781056
7059.7484,7.9949000000006,1,4.793344
7067.7396,7.99119999999948,1,4.790272
7076.7315,8.99189999999999,1,4.780032
7084.7303,7.9988000000003,1,4.789248
7092.7045,7.97419999999966,1,4.79232
7101.7755,9.07099999999991,1,4.783104
7109.6279,7.85240000000067,1,4.794368
7118.731,9.10309999999936,1,4.77696
7126.644,7.91300000000047,1,4.804608
7134.6613,8.01729999999952,1,4.785152
7144.0748,9.41350000000057,1,4.783104
7150.6346,6.5598,1,4.810752
7160.0562,9.42159999999967,1,4.785152
7167.7576,7.70139999999992,1,4.788224
7176.6762,8.91859999999997,1,4.789248
7184.7415,8.06530000000021,1,4.772864
7192.6541,7.91259999999966,1,4.779008
7201.7251,9.07099999999991,1,4.781056
7209.6401,7.91499999999996,1,4.779008
7218.6901,9.05000000000018,1,4.775936
7226.7099,8.01980000000003,1,4.791296
7234.7399,8.02999999999975,1,4.779008
7242.7332,7.99330000000009,1,4.77184
7251.7384,9.00520000000051,1,4.773888
7259.7115,7.97310000000016,1,4.780032
7267.7152,8.0036999999993,1,4.777984
7276.7447,9.02950000000055,1,4.781056
7284.7514,8.00669999999991,1,4.790272
7292.7704,8.01900000000023,1,4.781056
7301.86,9.08959999999934,1,4.783104
7309.7432,7.88320000000022,1,4.7872
7317.8033,8.06009999999969,1,4.780032
7326.8098,9.00650000000041,1,4.786176
7334.6915,7.88169999999991,1,4.784128
7342.7101,8.01860000000033,1,4.785152
7351.723,9.01289999999972,1,4.7872
7359.7288,8.00579999999991,1,4.785152
7367.6807,7.95190000000002,1,4.772864
7376.7203,9.03960000000006,1,4.784128
7384.7381,8.01779999999962,1,4.788224
7392.7193,7.98120000000017,1,4.781056
7401.2346,8.51530000000002,1,4.773888
7409.8027,8.56810000000041,1,4.785152
7417.7375,7.9348,1,4.775936
7426.7345,8.99699999999939,1,4.791296
7434.7866,8.05210000000079,1,4.779008
7442.7236,7.9369999999999,1,4.781056
7451.7494,9.02579999999944,1,4.779008
7459.7309,7.98149999999987,1,4.785152
7467.7545,8.02360000000044,1,4.783104
7476.8181,9.06360000000041,1,4.773888
7484.7849,7.96679999999924,1,4.779008
7492.7256,7.94070000000011,1,4.783104
7501.8078,9.08219999999983,1,4.78208
7509.7122,7.90440000000035,1,4.785152
7517.7513,8.03909999999996,1,4.772864
7526.7487,8.9974000000002,1,4.7872
7534.7084,7.95970000000034,1,4.775936
7542.7565,8.04809999999998,1,4.7872
7551.7467,8.99019999999928,1,4.7872
7559.7409,7.99420000000009,1,4.794368
7567.6718,7.93090000000029,1,4.772864
7576.7013,9.02949999999964,1,4.772864
7584.7704,8.06910000000062,1,4.77184
7592.7711,8.0006999999996,1,4.78208
7601.7269,8.95579999999973,1,4.774912
7609.753,8.02610000000004,1,4.784128
7617.7435,7.99049999999988,1,4.786176
7626.8093,9.06580000000031,1,4.784128
7635.0855,8.27620000000024,1,4.77696
7642.7476,7.66209999999955,1,4.775936
7651.7569,9.00930000000062,1,4.77184
7659.7454,7.98849999999948,1,4.773888
7667.9292,8.18379999999979,1,4.786176
7676.7825,8.85330000000067,1,4.788224
7684.7992,8.01670000000013,1,4.774912
7692.7384,7.9391999999998,1,4.77184
7701.8081,9.06970000000001,1,4.783104
7709.7635,7.95539999999983,1,4.793344
7717.7517,7.98819999999978,1,4.785152
7726.7529,9.00120000000061,1,4.788224
7734.7619,8.00900000000001,1,4.77696
7742.7195,7.95759999999973,1,4.77696
7751.7655,9.04600000000028,1,4.918272
7759.7044,7.93889999999919,1,4.780032
7767.7223,8.01790000000074,1,4.781056
7776.6942,8.97189999999955,1,4.78208
7784.794,8.09979999999996,1,4.775936
7792.7715,7.97749999999996,1,4.7872
7801.7519,8.98040000000037,1,4.79232
7809.8738,8.1219000000001,1,4.7872
7817.7836,7.90979999999945,1,4.77184
7826.7297,8.94610000000011,1,4.784128
7834.7608,8.03110000000015,1,4.77696
7842.7556,7.9948000000004,1,4.769792
7851.7836,9.02799999999934,1,4.773888
7859.7919,8.00830000000042,1,4.788224
7867.7839,7.99200000000019,1,4.770816
7876.8494,9.0654999999997,1,4.770816
7884.7349,7.88550000000032,1,4.781056
7892.7579,8.02299999999923,1,4.793344
7901.7558,8.9979000000003,1,4.785152
7909.7634,8.00759999999991,1,4.783104
7917.7312,7.96780000000035,1,4.77696
7926.789,9.05779999999959,1,4.772864
7934.7432,7.95420000000013,1,4.775936
7942.7221,7.97890000000007,1,4.781056
7951.7437,9.02160000000003,1,4.78208
7959.7457,8.00200000000041,1,4.789248
7967.6967,7.95100000000002,1,4.77696
7976.6976,9.0009,1,4.773888
7984.7499,8.05229999999938,1,4.783104
7992.6998,7.94990000000053,1,4.785152
8001.797,9.09719999999925,1,4.775936
8009.6846,7.88760000000002,1,4.79232
8017.7502,8.06560000000081,1,4.767744
8026.7377,8.98749999999927,1,4.793344
8034.8074,8.06970000000001,1,4.774912
8042.7546,7.94720000000052,1,4.775936
8051.8241,9.06949999999961,1,4.7872
8059.724,7.89990000000034,1,4.79232
8067.7652,8.04119999999966,1,4.773888
8077.039,9.27379999999994,1,4.795392
8084.7667,7.72770000000037,1,4.7872
8093.1374,8.37069999999949,1,4.786176
8100.7313,7.59390000000076,1,4.781056
8109.7497,9.01839999999993,1,4.788224
8117.7302,7.98049999999967,1,4.79232
8126.7971,9.06689999999981,1,4.791296
8134.7459,7.94880000000012,1,4.783104
8142.8252,8.07930000000033,1,4.774912
8151.7357,8.91049999999996,1,4.791296
8160.068,8.33230000000003,1,4.78208
8167.7347,7.66669999999976,1,4.783104
8176.6732,8.9385000000002,1,4.784128
8184.6625,7.98930000000018,1,4.784128
8193.7042,9.04169999999976,1,4.78208
8201.7179,8.01369999999952,1,4.789248
8209.6937,7.97580000000016,1,4.794368
8217.7438,8.05010000000038,1,4.775936
8226.6495,8.90569999999934,1,4.795392
8234.5768,7.9273000000012,1,4.791296
8243.6098,9.03299999999945,1,4.794368
8251.5986,7.98879999999917,1,4.786176
8259.5852,7.98660000000018,1,4.773888
8268.5842,8.9989999999998,1,4.789248
8276.5785,7.99430000000029,1,4.785152
8284.6899,8.11139999999978,1,4.786176
8292.6294,7.93950000000041,1,4.796416
8301.6676,9.03820000000087,1,4.774912
8309.6114,7.9437999999991,1,4.785152
8318.6491,9.03770000000077,1,5.04832
8326.5836,7.93449999999939,1,4.7872
8334.5992,8.01560000000063,1,4.78208
8343.607,9.00779999999941,1,4.786176
8351.6658,8.0588000000007,1,4.806656
8359.5863,7.92050000000017,1,4.79744
8368.6458,9.05949999999939,1,4.777984
8376.625,7.97919999999976,1,4.781056
8384.6098,7.98480000000018,1,4.781056
8394.1194,9.50959999999941,1,4.793344
8401.107,6.98760000000038,1,4.8128
8410.1099,9.0028999999995,1,4.788224
8417.6265,7.51660000000084,1,4.777984
8426.6283,9.0018,1,4.788224
8434.6153,7.98699999999917,1,4.78208
8443.6056,8.9903000000013,1,4.7872
8451.7004,8.09479999999894,1,4.7872
8459.6591,7.95870000000104,1,4.79232
8468.6095,8.95039999999972,1,4.786176
8476.6223,8.01280000000042,1,4.773888
8484.6327,8.01039999999921,1,4.770816
8493.6751,9.04240000000027,1,4.774912
8501.9002,8.22509999999966,1,4.783104
8509.7097,7.80949999999939,1,4.779008
8517.6995,7.9898000000012,1,4.791296
8526.6409,8.9413999999997,1,4.794368
8534.5707,7.92979999999989,1,4.789248
8543.6051,9.03440000000046,1,4.7872
8551.7123,8.10719999999856,1,4.793344
8559.6407,7.92840000000069,1,4.800512
8568.7457,9.10499999999956,1,4.783104
8576.6108,7.86510000000089,1,4.795392
8584.6629,8.05209999999897,1,5.03296
8593.617,8.95410000000084,1,4.76672
8601.654,8.03700000000026,1,4.783104
8609.5896,7.93559999999889,1,4.760576
8618.7684,9.1788000000015,1,4.763648
8626.6239,7.85549999999967,1,4.77696
8634.6185,7.99459999999999,1,4.752384
8643.716,9.09749999999985,1,4.74624
8651.6465,7.93050000000039,1,5.001216
8659.6045,7.95799999999872,1,4.728832
8668.6076,9.0030999999999,1,4.72576
8676.7137,8.10610000000088,1,4.742144
8684.6689,7.95520000000033,1,4.727808
8692.6641,7.99519999999939,1,4.721664
8701.7252,9.06110000000081,1,4.709376
8709.6544,7.92919999999867,1,4.721664
8718.6402,8.98580000000038,1,4.711424
8726.6781,8.03789999999935,1,4.727808
8734.6052,7.92710000000079,1,4.709376
8743.668,9.0627999999997,1,4.698112
8751.661,7.99300000000039,1,4.688896
8759.6367,7.97569999999905,1,4.687872
8768.6313,8.99459999999999,1,4.681728
8776.6071,7.97580000000016,1,4.67456
8784.6851,8.07800000000134,1,4.658176
8792.6367,7.95159999999851,1,4.657152
8801.5978,8.96110000000044,1,4.658176
8809.6223,8.02450000000135,1,4.671488
8818.6414,9.01909999999953,1,4.655104
8826.6297,7.98829999999907,1,4.671488
8834.6198,7.99010000000089,1,4.656128
8843.6037,8.98389999999927,1,4.635648
8851.7107,8.10699999999997,1,4.774912
8859.6099,7.89919999999984,1,4.63872
8868.6375,9.02760000000126,1,4.627456
8876.5947,7.95719999999892,1,4.617216
8884.684,8.08929999999964,1,4.877312
8892.6161,7.93209999999999,1,4.619264
8901.7248,9.10870000000068,1,4.626432
8909.6499,7.92510000000038,1,4.629504
8918.689,9.03909999999996,1,4.615168
8926.6064,7.91740000000027,1,4.626432
8934.6394,8.03299999999945,1,4.599808
8943.5875,8.94809999999961,1,4.598784
8951.7079,8.12039999999979,1,4.599808
8959.6018,7.89390000000094,1,4.614144
8968.7185,9.11670000000049,1,4.590592
8976.7078,7.98929999999928,1,4.605952
8984.6549,7.94709999999941,1,4.855808
8993.6534,8.99849999999969,1,4.600832
9001.5984,7.94500000000153,1,4.610048
9009.7109,8.11249999999927,1,4.581376
9017.6525,7.94160000000011,1,4.601856
9026.6146,8.96210000000065,1,4.614144
9034.6258,8.01119999999901,1,4.603904
9043.6184,8.99259999999958,1,4.596736
9051.6759,8.0575000000008,1,4.598784
9059.643,7.96709999999985,1,4.615168
9068.6153,8.97229999999945,1,4.61312
9076.6329,8.01760000000104,1,4.595712
9084.6295,7.99659999999858,1,4.59776
9093.6401,9.01060000000143,1,4.606976
9101.6043,7.96420000000035,1,4.622336
9109.6288,8.02449999999953,1,4.614144
9118.6589,9.03009999999995,1,4.608
9126.7233,8.0643999999993,1,4.626432
9134.6056,7.88230000000112,1,4.629504
9143.6388,9.03319999999985,1,4.626432
9151.6406,8.0018,1,4.634624
9159.6254,7.98480000000018,1,4.640768
9168.6556,9.03019999999924,1,4.634624
9176.6385,7.98289999999906,1,4.658176
9184.7305,8.09200000000055,1,4.65408
9192.6369,7.90639999999985,1,4.671488
9201.6556,9.01870000000054,1,4.66944
9209.5933,7.9377000000004,1,4.671488
9218.6462,9.05289999999877,1,4.678656
9226.6037,7.95750000000044,1,4.691968
9234.5981,7.99439999999959,1,4.697088
9243.63,9.03189999999995,1,4.701184
9251.6827,8.05270000000019,1,4.70016
9259.6061,7.92340000000149,1,4.722688
9268.5996,8.99349999999868,1,4.72064
9276.6083,8.00870000000032,1,4.726784
9284.7056,8.09729999999945,1,4.72576
9292.572,7.86640000000079,1,4.733952
9301.6394,9.06739999999991,1,4.733952
9309.6126,7.97320000000036,1,4.739072
9318.668,9.05539999999928,1,4.742144
9326.6112,7.94319999999971,1,4.76672
9334.6062,7.9950000000008,1,4.75136
9343.7157,9.10950000000048,1,4.757504
9351.7329,8.01720000000023,1,4.75136
9359.7034,7.97049999999945,1,4.774912
9367.6087,7.90530000000035,1,4.765696
9376.5888,8.98009999999886,1,4.789248
9384.6408,8.05199999999968,1,4.777984
9394.158,9.51720000000023,1,4.788224
9401.1484,6.99040000000059,1,4.822016
9410.1253,8.97689999999966,1,4.789248
9417.6812,7.5559000000012,1,4.939776
9426.6946,9.01339999999982,1,4.795392
9434.6475,7.95289999999841,1,4.806656
9443.636,8.9885000000013,1,4.805632
9451.6462,8.0101999999988,1,4.80768
9459.7042,8.0580000000009,1,4.830208
9467.6324,7.92820000000029,1,4.81792
9476.6585,9.02609999999913,1,4.809728
9484.6573,7.99880000000121,1,4.80768
9493.6578,9.0005000000001,1,4.809728
9501.7886,8.130799999999,1,4.813824
9509.6353,7.84670000000006,1,4.83328
9518.6822,9.04689999999937,1,4.811776
9526.6276,7.94540000000052,1,4.835328
9534.6386,8.01100000000042,1,4.8128
9543.608,8.96939999999995,1,4.811776
9551.6961,8.08809999999903,1,4.829184
9559.656,7.95990000000165,1,4.82816
9568.7091,9.05309999999918,1,4.820992
9576.6686,7.95950000000084,1,4.834304
9584.6994,8.03079999999864,1,4.811776
9592.6323,7.93289999999979,1,4.816896
9601.6417,9.00940000000082,1,4.820992
9609.6075,7.96579999999994,1,4.805632
9618.7036,9.09610000000066,1,4.809728
9626.78,8.07639999999992,1,4.835328
9634.6861,7.90610000000015,1,4.8128
9642.6839,7.99779999999919,1,4.824064
9651.7066,9.02269999999953,1,4.804608
9659.648,7.9413999999997,1,4.82304
9668.6144,8.96640000000116,1,4.809728
9676.6818,8.06739999999991,1,4.831232
9684.7192,8.03739999999925,1,4.80768
9692.7035,7.98430000000008,1,4.81792
9701.7508,9.04730000000018,1,4.801536
9709.6626,7.91179999999986,1,4.824064
9718.663,9.00040000000081,1,4.80768
9726.7189,8.05589999999938,1,4.826112
9734.6358,7.91690000000017,1,4.82304
9743.6647,9.02889999999934,1,4.809728
9751.643,7.97830000000067,1,4.808704
9759.6449,8.0018999999993,1,4.82816
9768.6742,9.02930000000015,1,4.810752
9776.6149,7.94070000000102,1,4.824064
9784.7346,8.11969999999928,1,4.813824
9792.6542,7.91960000000108,1,4.810752
9801.638,8.98379999999997,1,4.825088
9809.6518,8.01379999999881,1,4.815872
9818.6654,9.01360000000022,1,4.808704
9826.6193,7.95390000000043,1,4.825088
9834.6506,8.03130000000056,1,4.815872
9843.614,8.96339999999873,1,4.808704
9851.7261,8.11210000000028,1,4.818944
9859.6351,7.90899999999965,1,4.814848
9868.6761,9.04100000000108,1,4.813824
9876.6411,7.96500000000015,1,4.805632
9884.7821,8.14099999999962,1,4.80768
9892.6763,7.89419999999882,1,4.81792
9901.7848,9.10850000000028,1,4.809728
9909.647,7.86220000000139,1,4.829184
9918.7143,9.0672999999988,1,4.793344
9926.6278,7.91350000000057,1,4.826112
9934.6832,8.05539999999928,1,4.814848
9942.6185,7.93530000000101,1,4.808704
9951.717,9.09850000000006,1,4.80256
9959.7106,7.99359999999979,1,4.818944
9967.6602,7.94959999999992,1,4.810752
9976.6344,8.97420000000056,1,4.829184
9984.6528,8.01839999999902,1,4.809728
9993.6777,9.02490000000034,1,4.818944
10001.6357,7.95800000000054,1,4.818944
10009.6835,8.04779999999846,1,4.8128
10017.6808,7.99730000000091,1,4.813824
10026.6853,9.0044999999991,1,4.80256
10034.6105,7.9252000000015,1,4.816896
10043.6848,9.07430000000022,1,4.79744
10051.7347,8.04989999999998,1,4.811776
10059.6504,7.91569999999956,1,4.819968
10068.6444,8.99399999999878,1,4.813824
10076.6465,8.00210000000152,1,4.830208
10084.684,8.03749999999854,1,4.810752
10092.6844,8.00040000000081,1,4.810752
10101.7157,9.03130000000056,1,4.817888
10109.6468,7.93109999999979,1,4.8128
10118.748,9.10119999999915,1,4.815872
10126.6932,7.94520000000011,1,4.826112
10134.6555,7.96230000000105,1,4.818944
10143.6402,8.98469999999907,1,4.816896
10151.6977,8.0575000000008,1,4.822016
10159.6203,7.92259999999987,1,4.811776
10168.6458,9.02549999999974,1,4.819968
10176.7846,8.13880000000063,1,4.83328
10184.7264,7.94179999999869,1,4.815872
10192.7595,8.03310000000056,1,4.814848
10201.637,8.87750000000051,1,4.819968
10209.6508,8.01379999999881,1,4.818944
10218.6502,8.99940000000061,1,5.069824
10226.6303,7.98010000000068,1,4.825088
10234.6102,7.97989999999845,1,4.824064
10243.6075,8.99730000000091,1,4.819968
10251.6757,8.06819999999971,1,5.065728
10259.6377,7.96199999999953,1,4.8128
10268.6327,8.9950000000008,1,4.816896
10276.6272,7.9945000000007,1,4.822016
10284.6462,8.01899999999841,1,4.8128
10293.6962,9.05000000000109,1,4.820992
10301.6293,7.93310000000019,1,4.825088
10309.6677,8.03839999999946,1,4.813824
10317.6507,7.98300000000017,1,4.80768
10326.6632,9.01250000000073,1,4.818944
10334.6112,7.9479999999985,1,4.814848
10343.6493,9.03809999999976,1,4.80768
10351.785,8.13570000000072,1,4.814848
10359.6644,7.87939999999981,1,4.827136
10368.6148,8.95039999999972,1,4.819968
10376.6181,8.00330000000031,1,4.808704
10384.6387,8.02059999999983,1,4.809728
10394.1306,9.4919000000009,1,4.815872
10401.1792,7.04860000000008,1,4.836352
10409.6459,8.46669999999904,1,4.810752
10418.691,9.04510000000118,1,4.806656
10426.6419,7.95089999999982,1,4.826112
10434.6679,8.02599999999984,1,4.810752
10442.6308,7.96290000000045,1,4.815872
10451.699,9.06819999999971,1,4.813824
10459.6357,7.9367000000002,1,4.8128
10468.7097,9.0739999999987,1,4.804608
10476.6981,7.98840000000018,1,4.822016
10484.7071,8.00900000000001,1,4.963328
10492.6365,7.9294000000009,1,4.808704
10501.7119,9.07539999999972,1,4.796416
10509.6438,7.93189999999959,1,4.795392
10518.7635,9.11969999999928,1,4.794368
10526.7983,8.03480000000127,1,4.825088
10534.8361,8.03780000000006,1,4.810752
10542.8177,7.98159999999916,1,4.809728
10551.7829,8.96520000000055,1,4.827136
10559.7576,7.97470000000067,1,4.814848
10567.6607,7.90309999999954,1,4.815872
10576.6529,8.99219999999877,1,4.8128
10584.7034,8.05050000000119,1,4.825088
10592.7034,8,1,4.822016
10601.6795,8.97609999999986,1,4.82304
10609.6519,7.97240000000056,1,4.83328
10618.681,9.02909999999974,1,4.815872
10626.8167,8.13569999999891,1,4.839424
10634.6546,7.83790000000045,1,4.835328
10643.7308,9.07619999999952,1,4.82304
10651.6839,7.95310000000063,1,4.847616
10659.7395,8.05559999999969,1,4.827136
10667.6497,7.91020000000026,1,4.835328
10676.6479,8.9982,1,4.81792
10684.6948,8.04689999999937,1,4.811776
10692.7643,8.06950000000143,1,4.819968
10701.7842,9.01989999999932,1,4.814848
10709.7208,7.93659999999909,1,4.82304
10717.7293,8.00850000000173,1,4.8128
10726.7036,8.97429999999986,1,4.825088
10734.6581,7.95449999999983,1,4.829184
10743.7167,9.0586000000003,1,4.815872
10751.7371,8.02039999999943,1,4.830208
10759.6491,7.91200000000026,1,4.819968
10768.6957,9.04659999999967,1,4.813824
10776.6702,7.97450000000026,1,4.841472
10784.6918,8.02160000000003,1,4.8128
10792.6689,7.97710000000006,1,4.820992
10801.7433,9.07439999999951,1,4.830208
10809.7269,7.98359999999957,1,4.827136
10817.7108,7.98390000000109,1,4.820992
10826.6822,8.97139999999854,1,4.825088
10834.6565,7.97429999999986,1,4.829184
10843.6309,8.97440000000097,1,4.813824
10851.8127,8.18180000000029,1,4.824064
10859.6431,7.83039999999892,1,4.82304
10868.7649,9.1218000000008,1,4.811776
10876.6964,7.9315000000006,1,4.837376
10884.692,7.99559999999838,1,4.943872
10892.7712,8.07920000000013,1,4.814848
10901.6493,8.8780999999999,1,4.826112
10909.7725,8.1232,1,4.811776
10917.707,7.93450000000121,1,4.829184
10926.8094,9.10239999999976,1,4.809728
10934.7168,7.90740000000005,1,4.820992
10942.7238,8.00699999999961,1,4.827136
10951.6879,8.96410000000105,1,4.820992
10959.7267,8.03879999999845,1,4.83328
10967.6502,7.92350000000079,1,4.827136
10976.7274,9.07719999999972,1,4.818944
10984.6791,7.95169999999962,1,4.829184
10992.6992,8.02009999999973,1,4.818944
11001.695,8.9958000000006,1,4.82304
11009.6692,7.97420000000056,1,4.81792
11017.6921,8.02289999999994,1,4.813824
11026.7186,9.02649999999994,1,4.822016
11034.7003,7.98170000000027,1,4.819968
11042.6873,7.98699999999917,1,4.82304
11051.7127,9.02540000000045,1,4.813824
11059.7191,8.00640000000021,1,4.822016
11067.6483,7.92920000000049,1,4.820992
11076.7503,9.10199999999895,1,4.816896
11084.6873,7.9369999999999,1,4.830208
11092.6477,7.96039999999994,1,4.829184
11101.7244,9.07669999999962,1,4.822016
11109.6571,7.9327000000012,1,4.835328
11118.7134,9.05630000000019,1,4.825088
11126.6394,7.92599999999948,1,4.83328
11134.6746,8.03520000000026,1,4.805632
11142.71,8.03539999999884,1,4.814848
11151.753,9.04300000000148,1,4.815872
11159.6568,7.90380000000005,1,4.820992
11168.6997,9.04289999999855,1,4.811776
11176.6989,7.9992000000002,1,4.822016
11184.7033,8.00439999999981,1,4.80768
11192.7655,8.0622000000003,1,4.826112
11201.6719,8.90639999999985,1,4.827136
11209.6612,7.98930000000109,1,4.808704
11218.66,8.99879999999939,1,4.811776
11226.685,8.02499999999964,1,4.82816
11234.6323,7.94729999999981,1,4.818944
11243.677,9.04470000000038,1,4.809728
11251.6774,8.00040000000081,1,4.814848
11259.6746,7.99719999999979,1,4.819968
11267.638,7.96340000000055,1,4.808704
11276.6498,9.0117999999984,1,4.804608
11284.673,8.02320000000145,1,4.806656
11292.6595,7.98649999999907,1,4.816896
11301.6606,9.0010999999995,1,4.8128
11309.7589,8.09830000000147,1,4.811776
11317.6819,7.92299999999886,1,4.815872
11326.6839,9.00200000000041,1,4.829184
11334.7193,8.03540000000066,1,4.809728
11342.6476,7.92829999999958,1,4.808704
11351.8717,9.22409999999945,1,4.816896
11359.6687,7.79700000000048,1,4.829184
11367.6597,7.99099999999999,1,4.808704
11376.6892,9.02950000000055,1,4.814848
11384.7234,8.03420000000006,1,5.061632
11392.6645,7.94110000000001,1,4.811776
11401.1611,8.49659999999858,1,4.816896
11409.6574,8.4963000000007,1,4.818944
11418.7712,9.11379999999917,1,4.804608
11426.6892,7.91800000000148,1,4.82816
11434.6999,8.01069999999891,1,4.80768
11442.6479,7.94800000000032,1,4.809728
11451.7429,9.09499999999935,1,4.813824
11459.7866,8.04370000000017,1,4.822016
11467.7048,7.91820000000007,1,4.804608
11476.6539,8.94909999999982,1,4.81792
11484.6869,8.03300000000127,1,4.810752
11492.654,7.96709999999985,1,4.8128
11501.7326,9.07859999999891,1,4.8128
11509.71,7.97739999999976,1,4.809728
11517.7454,8.03540000000066,1,4.808704
11526.7911,9.04570000000058,1,4.809728
11534.7636,7.97249999999985,1,4.815872
11542.7487,7.98509999999987,1,4.809728
11551.7373,8.98860000000059,1,4.80768
11559.7128,7.97549999999865,1,4.829184
11567.6555,7.94270000000142,1,4.80768
11576.757,9.10149999999885,1,4.798464
11584.7146,7.95759999999973,1,4.809728
11592.7089,7.99430000000029,1,4.82304
11601.6852,8.97630000000026,1,4.820992
11609.7071,8.02189999999973,1,4.814848
11617.6981,7.99099999999999,1,4.820992
11626.7334,9.03529999999955,1,4.827136
11634.6622,7.9288000000015,1,4.819968
11643.7681,9.10589999999866,1,4.809728
11651.7348,7.96670000000086,1,4.831232
11659.6781,7.943299999999,1,4.829184
11667.676,7.9979000000003,1,4.814848
11676.6792,9.00320000000102,1,4.829184
11684.7358,8.05659999999989,1,4.809728
11692.6772,7.9413999999997,1,4.818944
11701.7502,9.07300000000032,1,4.815872
11709.7988,8.04860000000008,1,4.814848
11717.7451,7.94629999999961,1,4.804608
11726.6705,8.92540000000008,1,4.820992
11734.6664,7.99589999999989,1,4.810752
11742.6472,7.98079999999936,1,4.811776
11751.8464,9.19920000000093,1,4.800512
11759.723,7.8765999999996,1,4.81792
11767.6741,7.95110000000022,1,4.814848
11776.6858,9.01169999999911,1,4.8128
11784.7039,8.01810000000114,1,5.057536
11792.6436,7.93969999999899,1,4.810752
11801.6563,9.01270000000113,1,4.80256
11809.6778,8.02149999999892,1,4.80768
11817.7018,8.02400000000125,1,4.82304
11826.714,9.01219999999921,1,4.826112
11834.6605,7.94650000000001,1,4.809728
11843.6756,9.01510000000053,1,4.80768
11851.6788,8.0031999999992,1,4.810752
11859.7498,8.07099999999991,1,4.824064
11867.6694,7.91960000000108,1,4.818944
11876.7149,9.04550000000017,1,4.801536
11884.6827,7.96779999999853,1,4.80256
11892.7081,8.02540000000045,1,4.813824
11901.6845,8.97639999999956,1,4.816896
11909.8115,8.12700000000041,1,4.79744
11917.7503,7.9387999999999,1,4.796416
11926.8362,9.08590000000004,1,4.810752
11934.7088,7.8726000000006,1,4.822016
11942.7116,8.00280000000021,1,4.809728
11951.7368,9.02520000000004,1,4.814848
11959.662,7.92519999999968,1,4.826112
11968.6838,9.02180000000044,1,4.80768
11976.7246,8.04079999999885,1,4.810752
11984.7174,7.99279999999999,1,4.820992
11992.6675,7.95010000000002,1,4.810752
12001.7163,9.04880000000048,1,4.800512
12009.6577,7.9413999999997,1,4.80256
12018.7201,9.06240000000071,1,4.814848
12026.6622,7.94210000000021,1,4.825088
12034.7157,8.05349999999999,1,4.800512
12042.671,7.95529999999962,1,4.813824
12051.7702,9.09920000000056,1,4.80256
12059.6736,7.90339999999924,1,4.827136
12067.7277,8.05409999999938,1,4.7872
12076.6565,8.92879999999968,1,4.813824
12084.7991,8.14260000000104,1,4.806656
12092.6943,7.89519999999902,1,4.81792
12101.7207,9.02640000000065,1,4.82816
12109.7355,8.01480000000083,1,4.808704
12117.7451,8.00959999999941,1,5.07392
12126.7687,9.02360000000044,1,4.813824
12134.6624,7.89369999999872,1,4.814848
12143.6843,9.02190000000155,1,4.816896
12151.715,8.03069999999934,1,4.82816
12159.6537,7.93870000000061,1,4.820992
12168.6588,9.00509999999849,1,4.80768
12176.6708,8.01200000000063,1,4.814848
12184.7193,8.04850000000079,1,4.808704
12192.7012,7.98189999999886,1,4.814848
12201.723,9.02180000000044,1,4.801536
12209.6823,7.95930000000044,1,4.82304
12217.6961,8.01379999999881,1,4.801536
12226.6785,8.98240000000078,1,4.8128
12234.6549,7.97639999999956,1,4.811776
12243.6916,9.03670000000056,1,4.801536
12251.6902,7.99859999999899,1,4.811776
12259.6783,7.98810000000049,1,4.82304
12267.6485,7.97019999999975,1,4.810752
12276.6966,9.04809999999998,1,4.8128
12284.6895,7.9929000000011,1,4.808704
12292.6829,7.99339999999938,1,4.809728
12301.6311,8.94820000000072,1,4.803584
12309.7089,8.07779999999912,1,4.803584
12317.6661,7.95720000000074,1,4.808704
12326.6681,9.00200000000041,1,4.81792
12334.6688,8.00069999999869,1,4.814848
12342.6475,7.97869999999966,1,4.806656
12351.771,9.12350000000151,1,4.8128
12359.6714,7.90039999999863,1,4.819968
12367.7115,8.04010000000017,1,4.801536
12376.6801,8.96860000000015,1,4.820992
12384.7364,8.05630000000019,1,4.801536
12392.6702,7.9338000000007,1,4.815872
12401.1929,8.52269999999953,1,4.810752
12409.6724,8.47949999999946,1,4.798464
12417.7464,8.07400000000052,1,4.806656
12426.7025,8.95609999999942,1,4.822016
12434.7703,8.06780000000072,1,4.809728
12442.6898,7.91949999999997,1,4.813824
12451.745,9.0552000000007,1,4.80256
12459.7885,8.04349999999977,1,4.816896
12467.8041,8.01559999999881,1,4.805632
12476.6929,8.88880000000063,1,4.806656
12484.7384,8.04550000000017,1,4.815872
12492.7144,7.97600000000057,1,4.818944
12501.71,8.99559999999838,1,4.800512
12509.7295,8.01950000000033,1,4.811776
12517.7227,7.9932000000008,1,4.804608
12526.7545,9.03179999999884,1,4.806656
12534.7151,7.96060000000034,1,4.811776
12542.7669,8.05180000000109,1,4.79744
12551.7191,8.95219999999972,1,4.81792
12559.7376,8.01850000000013,1,4.825088
12567.6795,7.94189999999981,1,4.806656
12576.7442,9.06469999999899,1,4.808704
12584.8136,8.06940000000031,1,4.804608
12592.7303,7.91669999999976,1,4.818944
12601.7133,8.98300000000017,1,4.825088
12609.7002,7.98689999999988,1,4.809728
12617.7293,8.02910000000156,1,4.799488
12626.7162,8.98689999999988,1,4.816896
12634.6651,7.94889999999941,1,4.811776
12643.7062,9.04110000000037,1,4.803584
12651.7837,8.07749999999942,1,4.83328
12659.6899,7.90619999999944,1,4.819968
12667.6872,7.99730000000091,1,4.814848
12676.6823,8.99510000000009,1,4.809728
12684.7592,8.07690000000002,1,4.800512
12692.6879,7.92870000000039,1,4.814848
12701.7827,9.09479999999894,1,4.814848
12709.8247,8.04199999999946,1,4.829184
12717.7961,7.97140000000036,1,4.814848
12726.7361,8.94000000000051,1,4.824064
12734.6933,7.95720000000074,1,4.809728
12742.6768,7.98349999999846,1,4.814848
12751.7816,9.10480000000098,1,4.815872
12759.7211,7.93950000000041,1,4.819968
12767.7245,8.0033999999996,1,4.805632
12776.7089,8.98439999999937,1,4.819968
12784.725,8.01610000000073,1,4.809728
12792.8439,8.11889999999948,1,4.816896
12801.7011,8.85720000000038,1,4.805632
12809.7254,8.02429999999913,1,4.809728
12817.7623,8.03690000000097,1,4.804608
12826.7109,8.94859999999971,1,4.825088
12834.6896,7.97869999999966,1,4.814848
12842.6922,8.0025999999998,1,4.801536
12851.706,9.01380000000063,1,4.95616
12859.8008,8.09480000000076,1,4.814848
12867.7201,7.91929999999957,1,4.814848
12876.7708,9.05069999999978,1,4.80768
12884.7115,7.9406999999992,1,4.804608
12892.7167,8.00520000000142,1,4.80768
12901.6734,8.95669999999882,1,4.806656
12909.7179,8.04449999999997,1,4.80768
12917.7182,8.0002999999997,1,4.811776
12926.7569,9.03870000000097,1,4.822016
12934.8688,8.11189999999988,1,4.819968
12942.7259,7.85709999999926,1,4.808704
12951.7432,9.01730000000134,1,4.80256
12959.6986,7.95539999999892,1,4.816896
12967.6784,7.97980000000098,1,4.801536
12976.7391,9.0607,1,4.8128
12984.7326,7.99349999999868,1,4.80768
12992.7059,7.97330000000147,1,4.822016
13001.7517,9.04579999999987,1,4.806656
13009.6799,7.92819999999847,1,4.80256
13017.7504,8.07050000000163,1,5.057536
13026.7292,8.97879999999896,1,4.800512
13034.7079,7.97869999999966,1,4.805632
13042.7069,7.9989999999998,1,4.80768
13051.7738,9.06690000000162,1,4.822016
13059.7068,7.93299999999908,1,4.814848
13067.6943,7.98749999999927,1,4.799488
13076.7457,9.05140000000029,1,4.809728
13084.7438,7.9981000000007,1,4.803584
13092.8174,8.07359999999971,1,4.813824
13101.767,8.94959999999992,1,4.811776
13109.6921,7.92510000000038,1,4.827136
13117.7137,8.02160000000003,1,4.803584
13126.6773,8.96359999999913,1,4.825088
13134.6778,8.0005000000001,1,4.81792
13142.68,8.00220000000081,1,4.81792
13151.7592,9.07920000000013,1,4.806656
13159.7047,7.94549999999981,1,4.813824
13167.687,7.98229999999967,1,4.801536
13176.7305,9.04349999999977,1,4.816896
13184.7538,8.02330000000075,1,4.806656
13192.7188,7.96500000000015,1,4.809728
13201.6844,8.96559999999954,1,4.808704
13209.7349,8.05049999999937,1,4.80768
13217.723,7.98810000000049,1,4.811776
13226.8752,9.15220000000045,1,4.819968
13234.8646,7.98940000000039,1,4.809728
13242.7503,7.88569999999891,1,4.79744
13251.7638,9.01350000000093,1,4.801536
13259.7034,7.9395999999997,1,4.827136
13267.6719,7.96849999999904,1,4.80768
13276.7074,9.03549999999996,1,4.806656
13284.8171,8.10970000000088,1,4.799488
13292.7022,7.88509999999951,1,4.82304
13301.7272,9.02499999999964,1,4.813824
13309.7841,8.05690000000141,1,4.811776
13317.8039,8.01980000000003,1,4.80256
13326.7628,8.95889999999963,1,4.82304
13334.7235,7.96069999999963,1,4.814848
13342.6823,7.95880000000034,1,4.804608
13351.8324,9.15009999999893,1,4.80256
13359.7053,7.8729000000003,1,4.82304
13367.6994,7.99409999999989,1,4.794368
13376.7539,9.05450000000019,1,4.80768
13384.7709,8.01699999999983,1,4.809728
13392.7106,7.93970000000081,1,4.818944
13401.24,8.52939999999944,1,4.80768
13409.7001,8.46010000000024,1,4.806656
13417.7968,8.09670000000006,1,4.803584
13426.7253,8.92849999999999,1,4.822016
13434.8201,8.09480000000076,1,4.800512
13442.7053,7.8851999999988,1,4.810752
13451.7683,9.0630000000001,1,4.813824
13459.7768,8.00849999999991,1,4.820992
13467.7123,7.93549999999959,1,4.806656
13476.7795,9.06720000000132,1,4.813824
13484.744,7.96450000000004,1,4.818944
13492.6904,7.9463999999989,1,4.819968
13501.7407,9.05030000000079,1,4.8128
13509.7422,8.00150000000031,1,4.81792
13517.7343,7.99209999999948,1,4.811776
13526.7175,8.98320000000058,1,4.829184
13534.7066,7.98909999999887,1,4.814848
13542.7692,8.06260000000111,1,4.81792
13551.7849,9.01569999999992,1,4.816896
13559.7633,7.97839999999997,1,4.824064
13567.7028,7.93949999999859,1,4.80768
13576.7315,9.02870000000075,1,4.800512
13584.7465,8.01499999999942,1,4.80768
13592.7763,8.02980000000025,1,4.803584
13601.7137,8.93740000000071,1,4.818944
13609.7374,8.02369999999974,1,4.805632
13617.728,7.99059999999918,1,4.800512
13626.8198,9.09180000000015,1,4.816896
13634.7076,7.88780000000042,1,4.810752
13642.7501,8.04249999999956,1,4.822016
13651.8269,9.07680000000073,1,4.811776
13659.7523,7.92540000000008,1,4.82816
13667.7817,8.02939999999944,1,4.825088
13676.7012,8.91949999999997,1,4.811776
13684.7743,8.07309999999961,1,4.806656
13692.7176,7.94330000000082,1,4.819968
13701.7998,9.08220000000074,1,4.811776
13709.8376,8.03780000000006,1,4.806656
13717.8222,7.98459999999977,1,4.809728
13726.7283,8.90610000000015,1,4.81792
13734.7229,7.99459999999999,1,4.805632
13742.6988,7.97589999999946,1,4.813824
13751.8017,9.10289999999986,1,4.804608
13759.7179,7.91619999999966,1,4.822016
13767.7537,8.03579999999965,1,4.810752
13776.7353,8.98160000000098,1,4.825088
13784.7959,8.06059999999889,1,4.798464
13792.7113,7.91540000000168,1,4.816896
13801.7562,9.04489999999896,1,4.801536
13809.7207,7.96450000000004,1,4.811776
13817.8263,8.10560000000078,1,4.809728
13826.7737,8.94739999999911,1,4.822016
13834.7136,7.9398999999994,1,4.808704
13842.7944,8.08080000000155,1,4.811776
13851.7877,8.99330000000009,1,4.80256
13859.7681,7.98039999999855,1,4.818944
13867.8062,8.03810000000158,1,4.809728
13876.7618,8.95559999999932,1,4.805632
13884.7552,7.99339999999938,1,4.815872
13892.7844,8.02920000000086,1,4.806656
13901.712,8.92759999999907,1,4.80768
13909.759,8.04700000000048,1,4.813824
13917.753,7.9940000000006,1,4.803584
13926.8011,9.04809999999998,1,4.80768
13934.7399,7.9387999999999,1,4.814848
13942.8905,8.15059999999903,1,4.811776
13951.8147,8.92420000000129,1,4.803584
13959.8279,8.01319999999942,1,4.816896
13967.7187,7.89079999999922,1,4.805632
13976.7653,9.04659999999967,1,4.805632
13984.7427,7.97740000000158,1,4.801536
13992.7392,7.99649999999929,1,4.814848
14001.8289,9.08970000000045,1,4.810752
14009.7612,7.9323000000004,1,4.826112
14017.7636,8.0023999999994,1,4.805632
14026.7303,8.96669999999904,1,4.82304
14034.7775,8.04720000000088,1,4.818944
14042.7389,7.96140000000014,1,4.809728
14051.7485,9.00959999999941,1,4.831232
14059.7493,8.0007999999998,1,4.81792
14067.6772,7.92790000000059,1,4.81792
14076.7204,9.04320000000007,1,4.818944
14084.79,8.06960000000072,1,4.814848
14092.7853,7.99529999999868,1,4.80256
14101.7943,9.00900000000001,1,4.816896
14109.7542,7.95989999999983,1,4.815872
14117.8103,8.05609999999979,1,4.800512
14126.756,8.94570000000022,1,4.814848
14134.7408,7.98480000000018,1,4.811776
14142.7058,7.96500000000015,1,4.813824
14151.8678,9.16200000000026,1,4.811776
14159.7453,7.87750000000051,1,4.822016
14167.7367,7.99139999999898,1,4.808704
14176.7,8.96330000000125,1,4.810752
14184.7922,8.09219999999914,1,4.8128
14192.6994,7.90719999999965,1,4.816896
14201.7282,9.02880000000005,1,4.80768
14209.6918,7.96360000000095,1,4.810752
14217.8262,8.134399999999,1,4.811776
14226.7733,8.94710000000123,1,4.8128
14234.7042,7.93089999999938,1,4.809728
14242.8131,8.10889999999927,1,4.815872
14251.7683,8.95520000000033,1,4.800512
14259.7367,7.96839999999975,1,4.827136
14267.6966,7.95989999999983,1,4.814848
14276.7036,9.00700000000143,1,4.809728
14284.7303,8.02669999999853,1,4.808704
14292.7266,7.9963000000007,1,4.822016
14301.7213,8.99469999999928,1,4.815872
14309.7348,8.01350000000093,1,4.809728
14317.7459,8.01109999999971,1,4.811776
14326.78,9.03410000000076,1,4.822016
14334.7055,7.92549999999937,1,4.822016
14342.7167,8.01120000000083,1,4.814848
14351.7323,9.01559999999881,1,4.81792
14359.7399,8.00760000000082,1,4.837376
14367.6957,7.95579999999973,1,4.810752
14376.8073,9.11160000000018,1,4.811776
14384.8855,8.07819999999992,1,4.822016
14392.7302,7.84469999999965,1,4.822016
14401.2323,8.5020999999997,1,4.808704
14410.7278,9.4955000000009,1,4.808704
14417.7705,7.04269999999997,1,4.826112
14426.7287,8.95819999999912,1,4.819968
14434.7903,8.06160000000091,1,4.813824
14442.7257,7.9354000000003,1,4.816896
14451.8339,9.10819999999876,1,4.808704
14459.7314,7.89750000000095,1,4.818944
14467.7533,8.02189999999973,1,4.8128
14476.7149,8.96160000000054,1,4.80256
14484.7798,8.0648999999994,1,4.806656
14492.7653,7.98549999999886,1,4.815872
14501.7887,9.02340000000004,1,4.814848
14509.7271,7.93840000000091,1,4.809728
14517.7967,8.06960000000072,1,4.80256
14526.8246,9.02789999999914,1,4.82304
14534.8665,8.04190000000017,1,4.810752
14543.0098,8.14329999999973,1,4.811776
14550.8548,7.84499999999935,1,4.816896
14559.7929,8.93810000000121,1,4.799488
14567.7436,7.95069999999942,1,4.814848
14576.7393,8.99569999999949,1,4.810752
14584.7627,8.02340000000004,1,4.815872
14592.8039,8.04120000000148,1,4.832256
14601.8175,9.01359999999841,1,4.825088
14609.7634,7.94590000000062,1,4.826112
14617.7734,8.01000000000022,1,4.80768
14626.798,9.02460000000065,1,4.816896
14634.726,7.92799999999988,1,4.81792
14642.8204,8.09439999999995,1,4.813824
14651.7502,8.92979999999989,1,4.830208
14659.839,8.08879999999954,1,4.824064
14667.7348,7.89580000000024,1,4.825088
14676.7593,9.02449999999953,1,4.816896
14684.8584,8.09909999999945,1,4.814848
14692.735,7.87660000000142,1,4.827136
14701.7551,9.02009999999973,1,4.815872
14710.2651,8.51000000000022,1,4.815872
14717.851,7.58590000000004,1,4.826112
14726.9523,9.10130000000026,1,4.816896
14734.9515,7.99919999999838,1,4.825088
14743.0494,8.09790000000066,1,4.809728
14750.9997,7.95030000000042,1,4.815872
14759.9882,8.98849999999948,1,4.825088
14767.9816,7.99339999999938,1,4.808704
14777.2091,9.22750000000087,1,4.808704
14784.9139,7.70479999999952,1,4.824064
14792.7199,7.80600000000049,1,4.82304
14801.7558,9.03590000000077,1,4.810752
14809.7853,8.02949999999873,1,4.816896
14817.776,7.99070000000029,1,4.81792
14826.8739,9.09790000000066,1,4.824064
14834.771,7.89710000000014,1,4.82304
14842.776,8.0049999999992,1,4.822016
14851.7765,9.0005000000001,1,4.811776
14859.7313,7.95479999999952,1,4.82816
14867.7409,8.00960000000123,1,4.811776
14876.7696,9.02869999999893,1,4.830208
14884.8005,8.03089999999975,1,4.814848
14892.8177,8.01720000000023,1,4.813824
14901.762,8.94430000000102,1,4.82816
14909.7924,8.03039999999964,1,4.813824
14917.7503,7.95789999999943,1,4.816896
14926.7652,9.01490000000013,1,4.825088
14934.7894,8.02419999999984,1,4.816896
14942.7866,7.99719999999979,1,4.82304
14951.7712,8.98459999999977,1,4.813824
14959.8025,8.03130000000056,1,4.831232
14967.7246,7.92209999999977,1,4.810752
14976.8226,9.09799999999996,1,4.811776
14984.8317,8.00910000000113,1,4.815872
14992.8056,7.97389999999905,1,4.8128
15001.7304,8.92480000000069,1,4.835328
15009.7188,7.98840000000018,1,4.819968
15017.7417,8.02289999999994,1,4.816896
15026.7314,8.98970000000008,1,4.837376
15034.7786,8.04719999999907,1,4.814848
15042.7258,7.94720000000052,1,4.829184
15051.8582,9.13240000000042,1,4.822016
15059.8101,7.95190000000002,1,4.825088
15067.7464,7.93629999999939,1,4.832256
15076.7584,9.01200000000063,1,4.827136
15084.7699,8.0114999999987,1,4.836352
15092.726,7.95610000000124,1,4.822016
15101.8271,9.10109999999986,1,4.811776
15109.7603,7.93319999999949,1,4.830208
15117.8027,8.04240000000027,1,4.819968
15126.7921,8.98940000000039,1,4.820992
15134.7685,7.97639999999956,1,4.819968
15142.7586,7.99009999999907,1,4.815872
15151.787,9.02840000000106,1,4.831232
15159.7337,7.94670000000042,1,4.826112
15167.7976,8.06389999999919,1,4.8128
15176.7779,8.98029999999926,1,4.818944
15184.7782,8.00030000000152,1,4.943872
15192.7788,8.00059999999939,1,4.816896
15201.7511,8.97229999999945,1,4.800512
15209.7361,7.98500000000058,1,4.814848
15217.7899,8.05379999999968,1,4.806656
15226.7302,8.94030000000021,1,4.820992
15234.7405,8.01029999999992,1,4.8128
15242.7437,8.00320000000102,1,4.809728
15251.7754,9.03169999999955,1,4.94592
15259.7597,7.98430000000008,1,4.816896
15267.7298,7.97009999999864,1,4.8128
15276.7518,9.02200000000084,1,4.815872
15284.7452,7.99339999999938,1,4.808704
15292.6993,7.95410000000084,1,4.816896
15301.7172,9.01789999999892,1,4.801536
15309.7798,8.06260000000111,1,4.81792
15317.7438,7.96399999999994,1,4.80768
15326.7378,8.9940000000006,1,4.824064
15334.7084,7.97059999999874,1,4.818944
15342.7871,8.07870000000003,1,4.810752
15351.8833,9.09619999999995,1,4.81792
15359.7351,7.85180000000037,1,4.824064
15367.7751,8.04000000000087,1,4.811776
15376.7336,8.95849999999882,1,4.813824
15384.9055,8.17190000000119,1,4.803584
15392.7501,7.84459999999854,1,4.82304
15401.2602,8.51010000000133,1,4.813824
15409.7337,8.47350000000006,1,4.8128
15417.7838,8.05009999999857,1,4.808704
15426.7644,8.98060000000078,1,4.815872
15434.7755,8.01109999999971,1,4.81792
15442.7737,7.9982,1,4.808704
15451.8143,9.04060000000027,1,4.814848
15459.7543,7.94000000000051,1,4.80768
15467.7674,8.01310000000012,1,4.801536
15476.739,8.97159999999894,1,4.815872
15484.7894,8.05040000000008,1,4.80768
15492.7371,7.94770000000062,1,4.824064
15501.9203,9.18319999999949,1,4.816896
15509.7712,7.85089999999946,1,4.824064
15517.872,8.10080000000016,1,4.809728
15526.8965,9.02450000000135,1,4.82304
15534.8407,7.94419999999991,1,4.804608
15542.9254,8.08469999999943,1,4.811776
15551.8533,8.92790000000059,1,4.82304
15559.8255,7.97220000000016,1,4.82304
15567.7462,7.92069999999876,1,4.8128
15576.7688,9.02260000000024,1,4.799488
15584.773,8.0041999999994,1,4.810752
15592.7856,8.01260000000002,1,4.814848
15601.7393,8.95370000000003,1,4.8128
15609.8379,8.09860000000117,1,4.805632
15617.7864,7.94850000000042,1,4.815872
15626.8069,9.02049999999872,1,4.827136
15634.7364,7.92950000000019,1,4.814848
15642.764,8.02759999999944,1,4.810752
15651.8058,9.04180000000088,1,4.810752
15659.7461,7.94030000000021,1,4.826112
15667.7484,8.0023000000001,1,4.806656
15676.7592,9.01080000000002,1,4.82816
15684.8264,8.0671999999995,1,4.805632
15692.7451,7.91870000000017,1,4.822016
15701.8036,9.05849999999919,1,4.8128
15709.8829,8.07930000000124,1,4.811776
15717.8316,7.94869999999901,1,4.8128
15726.8171,8.98550000000068,1,4.820992
15734.7926,7.97550000000047,1,4.81792
15742.7474,7.95479999999952,1,4.810752
15751.8426,9.09519999999975,1,4.80256
15759.746,7.90339999999924,1,4.824064
15767.7529,8.00690000000031,1,4.809728
15776.8211,9.06819999999971,1,4.804608
15784.8184,7.99730000000091,1,4.80768
15792.7901,7.97170000000006,1,4.820992
15801.7708,8.98070000000007,1,4.811776
15809.7658,7.99499999999898,1,4.808704
15817.7723,8.00650000000132,1,5.062656
15826.8189,9.04659999999967,1,4.813824
15834.7643,7.94540000000052,1,4.824064
15842.7766,8.0122999999985,1,4.80768
15851.7669,8.9903000000013,1,4.80768
15859.8264,8.05949999999939,1,4.8128
15867.749,7.92259999999987,1,4.809728
15876.7934,9.04440000000068,1,4.80256
15884.8531,8.05969999999979,1,4.80256
15892.7766,7.92349999999897,1,4.820992
15901.7851,9.00849999999991,1,4.824064
15909.7433,7.95820000000094,1,4.811776
15917.803,8.05969999999979,1,4.804608
15926.7423,8.9393,1,4.827136
15934.7441,8.0018,1,4.80768
15942.769,8.02490000000034,1,4.806656
15951.8275,9.05849999999919,1,4.822016
15959.7498,7.92230000000018,1,4.826112
15967.9025,8.15270000000055,1,4.806656
15976.8169,8.91439999999966,1,4.804608
15984.9412,8.12429999999949,1,4.805632
15992.7617,7.82049999999981,1,4.820992
16001.8369,9.07520000000113,1,4.79744
16009.7492,7.91229999999996,1,4.827136
16017.8199,8.07070000000022,1,4.793344
16026.7749,8.95499999999993,1,4.818944
16034.753,7.97810000000027,1,4.80768
16042.729,7.97599999999875,1,4.811776
16051.8161,9.08710000000065,1,4.814848
16059.7635,7.94739999999911,1,4.822016
16067.8075,8.04400000000169,1,4.8128
16076.8021,8.99459999999999,1,4.825088
16084.8192,8.01709999999912,1,4.809728
16092.8454,8.02620000000024,1,4.814848
16101.7963,8.95089999999982,1,4.808704
16109.8682,8.07190000000082,1,4.809728
16117.8433,7.97509999999966,1,4.801536
16126.8641,9.02080000000024,1,4.82304
16134.7597,7.89559999999983,1,4.81792
16142.7493,7.98959999999897,1,4.809728
16151.7716,9.02230000000054,1,4.808704
16159.8236,8.05199999999968,1,4.819968
16167.7538,7.9302000000007,1,4.820992
16176.7816,9.02779999999984,1,4.805632
16184.7946,8.01299999999901,1,4.808704
16192.7604,7.96579999999994,1,4.818944
16201.732,8.97160000000076,1,4.800512
16209.7435,8.01150000000052,1,4.8128
16217.7728,8.02930000000015,1,4.806656
16226.7681,8.99529999999868,1,4.819968
16234.7627,7.99459999999999,1,4.810752
16242.8994,8.13670000000093,1,4.799488
16251.9782,9.07879999999932,1,4.796416
16259.763,7.78480000000127,1,4.827136
16267.8051,8.04209999999875,1,4.80768
16276.7398,8.93469999999979,1,4.810752
16284.806,8.06620000000112,1,4.800512
16292.705,7.89899999999943,1,4.825088
16301.7575,9.05249999999978,1,4.810752
16309.751,7.99350000000049,1,4.814848
16317.7856,8.03459999999905,1,4.799488
16326.7882,9.00260000000162,1,4.813824
16334.79,8.0018,1,4.809728
16342.7452,7.95519999999851,1,4.805632
16351.8392,9.09400000000096,1,4.804608
16359.7559,7.91669999999976,1,4.820992
16367.7484,7.99250000000029,1,4.803584
16376.751,9.0025999999998,1,4.811776
16384.8184,8.06739999999991,1,4.80256
16392.7471,7.92870000000039,1,4.814848
16401.3614,8.61430000000109,1,4.8128
16408.7632,7.40179999999964,1,4.820992
16417.8305,9.0672999999988,1,4.800512
16426.7752,8.94470000000001,1,4.818944
16434.7769,8.00170000000071,1,4.8128
16442.7799,8.00300000000061,1,4.804608
16451.8514,9.0714999999982,1,4.79744
16459.8079,7.95650000000023,1,4.825088
16467.7861,7.97820000000138,1,4.805632
16476.8094,9.02329999999711,1,4.80768
16484.7925,7.98310000000129,1,5.066752
16492.7798,7.98730000000069,1,4.80768
16501.775,8.9952000000012,1,4.801536
16509.8258,8.05079999999725,1,4.805632
16517.8155,7.9897000000019,1,4.8128
16526.784,8.96849999999904,1,4.81792
16534.7699,7.98589999999967,1,4.804608
16542.8084,8.03850000000239,1,4.810752
16551.8113,9.0028999999995,1,4.80256
16559.8546,8.04329999999754,1,4.827136
16567.7808,7.9262000000017,1,4.825088
16576.8123,9.03150000000096,1,4.795392
16584.8511,8.03879999999845,1,4.799488
16592.771,7.91990000000078,1,4.811776
16601.7536,8.98259999999937,1,4.803584
16609.7558,8.00219999999899,1,4.806656
16617.8358,8.08000000000175,1,4.800512
16626.8559,9.02009999999791,1,4.826112
16634.8039,7.94800000000032,1,4.813824
16642.769,7.96510000000126,1,4.80768
16651.8193,9.05029999999897,1,4.952064
16659.7572,7.93790000000081,1,4.803584
16667.8352,8.07800000000134,1,4.804608
16676.7772,8.9419999999991,1,4.825088
16684.8495,8.07229999999981,1,4.799488
16692.7738,7.92429999999877,1,4.815872
16701.8726,9.09879999999976,1,4.806656
16709.8837,8.01109999999971,1,4.808704
16717.8671,7.98340000000098,1,4.82304
16726.7723,8.90520000000106,1,4.825088
16734.792,8.01970000000074,1,4.822016
16742.751,7.95899999999892,1,4.809728
16751.8914,9.14040000000023,1,4.818944
16759.7802,7.88880000000063,1,4.824064
16767.7774,7.99719999999797,1,4.816896
16776.8261,9.04869999999937,1,4.811776
16784.8571,8.03100000000268,1,4.805632
16792.9119,8.05479999999807,1,4.814848
16801.7783,8.86640000000261,1,4.801536
16809.789,8.01069999999891,1,4.816896
16817.7983,8.00929999999789,1,5.066752
16826.7267,8.92840000000069,1,4.804608
16834.7657,8.03900000000067,1,4.813824
16842.7744,8.0086999999985,1,4.80256
16851.8734,9.09900000000198,1,4.822016
16859.832,7.95859999999811,1,4.827136
16867.7708,7.9387999999999,1,4.80768
16876.7952,9.02440000000206,1,4.80768
16884.7899,7.99469999999928,1,4.801536
16892.8028,8.01290000000154,1,4.810752
16901.812,9.00920000000042,1,4.801536
16909.8119,7.99989999999889,1,4.801536
16917.8053,7.99339999999938,1,4.799488
16926.8108,9.0054999999993,1,4.819968
16934.7944,7.98359999999957,1,4.80768
16942.8003,8.00590000000011,1,4.799488
16951.8651,9.0648000000001,1,4.803584
16959.8108,7.94570000000022,1,4.822016
16967.8472,8.03640000000087,1,4.811776
16976.7946,8.94740000000093,1,4.806656
16984.809,8.01440000000002,1,4.800512
16992.7638,7.95479999999952,1,4.810752
17001.8862,9.1224000000002,1,4.81792
17009.7706,7.884399999999,1,4.82304
17017.835,8.0643999999993,1,4.804608
17026.775,8.94000000000233,1,4.813824
17034.7815,8.00649999999951,1,4.811776
17042.7639,7.98240000000078,1,4.808704
17051.8265,9.06259999999747,1,4.814848
17059.781,7.95449999999983,1,4.818944
17067.7928,8.01180000000022,1,4.811776
17076.819,9.02620000000024,1,4.811776
17084.8152,7.99620000000141,1,4.810752
17092.7648,7.94959999999992,1,4.825088
17101.7926,9.02779999999984,1,4.8128
17109.8442,8.05159999999887,1,4.804608
17117.8842,8.04000000000087,1,4.804608
17126.7789,8.89470000000074,1,4.827136
17134.7789,8,1,4.80768
17142.8118,8.03289999999834,1,4.803584
17151.8239,9.01209999999992,1,4.805632
17159.782,7.95809999999983,1,4.814848
17167.756,7.97400000000198,1,4.800512
17176.8113,9.05529999999999,1,4.801536
17184.8173,8.00599999999758,1,4.824064
17192.8038,7.98650000000271,1,4.800512
17201.7731,8.96929999999702,1,4.811776
17209.787,8.01390000000174,1,4.808704
17217.7888,8.00179999999818,1,4.803584
17226.8211,9.03230000000258,1,4.826112
17234.8183,7.99719999999797,1,4.810752
17242.7939,7.97560000000158,1,4.803584
17251.8323,9.03839999999764,1,4.820992
17259.7671,7.93480000000272,1,4.818944
17267.7586,7.99150000000009,1,4.810752
17276.7562,8.99759999999878,1,4.80768
17284.7985,8.04230000000098,1,4.809728
17292.7809,7.98240000000078,1,4.810752
17301.8341,9.05319999999847,1,4.809728
17309.7801,7.94599999999991,1,4.80768
17317.8175,8.03740000000107,1,4.80768
17326.7788,8.96129999999903,1,4.824064
17334.7799,8.00110000000132,1,4.810752
17342.7561,7.97619999999733,1,4.811776
17351.8904,9.13430000000153,1,4.804608
17359.8301,7.93969999999899,1,4.819968
17367.7733,7.94320000000153,1,4.80768
17376.8299,9.05659999999989,1,4.799488
17384.8466,8.01670000000013,1,5.057536
17392.9333,8.08669999999984,1,4.8128
17401.3041,8.3708000000006,1,4.805632
17410.31,9.00590000000011,1,4.811776
17417.8152,7.5051999999996,1,4.801536
17426.8005,8.98530000000028,1,4.82304
17434.7958,7.99529999999868,1,4.801536
17442.791,7.9952000000012,1,4.803584
17451.8331,9.04209999999875,1,4.810752
17459.8518,8.01870000000054,1,4.815872
17467.8009,7.949099999998,1,4.809728
17476.8279,9.02700000000186,1,4.818944
17484.8198,7.9919000000009,1,4.80768
17492.798,7.97819999999774,1,4.798464
17501.9253,9.1273000000001,1,4.8128
17509.8285,7.90320000000065,1,4.8128
17517.9292,8.10069999999905,1,4.806656
17526.8343,8.90509999999995,1,4.811776
17534.7518,7.91749999999956,1,4.810752
17542.7747,8.02290000000357,1,4.809728
17551.8341,9.05939999999828,1,4.811776
17559.8128,7.97869999999966,1,4.813824
17567.868,8.05519999999888,1,4.806656
17576.7992,8.93120000000272,1,4.820992
17584.8665,8.0672999999988,1,4.806656
17592.7875,7.92099999999846,1,4.818944
17601.8434,9.05590000000302,1,4.810752
17609.7798,7.93639999999868,1,4.810752
17617.8323,8.05249999999796,1,4.803584
17626.8928,9.06050000000323,1,4.824064
17634.862,7.96919999999955,1,4.811776
17642.8705,8.00849999999991,1,4.81792
17651.8586,8.98809999999867,1,4.804608
17659.7736,7.91500000000087,1,4.820992
17667.7847,8.01109999999971,1,4.810752
17676.8179,9.03319999999803,1,4.810752
17684.8509,8.03300000000309,1,4.804608
17692.8162,7.96529999999984,1,4.801536
17701.905,9.08879999999772,1,4.80768
17709.8608,7.95579999999973,1,4.824064
17717.8302,7.96940000000177,1,4.804608
17726.8464,9.01619999999821,1,4.815872
17734.7847,7.93830000000162,1,4.818944
17742.9725,8.1877999999997,1,4.803584
17751.9549,8.98240000000078,1,4.800512
17759.9577,8.00279999999839,1,4.835328
17767.9236,7.96589999999924,1,4.804608
17776.8223,8.89870000000155,1,4.831232
17784.9745,8.15220000000045,1,4.809728
17792.9301,7.95560000000114,1,4.824064
17801.8187,8.88859999999841,1,4.813824
17809.8074,7.9887000000017,1,4.805632
17817.8462,8.03879999999845,1,4.810752
17826.8144,8.96819999999934,1,4.81792
17834.8695,8.0551000000014,1,4.80768
17842.8121,7.94259999999849,1,4.801536
17851.8766,9.06450000000041,1,4.818944
17859.8103,7.93370000000141,1,4.82304
17867.8011,7.99079999999958,1,4.806656
17876.8008,8.9997000000003,1,4.804608
17884.8447,8.04390000000058,1,5.064704
17892.7875,7.94279999999708,1,4.811776
17901.9592,9.1717000000026,1,4.799488
17909.8133,7.85410000000047,1,4.82816
17917.8936,8.08029999999781,1,4.806656
17926.8041,8.91050000000178,1,4.811776
17934.9281,8.1239999999998,1,4.809728
17942.8342,7.90610000000015,1,4.79744
17951.8481,9.0138999999981,1,4.811776
17959.9497,8.10160000000178,1,4.8128
17967.8403,7.89059999999881,1,4.804608
17976.8693,9.02899999999863,1,4.824064
17984.8311,7.96180000000095,1,4.809728
17992.8466,8.01550000000134,1,4.820992
18001.9283,9.08169999999882,1,4.80768
18009.9305,8.00219999999899,1,4.814848
18017.9287,7.99820000000182,1,4.80768
18026.8275,8.89879999999903,1,4.827136
18034.7943,7.96680000000197,1,4.819968
18042.8013,8.00699999999779,1,4.814848
18051.8835,9.08220000000074,1,4.96128
18059.8513,7.96779999999853,1,4.79232
18067.7928,7.94150000000081,1,4.816896
18076.8611,9.068299999999,1,4.8128
18084.8773,8.01620000000185,1,4.804608
18092.8716,7.99429999999847,1,4.804608
18101.8586,8.98700000000099,1,4.814848
18109.8349,7.97630000000208,1,4.8128
18117.8982,8.06329999999798,1,4.808704
18126.9746,9.07640000000174,1,4.809728
18134.8098,7.83519999999771,1,4.824064
18142.8105,8.00070000000051,1,4.816896
18151.9839,9.17339999999967,1,4.806656
18159.892,7.90810000000056,1,4.822016
18167.8626,7.97060000000056,1,4.80768
18176.7889,8.92629999999917,1,4.813824
18184.9345,8.14559999999983,1,4.813824
18192.8154,7.88090000000011,1,4.824064
18201.8766,9.0612000000001,1,4.810752
18209.801,7.92439999999988,1,4.811776
18217.8672,8.06620000000112,1,5.072896
18226.7894,8.92220000000088,1,4.815872
18234.8353,8.04589999999735,1,4.816896
18242.7926,7.95730000000185,1,4.816896
18251.8828,9.09019999999873,1,4.810752
18259.7908,7.90799999999945,1,4.822016
18267.8033,8.01250000000073,1,4.815872
18276.8045,9.00119999999879,1,4.813824
18284.8484,8.04390000000058,1,4.81792
18292.7833,7.9349000000002,1,4.80768
18301.8147,9.03139999999985,1,4.8128
18309.8039,7.98919999999998,1,4.81792
18317.8587,8.05480000000171,1,4.816896
18326.8291,8.97039999999834,1,4.82304
18334.7795,7.95040000000154,1,4.809728
18342.9311,8.15160000000105,1,4.8128
18351.9374,9.00629999999728,1,4.819968
18359.7851,7.84770000000208,1,4.829184
18368.0931,8.30799999999726,1,4.800512
18375.9005,7.80740000000151,1,4.805632
18384.8829,8.98240000000078,1,4.803584
18392.8681,7.98519999999917,1,4.796416
18401.3087,8.44060000000172,1,4.818944
18410.3652,9.05649999999878,1,4.81792
18417.8642,7.4989999999998,1,4.819968
18426.8517,8.98749999999927,1,4.825088
18434.8783,8.02660000000105,1,4.80256
18442.8734,7.99510000000009,1,4.815872
18451.8291,8.95569999999861,1,4.82304
18459.9609,8.1317999999992,1,4.816896
18467.8239,7.86300000000119,1,4.822016
18476.9291,9.10520000000179,1,4.801536
18484.8861,7.95699999999852,1,4.815872
18492.8499,7.96380000000136,1,4.810752
18501.8723,9.02239999999802,1,4.806656
18509.8172,7.94490000000224,1,4.806656
18517.9302,8.11299999999756,1,4.8128
18526.8429,8.91270000000077,1,4.816896
18534.8853,8.04240000000209,1,4.809728
18542.8096,7.92429999999877,1,4.80768
18551.8549,9.04529999999795,1,4.810752
18559.8564,8.00150000000212,1,4.820992
18567.8553,7.99889999999868,1,4.818944
18576.9398,9.08450000000084,1,4.808704
18584.8837,7.94389999999839,1,4.816896
18593.0294,8.14570000000094,1,4.810752
18600.8737,7.84430000000066,1,4.80256
18609.7903,8.91660000000047,1,4.806656
18617.8545,8.06420000000071,1,4.799488
18626.8992,9.04469999999856,1,4.819968
18634.8552,7.95600000000195,1,4.819968
18642.8968,8.04159999999683,1,4.815872
18651.8911,8.99430000000211,1,4.829184
18660.0343,8.14319999999861,1,4.814848
18667.9231,7.88880000000063,1,4.825088
18676.8791,8.95599999999831,1,4.80768
18684.8893,8.01020000000062,1,4.825088
18692.8881,7.99880000000121,1,4.82304
18701.9675,9.07939999999871,1,4.811776
18709.8612,7.89370000000054,1,4.818944
18717.8537,7.99250000000029,1,4.813824
18726.9115,9.05779999999868,1,4.82304
18734.8138,7.90230000000156,1,4.827136
18742.9216,8.10780000000159,1,4.8128
18751.8778,8.9561999999969,1,4.825088
18759.8944,8.01660000000265,1,4.830208
18767.8617,7.96730000000025,1,4.806656
18776.8597,8.99799999999959,1,4.810752
18784.9868,8.12709999999788,1,4.810752
18792.8158,7.82900000000154,1,4.825088
18801.8727,9.05689999999959,1,4.810752
18809.8943,8.02160000000003,1,4.819968
18817.9149,8.02059999999983,1,4.815872
18826.8713,8.95639999999912,1,4.820992
18834.8235,7.95219999999972,1,4.818944
18842.808,7.9845000000023,1,4.814848
18851.94,9.13199999999779,1,4.814848
18859.8443,7.90430000000197,1,4.819968
18867.8796,8.03529999999955,1,4.809728
18876.8574,8.97780000000057,1,4.808704
18884.8765,8.01909999999771,1,4.806656
18892.8474,7.97090000000026,1,4.8128
18901.869,9.02160000000003,1,4.810752
18909.8573,7.98830000000089,1,4.80768
18917.9269,8.0695999999989,1,4.819968
18926.8657,8.9387999999999,1,4.826112
18934.8714,8.00570000000153,1,4.806656
18942.7853,7.91389999999956,1,4.825088
18951.9011,9.11579999999958,1,4.811776
18959.8816,7.98050000000148,1,4.820992
18967.8363,7.95469999999841,1,4.816896
18976.954,9.11770000000251,1,4.813824
18984.8617,7.90769999999975,1,4.805632
18992.9246,8.06289999999717,1,4.815872
19001.8507,8.92610000000059,1,4.826112
19009.8417,7.9910000000018,1,4.795392
19017.8542,8.01250000000073,1,4.80768
19026.9031,9.04889999999796,1,4.822016
19034.8574,7.95430000000124,1,4.80768
19042.8569,7.99949999999808,1,4.818944
19051.9531,9.09619999999995,1,4.8128
19059.8669,7.91380000000208,1,4.816896
19067.9004,8.03349999999773,1,4.813824
19076.8993,8.99890000000232,1,4.808704
19084.8608,7.96149999999761,1,4.819968
19092.8403,7.97950000000128,1,4.815872
19101.9169,9.07660000000033,1,4.814848
19109.8112,7.89429999999993,1,4.809728
19117.9007,8.08949999999822,1,4.811776
19126.8801,8.97940000000017,1,4.80768
19134.9524,8.07229999999981,1,4.811776
19142.8943,7.94190000000162,1,4.810752
19151.9391,9.04479999999967,1,4.808704
19159.8927,7.95360000000073,1,4.803584
19167.9514,8.05870000000141,1,4.810752
19176.8314,8.87999999999738,1,4.803584
19184.9752,8.14380000000165,1,4.810752
19192.8662,7.89099999999962,1,4.80256
19201.9405,9.07430000000022,1,4.810752
19209.9246,7.98409999999785,1,4.80768
19217.8449,7.92030000000159,1,4.798464
19226.9245,9.07960000000094,1,4.825088
19234.8284,7.90389999999752,1,4.826112
19242.8208,7.99240000000282,1,4.803584
19251.931,9.11019999999917,1,4.819968
19259.8524,7.92139999999927,1,4.814848
19267.8262,7.97379999999976,1,4.81792
19276.8096,8.98340000000098,1,4.8128
19284.832,8.02239999999802,1,4.803584
19292.782,7.95000000000073,1,4.808704
19301.8173,9.03529999999955,1,4.803584
19309.8721,8.05480000000171,1,4.816896
19317.8439,7.97179999999935,1,4.804608
19326.9286,9.08469999999943,1,4.818944
19334.8199,7.89129999999932,1,4.806656
19342.902,8.08209999999963,1,4.799488
19351.9655,9.0635000000002,1,4.800512
19359.898,7.93250000000262,1,4.82304
19367.973,8.07500000000073,1,4.816896
19376.913,8.93999999999869,1,4.819968
19384.9123,7.99929999999949,1,4.809728
19392.8282,7.91589999999997,1,4.811776
19401.3646,8.53640000000087,1,4.813824
19409.8361,8.47149999999965,1,4.816896
19417.8907,8.05459999999948,1,4.803584
19426.8406,8.94989999999962,1,4.820992
19434.8715,8.03090000000157,1,4.809728
19442.8317,7.96019999999771,1,4.806656
19451.8951,9.06340000000273,1,4.814848
19459.8251,7.92999999999665,1,4.822016
19467.8749,8.04980000000069,1,4.805632
19476.8685,8.99360000000161,1,4.809728
19484.9475,8.0789999999979,1,4.809728
19492.839,7.89150000000154,1,4.809728
19501.8858,9.04680000000008,1,4.819968
19509.8316,7.94580000000133,1,4.814848
19517.9084,8.07679999999891,1,4.806656
19526.9362,9.02779999999984,1,4.818944
19534.8373,7.90109999999913,1,4.816896
19542.8606,8.02330000000075,1,4.809728
19551.8834,9.02279999999882,1,4.814848
19559.8138,7.9304000000011,1,4.824064
19567.822,8.00820000000022,1,4.804608
19576.829,9.00700000000143,1,4.805632
19584.8983,8.0692999999992,1,4.80256
19592.8752,7.97689999999784,1,4.826112
19601.8469,8.97170000000187,1,4.813824
19609.8602,8.01329999999871,1,4.814848
19617.8598,7.99959999999919,1,4.805632
19626.8949,9.03510000000097,1,4.818944
19634.8213,7.92640000000029,1,4.813824
19642.8789,8.05760000000009,1,4.800512
19651.8619,8.98300000000017,1,4.815872
19659.8539,7.99199999999837,1,4.816896
19667.815,7.96110000000044,1,4.808704
19676.8515,9.03650000000198,1,4.800512
19684.8753,8.02379999999903,1,4.805632
19692.9077,8.03240000000005,1,4.8128
19701.9501,9.04239999999845,1,4.808704
19709.9619,8.01180000000022,1,4.799488
19717.9744,8.01250000000073,1,4.813824
19726.833,8.85859999999957,1,4.81792
19734.7787,7.94570000000022,1,4.806656
19742.8148,8.03610000000117,1,4.808704
19751.9614,9.14660000000003,1,4.799488
19759.8537,7.89229999999952,1,4.818944
19767.852,7.99829999999929,1,4.80768
19776.827,8.97500000000218,1,4.810752
19784.9267,8.09969999999885,1,5.061632
19792.8405,7.91379999999845,1,4.810752
19801.899,9.05850000000282,1,4