loaded count=22480361 degree=3 decode_ms=14582.8684 first_frame_ms=15746.3883
pose -48.8214111328125 -4.0667724609375 3586.75612233193 -48.8214111328125 -4.0667724609375 -10.4056396484375
interaction duration_ms=20019.864 accepted_presents=580 render_calls=580 fps=28.9712257785567
time_ms,interval_ms,accepted,gpu_diagnostic_ms
34.5845,34.5845,1,34.289664
68.9291,34.3446,1,33.948672
103.3954,34.4663,1,34.194432
137.9006,34.5052,1,33.942528
172.4535,34.5529,1,34.47296
206.7151,34.2616,1,33.952768
240.989,34.2739,1,33.98656
275.5173,34.5283,1,34.188288
310.0946,34.5773,1,34.267136
344.2982,34.2036,1,33.965056
378.8879,34.5897,1,34.248704
413.2231,34.3352,1,33.980416
447.7515,34.5284,1,34.27328
482.3368,34.5853,1,34.249728
516.623,34.2862000000001,1,34.01728
551.4691,34.8461,1,34.599936
585.9965,34.5273999999999,1,34.240512
620.4687,34.4722,1,33.970176
654.8794,34.4107,1,34.229248
689.2314,34.352,1,33.982464
723.5172,34.2858,1,34.200576
757.6163,34.0991,1,33.936384
791.8302,34.2139,1,33.885184
826.1939,34.3637,1,34.265088
860.2702,34.0763000000001,1,33.936384
894.5431,34.2728999999999,1,33.947648
929.1156,34.5725,1,34.253824
963.0789,33.9633,1,33.69472
997.3665,34.2876,1,33.937408
1031.3359,33.9694000000001,1,33.738752
1065.6503,34.3144,1,33.984512
1099.9029,34.2526,1,33.953792
1134.215,34.3120999999999,1,33.700864
1168.1987,33.9837,1,33.9968
1202.2071,34.0084000000002,1,33.695744
1236.4209,34.2138,1,33.953792
1270.874,34.4530999999999,1,34.270208
1305.0889,34.2148999999999,1,33.952768
1339.5062,34.4173000000001,1,34.224128
1373.6394,34.1332,1,33.9968
1407.8688,34.2293999999999,1,33.75616
1442.19,34.3212000000001,1,34.189312
1476.4649,34.2748999999999,1,34.055168
1510.9879,34.5230000000001,1,34.253824
1545.1433,34.1553999999999,1,33.983488
1579.3566,34.2133000000001,1,33.928192
1613.7035,34.3469,1,34.157568
1647.9401,34.2366,1,33.9712
1682.4113,34.4712,1,34.226176
1716.8056,34.3942999999999,1,34.231296
1750.9146,34.1090000000002,1,33.999872
1785.26,34.3453999999999,1,34.235392
1819.4704,34.2103999999999,1,33.970176
1853.8078,34.3374000000001,1,34.013184
1888.2259,34.4180999999999,1,34.239488
1922.3342,34.1083000000001,1,33.961984
1956.7399,34.4057,1,34.225152
1990.7853,34.0454,1,33.980416
2025.1043,34.319,1,33.906688
2059.7209,34.6165999999998,1,34.55488
2094.0266,34.3057000000003,1,34.021376
2128.1023,34.0756999999999,1,33.712128
2162.3888,34.2865000000002,1,33.969152
2196.3762,33.9874,1,33.70496
2230.3473,33.9710999999998,1,33.649664
2264.5586,34.2112999999999,1,33.937408
2298.568,34.0094000000004,1,33.69984
2332.8635,34.2954999999997,1,34.040832
2367.1521,34.2885999999999,1,33.762304
2401.349,34.1969000000004,1,34.081792
2435.9483,34.5992999999999,1,34.258944
2470.19,34.2417,1,33.990656
2504.5709,34.3809000000001,1,34.174976
2538.7875,34.2165999999997,1,33.970176
2573.204,34.4165000000003,1,34.250752
2607.2144,34.0103999999997,1,33.702912
2641.6455,34.4311000000002,1,34.272256
2676.1242,34.4787000000001,1,34.328576
2710.0235,33.8992999999996,1,33.68448
2744.5092,34.4857000000002,1,34.241536
2778.7889,34.2797,1,33.9712
2813.1565,34.3676,1,34.009088
2847.5452,34.3887,1,34.236416
2881.7901,34.2449000000001,1,33.979392
2916.0656,34.2754999999997,1,34.065408
2950.6575,34.5918999999999,1,34.147328
2984.6134,33.9559000000004,1,34.057216
3018.976,34.3625999999999,1,34.210816
3053.4002,34.4241999999999,1,34.24256
3087.5714,34.1711999999998,1,33.97632
3121.9815,34.4101000000001,1,34.269184
3156.0912,34.1097,1,33.964032
3190.826,34.7348000000002,1,34.54976
3224.9634,34.1374000000001,1,34.011136
3259.1767,34.2132999999999,1,33.999872
3293.4927,34.3159999999998,1,34.28352
3327.8322,34.3395,1,34.01728
3361.8908,34.0586000000003,1,33.737728
3396.3354,34.4445999999998,1,33.99168
3430.175,33.8396000000002,1,33.711104
3464.5328,34.3577999999998,1,33.990656
3499.0453,34.5125000000003,1,34.234368
3533.1449,34.0995999999996,1,33.788928
3567.6698,34.5249000000003,1,34.290688
3601.7413,34.0715,1,33.724416
3636.2712,34.5299,1,34.275328
3670.9172,34.6459999999997,1,34.292736
3705.2479,34.3307,1,33.987584
3739.7616,34.5137,1,34.26816
3773.9948,34.2332000000001,1,33.965056
3808.6549,34.6601000000001,1,34.144256
3843.0109,34.3560000000002,1,34.280448
3877.2922,34.2812999999996,1,33.974272
3911.8466,34.5544,1,34.22208
3946.6951,34.8485000000001,1,34.530304
3981.0156,34.3205000000003,1,34.009088
4015.5889,34.5733,1,34.3296
4049.9518,34.3628999999996,1,34.018304
4084.6759,34.7241000000004,1,34.315264
4119.1682,34.4922999999999,1,34.241536
4153.4052,34.2370000000001,1,33.938432
4187.9069,34.5016999999998,1,34.238464
4222.3066,34.3996999999999,1,33.998848
4256.5956,34.2889999999998,1,33.946624
4291.0617,34.4661000000006,1,34.2528
4325.6609,34.5991999999997,1,34.271232
4360.2173,34.5564000000004,1,34.296832
4394.7466,34.5293000000001,1,34.281472
4429.1242,34.3775999999998,1,34.009088
4463.7154,34.5911999999998,1,34.276352
4498.1053,34.3899000000001,1,33.9712
4532.4763,34.3710000000001,1,34.226176
4567.0651,34.5887999999995,1,34.19136
4601.5177,34.4526000000005,1,33.987584
4635.8765,34.3588,1,34.277376
4670.3814,34.5048999999999,1,34.251776
4704.686,34.3045999999995,1,33.968128
4739.4548,34.7688000000007,1,34.514944
4773.6029,34.1480999999994,1,33.974272
4807.8721,34.2691999999997,1,34.010112
4842.0518,34.1797000000006,1,33.885184
4876.2553,34.2034999999996,1,33.825792
4910.6387,34.3834000000006,1,34.223104
4944.7155,34.0767999999998,1,33.951744
4978.9894,34.2739000000001,1,33.973248
5013.5678,34.5783999999994,1,34.286592
5047.7467,34.1788999999999,1,34.136064
5082.4174,34.6707000000006,1,34.384896
5116.7631,34.3456999999999,1,34.141184
5151.3384,34.5752999999995,1,34.446336
5185.9112,34.5727999999999,1,34.374656
5220.1088,34.1976000000004,1,34.056192
5254.3408,34.232,1,34.057216
5288.55,34.2092000000002,1,34.097152
5322.9695,34.4195,1,34.066432
5357.4819,34.5123999999996,1,34.379776
5391.7435,34.2615999999998,1,34.074624
5426.4098,34.6663000000008,1,34.44224
5460.9776,34.5677999999998,1,34.340864
5495.7682,34.7906000000003,1,34.409472
5530.2193,34.4510999999993,1,34.154496
5564.6375,34.4182000000001,1,34.1248
5598.7775,34.1400000000003,1,33.828864
5633.2539,34.4763999999996,1,34.18112
5667.4665,34.2126000000007,1,33.93024
5701.8343,34.3678,1,34.067456
5736.2175,34.3831999999993,1,34.14016
5770.6844,34.4669000000004,1,34.148352
5805.2529,34.5685000000003,1,34.079744
5839.2666,34.0136999999995,1,33.865728
5874.1227,34.8561,1,34.368512
5908.5441,34.4214000000002,1,34.091008
5942.6837,34.1395999999995,1,33.898496
5977.2483,34.5646000000006,1,34.393088
6011.526,34.2776999999996,1,34.1248
6046.0863,34.5603000000001,1,34.387968
6080.651,34.5646999999999,1,34.390016
6114.873,34.2219999999998,1,34.086912
6149.5054,34.6324000000004,1,34.471936
6183.9595,34.4540999999999,1,34.357248
6218.4692,34.5096999999996,1,34.264064
6252.9861,34.5169000000005,1,34.214912
6287.3829,34.3967999999995,1,34.209792
6321.9778,34.5949000000001,1,34.451456
6356.6522,34.6744000000008,1,34.424832
6390.8797,34.2275,1,34.209792
6425.6678,34.7880999999998,1,34.54976
6460.1693,34.5014999999994,1,34.471936
6494.6584,34.4891000000007,1,34.113536
6529.2068,34.5483999999997,1,34.172928
6563.2671,34.0603000000001,1,33.886208
6597.7678,34.5006999999996,1,34.147328
6632.5085,34.7407000000003,1,34.459648
6666.7143,34.2057999999997,1,33.931264
6701.27,34.5557000000008,1,34.238464
6735.3958,34.1257999999998,1,33.820672
6770.0675,34.6716999999999,1,34.45248
6804.4369,34.3693999999996,1,34.156544
6838.8121,34.3752000000004,1,33.917952
6873.4403,34.6282000000001,1,34.466816
6908.0179,34.5775999999996,1,34.214912
6942.4445,34.4265999999998,1,34.270208
6977.1867,34.7422000000006,1,34.564096
7011.7049,34.5181999999995,1,34.21696
7046.3616,34.6567000000005,1,34.47296
7080.9196,34.558,1,34.2016
7115.566,34.6463999999996,1,34.540544
7150.1339,34.5679,1,34.306048
7184.654,34.5201000000006,1,34.332672
7219.1728,34.5187999999998,1,34.235392
7253.5751,34.4022999999997,1,34.21184
7288.0209,34.4458000000004,1,34.22208
7322.4599,34.4389999999994,1,34.23232
7357.1213,34.6614,1,34.496512
7391.8214,34.7001,1,34.361344
7426.4331,34.6117000000004,1,34.415616
7461.026,34.5928999999996,1,34.286592
7495.5658,34.5398000000005,1,34.276352
7530.4593,34.8935000000001,1,34.596864
7564.785,34.3256999999994,1,34.071552
7599.4834,34.6984000000002,1,34.35008
7634.1157,34.6323000000002,1,34.31936
7669.005,34.8892999999998,1,34.665472
7704.0242,35.0191999999997,1,34.683904
7738.7739,34.7497000000003,1,34.415616
7774.0357,35.2618000000002,1,34.983936
7809.0736,35.0378999999994,1,34.649088
7843.7482,34.6746000000003,1,34.494464
7878.8471,35.0989,1,34.702336
7913.9138,35.0667000000003,1,34.803712
7948.6331,34.7192999999997,1,34.415616
7983.7807,35.1476000000002,1,34.7392
8018.6026,34.8218999999999,1,34.556928
8053.6315,35.0289000000002,1,34.725888
8088.6373,35.0057999999999,1,34.697216
8123.29,34.6526999999996,1,34.397184
8158.6782,35.3882000000003,1,35.027968
8193.4806,34.8024000000005,1,34.557952
8228.5894,35.1088,1,34.706432
8263.3315,34.7420999999995,1,34.425856
8297.9828,34.6512999999995,1,34.376704
8332.9716,34.988800000001,1,34.727936
8367.9948,35.0231999999996,1,34.69312
8402.7255,34.7307000000001,1,34.430976
8437.7188,34.9933000000001,1,34.680832
8472.5506,34.8317999999999,1,34.445312
8507.7829,35.2322999999997,1,35.001344
8542.8228,35.0398999999998,1,34.750464
8577.5153,34.6924999999992,1,34.369536
8612.556,35.0407000000014,1,34.742272
8647.3213,34.7652999999991,1,34.450432
8682.3202,34.9989000000005,1,34.766848
8717.4112,35.0910000000003,1,34.753536
8752.2591,34.8478999999988,1,34.533376
8786.8522,34.5931,1,34.440192
8821.7188,34.8666000000012,1,34.706432
8856.4337,34.714899999999,1,34.373632
8891.3162,34.8824999999997,1,34.781184
8926.3689,35.0527000000002,1,34.809856
8960.8996,34.5307000000012,1,34.49856
8995.8189,34.9192999999996,1,34.55488
9030.2857,34.4668000000001,1,34.19648
9065.2112,34.9254999999994,1,34.547712
9100.054,34.8428000000004,1,34.57024
9134.8306,34.7765999999992,1,34.43712
9169.6571,34.826500000001,1,34.555904
9204.4614,34.8042999999998,1,34.523136
9239.1409,34.6795000000002,1,34.213888
9274.1692,35.0282999999999,1,34.80576
9308.8687,34.6995000000006,1,34.50368
9343.7689,34.9001999999982,1,34.598912
9378.6973,34.9284000000007,1,34.801664
9413.4513,34.7540000000008,1,34.588672
9448.2813,34.8299999999999,1,34.547712
9483.246,34.9646999999986,1,34.756608
9518.0613,34.8153000000002,1,34.536448
9552.7976,34.7363000000005,1,34.455552
9587.4446,34.6470000000008,1,34.44224
9622.4008,34.9561999999987,1,34.755584
9657.4115,35.0107000000007,1,34.745344
9692.2077,34.7962000000007,1,34.501632
9726.9645,34.7567999999992,1,34.788352
9761.8423,34.8778000000002,1,34.481152
9796.2629,34.4205999999995,1,34.138112
9830.9602,34.6972999999998,1,34.44736
9865.6829,34.7227000000003,1,34.20672
9900.3746,34.6916999999994,1,34.49856
9935.1644,34.7898000000005,1,34.610176
9969.7754,34.6110000000008,1,34.214912
10004.7615,34.9861000000001,1,34.712576
10039.6892,34.9277000000002,1,34.75456
10074.4033,34.7140999999992,1,34.516992
10109.2792,34.8759000000009,1,34.656256
10143.9127,34.6334999999999,1,34.427904
10178.65,34.7372999999989,1,34.449408
10213.1971,34.5470999999998,1,34.424832
10248.0578,34.8607000000011,1,34.690048
10282.6427,34.5848999999998,1,34.418688
10317.5054,34.8626999999997,1,34.615296
10352.1396,34.6342000000004,1,34.481152
10386.668,34.5283999999992,1,34.393088
10421.6577,34.9897000000001,1,34.669568
10456.5643,34.9066000000003,1,34.70848
10491.386,34.8217000000004,1,34.66752
10526.3051,34.9190999999992,1,34.709504
10561.0162,34.7111000000004,1,34.63168
10595.4491,34.4328999999998,1,34.102272
10630.1352,34.6861000000008,1,34.373632
10664.8612,34.7259999999987,1,34.41664
10699.1978,34.3366000000005,1,34.06848
10733.7242,34.5264000000006,1,34.197504
10768.1032,34.378999999999,1,34.134016
10803.0446,34.9413999999997,1,34.57024
10837.8552,34.8106000000007,1,34.538496
10872.303,34.4477999999999,1,34.286592
10906.8683,34.5653000000002,1,34.292736
10941.555,34.6867000000002,1,34.52928
10975.9681,34.4130999999998,1,34.307072
11010.6176,34.6494999999995,1,34.305024
11045.3799,34.7623000000003,1,34.547712
11079.7589,34.3790000000008,1,34.244608
11114.4259,34.6669999999995,1,34.533376
11148.8181,34.3922000000002,1,34.255872
11183.7523,34.9341999999997,1,34.545664
11218.256,34.5036999999993,1,34.369536
11252.7959,34.5398999999998,1,34.219008
11287.1437,34.3478000000014,1,34.198528
11321.5439,34.4002,1,34.164736
11356.0981,34.5541999999987,1,34.461696
11390.4293,34.3312000000005,1,34.200576
11424.9535,34.5241999999998,1,34.2016
11459.5884,34.6349000000009,1,34.435072
11494.0742,34.4857999999986,1,34.418688
11528.6589,34.5847000000012,1,34.21184
11563.4249,34.7659999999996,1,34.481152
11597.6116,34.1867000000002,1,33.8944
11632.1339,34.5223000000005,1,34.179072
11666.9368,34.8028999999988,1,34.485248
11701.5177,34.5809000000008,1,34.185216
11736.0722,34.5545000000002,1,34.366464
11770.5487,34.4764999999989,1,34.152448
11805.2729,34.7242000000006,1,34.42176
11840.044,34.7710999999999,1,34.436096
11874.4225,34.3785000000007,1,34.11968
11909.1001,34.6775999999991,1,34.300928
11944.0069,34.9068000000007,1,34.719744
11978.5565,34.5496000000003,1,34.084864
12013.2018,34.6453000000001,1,34.382848
12047.6455,34.4436999999998,1,34.106368
12082.3845,34.7389999999996,1,34.379776
12117.1695,34.7849999999999,1,34.448384
12151.6475,34.4779999999992,1,34.183168
12186.3628,34.7153000000017,1,34.393088
12220.9455,34.582699999999,1,34.11968
12255.6994,34.7538999999997,1,34.37056
12289.9646,34.2651999999998,1,34.10944
12324.959,34.9944000000014,1,34.39104
12359.7954,34.8364000000001,1,34.628608
12394.5397,34.7442999999985,1,34.340864
12428.9628,34.4231,1,34.126848
12463.5971,34.6343000000015,1,34.409472
12498.1083,34.511199999999,1,34.079744
12532.677,34.5686999999998,1,34.36032
12567.4431,34.7661000000007,1,34.412544
12602.1539,34.7107999999989,1,34.183168
12636.7201,34.5662000000011,1,34.374656
12671.375,34.6548999999995,1,34.373632
12706.1176,34.7425999999996,1,34.407424
12740.4776,34.3600000000006,1,34.074624
12774.78,34.3024000000005,1,33.885184
12809.2251,34.445099999999,1,34.338816
12843.5595,34.3343999999997,1,34.122752
12877.8823,34.3227999999999,1,33.860608
12912.4059,34.5236000000004,1,34.418688
12946.8726,34.4667000000009,1,34.146304
12981.5921,34.7194999999992,1,34.409472
13016.2486,34.656500000001,1,34.387968
13050.7915,34.5428999999986,1,34.149376
13085.7615,34.9700000000012,1,34.73408
13120.1972,34.4357,1,34.0992
13154.9388,34.7415999999994,1,34.422784
13189.6062,34.6674000000003,1,34.410496
13224.3826,34.7764000000006,1,34.438144
13259.0742,34.6915999999983,1,34.167808
13293.4952,34.4210000000003,1,34.177024
13327.864,34.3688000000002,1,34.112512
13362.5092,34.6452000000008,1,34.394112
13397.2466,34.7374,1,34.4064
13431.7443,34.4976999999999,1,34.132992
13466.7073,34.9629999999997,1,34.705408
13501.2605,34.5532000000003,1,34.176
13535.9275,34.6669999999995,1,34.374656
13570.6136,34.6861000000008,1,34.424832
13605.1779,34.5643,1,34.147328
13639.7678,34.589899999999,1,34.371584
13674.2596,34.4917999999998,1,34.117632
13709.2155,34.9559000000008,1,34.349056
13743.5961,34.3806000000004,1,34.466816
13778.1795,34.5833999999995,1,34.122752
13812.7732,34.5936999999994,1,34.451456
13847.7864,35.0132000000012,1,34.660352
13882.1139,34.3274999999994,1,34.106368
13916.9525,34.8385999999991,1,34.47296
13951.4927,34.5402000000013,1,34.15552
13985.9809,34.4881999999998,1,34.144256
14020.5179,34.5370000000003,1,34.3808
14054.8272,34.309299999999,1,34.084864
14089.2961,34.4688999999998,1,34.349056
14123.6256,34.3294999999998,1,34.13504
14157.9776,34.3520000000008,1,34.057216
14192.4524,34.4748,1,34.300928
14226.872,34.4195999999993,1,34.162688
14261.3913,34.5192999999999,1,34.148352
14295.5012,34.1099000000013,1,33.855488
14329.664,34.1628000000001,1,33.871872
14364.0552,34.3912,1,34.117632
14398.3875,34.3323,1,33.870848
14432.7216,34.3341,1,34.1248
14467.2018,34.4802,1,34.131968
14501.6394,34.4375999999993,1,34.197504
14536.0678,34.4284000000007,1,34.149376
14570.7226,34.6547999999984,1,34.384896
14605.5969,34.8743000000013,1,34.444288
14639.7539,34.1569999999992,1,34.144256
14674.1265,34.3726000000006,1,34.07872
14708.6911,34.5645999999997,1,34.404352
14742.8572,34.1661000000004,1,33.910784
14777.4313,34.5740999999998,1,34.37568
14811.7785,34.3472000000002,1,34.123776
14846.2156,34.4370999999992,1,34.122752
14880.9083,34.6926999999996,1,34.419712
14915.1511,34.2428,1,34.132992
14949.7099,34.5588000000007,1,34.141184
14984.3048,34.5949000000001,1,34.436096
15019.0152,34.7103999999999,1,34.167808
15053.2917,34.2764999999999,1,34.39104
15087.821,34.5293000000001,1,34.405376
15122.0687,34.2476999999999,1,34.121728
15156.6779,34.6092000000008,1,34.3808
15191.1564,34.4784999999993,1,34.377728
15225.5488,34.3924000000006,1,34.18624
15260.2315,34.6826999999994,1,34.566144
15294.387,34.1555000000008,1,33.881088
15328.6101,34.2230999999992,1,33.856512
15363.318,34.7078999999994,1,34.404352
15397.5248,34.2067999999999,1,33.874944
15431.8901,34.3653000000013,1,34.14528
15466.4082,34.5180999999993,1,34.15552
15500.9541,34.545900000001,1,34.19136
15535.3464,34.3922999999995,1,34.158592
15569.5658,34.2194,1,33.905664
15604.3078,34.7420000000002,1,34.440192
15638.7061,34.3982999999989,1,34.128896
15673.2692,34.5631000000012,1,34.356224
15707.8515,34.5823,1,34.419712
15742.3491,34.4975999999988,1,34.161664
15777.0198,34.6707000000006,1,34.509824
15811.5586,34.5388000000003,1,34.117632
15845.8676,34.3089999999993,1,34.158592
15880.4755,34.6079000000009,1,34.427904
15914.7705,34.2950000000001,1,34.134016
15949.2023,34.4318000000003,1,34.158592
15983.9059,34.7035999999989,1,34.461696
16018.2984,34.3924999999999,1,34.174976
16052.7561,34.4577000000008,1,34.441216
16087.3168,34.5607,1,34.399232
16121.7597,34.4429,1,34.137088
16156.4619,34.7021999999997,1,34.418688
16190.6429,34.1810000000005,1,34.134016
16225.0648,34.4218999999994,1,34.126848
16259.6945,34.6296999999995,1,34.407424
16293.8415,34.1470000000008,1,34.131968
16328.0136,34.1720999999998,1,33.826816
16362.4356,34.4220000000005,1,33.895424
16396.7654,34.3297999999995,1,34.1504
16431.1051,34.3397000000004,1,34.081792
16465.3021,34.1970000000001,1,33.882112
16500.3491,35.0469999999987,1,34.7392
16534.738,34.3889000000017,1,34.183168
16568.8728,34.1347999999998,1,33.840128
16603.3553,34.4824999999983,1,34.105344
16637.7872,34.4318999999996,1,34.149376
16672.364,34.5768000000025,1,34.39616
16706.7297,34.3656999999985,1,34.09408
16741.0147,34.2849999999999,1,34.11456
16775.4514,34.436700000002,1,34.342912
16809.7385,34.2870999999977,1,33.908736
16844.2471,34.508600000001,1,34.38592
16879.0013,34.7541999999994,1,34.394112
16913.3278,34.3264999999992,1,34.198528
16948.0574,34.7296000000024,1,34.419712
16982.4166,34.359199999999,1,34.11968
17016.964,34.5473999999995,1,34.429952
17051.4537,34.4896999999983,1,34.390016
17085.7589,34.3052000000025,1,34.1248
17120.2655,34.5066000000006,1,34.357248
17154.7264,34.4608999999982,1,34.35008
17188.9268,34.2004000000015,1,34.048
17223.3901,34.4632999999994,1,34.137088
17258.2197,34.8296000000009,1,34.676736
17292.57,34.3502999999982,1,34.15552
17327.1751,34.6051000000007,1,34.138112
17360.9076,33.7324999999983,1,33.84832
17395.3359,34.4282999999996,1,34.092032
17429.7877,34.4518000000025,1,34.122752
17463.9321,34.144400000001,1,33.85856
17498.6641,34.732,1,34.39616
17533.134,34.4698999999964,1,34.093056
17567.847,34.7130000000034,1,34.368512
17602.4145,34.5674999999974,1,34.409472
17637.1902,34.775700000002,1,34.399232
17671.8791,34.6888999999974,1,34.402304
17706.5104,34.6313000000009,1,34.338816
17740.9288,34.4184000000023,1,34.111488
17775.6633,34.7344999999987,1,34.36032
17810.1632,34.4998999999989,1,34.199552
17844.8071,34.6439000000028,1,34.38592
17879.8132,35.0060999999987,1,34.617344
17914.2334,34.4202000000005,1,34.10432
17948.8151,34.5816999999988,1,34.358272
17983.2613,34.4461999999985,1,34.166784
18018.4182,35.1569000000018,1,34.733056
18053.1286,34.7103999999999,1,34.415616
18087.6309,34.5023000000001,1,34.154496
18122.3517,34.7207999999991,1,34.41664
18156.9572,34.6055000000015,1,34.3808
18191.459,34.5017999999982,1,34.11968
18226.1819,34.7229000000007,1,34.390016
18260.6062,34.4242999999988,1,34.122752
18295.4932,34.8870000000024,1,34.382848
18329.6724,34.1791999999987,1,34.098176
18364.0883,34.4159,1,34.118656
18399.1147,35.0263999999988,1,34.691072
18433.8055,34.6908000000003,1,34.436096
18468.287,34.4815000000017,1,34.214912
1