Started shengyi_v1.ply native 2026-10-06T09:59:12.111Z
Completed shengyi_v1.ply native 120.0 fps
Started shengyi_v1.ply spark 2026-10-06T09:59:40.601Z
Completed shengyi_v1.ply spark 120.0 fps
Started spz/shengyi_v1.spz spark 2026-10-06T10:00:08.715Z
Completed spz/shengyi_v1.spz spark 120.0 fps
Started spz/shengyi_v1.spz native 2026-10-06T10:00:36.576Z
Completed spz/shengyi_v1.spz native 120.0 fps
Started he_v1.ply native 2026-10-06T10:01:09.774Z
Completed he_v1.ply native 120.0 fps
Started he_v1.ply spark 2026-10-06T10:01:41.125Z
Completed he_v1.ply spark 117.0 fps
Started spz/he_v1.spz spark 2026-10-06T10:02:11.304Z
Completed spz/he_v1.spz spark 114.3 fps
Started spz/he_v1.spz native 2026-10-06T10:02:41.275Z
Completed spz/he_v1.spz native 119.9 fps
Started jiulonghu_v1.ply native 2026-10-06T10:03:47.551Z
Completed jiulonghu_v1.ply native 33.2 fps
Started jiulonghu_v1.ply spark 2026-10-06T10:04:45.823Z
Completed jiulonghu_v1.ply spark 37.6 fps
Started spz/jiulonghu_v1.spz spark 2026-10-06T10:05:34.861Z
Completed spz/jiulonghu_v1.spz spark 31.2 fps
Started spz/jiulonghu_v1.spz native 2026-10-06T10:06:26.301Z
Completed spz/jiulonghu_v1.spz native 34.0 fps
